<!doctype html public "-//w3c//dtd html 4.0 transitional//en">
<html><head>
<title>Static Call Graph - [..\output\blackbox.axf]</title></head>
<body><HR>
<H1>Static Call Graph for image ..\output\blackbox.axf</H1><HR>
<BR><P>#&#060CALLGRAPH&#062# ARM Linker, 4.1 [Build 894]: Last Updated: Mon Apr 21 15:26:11 2014
<BR><P>
<H3>Maximum Stack Usage =        320 bytes + Unknown(Functions without stacksize, Cycles, Untraceable Function Pointers)</H3><H3>
Call chain for Maximum Stack Depth:</H3>
_printf_f &rArr; _printf_fp_dec &rArr; _printf_fp_dec_real &rArr; _fp_digits &rArr; _btod_etento &rArr; _btod_emul &rArr; _e2e
<P>
<H3>
Functions with no stack information
</H3><UL>
 <LI><a href="#[f2]">__user_initial_stackheap</a>
</UL>
</UL>
<P>
<H3>
Mutually Recursive functions
</H3> <LI><a href="#[9]">NMI_Handler</a>&nbsp;&nbsp;&nbsp;&rArr;&nbsp;&nbsp;&nbsp;<a href="#[9]">NMI_Handler</a><BR>
 <LI><a href="#[a]">HardFault_Handler</a>&nbsp;&nbsp;&nbsp;&rArr;&nbsp;&nbsp;&nbsp;<a href="#[a]">HardFault_Handler</a><BR>
 <LI><a href="#[b]">MemManage_Handler</a>&nbsp;&nbsp;&nbsp;&rArr;&nbsp;&nbsp;&nbsp;<a href="#[b]">MemManage_Handler</a><BR>
 <LI><a href="#[c]">BusFault_Handler</a>&nbsp;&nbsp;&nbsp;&rArr;&nbsp;&nbsp;&nbsp;<a href="#[c]">BusFault_Handler</a><BR>
 <LI><a href="#[d]">UsageFault_Handler</a>&nbsp;&nbsp;&nbsp;&rArr;&nbsp;&nbsp;&nbsp;<a href="#[d]">UsageFault_Handler</a><BR>
 <LI><a href="#[e]">SVC_Handler</a>&nbsp;&nbsp;&nbsp;&rArr;&nbsp;&nbsp;&nbsp;<a href="#[e]">SVC_Handler</a><BR>
 <LI><a href="#[f]">DebugMon_Handler</a>&nbsp;&nbsp;&nbsp;&rArr;&nbsp;&nbsp;&nbsp;<a href="#[f]">DebugMon_Handler</a><BR>
 <LI><a href="#[10]">PendSV_Handler</a>&nbsp;&nbsp;&nbsp;&rArr;&nbsp;&nbsp;&nbsp;<a href="#[10]">PendSV_Handler</a><BR>
 <LI><a href="#[28]">ADC_IRQHandler</a>&nbsp;&nbsp;&nbsp;&rArr;&nbsp;&nbsp;&nbsp;<a href="#[28]">ADC_IRQHandler</a><BR>
</UL>
<P>
<H3>
Function Pointers
</H3><UL>
 <LI><a href="#[28]">ADC_IRQHandler</a> from startup_lpc17xx.o(.text) referenced from startup_lpc17xx.o(RESET)
 <LI><a href="#[29]">BOD_IRQHandler</a> from startup_lpc17xx.o(.text) referenced from startup_lpc17xx.o(RESET)
 <LI><a href="#[c]">BusFault_Handler</a> from startup_lpc17xx.o(.text) referenced from startup_lpc17xx.o(RESET)
 <LI><a href="#[34]">CANActivity_IRQHandler</a> from startup_lpc17xx.o(.text) referenced from startup_lpc17xx.o(RESET)
 <LI><a href="#[2b]">CAN_IRQHandler</a> from startup_lpc17xx.o(.text) referenced from startup_lpc17xx.o(RESET)
 <LI><a href="#[2c]">DMA_IRQHandler</a> from startup_lpc17xx.o(.text) referenced from startup_lpc17xx.o(RESET)
 <LI><a href="#[f]">DebugMon_Handler</a> from startup_lpc17xx.o(.text) referenced from startup_lpc17xx.o(RESET)
 <LI><a href="#[24]">EINT0_IRQHandler</a> from startup_lpc17xx.o(.text) referenced from startup_lpc17xx.o(RESET)
 <LI><a href="#[25]">EINT1_IRQHandler</a> from startup_lpc17xx.o(.text) referenced from startup_lpc17xx.o(RESET)
 <LI><a href="#[26]">EINT2_IRQHandler</a> from startup_lpc17xx.o(.text) referenced from startup_lpc17xx.o(RESET)
 <LI><a href="#[27]">EINT3_IRQHandler</a> from startup_lpc17xx.o(.text) referenced from startup_lpc17xx.o(RESET)
 <LI><a href="#[2e]">ENET_IRQHandler</a> from startup_lpc17xx.o(.text) referenced from startup_lpc17xx.o(RESET)
 <LI><a href="#[a]">HardFault_Handler</a> from startup_lpc17xx.o(.text) referenced from startup_lpc17xx.o(RESET)
 <LI><a href="#[1c]">I2C0_IRQHandler</a> from startup_lpc17xx.o(.text) referenced from startup_lpc17xx.o(RESET)
 <LI><a href="#[1d]">I2C1_IRQHandler</a> from startup_lpc17xx.o(.text) referenced from startup_lpc17xx.o(RESET)
 <LI><a href="#[1e]">I2C2_IRQHandler</a> from startup_lpc17xx.o(.text) referenced from startup_lpc17xx.o(RESET)
 <LI><a href="#[2d]">I2S_IRQHandler</a> from startup_lpc17xx.o(.text) referenced from startup_lpc17xx.o(RESET)
 <LI><a href="#[30]">MCPWM_IRQHandler</a> from startup_lpc17xx.o(.text) referenced from startup_lpc17xx.o(RESET)
 <LI><a href="#[b]">MemManage_Handler</a> from startup_lpc17xx.o(.text) referenced from startup_lpc17xx.o(RESET)
 <LI><a href="#[9]">NMI_Handler</a> from startup_lpc17xx.o(.text) referenced from startup_lpc17xx.o(RESET)
 <LI><a href="#[22]">PLL0_IRQHandler</a> from startup_lpc17xx.o(.text) referenced from startup_lpc17xx.o(RESET)
 <LI><a href="#[32]">PLL1_IRQHandler</a> from startup_lpc17xx.o(.text) referenced from startup_lpc17xx.o(RESET)
 <LI><a href="#[1b]">PWM1_IRQHandler</a> from startup_lpc17xx.o(.text) referenced from startup_lpc17xx.o(RESET)
 <LI><a href="#[10]">PendSV_Handler</a> from startup_lpc17xx.o(.text) referenced from startup_lpc17xx.o(RESET)
 <LI><a href="#[31]">QEI_IRQHandler</a> from startup_lpc17xx.o(.text) referenced from startup_lpc17xx.o(RESET)
 <LI><a href="#[2f]">RIT_IRQHandler</a> from startup_lpc17xx.o(.text) referenced from startup_lpc17xx.o(RESET)
 <LI><a href="#[23]">RTC_IRQHandler</a> from startup_lpc17xx.o(.text) referenced from startup_lpc17xx.o(RESET)
 <LI><a href="#[8]">Reset_Handler</a> from startup_lpc17xx.o(.text) referenced from startup_lpc17xx.o(RESET)
 <LI><a href="#[1f]">SPI_IRQHandler</a> from startup_lpc17xx.o(.text) referenced from startup_lpc17xx.o(RESET)
 <LI><a href="#[20]">SSP0_IRQHandler</a> from startup_lpc17xx.o(.text) referenced from startup_lpc17xx.o(RESET)
 <LI><a href="#[21]">SSP1_IRQHandler</a> from startup_lpc17xx.o(.text) referenced from startup_lpc17xx.o(RESET)
 <LI><a href="#[e]">SVC_Handler</a> from startup_lpc17xx.o(.text) referenced from startup_lpc17xx.o(RESET)
 <LI><a href="#[11]">SysTick_Handler</a> from delay.o(.text) referenced from startup_lpc17xx.o(RESET)
 <LI><a href="#[35]">SystemInit</a> from system_lpc17xx.o(.text) referenced from startup_lpc17xx.o(.text)
 <LI><a href="#[13]">TIMER0_IRQHandler</a> from irq_timer.o(.text) referenced from startup_lpc17xx.o(RESET)
 <LI><a href="#[14]">TIMER1_IRQHandler</a> from irq_timer.o(.text) referenced from startup_lpc17xx.o(RESET)
 <LI><a href="#[15]">TIMER2_IRQHandler</a> from startup_lpc17xx.o(.text) referenced from startup_lpc17xx.o(RESET)
 <LI><a href="#[16]">TIMER3_IRQHandler</a> from startup_lpc17xx.o(.text) referenced from startup_lpc17xx.o(RESET)
 <LI><a href="#[17]">UART0_IRQHandler</a> from startup_lpc17xx.o(.text) referenced from startup_lpc17xx.o(RESET)
 <LI><a href="#[18]">UART1_IRQHandler</a> from startup_lpc17xx.o(.text) referenced from startup_lpc17xx.o(RESET)
 <LI><a href="#[19]">UART2_IRQHandler</a> from startup_lpc17xx.o(.text) referenced from startup_lpc17xx.o(RESET)
 <LI><a href="#[1a]">UART3_IRQHandler</a> from startup_lpc17xx.o(.text) referenced from startup_lpc17xx.o(RESET)
 <LI><a href="#[33]">USBActivity_IRQHandler</a> from startup_lpc17xx.o(.text) referenced from startup_lpc17xx.o(RESET)
 <LI><a href="#[2a]">USB_IRQHandler</a> from startup_lpc17xx.o(.text) referenced from startup_lpc17xx.o(RESET)
 <LI><a href="#[d]">UsageFault_Handler</a> from startup_lpc17xx.o(.text) referenced from startup_lpc17xx.o(RESET)
 <LI><a href="#[12]">WDT_IRQHandler</a> from startup_lpc17xx.o(.text) referenced from startup_lpc17xx.o(RESET)
 <LI><a href="#[3a]">__main</a> from __main.o(!!!main) referenced from startup_lpc17xx.o(.text)
 <LI><a href="#[39]">_get_lc_ctype</a> from lc_ctype_c.o(locale$$code) referenced from rt_ctype_table.o(.text)
 <LI><a href="#[38]">_printf_input_char</a> from _printf_char_common.o(.text) referenced from _printf_char_common.o(.text)
 <LI><a href="#[37]">_sputc</a> from _sputc.o(.text) referenced from c89vsprintf.o(.text)
</UL>
<P>
<H3>
Global Symbols
</H3>
<P><STRONG><a name="[3a]"></a>__main</STRONG> (Thumb, 8 bytes, Stack size 0 bytes, __main.o(!!!main))
<BR><BR>[Calls]<UL><LI><a href="#[3c]">&gt;&gt;</a>&nbsp;&nbsp;&nbsp;__rt_entry
<LI><a href="#[3b]">&gt;&gt;</a>&nbsp;&nbsp;&nbsp;__scatterload
</UL>

<P><STRONG><a name="[3b]"></a>__scatterload</STRONG> (Thumb, 0 bytes, Stack size unknown bytes, __scatter.o(!!!scatter))
<BR><BR>[Called By]<UL><LI><a href="#[3a]">&gt;&gt;</a>&nbsp;&nbsp;&nbsp;__main
</UL>

<P><STRONG><a name="[3d]"></a>__scatterload_rt2</STRONG> (Thumb, 44 bytes, Stack size unknown bytes, __scatter.o(!!!scatter), UNUSED)
<BR><BR>[Calls]<UL><LI><a href="#[3c]">&gt;&gt;</a>&nbsp;&nbsp;&nbsp;__rt_entry
</UL>

<P><STRONG><a name="[fb]"></a>__scatterload_rt2_thumb_only</STRONG> (Thumb, 0 bytes, Stack size unknown bytes, __scatter.o(!!!scatter), UNUSED)

<P><STRONG><a name="[fc]"></a>__scatterload_null</STRONG> (Thumb, 0 bytes, Stack size unknown bytes, __scatter.o(!!!scatter), UNUSED)

<P><STRONG><a name="[3e]"></a>__scatterload_copy</STRONG> (Thumb, 26 bytes, Stack size unknown bytes, __scatter_copy.o(!!handler_copy), UNUSED)
<BR><BR>[Calls]<UL><LI><a href="#[3e]">&gt;&gt;</a>&nbsp;&nbsp;&nbsp;__scatterload_copy
</UL>
<BR>[Called By]<UL><LI><a href="#[3e]">&gt;&gt;</a>&nbsp;&nbsp;&nbsp;__scatterload_copy
</UL>

<P><STRONG><a name="[fd]"></a>__scatterload_zeroinit</STRONG> (Thumb, 28 bytes, Stack size unknown bytes, __scatter_zi.o(!!handler_zi), UNUSED)

<P><STRONG><a name="[3f]"></a>_printf_n</STRONG> (Thumb, 0 bytes, Stack size unknown bytes, _printf_n.o(.ARM.Collect$$_printf_percent$$00000001))
<BR><BR>[Calls]<UL><LI><a href="#[40]">&gt;&gt;</a>&nbsp;&nbsp;&nbsp;_printf_charcount
</UL>

<P><STRONG><a name="[e3]"></a>_printf_percent</STRONG> (Thumb, 0 bytes, Stack size unknown bytes, _printf_percent.o(.ARM.Collect$$_printf_percent$$00000000))
<BR><BR>[Called By]<UL><LI><a href="#[dc]">&gt;&gt;</a>&nbsp;&nbsp;&nbsp;__printf
</UL>

<P><STRONG><a name="[41]"></a>_printf_p</STRONG> (Thumb, 0 bytes, Stack size unknown bytes, _printf_p.o(.ARM.Collect$$_printf_percent$$00000002))
<BR><BR>[Stack]<UL><LI>Max Depth = 64 + Unknown Stack Size
<LI>Call Chain = _printf_p &rArr; _printf_hex_ptr &rArr; _printf_longlong_hex &rArr; _printf_int_common &rArr; _printf_post_padding
</UL>
<BR>[Calls]<UL><LI><a href="#[42]">&gt;&gt;</a>&nbsp;&nbsp;&nbsp;_printf_hex_ptr
</UL>

<P><STRONG><a name="[43]"></a>_printf_f</STRONG> (Thumb, 0 bytes, Stack size unknown bytes, _printf_f.o(.ARM.Collect$$_printf_percent$$00000003))
<BR><BR>[Stack]<UL><LI>Max Depth = 320 + Unknown Stack Size
<LI>Call Chain = _printf_f &rArr; _printf_fp_dec &rArr; _printf_fp_dec_real &rArr; _fp_digits &rArr; _btod_etento &rArr; _btod_emul &rArr; _e2e
</UL>
<BR>[Calls]<UL><LI><a href="#[44]">&gt;&gt;</a>&nbsp;&nbsp;&nbsp;_printf_fp_dec
</UL>

<P><STRONG><a name="[45]"></a>_printf_e</STRONG> (Thumb, 0 bytes, Stack size unknown bytes, _printf_e.o(.ARM.Collect$$_printf_percent$$00000004))
<BR><BR>[Stack]<UL><LI>Max Depth = 320 + Unknown Stack Size
<LI>Call Chain = _printf_e &rArr; _printf_fp_dec &rArr; _printf_fp_dec_real &rArr; _fp_digits &rArr; _btod_etento &rArr; _btod_emul &rArr; _e2e
</UL>
<BR>[Calls]<UL><LI><a href="#[44]">&gt;&gt;</a>&nbsp;&nbsp;&nbsp;_printf_fp_dec
</UL>

<P><STRONG><a name="[46]"></a>_printf_g</STRONG> (Thumb, 0 bytes, Stack size unknown bytes, _printf_g.o(.ARM.Collect$$_printf_percent$$00000005))
<BR><BR>[Stack]<UL><LI>Max Depth = 320 + Unknown Stack Size
<LI>Call Chain = _printf_g &rArr; _printf_fp_dec &rArr; _printf_fp_dec_real &rArr; _fp_digits &rArr; _btod_etento &rArr; _btod_emul &rArr; _e2e
</UL>
<BR>[Calls]<UL><LI><a href="#[44]">&gt;&gt;</a>&nbsp;&nbsp;&nbsp;_printf_fp_dec
</UL>

<P><STRONG><a name="[fe]"></a>_printf_a</STRONG> (Thumb, 0 bytes, Stack size unknown bytes, _printf_a.o(.ARM.Collect$$_printf_percent$$00000006))

<P><STRONG><a name="[ff]"></a>_printf_ll</STRONG> (Thumb, 0 bytes, Stack size unknown bytes, _printf_ll.o(.ARM.Collect$$_printf_percent$$00000007))

<P><STRONG><a name="[47]"></a>_printf_i</STRONG> (Thumb, 0 bytes, Stack size unknown bytes, _printf_i.o(.ARM.Collect$$_printf_percent$$00000008))
<BR><BR>[Stack]<UL><LI>Max Depth = 72 + Unknown Stack Size
<LI>Call Chain = _printf_i &rArr; _printf_int_dec &rArr; _printf_int_common &rArr; _printf_post_padding
</UL>
<BR>[Calls]<UL><LI><a href="#[48]">&gt;&gt;</a>&nbsp;&nbsp;&nbsp;_printf_int_dec
</UL>

<P><STRONG><a name="[49]"></a>_printf_d</STRONG> (Thumb, 0 bytes, Stack size unknown bytes, _printf_d.o(.ARM.Collect$$_printf_percent$$00000009))
<BR><BR>[Stack]<UL><LI>Max Depth = 72 + Unknown Stack Size
<LI>Call Chain = _printf_d &rArr; _printf_int_dec &rArr; _printf_int_common &rArr; _printf_post_padding
</UL>
<BR>[Calls]<UL><LI><a href="#[48]">&gt;&gt;</a>&nbsp;&nbsp;&nbsp;_printf_int_dec
</UL>

<P><STRONG><a name="[4a]"></a>_printf_u</STRONG> (Thumb, 0 bytes, Stack size unknown bytes, _printf_u.o(.ARM.Collect$$_printf_percent$$0000000A))
<BR><BR>[Stack]<UL><LI>Max Depth = 72 + Unknown Stack Size
<LI>Call Chain = _printf_u &rArr; _printf_int_dec &rArr; _printf_int_common &rArr; _printf_post_padding
</UL>
<BR>[Calls]<UL><LI><a href="#[48]">&gt;&gt;</a>&nbsp;&nbsp;&nbsp;_printf_int_dec
</UL>

<P><STRONG><a name="[4b]"></a>_printf_o</STRONG> (Thumb, 0 bytes, Stack size unknown bytes, _printf_o.o(.ARM.Collect$$_printf_percent$$0000000B))
<BR><BR>[Stack]<UL><LI>Max Depth = 64 + Unknown Stack Size
<LI>Call Chain = _printf_o &rArr; _printf_int_oct &rArr; _printf_longlong_oct &rArr; _printf_int_common &rArr; _printf_post_padding
</UL>
<BR>[Calls]<UL><LI><a href="#[4c]">&gt;&gt;</a>&nbsp;&nbsp;&nbsp;_printf_int_oct
</UL>

<P><STRONG><a name="[4d]"></a>_printf_x</STRONG> (Thumb, 0 bytes, Stack size unknown bytes, _printf_x.o(.ARM.Collect$$_printf_percent$$0000000C))
<BR><BR>[Stack]<UL><LI>Max Depth = 80 + Unknown Stack Size
<LI>Call Chain = _printf_x &rArr; _printf_int_hex &rArr; _printf_longlong_hex &rArr; _printf_int_common &rArr; _printf_post_padding
</UL>
<BR>[Calls]<UL><LI><a href="#[4e]">&gt;&gt;</a>&nbsp;&nbsp;&nbsp;_printf_int_hex
</UL>

<P><STRONG><a name="[4f]"></a>_printf_lli</STRONG> (Thumb, 0 bytes, Stack size unknown bytes, _printf_lli.o(.ARM.Collect$$_printf_percent$$0000000D))
<BR><BR>[Stack]<UL><LI>Max Depth = 72 + Unknown Stack Size
<LI>Call Chain = _printf_lli &rArr; _printf_longlong_dec &rArr; _printf_int_common &rArr; _printf_post_padding
</UL>
<BR>[Calls]<UL><LI><a href="#[50]">&gt;&gt;</a>&nbsp;&nbsp;&nbsp;_printf_longlong_dec
</UL>

<P><STRONG><a name="[51]"></a>_printf_lld</STRONG> (Thumb, 0 bytes, Stack size unknown bytes, _printf_lld.o(.ARM.Collect$$_printf_percent$$0000000E))
<BR><BR>[Stack]<UL><LI>Max Depth = 72 + Unknown Stack Size
<LI>Call Chain = _printf_lld &rArr; _printf_longlong_dec &rArr; _printf_int_common &rArr; _printf_post_padding
</UL>
<BR>[Calls]<UL><LI><a href="#[50]">&gt;&gt;</a>&nbsp;&nbsp;&nbsp;_printf_longlong_dec
</UL>

<P><STRONG><a name="[52]"></a>_printf_llu</STRONG> (Thumb, 0 bytes, Stack size unknown bytes, _printf_llu.o(.ARM.Collect$$_printf_percent$$0000000F))
<BR><BR>[Stack]<UL><LI>Max Depth = 72 + Unknown Stack Size
<LI>Call Chain = _printf_llu &rArr; _printf_longlong_dec &rArr; _printf_int_common &rArr; _printf_post_padding
</UL>
<BR>[Calls]<UL><LI><a href="#[50]">&gt;&gt;</a>&nbsp;&nbsp;&nbsp;_printf_longlong_dec
</UL>

<P><STRONG><a name="[53]"></a>_printf_llo</STRONG> (Thumb, 0 bytes, Stack size unknown bytes, _printf_llo.o(.ARM.Collect$$_printf_percent$$00000010))
<BR><BR>[Stack]<UL><LI>Max Depth = 56 + Unknown Stack Size
<LI>Call Chain = _printf_llo &rArr; _printf_ll_oct &rArr; _printf_longlong_oct &rArr; _printf_int_common &rArr; _printf_post_padding
</UL>
<BR>[Calls]<UL><LI><a href="#[54]">&gt;&gt;</a>&nbsp;&nbsp;&nbsp;_printf_ll_oct
</UL>

<P><STRONG><a name="[55]"></a>_printf_llx</STRONG> (Thumb, 0 bytes, Stack size unknown bytes, _printf_llx.o(.ARM.Collect$$_printf_percent$$00000011))
<BR><BR>[Stack]<UL><LI>Max Depth = 64 + Unknown Stack Size
<LI>Call Chain = _printf_llx &rArr; _printf_ll_hex &rArr; _printf_longlong_hex &rArr; _printf_int_common &rArr; _printf_post_padding
</UL>
<BR>[Calls]<UL><LI><a href="#[56]">&gt;&gt;</a>&nbsp;&nbsp;&nbsp;_printf_ll_hex
</UL>

<P><STRONG><a name="[100]"></a>_printf_l</STRONG> (Thumb, 0 bytes, Stack size unknown bytes, _printf_l.o(.ARM.Collect$$_printf_percent$$00000012))

<P><STRONG><a name="[57]"></a>_printf_c</STRONG> (Thumb, 0 bytes, Stack size unknown bytes, _printf_c.o(.ARM.Collect$$_printf_percent$$00000013))
<BR><BR>[Stack]<UL><LI>Max Depth = 40 + Unknown Stack Size
<LI>Call Chain = _printf_c &rArr; _printf_char &rArr; _printf_cs_common &rArr; _printf_str &rArr; _printf_post_padding
</UL>
<BR>[Calls]<UL><LI><a href="#[58]">&gt;&gt;</a>&nbsp;&nbsp;&nbsp;_printf_char
</UL>

<P><STRONG><a name="[59]"></a>_printf_s</STRONG> (Thumb, 0 bytes, Stack size unknown bytes, _printf_s.o(.ARM.Collect$$_printf_percent$$00000014))
<BR><BR>[Stack]<UL><LI>Max Depth = 40 + Unknown Stack Size
<LI>Call Chain = _printf_s &rArr; _printf_string &rArr; _printf_cs_common &rArr; _printf_str &rArr; _printf_post_padding
</UL>
<BR>[Calls]<UL><LI><a href="#[5a]">&gt;&gt;</a>&nbsp;&nbsp;&nbsp;_printf_string
</UL>

<P><STRONG><a name="[5b]"></a>_printf_lc</STRONG> (Thumb, 0 bytes, Stack size unknown bytes, _printf_lc.o(.ARM.Collect$$_printf_percent$$00000015))
<BR><BR>[Stack]<UL><LI>Max Depth = 88 + Unknown Stack Size
<LI>Call Chain = _printf_lc &rArr; _printf_wchar &rArr; _printf_lcs_common &rArr; _printf_wctomb &rArr; _wcrtomb &rArr; __rt_ctype_table
</UL>
<BR>[Calls]<UL><LI><a href="#[5c]">&gt;&gt;</a>&nbsp;&nbsp;&nbsp;_printf_wchar
</UL>

<P><STRONG><a name="[5d]"></a>_printf_ls</STRONG> (Thumb, 0 bytes, Stack size unknown bytes, _printf_ls.o(.ARM.Collect$$_printf_percent$$00000016))
<BR><BR>[Stack]<UL><LI>Max Depth = 88 + Unknown Stack Size
<LI>Call Chain = _printf_ls &rArr; _printf_wstring &rArr; _printf_lcs_common &rArr; _printf_wctomb &rArr; _wcrtomb &rArr; __rt_ctype_table
</UL>
<BR>[Calls]<UL><LI><a href="#[5e]">&gt;&gt;</a>&nbsp;&nbsp;&nbsp;_printf_wstring
</UL>

<P><STRONG><a name="[101]"></a>_printf_percent_end</STRONG> (Thumb, 0 bytes, Stack size unknown bytes, _printf_percent_end.o(.ARM.Collect$$_printf_percent$$00000017))

<P><STRONG><a name="[5f]"></a>__rt_lib_init</STRONG> (Thumb, 0 bytes, Stack size unknown bytes, libinit.o(.ARM.Collect$$libinit$$00000000))
<BR><BR>[Stack]<UL><LI>Max Depth = 8 + Unknown Stack Size
<LI>Call Chain = __rt_lib_init &rArr; _fp_init
</UL>
<BR>[Calls]<UL><LI><a href="#[60]">&gt;&gt;</a>&nbsp;&nbsp;&nbsp;_fp_init
</UL>
<BR>[Called By]<UL><LI><a href="#[68]">&gt;&gt;</a>&nbsp;&nbsp;&nbsp;__rt_entry_li
</UL>

<P><STRONG><a name="[102]"></a>__rt_lib_init_heap_1</STRONG> (Thumb, 0 bytes, Stack size unknown bytes, libinit2.o(.ARM.Collect$$libinit$$00000006))

<P><STRONG><a name="[61]"></a>__rt_lib_init_lc_common</STRONG> (Thumb, 0 bytes, Stack size unknown bytes, libinit2.o(.ARM.Collect$$libinit$$0000000B))
<BR><BR>[Calls]<UL><LI><a href="#[62]">&gt;&gt;</a>&nbsp;&nbsp;&nbsp;__rt_locale
</UL>

<P><STRONG><a name="[103]"></a>__rt_lib_init_rand_1</STRONG> (Thumb, 0 bytes, Stack size unknown bytes, libinit2.o(.ARM.Collect$$libinit$$0000000A))

<P><STRONG><a name="[104]"></a>__rt_lib_init_user_alloc_1</STRONG> (Thumb, 0 bytes, Stack size unknown bytes, libinit2.o(.ARM.Collect$$libinit$$00000008))

<P><STRONG><a name="[105]"></a>__rt_lib_init_lc_collate_1</STRONG> (Thumb, 0 bytes, Stack size unknown bytes, libinit2.o(.ARM.Collect$$libinit$$0000000D))

<P><STRONG><a name="[63]"></a>__rt_lib_init_lc_ctype_2</STRONG> (Thumb, 0 bytes, Stack size unknown bytes, libinit2.o(.ARM.Collect$$libinit$$0000000E))
<BR><BR>[Stack]<UL><LI>Max Depth = 8 + Unknown Stack Size
<LI>Call Chain = __rt_lib_init_lc_ctype_2 &rArr; _get_lc_ctype
</UL>
<BR>[Calls]<UL><LI><a href="#[39]">&gt;&gt;</a>&nbsp;&nbsp;&nbsp;_get_lc_ctype
</UL>

<P><STRONG><a name="[106]"></a>__rt_lib_init_lc_ctype_1</STRONG> (Thumb, 0 bytes, Stack size unknown bytes, libinit2.o(.ARM.Collect$$libinit$$0000000F))

<P><STRONG><a name="[107]"></a>__rt_lib_init_lc_monetary_1</STRONG> (Thumb, 0 bytes, Stack size unknown bytes, libinit2.o(.ARM.Collect$$libinit$$00000011))

<P><STRONG><a name="[64]"></a>__rt_lib_init_lc_numeric_2</STRONG> (Thumb, 0 bytes, Stack size unknown bytes, libinit2.o(.ARM.Collect$$libinit$$00000012))
<BR><BR>[Stack]<UL><LI>Max Depth = 8 + Unknown Stack Size
<LI>Call Chain = __rt_lib_init_lc_numeric_2 &rArr; _get_lc_numeric
</UL>
<BR>[Calls]<UL><LI><a href="#[65]">&gt;&gt;</a>&nbsp;&nbsp;&nbsp;_get_lc_numeric
</UL>

<P><STRONG><a name="[108]"></a>__rt_lib_init_alloca_1</STRONG> (Thumb, 0 bytes, Stack size unknown bytes, libinit2.o(.ARM.Collect$$libinit$$0000002A))

<P><STRONG><a name="[109]"></a>__rt_lib_init_argv_1</STRONG> (Thumb, 0 bytes, Stack size unknown bytes, libinit2.o(.ARM.Collect$$libinit$$00000028))

<P><STRONG><a name="[10a]"></a>__rt_lib_init_atexit_1</STRONG> (Thumb, 0 bytes, Stack size unknown bytes, libinit2.o(.ARM.Collect$$libinit$$00000017))

<P><STRONG><a name="[10b]"></a>__rt_lib_init_clock_1</STRONG> (Thumb, 0 bytes, Stack size unknown bytes, libinit2.o(.ARM.Collect$$libinit$$0000001D))

<P><STRONG><a name="[10c]"></a>__rt_lib_init_cpp_1</STRONG> (Thumb, 0 bytes, Stack size unknown bytes, libinit2.o(.ARM.Collect$$libinit$$0000002E))

<P><STRONG><a name="[10d]"></a>__rt_lib_init_exceptions_1</STRONG> (Thumb, 0 bytes, Stack size unknown bytes, libinit2.o(.ARM.Collect$$libinit$$0000002C))

<P><STRONG><a name="[10e]"></a>__rt_lib_init_fp_trap_1</STRONG> (Thumb, 0 bytes, Stack size unknown bytes, libinit2.o(.ARM.Collect$$libinit$$0000001B))

<P><STRONG><a name="[10f]"></a>__rt_lib_init_getenv_1</STRONG> (Thumb, 0 bytes, Stack size unknown bytes, libinit2.o(.ARM.Collect$$libinit$$0000001F))

<P><STRONG><a name="[110]"></a>__rt_lib_init_lc_numeric_1</STRONG> (Thumb, 0 bytes, Stack size unknown bytes, libinit2.o(.ARM.Collect$$libinit$$00000013))

<P><STRONG><a name="[111]"></a>__rt_lib_init_lc_time_1</STRONG> (Thumb, 0 bytes, Stack size unknown bytes, libinit2.o(.ARM.Collect$$libinit$$00000015))

<P><STRONG><a name="[112]"></a>__rt_lib_init_return</STRONG> (Thumb, 0 bytes, Stack size unknown bytes, libinit2.o(.ARM.Collect$$libinit$$0000002F))

<P><STRONG><a name="[113]"></a>__rt_lib_init_signal_1</STRONG> (Thumb, 0 bytes, Stack size unknown bytes, libinit2.o(.ARM.Collect$$libinit$$00000019))

<P><STRONG><a name="[114]"></a>__rt_lib_init_stdio_1</STRONG> (Thumb, 0 bytes, Stack size unknown bytes, libinit2.o(.ARM.Collect$$libinit$$00000021))

<P><STRONG><a name="[6d]"></a>__rt_lib_shutdown</STRONG> (Thumb, 0 bytes, Stack size unknown bytes, libshutdown.o(.ARM.Collect$$libshutdown$$00000000))
<BR><BR>[Called By]<UL><LI><a href="#[6c]">&gt;&gt;</a>&nbsp;&nbsp;&nbsp;__rt_exit_ls
</UL>

<P><STRONG><a name="[115]"></a>__rt_lib_shutdown_fp_trap_1</STRONG> (Thumb, 0 bytes, Stack size unknown bytes, libshutdown2.o(.ARM.Collect$$libshutdown$$00000006))

<P><STRONG><a name="[116]"></a>__rt_lib_shutdown_heap_1</STRONG> (Thumb, 0 bytes, Stack size unknown bytes, libshutdown2.o(.ARM.Collect$$libshutdown$$0000000E))

<P><STRONG><a name="[117]"></a>__rt_lib_shutdown_return</STRONG> (Thumb, 0 bytes, Stack size unknown bytes, libshutdown2.o(.ARM.Collect$$libshutdown$$0000000F))

<P><STRONG><a name="[118]"></a>__rt_lib_shutdown_signal_1</STRONG> (Thumb, 0 bytes, Stack size unknown bytes, libshutdown2.o(.ARM.Collect$$libshutdown$$00000009))

<P><STRONG><a name="[119]"></a>__rt_lib_shutdown_stdio_1</STRONG> (Thumb, 0 bytes, Stack size unknown bytes, libshutdown2.o(.ARM.Collect$$libshutdown$$00000003))

<P><STRONG><a name="[11a]"></a>__rt_lib_shutdown_user_alloc_1</STRONG> (Thumb, 0 bytes, Stack size unknown bytes, libshutdown2.o(.ARM.Collect$$libshutdown$$0000000B))

<P><STRONG><a name="[3c]"></a>__rt_entry</STRONG> (Thumb, 0 bytes, Stack size unknown bytes, rtentry.o(.ARM.Collect$$rtentry$$00000000))
<BR><BR>[Called By]<UL><LI><a href="#[3a]">&gt;&gt;</a>&nbsp;&nbsp;&nbsp;__main
<LI><a href="#[3d]">&gt;&gt;</a>&nbsp;&nbsp;&nbsp;__scatterload_rt2
</UL>

<P><STRONG><a name="[11b]"></a>__rt_entry_presh_1</STRONG> (Thumb, 0 bytes, Stack size unknown bytes, rtentry2.o(.ARM.Collect$$rtentry$$00000002))

<P><STRONG><a name="[66]"></a>__rt_entry_sh</STRONG> (Thumb, 0 bytes, Stack size unknown bytes, rtentry4.o(.ARM.Collect$$rtentry$$00000004))
<BR><BR>[Stack]<UL><LI>Max Depth = 8 + Unknown Stack Size
<LI>Call Chain = __rt_entry_sh &rArr; __user_setup_stackheap
</UL>
<BR>[Calls]<UL><LI><a href="#[67]">&gt;&gt;</a>&nbsp;&nbsp;&nbsp;__user_setup_stackheap
</UL>

<P><STRONG><a name="[68]"></a>__rt_entry_li</STRONG> (Thumb, 0 bytes, Stack size unknown bytes, rtentry2.o(.ARM.Collect$$rtentry$$0000000A))
<BR><BR>[Stack]<UL><LI>Max Depth = 8 + Unknown Stack Size
<LI>Call Chain = __rt_entry_li &rArr; __rt_lib_init &rArr; _fp_init
</UL>
<BR>[Calls]<UL><LI><a href="#[5f]">&gt;&gt;</a>&nbsp;&nbsp;&nbsp;__rt_lib_init
</UL>

<P><STRONG><a name="[11c]"></a>__rt_entry_postsh_1</STRONG> (Thumb, 0 bytes, Stack size unknown bytes, rtentry2.o(.ARM.Collect$$rtentry$$00000009))

<P><STRONG><a name="[69]"></a>__rt_entry_main</STRONG> (Thumb, 0 bytes, Stack size unknown bytes, rtentry2.o(.ARM.Collect$$rtentry$$0000000D))
<BR><BR>[Stack]<UL><LI>Max Depth = 256 + Unknown Stack Size
<LI>Call Chain = __rt_entry_main &rArr; main &rArr; testall &rArr; flash_total_test &rArr; flash_write_test &rArr; w25qxx_read_1byte_4 &rArr; w25qxx_wait_busy &rArr; w25qxx_read_status_reg1 &rArr; show_decTobin &rArr; lcd_printf &rArr; __c89vsprintf &rArr; _printf_char_common &rArr; __printf
</UL>
<BR>[Calls]<UL><LI><a href="#[6a]">&gt;&gt;</a>&nbsp;&nbsp;&nbsp;main
<LI><a href="#[6b]">&gt;&gt;</a>&nbsp;&nbsp;&nbsp;exit
</UL>

<P><STRONG><a name="[11d]"></a>__rt_entry_postli_1</STRONG> (Thumb, 0 bytes, Stack size unknown bytes, rtentry2.o(.ARM.Collect$$rtentry$$0000000C))

<P><STRONG><a name="[f3]"></a>__rt_exit</STRONG> (Thumb, 0 bytes, Stack size unknown bytes, rtexit.o(.ARM.Collect$$rtexit$$00000000))
<BR><BR>[Called By]<UL><LI><a href="#[6b]">&gt;&gt;</a>&nbsp;&nbsp;&nbsp;exit
</UL>

<P><STRONG><a name="[6c]"></a>__rt_exit_ls</STRONG> (Thumb, 0 bytes, Stack size unknown bytes, rtexit2.o(.ARM.Collect$$rtexit$$00000003))
<BR><BR>[Calls]<UL><LI><a href="#[6d]">&gt;&gt;</a>&nbsp;&nbsp;&nbsp;__rt_lib_shutdown
</UL>

<P><STRONG><a name="[11e]"></a>__rt_exit_prels_1</STRONG> (Thumb, 0 bytes, Stack size unknown bytes, rtexit2.o(.ARM.Collect$$rtexit$$00000002))

<P><STRONG><a name="[6e]"></a>__rt_exit_exit</STRONG> (Thumb, 0 bytes, Stack size unknown bytes, rtexit2.o(.ARM.Collect$$rtexit$$00000004))
<BR><BR>[Calls]<UL><LI><a href="#[6f]">&gt;&gt;</a>&nbsp;&nbsp;&nbsp;_sys_exit
</UL>

<P><STRONG><a name="[70]"></a>hello_blackbox</STRONG> (Thumb, 14 bytes, Stack size 8 bytes, main.o(.text))
<BR><BR>[Stack]<UL><LI>Max Depth = 152 + Unknown Stack Size
<LI>Call Chain = hello_blackbox &rArr; lcd_printf &rArr; __c89vsprintf &rArr; _printf_char_common &rArr; __printf
</UL>
<BR>[Calls]<UL><LI><a href="#[71]">&gt;&gt;</a>&nbsp;&nbsp;&nbsp;lcd_printf
</UL>
<BR>[Called By]<UL><LI><a href="#[6a]">&gt;&gt;</a>&nbsp;&nbsp;&nbsp;main
</UL>

<P><STRONG><a name="[6a]"></a>main</STRONG> (Thumb, 16 bytes, Stack size 0 bytes, main.o(.text))
<BR><BR>[Stack]<UL><LI>Max Depth = 256 + Unknown Stack Size
<LI>Call Chain = main &rArr; testall &rArr; flash_total_test &rArr; flash_write_test &rArr; w25qxx_read_1byte_4 &rArr; w25qxx_wait_busy &rArr; w25qxx_read_status_reg1 &rArr; show_decTobin &rArr; lcd_printf &rArr; __c89vsprintf &rArr; _printf_char_common &rArr; __printf
</UL>
<BR>[Calls]<UL><LI><a href="#[73]">&gt;&gt;</a>&nbsp;&nbsp;&nbsp;testall
<LI><a href="#[72]">&gt;&gt;</a>&nbsp;&nbsp;&nbsp;hardware_init
<LI><a href="#[70]">&gt;&gt;</a>&nbsp;&nbsp;&nbsp;hello_blackbox
</UL>
<BR>[Called By]<UL><LI><a href="#[69]">&gt;&gt;</a>&nbsp;&nbsp;&nbsp;__rt_entry_main
</UL>

<P><STRONG><a name="[11]"></a>SysTick_Handler</STRONG> (Thumb, 12 bytes, Stack size 0 bytes, delay.o(.text))
<BR>[Address Reference Count : 1]<UL><LI> startup_lpc17xx.o(RESET)
</UL>
<P><STRONG><a name="[75]"></a>DelayUs2x</STRONG> (Thumb, 12 bytes, Stack size 0 bytes, delay.o(.text), UNUSED)
<BR><BR>[Called By]<UL><LI><a href="#[74]">&gt;&gt;</a>&nbsp;&nbsp;&nbsp;Delay1Ms
</UL>

<P><STRONG><a name="[b5]"></a>delay10cyc</STRONG> (Thumb, 14 bytes, Stack size 0 bytes, delay.o(.text), UNUSED)
<BR><BR>[Called By]<UL><LI><a href="#[96]">&gt;&gt;</a>&nbsp;&nbsp;&nbsp;w25qxx_sector_write_4
<LI><a href="#[99]">&gt;&gt;</a>&nbsp;&nbsp;&nbsp;w25qxx_sector_read_4
</UL>

<P><STRONG><a name="[74]"></a>Delay1Ms</STRONG> (Thumb, 28 bytes, Stack size 4 bytes, delay.o(.text), UNUSED)
<BR><BR>[Calls]<UL><LI><a href="#[75]">&gt;&gt;</a>&nbsp;&nbsp;&nbsp;DelayUs2x
</UL>

<P><STRONG><a name="[13]"></a>TIMER0_IRQHandler</STRONG> (Thumb, 26 bytes, Stack size 8 bytes, irq_timer.o(.text))
<BR><BR>[Stack]<UL><LI>Max Depth = 160 + Unknown Stack Size
<LI>Call Chain = TIMER0_IRQHandler &rArr; led_test_1sonoff &rArr; lcd_printf &rArr; __c89vsprintf &rArr; _printf_char_common &rArr; __printf
</UL>
<BR>[Calls]<UL><LI><a href="#[76]">&gt;&gt;</a>&nbsp;&nbsp;&nbsp;led_test_1sonoff
</UL>
<BR>[Address Reference Count : 1]<UL><LI> startup_lpc17xx.o(RESET)
</UL>
<P><STRONG><a name="[14]"></a>TIMER1_IRQHandler</STRONG> (Thumb, 18 bytes, Stack size 0 bytes, irq_timer.o(.text))
<BR>[Address Reference Count : 1]<UL><LI> startup_lpc17xx.o(RESET)
</UL>
<P><STRONG><a name="[77]"></a>irq_disable_all</STRONG> (Thumb, 10 bytes, Stack size 8 bytes, irq_manage.o(.text), UNUSED)
<BR><BR>[Calls]<UL><LI><a href="#[78]">&gt;&gt;</a>&nbsp;&nbsp;&nbsp;disable_timer
</UL>
<BR>[Called By]<UL><LI><a href="#[bf]">&gt;&gt;</a>&nbsp;&nbsp;&nbsp;EnterNoInt
</UL>

<P><STRONG><a name="[79]"></a>irq_enable_all</STRONG> (Thumb, 10 bytes, Stack size 8 bytes, irq_manage.o(.text), UNUSED)
<BR><BR>[Calls]<UL><LI><a href="#[7a]">&gt;&gt;</a>&nbsp;&nbsp;&nbsp;enable_timer
</UL>
<BR>[Called By]<UL><LI><a href="#[be]">&gt;&gt;</a>&nbsp;&nbsp;&nbsp;ExitNoInt
</UL>

<P><STRONG><a name="[11f]"></a>__semihosting$guard</STRONG> (Thumb, 0 bytes, Stack size 0 bytes, use_no_semi.o(.text), UNUSED)

<P><STRONG><a name="[120]"></a>__use_no_semihosting_swi</STRONG> (Thumb, 2 bytes, Stack size 0 bytes, use_no_semi.o(.text), UNUSED)

<P><STRONG><a name="[7b]"></a>__aeabi_memset</STRONG> (Thumb, 16 bytes, Stack size 0 bytes, aeabi_memset.o(.text))
<BR><BR>[Calls]<UL><LI><a href="#[7c]">&gt;&gt;</a>&nbsp;&nbsp;&nbsp;_memset
</UL>
<BR>[Called By]<UL><LI><a href="#[d1]">&gt;&gt;</a>&nbsp;&nbsp;&nbsp;flash_write_test
</UL>

<P><STRONG><a name="[121]"></a>__use_two_region_memory</STRONG> (Thumb, 2 bytes, Stack size 0 bytes, heapauxi.o(.text), UNUSED)

<P><STRONG><a name="[1]"></a>__rt_heap_escrow</STRONG> (Thumb, 2 bytes, Stack size 0 bytes, heapauxi.o(.text), UNUSED)

<P><STRONG><a name="[0]"></a>__rt_heap_expand</STRONG> (Thumb, 2 bytes, Stack size 0 bytes, heapauxi.o(.text), UNUSED)

<P><STRONG><a name="[7e]"></a>Led_USB_UP_Init</STRONG> (Thumb, 42 bytes, Stack size 0 bytes, led.o(.text))
<BR><BR>[Called By]<UL><LI><a href="#[7d]">&gt;&gt;</a>&nbsp;&nbsp;&nbsp;led_init
</UL>

<P><STRONG><a name="[7d]"></a>led_init</STRONG> (Thumb, 8 bytes, Stack size 4 bytes, led.o(.text))
<BR><BR>[Stack]<UL><LI>Max Depth = 4<LI>Call Chain = led_init
</UL>
<BR>[Calls]<UL><LI><a href="#[7e]">&gt;&gt;</a>&nbsp;&nbsp;&nbsp;Led_USB_UP_Init
</UL>
<BR>[Called By]<UL><LI><a href="#[72]">&gt;&gt;</a>&nbsp;&nbsp;&nbsp;hardware_init
</UL>

<P><STRONG><a name="[80]"></a>Led_USB_UP_On</STRONG> (Thumb, 14 bytes, Stack size 0 bytes, led.o(.text))
<BR><BR>[Called By]<UL><LI><a href="#[76]">&gt;&gt;</a>&nbsp;&nbsp;&nbsp;led_test_1sonoff
<LI><a href="#[7f]">&gt;&gt;</a>&nbsp;&nbsp;&nbsp;led_on
</UL>

<P><STRONG><a name="[7f]"></a>led_on</STRONG> (Thumb, 8 bytes, Stack size 4 bytes, led.o(.text), UNUSED)
<BR><BR>[Calls]<UL><LI><a href="#[80]">&gt;&gt;</a>&nbsp;&nbsp;&nbsp;Led_USB_UP_On
</UL>

<P><STRONG><a name="[82]"></a>Led_USB_UP_Off</STRONG> (Thumb, 14 bytes, Stack size 0 bytes, led.o(.text))
<BR><BR>[Called By]<UL><LI><a href="#[76]">&gt;&gt;</a>&nbsp;&nbsp;&nbsp;led_test_1sonoff
<LI><a href="#[81]">&gt;&gt;</a>&nbsp;&nbsp;&nbsp;Led_Off
</UL>

<P><STRONG><a name="[81]"></a>Led_Off</STRONG> (Thumb, 8 bytes, Stack size 4 bytes, led.o(.text), UNUSED)
<BR><BR>[Calls]<UL><LI><a href="#[82]">&gt;&gt;</a>&nbsp;&nbsp;&nbsp;Led_USB_UP_Off
</UL>

<P><STRONG><a name="[76]"></a>led_test_1sonoff</STRONG> (Thumb, 56 bytes, Stack size 8 bytes, led.o(.text))
<BR><BR>[Stack]<UL><LI>Max Depth = 152 + Unknown Stack Size
<LI>Call Chain = led_test_1sonoff &rArr; lcd_printf &rArr; __c89vsprintf &rArr; _printf_char_common &rArr; __printf
</UL>
<BR>[Calls]<UL><LI><a href="#[82]">&gt;&gt;</a>&nbsp;&nbsp;&nbsp;Led_USB_UP_Off
<LI><a href="#[80]">&gt;&gt;</a>&nbsp;&nbsp;&nbsp;Led_USB_UP_On
<LI><a href="#[71]">&gt;&gt;</a>&nbsp;&nbsp;&nbsp;lcd_printf
</UL>
<BR>[Called By]<UL><LI><a href="#[13]">&gt;&gt;</a>&nbsp;&nbsp;&nbsp;TIMER0_IRQHandler
</UL>

<P><STRONG><a name="[84]"></a>uart0_pconp_conf</STRONG> (Thumb, 16 bytes, Stack size 0 bytes, uart0.o(.text))
<BR><BR>[Called By]<UL><LI><a href="#[83]">&gt;&gt;</a>&nbsp;&nbsp;&nbsp;uart0_init
</UL>

<P><STRONG><a name="[85]"></a>uart0_pin_conf</STRONG> (Thumb, 44 bytes, Stack size 0 bytes, uart0.o(.text))
<BR><BR>[Called By]<UL><LI><a href="#[83]">&gt;&gt;</a>&nbsp;&nbsp;&nbsp;uart0_init
</UL>

<P><STRONG><a name="[86]"></a>uart0_enable</STRONG> (Thumb, 64 bytes, Stack size 8 bytes, uart0.o(.text))
<BR><BR>[Stack]<UL><LI>Max Depth = 8<LI>Call Chain = uart0_enable
</UL>
<BR>[Called By]<UL><LI><a href="#[83]">&gt;&gt;</a>&nbsp;&nbsp;&nbsp;uart0_init
</UL>

<P><STRONG><a name="[83]"></a>uart0_init</STRONG> (Thumb, 106 bytes, Stack size 20 bytes, uart0.o(.text))
<BR><BR>[Stack]<UL><LI>Max Depth = 28<LI>Call Chain = uart0_init &rArr; uart0_enable
</UL>
<BR>[Calls]<UL><LI><a href="#[85]">&gt;&gt;</a>&nbsp;&nbsp;&nbsp;uart0_pin_conf
<LI><a href="#[84]">&gt;&gt;</a>&nbsp;&nbsp;&nbsp;uart0_pconp_conf
<LI><a href="#[86]">&gt;&gt;</a>&nbsp;&nbsp;&nbsp;uart0_enable
</UL>
<BR>[Called By]<UL><LI><a href="#[72]">&gt;&gt;</a>&nbsp;&nbsp;&nbsp;hardware_init
</UL>

<P><STRONG><a name="[122]"></a>uart0_disable</STRONG> (Thumb, 18 bytes, Stack size 0 bytes, uart0.o(.text), UNUSED)

<P><STRONG><a name="[8a]"></a>uart0_sendbyte</STRONG> (Thumb, 44 bytes, Stack size 0 bytes, uart0.o(.text))
<BR><BR>[Called By]<UL><LI><a href="#[89]">&gt;&gt;</a>&nbsp;&nbsp;&nbsp;uart0_sendstring
</UL>

<P><STRONG><a name="[88]"></a>uart0_getbyte</STRONG> (Thumb, 18 bytes, Stack size 0 bytes, uart0.o(.text), UNUSED)
<BR><BR>[Called By]<UL><LI><a href="#[87]">&gt;&gt;</a>&nbsp;&nbsp;&nbsp;uart0_getstring
</UL>

<P><STRONG><a name="[87]"></a>uart0_getstring</STRONG> (Thumb, 22 bytes, Stack size 4 bytes, uart0.o(.text), UNUSED)
<BR><BR>[Calls]<UL><LI><a href="#[88]">&gt;&gt;</a>&nbsp;&nbsp;&nbsp;uart0_getbyte
</UL>

<P><STRONG><a name="[89]"></a>uart0_sendstring</STRONG> (Thumb, 22 bytes, Stack size 4 bytes, uart0.o(.text))
<BR><BR>[Stack]<UL><LI>Max Depth = 4<LI>Call Chain = uart0_sendstring
</UL>
<BR>[Calls]<UL><LI><a href="#[8a]">&gt;&gt;</a>&nbsp;&nbsp;&nbsp;uart0_sendbyte
</UL>
<BR>[Called By]<UL><LI><a href="#[c8]">&gt;&gt;</a>&nbsp;&nbsp;&nbsp;puts__
</UL>

<P><STRONG><a name="[8d]"></a>set_bytemode</STRONG> (Thumb, 6 bytes, Stack size 0 bytes, ops_w25qxx.o(.text))
<BR><BR>[Called By]<UL><LI><a href="#[8b]">&gt;&gt;</a>&nbsp;&nbsp;&nbsp;Init_OpsFlash
</UL>

<P><STRONG><a name="[8c]"></a>Clr_OpsFlash</STRONG> (Thumb, 8 bytes, Stack size 0 bytes, ops_w25qxx.o(.text))
<BR><BR>[Called By]<UL><LI><a href="#[8b]">&gt;&gt;</a>&nbsp;&nbsp;&nbsp;Init_OpsFlash
</UL>

<P><STRONG><a name="[8b]"></a>Init_OpsFlash</STRONG> (Thumb, 14 bytes, Stack size 4 bytes, ops_w25qxx.o(.text))
<BR><BR>[Stack]<UL><LI>Max Depth = 4<LI>Call Chain = Init_OpsFlash
</UL>
<BR>[Calls]<UL><LI><a href="#[8c]">&gt;&gt;</a>&nbsp;&nbsp;&nbsp;Clr_OpsFlash
<LI><a href="#[8d]">&gt;&gt;</a>&nbsp;&nbsp;&nbsp;set_bytemode
</UL>
<BR>[Called By]<UL><LI><a href="#[9e]">&gt;&gt;</a>&nbsp;&nbsp;&nbsp;spi_init
<LI><a href="#[cb]">&gt;&gt;</a>&nbsp;&nbsp;&nbsp;ops_init
</UL>

<P><STRONG><a name="[8f]"></a>get4BytesMode</STRONG> (Thumb, 18 bytes, Stack size 0 bytes, ops_w25qxx.o(.text), UNUSED)
<BR><BR>[Called By]<UL><LI><a href="#[9b]">&gt;&gt;</a>&nbsp;&nbsp;&nbsp;w25qxx_sector_erase
<LI><a href="#[98]">&gt;&gt;</a>&nbsp;&nbsp;&nbsp;w25qxx_sector_read
<LI><a href="#[95]">&gt;&gt;</a>&nbsp;&nbsp;&nbsp;w25qxx_sector_write
<LI><a href="#[92]">&gt;&gt;</a>&nbsp;&nbsp;&nbsp;w25qxx_read_unique_id
<LI><a href="#[8e]">&gt;&gt;</a>&nbsp;&nbsp;&nbsp;w25qxx_read_id
</UL>

<P><STRONG><a name="[8e]"></a>w25qxx_read_id</STRONG> (Thumb, 26 bytes, Stack size 8 bytes, ops_w25qxx.o(.text), UNUSED)
<BR><BR>[Calls]<UL><LI><a href="#[90]">&gt;&gt;</a>&nbsp;&nbsp;&nbsp;w25qxx_read_id_4
<LI><a href="#[91]">&gt;&gt;</a>&nbsp;&nbsp;&nbsp;w25qxx_read_id_3
<LI><a href="#[8f]">&gt;&gt;</a>&nbsp;&nbsp;&nbsp;get4BytesMode
</UL>
<BR>[Called By]<UL><LI><a href="#[c1]">&gt;&gt;</a>&nbsp;&nbsp;&nbsp;w25qxx_get_sector_num
<LI><a href="#[cf]">&gt;&gt;</a>&nbsp;&nbsp;&nbsp;get_uniqueID_w25q256
</UL>

<P><STRONG><a name="[92]"></a>w25qxx_read_unique_id</STRONG> (Thumb, 26 bytes, Stack size 8 bytes, ops_w25qxx.o(.text), UNUSED)
<BR><BR>[Calls]<UL><LI><a href="#[93]">&gt;&gt;</a>&nbsp;&nbsp;&nbsp;w25qxx_read_unique_id_4
<LI><a href="#[94]">&gt;&gt;</a>&nbsp;&nbsp;&nbsp;w25qxx_read_unique_id_3
<LI><a href="#[8f]">&gt;&gt;</a>&nbsp;&nbsp;&nbsp;get4BytesMode
</UL>
<BR>[Called By]<UL><LI><a href="#[ce]">&gt;&gt;</a>&nbsp;&nbsp;&nbsp;test_w25qxx_uniqueID
</UL>

<P><STRONG><a name="[95]"></a>w25qxx_sector_write</STRONG> (Thumb, 38 bytes, Stack size 16 bytes, ops_w25qxx.o(.text), UNUSED)
<BR><BR>[Calls]<UL><LI><a href="#[96]">&gt;&gt;</a>&nbsp;&nbsp;&nbsp;w25qxx_sector_write_4
<LI><a href="#[97]">&gt;&gt;</a>&nbsp;&nbsp;&nbsp;w25qxx_sector_write_3
<LI><a href="#[8f]">&gt;&gt;</a>&nbsp;&nbsp;&nbsp;get4BytesMode
</UL>

<P><STRONG><a name="[98]"></a>w25qxx_sector_read</STRONG> (Thumb, 38 bytes, Stack size 16 bytes, ops_w25qxx.o(.text), UNUSED)
<BR><BR>[Calls]<UL><LI><a href="#[99]">&gt;&gt;</a>&nbsp;&nbsp;&nbsp;w25qxx_sector_read_4
<LI><a href="#[9a]">&gt;&gt;</a>&nbsp;&nbsp;&nbsp;w25qxx_sector_read_3
<LI><a href="#[8f]">&gt;&gt;</a>&nbsp;&nbsp;&nbsp;get4BytesMode
</UL>
<BR>[Called By]<UL><LI><a href="#[d0]">&gt;&gt;</a>&nbsp;&nbsp;&nbsp;flash_read_test
</UL>

<P><STRONG><a name="[9b]"></a>w25qxx_sector_erase</STRONG> (Thumb, 26 bytes, Stack size 8 bytes, ops_w25qxx.o(.text), UNUSED)
<BR><BR>[Calls]<UL><LI><a href="#[9c]">&gt;&gt;</a>&nbsp;&nbsp;&nbsp;w25qxx_sector_erase_4
<LI><a href="#[9d]">&gt;&gt;</a>&nbsp;&nbsp;&nbsp;w25qxx_sector_erase_3
<LI><a href="#[8f]">&gt;&gt;</a>&nbsp;&nbsp;&nbsp;get4BytesMode
</UL>

<P><STRONG><a name="[a1]"></a>SPI_CS_HIGH</STRONG> (Thumb, 18 bytes, Stack size 0 bytes, w25q256.o(.text))
<BR><BR>[Called By]<UL><LI><a href="#[c2]">&gt;&gt;</a>&nbsp;&nbsp;&nbsp;wx_read_jedec
<LI><a href="#[c0]">&gt;&gt;</a>&nbsp;&nbsp;&nbsp;w25qxx_chip_erase
<LI><a href="#[b9]">&gt;&gt;</a>&nbsp;&nbsp;&nbsp;w25qxx_write_status_reg3
<LI><a href="#[b8]">&gt;&gt;</a>&nbsp;&nbsp;&nbsp;w25qxx_section_erase_4
<LI><a href="#[b7]">&gt;&gt;</a>&nbsp;&nbsp;&nbsp;w25qxx_read_1byte_4
<LI><a href="#[b6]">&gt;&gt;</a>&nbsp;&nbsp;&nbsp;w25qxx_write_1byte_4
<LI><a href="#[b2]">&gt;&gt;</a>&nbsp;&nbsp;&nbsp;w25qxx_read_status_reg3
<LI><a href="#[ac]">&gt;&gt;</a>&nbsp;&nbsp;&nbsp;w25qxx_write_status_reg1
<LI><a href="#[ab]">&gt;&gt;</a>&nbsp;&nbsp;&nbsp;w25qxx_read_status_reg2
<LI><a href="#[aa]">&gt;&gt;</a>&nbsp;&nbsp;&nbsp;w25qxx_write_status_reg2
<LI><a href="#[a8]">&gt;&gt;</a>&nbsp;&nbsp;&nbsp;w25xx_send_1cmd
<LI><a href="#[a3]">&gt;&gt;</a>&nbsp;&nbsp;&nbsp;w25qxx_read_status_reg1
<LI><a href="#[9e]">&gt;&gt;</a>&nbsp;&nbsp;&nbsp;spi_init
<LI><a href="#[96]">&gt;&gt;</a>&nbsp;&nbsp;&nbsp;w25qxx_sector_write_4
<LI><a href="#[97]">&gt;&gt;</a>&nbsp;&nbsp;&nbsp;w25qxx_sector_write_3
<LI><a href="#[99]">&gt;&gt;</a>&nbsp;&nbsp;&nbsp;w25qxx_sector_read_4
<LI><a href="#[9a]">&gt;&gt;</a>&nbsp;&nbsp;&nbsp;w25qxx_sector_read_3
<LI><a href="#[9c]">&gt;&gt;</a>&nbsp;&nbsp;&nbsp;w25qxx_sector_erase_4
<LI><a href="#[9d]">&gt;&gt;</a>&nbsp;&nbsp;&nbsp;w25qxx_sector_erase_3
<LI><a href="#[93]">&gt;&gt;</a>&nbsp;&nbsp;&nbsp;w25qxx_read_unique_id_4
<LI><a href="#[94]">&gt;&gt;</a>&nbsp;&nbsp;&nbsp;w25qxx_read_unique_id_3
<LI><a href="#[90]">&gt;&gt;</a>&nbsp;&nbsp;&nbsp;w25qxx_read_id_4
<LI><a href="#[91]">&gt;&gt;</a>&nbsp;&nbsp;&nbsp;w25qxx_read_id_3
</UL>

<P><STRONG><a name="[9e]"></a>spi_init</STRONG> (Thumb, 294 bytes, Stack size 8 bytes, w25q256.o(.text))
<BR><BR>[Stack]<UL><LI>Max Depth = 12<LI>Call Chain = spi_init &rArr; Init_OpsFlash
</UL>
<BR>[Calls]<UL><LI><a href="#[a1]">&gt;&gt;</a>&nbsp;&nbsp;&nbsp;SPI_CS_HIGH
<LI><a href="#[9f]">&gt;&gt;</a>&nbsp;&nbsp;&nbsp;SPI_WR_LOW
<LI><a href="#[a0]">&gt;&gt;</a>&nbsp;&nbsp;&nbsp;SPI_HOLD_HIGH
<LI><a href="#[8b]">&gt;&gt;</a>&nbsp;&nbsp;&nbsp;Init_OpsFlash
</UL>
<BR>[Called By]<UL><LI><a href="#[72]">&gt;&gt;</a>&nbsp;&nbsp;&nbsp;hardware_init
</UL>

<P><STRONG><a name="[a5]"></a>spi_send</STRONG> (Thumb, 26 bytes, Stack size 0 bytes, w25q256.o(.text))
<BR><BR>[Called By]<UL><LI><a href="#[c2]">&gt;&gt;</a>&nbsp;&nbsp;&nbsp;wx_read_jedec
<LI><a href="#[c0]">&gt;&gt;</a>&nbsp;&nbsp;&nbsp;w25qxx_chip_erase
<LI><a href="#[b9]">&gt;&gt;</a>&nbsp;&nbsp;&nbsp;w25qxx_write_status_reg3
<LI><a href="#[b8]">&gt;&gt;</a>&nbsp;&nbsp;&nbsp;w25qxx_section_erase_4
<LI><a href="#[b7]">&gt;&gt;</a>&nbsp;&nbsp;&nbsp;w25qxx_read_1byte_4
<LI><a href="#[b6]">&gt;&gt;</a>&nbsp;&nbsp;&nbsp;w25qxx_write_1byte_4
<LI><a href="#[b2]">&gt;&gt;</a>&nbsp;&nbsp;&nbsp;w25qxx_read_status_reg3
<LI><a href="#[ac]">&gt;&gt;</a>&nbsp;&nbsp;&nbsp;w25qxx_write_status_reg1
<LI><a href="#[ab]">&gt;&gt;</a>&nbsp;&nbsp;&nbsp;w25qxx_read_status_reg2
<LI><a href="#[aa]">&gt;&gt;</a>&nbsp;&nbsp;&nbsp;w25qxx_write_status_reg2
<LI><a href="#[a8]">&gt;&gt;</a>&nbsp;&nbsp;&nbsp;w25xx_send_1cmd
<LI><a href="#[a3]">&gt;&gt;</a>&nbsp;&nbsp;&nbsp;w25qxx_read_status_reg1
<LI><a href="#[96]">&gt;&gt;</a>&nbsp;&nbsp;&nbsp;w25qxx_sector_write_4
<LI><a href="#[97]">&gt;&gt;</a>&nbsp;&nbsp;&nbsp;w25qxx_sector_write_3
<LI><a href="#[99]">&gt;&gt;</a>&nbsp;&nbsp;&nbsp;w25qxx_sector_read_4
<LI><a href="#[9a]">&gt;&gt;</a>&nbsp;&nbsp;&nbsp;w25qxx_sector_read_3
<LI><a href="#[9c]">&gt;&gt;</a>&nbsp;&nbsp;&nbsp;w25qxx_sector_erase_4
<LI><a href="#[9d]">&gt;&gt;</a>&nbsp;&nbsp;&nbsp;w25qxx_sector_erase_3
<LI><a href="#[93]">&gt;&gt;</a>&nbsp;&nbsp;&nbsp;w25qxx_read_unique_id_4
<LI><a href="#[94]">&gt;&gt;</a>&nbsp;&nbsp;&nbsp;w25qxx_read_unique_id_3
<LI><a href="#[90]">&gt;&gt;</a>&nbsp;&nbsp;&nbsp;w25qxx_read_id_4
<LI><a href="#[91]">&gt;&gt;</a>&nbsp;&nbsp;&nbsp;w25qxx_read_id_3
</UL>

<P><STRONG><a name="[a6]"></a>spi_recv</STRONG> (Thumb, 26 bytes, Stack size 0 bytes, w25q256.o(.text))
<BR><BR>[Called By]<UL><LI><a href="#[c2]">&gt;&gt;</a>&nbsp;&nbsp;&nbsp;wx_read_jedec
<LI><a href="#[b7]">&gt;&gt;</a>&nbsp;&nbsp;&nbsp;w25qxx_read_1byte_4
<LI><a href="#[b2]">&gt;&gt;</a>&nbsp;&nbsp;&nbsp;w25qxx_read_status_reg3
<LI><a href="#[ab]">&gt;&gt;</a>&nbsp;&nbsp;&nbsp;w25qxx_read_status_reg2
<LI><a href="#[a3]">&gt;&gt;</a>&nbsp;&nbsp;&nbsp;w25qxx_read_status_reg1
<LI><a href="#[99]">&gt;&gt;</a>&nbsp;&nbsp;&nbsp;w25qxx_sector_read_4
<LI><a href="#[9a]">&gt;&gt;</a>&nbsp;&nbsp;&nbsp;w25qxx_sector_read_3
<LI><a href="#[93]">&gt;&gt;</a>&nbsp;&nbsp;&nbsp;w25qxx_read_unique_id_4
<LI><a href="#[94]">&gt;&gt;</a>&nbsp;&nbsp;&nbsp;w25qxx_read_unique_id_3
<LI><a href="#[90]">&gt;&gt;</a>&nbsp;&nbsp;&nbsp;w25qxx_read_id_4
<LI><a href="#[91]">&gt;&gt;</a>&nbsp;&nbsp;&nbsp;w25qxx_read_id_3
</UL>

<P><STRONG><a name="[a2]"></a>show_decTobin</STRONG> (Thumb, 64 bytes, Stack size 24 bytes, w25q256.o(.text))
<BR><BR>[Stack]<UL><LI>Max Depth = 168 + Unknown Stack Size
<LI>Call Chain = show_decTobin &rArr; lcd_printf &rArr; __c89vsprintf &rArr; _printf_char_common &rArr; __printf
</UL>
<BR>[Calls]<UL><LI><a href="#[71]">&gt;&gt;</a>&nbsp;&nbsp;&nbsp;lcd_printf
</UL>
<BR>[Called By]<UL><LI><a href="#[b2]">&gt;&gt;</a>&nbsp;&nbsp;&nbsp;w25qxx_read_status_reg3
<LI><a href="#[ab]">&gt;&gt;</a>&nbsp;&nbsp;&nbsp;w25qxx_read_status_reg2
<LI><a href="#[a3]">&gt;&gt;</a>&nbsp;&nbsp;&nbsp;w25qxx_read_status_reg1
</UL>

<P><STRONG><a name="[a4]"></a>SPI_CS_LOW</STRONG> (Thumb, 18 bytes, Stack size 0 bytes, w25q256.o(.text))
<BR><BR>[Called By]<UL><LI><a href="#[c2]">&gt;&gt;</a>&nbsp;&nbsp;&nbsp;wx_read_jedec
<LI><a href="#[c0]">&gt;&gt;</a>&nbsp;&nbsp;&nbsp;w25qxx_chip_erase
<LI><a href="#[b9]">&gt;&gt;</a>&nbsp;&nbsp;&nbsp;w25qxx_write_status_reg3
<LI><a href="#[b8]">&gt;&gt;</a>&nbsp;&nbsp;&nbsp;w25qxx_section_erase_4
<LI><a href="#[b7]">&gt;&gt;</a>&nbsp;&nbsp;&nbsp;w25qxx_read_1byte_4
<LI><a href="#[b6]">&gt;&gt;</a>&nbsp;&nbsp;&nbsp;w25qxx_write_1byte_4
<LI><a href="#[b2]">&gt;&gt;</a>&nbsp;&nbsp;&nbsp;w25qxx_read_status_reg3
<LI><a href="#[ac]">&gt;&gt;</a>&nbsp;&nbsp;&nbsp;w25qxx_write_status_reg1
<LI><a href="#[ab]">&gt;&gt;</a>&nbsp;&nbsp;&nbsp;w25qxx_read_status_reg2
<LI><a href="#[aa]">&gt;&gt;</a>&nbsp;&nbsp;&nbsp;w25qxx_write_status_reg2
<LI><a href="#[a8]">&gt;&gt;</a>&nbsp;&nbsp;&nbsp;w25xx_send_1cmd
<LI><a href="#[a3]">&gt;&gt;</a>&nbsp;&nbsp;&nbsp;w25qxx_read_status_reg1
<LI><a href="#[96]">&gt;&gt;</a>&nbsp;&nbsp;&nbsp;w25qxx_sector_write_4
<LI><a href="#[97]">&gt;&gt;</a>&nbsp;&nbsp;&nbsp;w25qxx_sector_write_3
<LI><a href="#[99]">&gt;&gt;</a>&nbsp;&nbsp;&nbsp;w25qxx_sector_read_4
<LI><a href="#[9a]">&gt;&gt;</a>&nbsp;&nbsp;&nbsp;w25qxx_sector_read_3
<LI><a href="#[9c]">&gt;&gt;</a>&nbsp;&nbsp;&nbsp;w25qxx_sector_erase_4
<LI><a href="#[9d]">&gt;&gt;</a>&nbsp;&nbsp;&nbsp;w25qxx_sector_erase_3
<LI><a href="#[93]">&gt;&gt;</a>&nbsp;&nbsp;&nbsp;w25qxx_read_unique_id_4
<LI><a href="#[94]">&gt;&gt;</a>&nbsp;&nbsp;&nbsp;w25qxx_read_unique_id_3
<LI><a href="#[90]">&gt;&gt;</a>&nbsp;&nbsp;&nbsp;w25qxx_read_id_4
<LI><a href="#[91]">&gt;&gt;</a>&nbsp;&nbsp;&nbsp;w25qxx_read_id_3
</UL>

<P><STRONG><a name="[a3]"></a>w25qxx_read_status_reg1</STRONG> (Thumb, 50 bytes, Stack size 16 bytes, w25q256.o(.text))
<BR><BR>[Stack]<UL><LI>Max Depth = 184 + Unknown Stack Size
<LI>Call Chain = w25qxx_read_status_reg1 &rArr; show_decTobin &rArr; lcd_printf &rArr; __c89vsprintf &rArr; _printf_char_common &rArr; __printf
</UL>
<BR>[Calls]<UL><LI><a href="#[a4]">&gt;&gt;</a>&nbsp;&nbsp;&nbsp;SPI_CS_LOW
<LI><a href="#[a2]">&gt;&gt;</a>&nbsp;&nbsp;&nbsp;show_decTobin
<LI><a href="#[a6]">&gt;&gt;</a>&nbsp;&nbsp;&nbsp;spi_recv
<LI><a href="#[a5]">&gt;&gt;</a>&nbsp;&nbsp;&nbsp;spi_send
<LI><a href="#[a1]">&gt;&gt;</a>&nbsp;&nbsp;&nbsp;SPI_CS_HIGH
<LI><a href="#[71]">&gt;&gt;</a>&nbsp;&nbsp;&nbsp;lcd_printf
</UL>
<BR>[Called By]<UL><LI><a href="#[b3]">&gt;&gt;</a>&nbsp;&nbsp;&nbsp;get_all_status_reg
<LI><a href="#[af]">&gt;&gt;</a>&nbsp;&nbsp;&nbsp;w25qxx_write_disable
<LI><a href="#[ad]">&gt;&gt;</a>&nbsp;&nbsp;&nbsp;w25qxx_write_enable
<LI><a href="#[a7]">&gt;&gt;</a>&nbsp;&nbsp;&nbsp;w25qxx_wait_busy
</UL>

<P><STRONG><a name="[a7]"></a>w25qxx_wait_busy</STRONG> (Thumb, 18 bytes, Stack size 8 bytes, w25q256.o(.text))
<BR><BR>[Stack]<UL><LI>Max Depth = 192 + Unknown Stack Size
<LI>Call Chain = w25qxx_wait_busy &rArr; w25qxx_read_status_reg1 &rArr; show_decTobin &rArr; lcd_printf &rArr; __c89vsprintf &rArr; _printf_char_common &rArr; __printf
</UL>
<BR>[Calls]<UL><LI><a href="#[a3]">&gt;&gt;</a>&nbsp;&nbsp;&nbsp;w25qxx_read_status_reg1
</UL>
<BR>[Called By]<UL><LI><a href="#[c0]">&gt;&gt;</a>&nbsp;&nbsp;&nbsp;w25qxx_chip_erase
<LI><a href="#[b8]">&gt;&gt;</a>&nbsp;&nbsp;&nbsp;w25qxx_section_erase_4
<LI><a href="#[b7]">&gt;&gt;</a>&nbsp;&nbsp;&nbsp;w25qxx_read_1byte_4
<LI><a href="#[b6]">&gt;&gt;</a>&nbsp;&nbsp;&nbsp;w25qxx_write_1byte_4
<LI><a href="#[96]">&gt;&gt;</a>&nbsp;&nbsp;&nbsp;w25qxx_sector_write_4
<LI><a href="#[97]">&gt;&gt;</a>&nbsp;&nbsp;&nbsp;w25qxx_sector_write_3
<LI><a href="#[99]">&gt;&gt;</a>&nbsp;&nbsp;&nbsp;w25qxx_sector_read_4
<LI><a href="#[9a]">&gt;&gt;</a>&nbsp;&nbsp;&nbsp;w25qxx_sector_read_3
<LI><a href="#[9c]">&gt;&gt;</a>&nbsp;&nbsp;&nbsp;w25qxx_sector_erase_4
<LI><a href="#[9d]">&gt;&gt;</a>&nbsp;&nbsp;&nbsp;w25qxx_sector_erase_3
</UL>

<P><STRONG><a name="[a8]"></a>w25xx_send_1cmd</STRONG> (Thumb, 20 bytes, Stack size 4 bytes, w25q256.o(.text))
<BR><BR>[Stack]<UL><LI>Max Depth = 4<LI>Call Chain = w25xx_send_1cmd
</UL>
<BR>[Calls]<UL><LI><a href="#[a4]">&gt;&gt;</a>&nbsp;&nbsp;&nbsp;SPI_CS_LOW
<LI><a href="#[a5]">&gt;&gt;</a>&nbsp;&nbsp;&nbsp;spi_send
<LI><a href="#[a1]">&gt;&gt;</a>&nbsp;&nbsp;&nbsp;SPI_CS_HIGH
</UL>
<BR>[Called By]<UL><LI><a href="#[af]">&gt;&gt;</a>&nbsp;&nbsp;&nbsp;w25qxx_write_disable
<LI><a href="#[ad]">&gt;&gt;</a>&nbsp;&nbsp;&nbsp;w25qxx_write_enable
<LI><a href="#[a9]">&gt;&gt;</a>&nbsp;&nbsp;&nbsp;w25qxx_SR_write_enable
<LI><a href="#[b1]">&gt;&gt;</a>&nbsp;&nbsp;&nbsp;w25xx_out_4byte
<LI><a href="#[b0]">&gt;&gt;</a>&nbsp;&nbsp;&nbsp;w25xx_in_4byte
</UL>

<P><STRONG><a name="[a9]"></a>w25qxx_SR_write_enable</STRONG> (Thumb, 10 bytes, Stack size 4 bytes, w25q256.o(.text))
<BR><BR>[Stack]<UL><LI>Max Depth = 8<LI>Call Chain = w25qxx_SR_write_enable &rArr; w25xx_send_1cmd
</UL>
<BR>[Calls]<UL><LI><a href="#[a8]">&gt;&gt;</a>&nbsp;&nbsp;&nbsp;w25xx_send_1cmd
</UL>
<BR>[Called By]<UL><LI><a href="#[b9]">&gt;&gt;</a>&nbsp;&nbsp;&nbsp;w25qxx_write_status_reg3
<LI><a href="#[ac]">&gt;&gt;</a>&nbsp;&nbsp;&nbsp;w25qxx_write_status_reg1
<LI><a href="#[aa]">&gt;&gt;</a>&nbsp;&nbsp;&nbsp;w25qxx_write_status_reg2
</UL>

<P><STRONG><a name="[aa]"></a>w25qxx_write_status_reg2</STRONG> (Thumb, 30 bytes, Stack size 4 bytes, w25q256.o(.text))
<BR><BR>[Stack]<UL><LI>Max Depth = 12<LI>Call Chain = w25qxx_write_status_reg2 &rArr; w25qxx_SR_write_enable &rArr; w25xx_send_1cmd
</UL>
<BR>[Calls]<UL><LI><a href="#[a9]">&gt;&gt;</a>&nbsp;&nbsp;&nbsp;w25qxx_SR_write_enable
<LI><a href="#[a4]">&gt;&gt;</a>&nbsp;&nbsp;&nbsp;SPI_CS_LOW
<LI><a href="#[a5]">&gt;&gt;</a>&nbsp;&nbsp;&nbsp;spi_send
<LI><a href="#[a1]">&gt;&gt;</a>&nbsp;&nbsp;&nbsp;SPI_CS_HIGH
</UL>
<BR>[Called By]<UL><LI><a href="#[bb]">&gt;&gt;</a>&nbsp;&nbsp;&nbsp;clr_SR_CMP
<LI><a href="#[ba]">&gt;&gt;</a>&nbsp;&nbsp;&nbsp;set_SR_CMP
<LI><a href="#[af]">&gt;&gt;</a>&nbsp;&nbsp;&nbsp;w25qxx_write_disable
<LI><a href="#[ad]">&gt;&gt;</a>&nbsp;&nbsp;&nbsp;w25qxx_write_enable
</UL>

<P><STRONG><a name="[ab]"></a>w25qxx_read_status_reg2</STRONG> (Thumb, 50 bytes, Stack size 16 bytes, w25q256.o(.text))
<BR><BR>[Stack]<UL><LI>Max Depth = 184 + Unknown Stack Size
<LI>Call Chain = w25qxx_read_status_reg2 &rArr; show_decTobin &rArr; lcd_printf &rArr; __c89vsprintf &rArr; _printf_char_common &rArr; __printf
</UL>
<BR>[Calls]<UL><LI><a href="#[a4]">&gt;&gt;</a>&nbsp;&nbsp;&nbsp;SPI_CS_LOW
<LI><a href="#[a2]">&gt;&gt;</a>&nbsp;&nbsp;&nbsp;show_decTobin
<LI><a href="#[a6]">&gt;&gt;</a>&nbsp;&nbsp;&nbsp;spi_recv
<LI><a href="#[a5]">&gt;&gt;</a>&nbsp;&nbsp;&nbsp;spi_send
<LI><a href="#[a1]">&gt;&gt;</a>&nbsp;&nbsp;&nbsp;SPI_CS_HIGH
<LI><a href="#[71]">&gt;&gt;</a>&nbsp;&nbsp;&nbsp;lcd_printf
</UL>
<BR>[Called By]<UL><LI><a href="#[b3]">&gt;&gt;</a>&nbsp;&nbsp;&nbsp;get_all_status_reg
<LI><a href="#[af]">&gt;&gt;</a>&nbsp;&nbsp;&nbsp;w25qxx_write_disable
<LI><a href="#[ad]">&gt;&gt;</a>&nbsp;&nbsp;&nbsp;w25qxx_write_enable
</UL>

<P><STRONG><a name="[ac]"></a>w25qxx_write_status_reg1</STRONG> (Thumb, 30 bytes, Stack size 4 bytes, w25q256.o(.text))
<BR><BR>[Stack]<UL><LI>Max Depth = 12<LI>Call Chain = w25qxx_write_status_reg1 &rArr; w25qxx_SR_write_enable &rArr; w25xx_send_1cmd
</UL>
<BR>[Calls]<UL><LI><a href="#[a9]">&gt;&gt;</a>&nbsp;&nbsp;&nbsp;w25qxx_SR_write_enable
<LI><a href="#[a4]">&gt;&gt;</a>&nbsp;&nbsp;&nbsp;SPI_CS_LOW
<LI><a href="#[a5]">&gt;&gt;</a>&nbsp;&nbsp;&nbsp;spi_send
<LI><a href="#[a1]">&gt;&gt;</a>&nbsp;&nbsp;&nbsp;SPI_CS_HIGH
</UL>
<BR>[Called By]<UL><LI><a href="#[af]">&gt;&gt;</a>&nbsp;&nbsp;&nbsp;w25qxx_write_disable
<LI><a href="#[ad]">&gt;&gt;</a>&nbsp;&nbsp;&nbsp;w25qxx_write_enable
<LI><a href="#[d2]">&gt;&gt;</a>&nbsp;&nbsp;&nbsp;test_write_statusreg
</UL>

<P><STRONG><a name="[ad]"></a>w25qxx_write_enable</STRONG> (Thumb, 46 bytes, Stack size 8 bytes, w25q256.o(.text))
<BR><BR>[Stack]<UL><LI>Max Depth = 192 + Unknown Stack Size
<LI>Call Chain = w25qxx_write_enable &rArr; w25qxx_read_status_reg2 &rArr; show_decTobin &rArr; lcd_printf &rArr; __c89vsprintf &rArr; _printf_char_common &rArr; __printf
</UL>
<BR>[Calls]<UL><LI><a href="#[ac]">&gt;&gt;</a>&nbsp;&nbsp;&nbsp;w25qxx_write_status_reg1
<LI><a href="#[ab]">&gt;&gt;</a>&nbsp;&nbsp;&nbsp;w25qxx_read_status_reg2
<LI><a href="#[aa]">&gt;&gt;</a>&nbsp;&nbsp;&nbsp;w25qxx_write_status_reg2
<LI><a href="#[a8]">&gt;&gt;</a>&nbsp;&nbsp;&nbsp;w25xx_send_1cmd
<LI><a href="#[a3]">&gt;&gt;</a>&nbsp;&nbsp;&nbsp;w25qxx_read_status_reg1
<LI><a href="#[ae]">&gt;&gt;</a>&nbsp;&nbsp;&nbsp;SPI_WR_HIGH
</UL>
<BR>[Called By]<UL><LI><a href="#[c0]">&gt;&gt;</a>&nbsp;&nbsp;&nbsp;w25qxx_chip_erase
<LI><a href="#[b8]">&gt;&gt;</a>&nbsp;&nbsp;&nbsp;w25qxx_section_erase_4
<LI><a href="#[b6]">&gt;&gt;</a>&nbsp;&nbsp;&nbsp;w25qxx_write_1byte_4
<LI><a href="#[96]">&gt;&gt;</a>&nbsp;&nbsp;&nbsp;w25qxx_sector_write_4
<LI><a href="#[97]">&gt;&gt;</a>&nbsp;&nbsp;&nbsp;w25qxx_sector_write_3
<LI><a href="#[9c]">&gt;&gt;</a>&nbsp;&nbsp;&nbsp;w25qxx_sector_erase_4
<LI><a href="#[9d]">&gt;&gt;</a>&nbsp;&nbsp;&nbsp;w25qxx_sector_erase_3
</UL>

<P><STRONG><a name="[af]"></a>w25qxx_write_disable</STRONG> (Thumb, 46 bytes, Stack size 8 bytes, w25q256.o(.text))
<BR><BR>[Stack]<UL><LI>Max Depth = 192 + Unknown Stack Size
<LI>Call Chain = w25qxx_write_disable &rArr; w25qxx_read_status_reg2 &rArr; show_decTobin &rArr; lcd_printf &rArr; __c89vsprintf &rArr; _printf_char_common &rArr; __printf
</UL>
<BR>[Calls]<UL><LI><a href="#[ac]">&gt;&gt;</a>&nbsp;&nbsp;&nbsp;w25qxx_write_status_reg1
<LI><a href="#[ab]">&gt;&gt;</a>&nbsp;&nbsp;&nbsp;w25qxx_read_status_reg2
<LI><a href="#[aa]">&gt;&gt;</a>&nbsp;&nbsp;&nbsp;w25qxx_write_status_reg2
<LI><a href="#[a8]">&gt;&gt;</a>&nbsp;&nbsp;&nbsp;w25xx_send_1cmd
<LI><a href="#[a3]">&gt;&gt;</a>&nbsp;&nbsp;&nbsp;w25qxx_read_status_reg1
<LI><a href="#[9f]">&gt;&gt;</a>&nbsp;&nbsp;&nbsp;SPI_WR_LOW
</UL>
<BR>[Called By]<UL><LI><a href="#[b8]">&gt;&gt;</a>&nbsp;&nbsp;&nbsp;w25qxx_section_erase_4
<LI><a href="#[9c]">&gt;&gt;</a>&nbsp;&nbsp;&nbsp;w25qxx_sector_erase_4
</UL>

<P><STRONG><a name="[b2]"></a>w25qxx_read_status_reg3</STRONG> (Thumb, 50 bytes, Stack size 16 bytes, w25q256.o(.text), UNUSED)
<BR><BR>[Calls]<UL><LI><a href="#[a4]">&gt;&gt;</a>&nbsp;&nbsp;&nbsp;SPI_CS_LOW
<LI><a href="#[a2]">&gt;&gt;</a>&nbsp;&nbsp;&nbsp;show_decTobin
<LI><a href="#[a6]">&gt;&gt;</a>&nbsp;&nbsp;&nbsp;spi_recv
<LI><a href="#[a5]">&gt;&gt;</a>&nbsp;&nbsp;&nbsp;spi_send
<LI><a href="#[a1]">&gt;&gt;</a>&nbsp;&nbsp;&nbsp;SPI_CS_HIGH
<LI><a href="#[71]">&gt;&gt;</a>&nbsp;&nbsp;&nbsp;lcd_printf
</UL>
<BR>[Called By]<UL><LI><a href="#[b3]">&gt;&gt;</a>&nbsp;&nbsp;&nbsp;get_all_status_reg
</UL>

<P><STRONG><a name="[b3]"></a>get_all_status_reg</STRONG> (Thumb, 22 bytes, Stack size 8 bytes, w25q256.o(.text), UNUSED)
<BR><BR>[Calls]<UL><LI><a href="#[b2]">&gt;&gt;</a>&nbsp;&nbsp;&nbsp;w25qxx_read_status_reg3
<LI><a href="#[ab]">&gt;&gt;</a>&nbsp;&nbsp;&nbsp;w25qxx_read_status_reg2
<LI><a href="#[a3]">&gt;&gt;</a>&nbsp;&nbsp;&nbsp;w25qxx_read_status_reg1
</UL>

<P><STRONG><a name="[91]"></a>w25qxx_read_id_3</STRONG> (Thumb, 42 bytes, Stack size 4 bytes, w25q256.o(.text), UNUSED)
<BR><BR>[Calls]<UL><LI><a href="#[a4]">&gt;&gt;</a>&nbsp;&nbsp;&nbsp;SPI_CS_LOW
<LI><a href="#[a6]">&gt;&gt;</a>&nbsp;&nbsp;&nbsp;spi_recv
<LI><a href="#[a5]">&gt;&gt;</a>&nbsp;&nbsp;&nbsp;spi_send
<LI><a href="#[a1]">&gt;&gt;</a>&nbsp;&nbsp;&nbsp;SPI_CS_HIGH
</UL>
<BR>[Called By]<UL><LI><a href="#[8e]">&gt;&gt;</a>&nbsp;&nbsp;&nbsp;w25qxx_read_id
</UL>

<P><STRONG><a name="[94]"></a>w25qxx_read_unique_id_3</STRONG> (Thumb, 50 bytes, Stack size 4 bytes, w25q256.o(.text), UNUSED)
<BR><BR>[Calls]<UL><LI><a href="#[a4]">&gt;&gt;</a>&nbsp;&nbsp;&nbsp;SPI_CS_LOW
<LI><a href="#[a6]">&gt;&gt;</a>&nbsp;&nbsp;&nbsp;spi_recv
<LI><a href="#[a5]">&gt;&gt;</a>&nbsp;&nbsp;&nbsp;spi_send
<LI><a href="#[a1]">&gt;&gt;</a>&nbsp;&nbsp;&nbsp;SPI_CS_HIGH
</UL>
<BR>[Called By]<UL><LI><a href="#[92]">&gt;&gt;</a>&nbsp;&nbsp;&nbsp;w25qxx_read_unique_id
</UL>

<P><STRONG><a name="[b4]"></a>judge_erase_addr</STRONG> (Thumb, 232 bytes, Stack size 0 bytes, w25q256.o(.text), UNUSED)
<BR><BR>[Called By]<UL><LI><a href="#[9c]">&gt;&gt;</a>&nbsp;&nbsp;&nbsp;w25qxx_sector_erase_4
<LI><a href="#[9d]">&gt;&gt;</a>&nbsp;&nbsp;&nbsp;w25qxx_sector_erase_3
</UL>

<P><STRONG><a name="[97]"></a>w25qxx_sector_write_3</STRONG> (Thumb, 140 bytes, Stack size 40 bytes, w25q256.o(.text), UNUSED)
<BR><BR>[Calls]<UL><LI><a href="#[ad]">&gt;&gt;</a>&nbsp;&nbsp;&nbsp;w25qxx_write_enable
<LI><a href="#[a7]">&gt;&gt;</a>&nbsp;&nbsp;&nbsp;w25qxx_wait_busy
<LI><a href="#[a4]">&gt;&gt;</a>&nbsp;&nbsp;&nbsp;SPI_CS_LOW
<LI><a href="#[a5]">&gt;&gt;</a>&nbsp;&nbsp;&nbsp;spi_send
<LI><a href="#[a1]">&gt;&gt;</a>&nbsp;&nbsp;&nbsp;SPI_CS_HIGH
</UL>
<BR>[Called By]<UL><LI><a href="#[95]">&gt;&gt;</a>&nbsp;&nbsp;&nbsp;w25qxx_sector_write
</UL>

<P><STRONG><a name="[9a]"></a>w25qxx_sector_read_3</STRONG> (Thumb, 136 bytes, Stack size 40 bytes, w25q256.o(.text), UNUSED)
<BR><BR>[Calls]<UL><LI><a href="#[a7]">&gt;&gt;</a>&nbsp;&nbsp;&nbsp;w25qxx_wait_busy
<LI><a href="#[a4]">&gt;&gt;</a>&nbsp;&nbsp;&nbsp;SPI_CS_LOW
<LI><a href="#[a6]">&gt;&gt;</a>&nbsp;&nbsp;&nbsp;spi_recv
<LI><a href="#[a5]">&gt;&gt;</a>&nbsp;&nbsp;&nbsp;spi_send
<LI><a href="#[a1]">&gt;&gt;</a>&nbsp;&nbsp;&nbsp;SPI_CS_HIGH
</UL>
<BR>[Called By]<UL><LI><a href="#[98]">&gt;&gt;</a>&nbsp;&nbsp;&nbsp;w25qxx_sector_read
</UL>

<P><STRONG><a name="[9d]"></a>w25qxx_sector_erase_3</STRONG> (Thumb, 100 bytes, Stack size 16 bytes, w25q256.o(.text), UNUSED)
<BR><BR>[Calls]<UL><LI><a href="#[b4]">&gt;&gt;</a>&nbsp;&nbsp;&nbsp;judge_erase_addr
<LI><a href="#[ad]">&gt;&gt;</a>&nbsp;&nbsp;&nbsp;w25qxx_write_enable
<LI><a href="#[a7]">&gt;&gt;</a>&nbsp;&nbsp;&nbsp;w25qxx_wait_busy
<LI><a href="#[a4]">&gt;&gt;</a>&nbsp;&nbsp;&nbsp;SPI_CS_LOW
<LI><a href="#[a5]">&gt;&gt;</a>&nbsp;&nbsp;&nbsp;spi_send
<LI><a href="#[a1]">&gt;&gt;</a>&nbsp;&nbsp;&nbsp;SPI_CS_HIGH
<LI><a href="#[71]">&gt;&gt;</a>&nbsp;&nbsp;&nbsp;lcd_printf
</UL>
<BR>[Called By]<UL><LI><a href="#[9b]">&gt;&gt;</a>&nbsp;&nbsp;&nbsp;w25qxx_sector_erase
</UL>

<P><STRONG><a name="[90]"></a>w25qxx_read_id_4</STRONG> (Thumb, 50 bytes, Stack size 8 bytes, w25q256.o(.text), UNUSED)
<BR><BR>[Calls]<UL><LI><a href="#[a4]">&gt;&gt;</a>&nbsp;&nbsp;&nbsp;SPI_CS_LOW
<LI><a href="#[a6]">&gt;&gt;</a>&nbsp;&nbsp;&nbsp;spi_recv
<LI><a href="#[a5]">&gt;&gt;</a>&nbsp;&nbsp;&nbsp;spi_send
<LI><a href="#[a1]">&gt;&gt;</a>&nbsp;&nbsp;&nbsp;SPI_CS_HIGH
<LI><a href="#[b1]">&gt;&gt;</a>&nbsp;&nbsp;&nbsp;w25xx_out_4byte
<LI><a href="#[b0]">&gt;&gt;</a>&nbsp;&nbsp;&nbsp;w25xx_in_4byte
</UL>
<BR>[Called By]<UL><LI><a href="#[8e]">&gt;&gt;</a>&nbsp;&nbsp;&nbsp;w25qxx_read_id
</UL>

<P><STRONG><a name="[93]"></a>w25qxx_read_unique_id_4</STRONG> (Thumb, 80 bytes, Stack size 8 bytes, w25q256.o(.text), UNUSED)
<BR><BR>[Calls]<UL><LI><a href="#[a4]">&gt;&gt;</a>&nbsp;&nbsp;&nbsp;SPI_CS_LOW
<LI><a href="#[a6]">&gt;&gt;</a>&nbsp;&nbsp;&nbsp;spi_recv
<LI><a href="#[a5]">&gt;&gt;</a>&nbsp;&nbsp;&nbsp;spi_send
<LI><a href="#[a1]">&gt;&gt;</a>&nbsp;&nbsp;&nbsp;SPI_CS_HIGH
<LI><a href="#[b1]">&gt;&gt;</a>&nbsp;&nbsp;&nbsp;w25xx_out_4byte
<LI><a href="#[b0]">&gt;&gt;</a>&nbsp;&nbsp;&nbsp;w25xx_in_4byte
</UL>
<BR>[Called By]<UL><LI><a href="#[92]">&gt;&gt;</a>&nbsp;&nbsp;&nbsp;w25qxx_read_unique_id
</UL>

<P><STRONG><a name="[96]"></a>w25qxx_sector_write_4</STRONG> (Thumb, 166 bytes, Stack size 48 bytes, w25q256.o(.text), UNUSED)
<BR><BR>[Calls]<UL><LI><a href="#[ad]">&gt;&gt;</a>&nbsp;&nbsp;&nbsp;w25qxx_write_enable
<LI><a href="#[a7]">&gt;&gt;</a>&nbsp;&nbsp;&nbsp;w25qxx_wait_busy
<LI><a href="#[a4]">&gt;&gt;</a>&nbsp;&nbsp;&nbsp;SPI_CS_LOW
<LI><a href="#[a5]">&gt;&gt;</a>&nbsp;&nbsp;&nbsp;spi_send
<LI><a href="#[a1]">&gt;&gt;</a>&nbsp;&nbsp;&nbsp;SPI_CS_HIGH
<LI><a href="#[b1]">&gt;&gt;</a>&nbsp;&nbsp;&nbsp;w25xx_out_4byte
<LI><a href="#[b0]">&gt;&gt;</a>&nbsp;&nbsp;&nbsp;w25xx_in_4byte
<LI><a href="#[b5]">&gt;&gt;</a>&nbsp;&nbsp;&nbsp;delay10cyc
</UL>
<BR>[Called By]<UL><LI><a href="#[95]">&gt;&gt;</a>&nbsp;&nbsp;&nbsp;w25qxx_sector_write
</UL>

<P><STRONG><a name="[b6]"></a>w25qxx_write_1byte_4</STRONG> (Thumb, 108 bytes, Stack size 24 bytes, w25q256.o(.text))
<BR><BR>[Stack]<UL><LI>Max Depth = 216 + Unknown Stack Size
<LI>Call Chain = w25qxx_write_1byte_4 &rArr; w25qxx_write_enable &rArr; w25qxx_read_status_reg2 &rArr; show_decTobin &rArr; lcd_printf &rArr; __c89vsprintf &rArr; _printf_char_common &rArr; __printf
</UL>
<BR>[Calls]<UL><LI><a href="#[ad]">&gt;&gt;</a>&nbsp;&nbsp;&nbsp;w25qxx_write_enable
<LI><a href="#[a7]">&gt;&gt;</a>&nbsp;&nbsp;&nbsp;w25qxx_wait_busy
<LI><a href="#[a4]">&gt;&gt;</a>&nbsp;&nbsp;&nbsp;SPI_CS_LOW
<LI><a href="#[a5]">&gt;&gt;</a>&nbsp;&nbsp;&nbsp;spi_send
<LI><a href="#[a1]">&gt;&gt;</a>&nbsp;&nbsp;&nbsp;SPI_CS_HIGH
<LI><a href="#[b1]">&gt;&gt;</a>&nbsp;&nbsp;&nbsp;w25xx_out_4byte
<LI><a href="#[b0]">&gt;&gt;</a>&nbsp;&nbsp;&nbsp;w25xx_in_4byte
</UL>
<BR>[Called By]<UL><LI><a href="#[d1]">&gt;&gt;</a>&nbsp;&nbsp;&nbsp;flash_write_test
</UL>

<P><STRONG><a name="[99]"></a>w25qxx_sector_read_4</STRONG> (Thumb, 162 bytes, Stack size 48 bytes, w25q256.o(.text), UNUSED)
<BR><BR>[Calls]<UL><LI><a href="#[a7]">&gt;&gt;</a>&nbsp;&nbsp;&nbsp;w25qxx_wait_busy
<LI><a href="#[a4]">&gt;&gt;</a>&nbsp;&nbsp;&nbsp;SPI_CS_LOW
<LI><a href="#[a6]">&gt;&gt;</a>&nbsp;&nbsp;&nbsp;spi_recv
<LI><a href="#[a5]">&gt;&gt;</a>&nbsp;&nbsp;&nbsp;spi_send
<LI><a href="#[a1]">&gt;&gt;</a>&nbsp;&nbsp;&nbsp;SPI_CS_HIGH
<LI><a href="#[b1]">&gt;&gt;</a>&nbsp;&nbsp;&nbsp;w25xx_out_4byte
<LI><a href="#[b0]">&gt;&gt;</a>&nbsp;&nbsp;&nbsp;w25xx_in_4byte
<LI><a href="#[b5]">&gt;&gt;</a>&nbsp;&nbsp;&nbsp;delay10cyc
</UL>
<BR>[Called By]<UL><LI><a href="#[98]">&gt;&gt;</a>&nbsp;&nbsp;&nbsp;w25qxx_sector_read
</UL>

<P><STRONG><a name="[b7]"></a>w25qxx_read_1byte_4</STRONG> (Thumb, 104 bytes, Stack size 24 bytes, w25q256.o(.text))
<BR><BR>[Stack]<UL><LI>Max Depth = 216 + Unknown Stack Size
<LI>Call Chain = w25qxx_read_1byte_4 &rArr; w25qxx_wait_busy &rArr; w25qxx_read_status_reg1 &rArr; show_decTobin &rArr; lcd_printf &rArr; __c89vsprintf &rArr; _printf_char_common &rArr; __printf
</UL>
<BR>[Calls]<UL><LI><a href="#[a7]">&gt;&gt;</a>&nbsp;&nbsp;&nbsp;w25qxx_wait_busy
<LI><a href="#[a4]">&gt;&gt;</a>&nbsp;&nbsp;&nbsp;SPI_CS_LOW
<LI><a href="#[a6]">&gt;&gt;</a>&nbsp;&nbsp;&nbsp;spi_recv
<LI><a href="#[a5]">&gt;&gt;</a>&nbsp;&nbsp;&nbsp;spi_send
<LI><a href="#[a1]">&gt;&gt;</a>&nbsp;&nbsp;&nbsp;SPI_CS_HIGH
<LI><a href="#[b1]">&gt;&gt;</a>&nbsp;&nbsp;&nbsp;w25xx_out_4byte
<LI><a href="#[b0]">&gt;&gt;</a>&nbsp;&nbsp;&nbsp;w25xx_in_4byte
</UL>
<BR>[Called By]<UL><LI><a href="#[d1]">&gt;&gt;</a>&nbsp;&nbsp;&nbsp;flash_write_test
</UL>

<P><STRONG><a name="[9c]"></a>w25qxx_sector_erase_4</STRONG> (Thumb, 136 bytes, Stack size 24 bytes, w25q256.o(.text), UNUSED)
<BR><BR>[Calls]<UL><LI><a href="#[b4]">&gt;&gt;</a>&nbsp;&nbsp;&nbsp;judge_erase_addr
<LI><a href="#[af]">&gt;&gt;</a>&nbsp;&nbsp;&nbsp;w25qxx_write_disable
<LI><a href="#[ad]">&gt;&gt;</a>&nbsp;&nbsp;&nbsp;w25qxx_write_enable
<LI><a href="#[a7]">&gt;&gt;</a>&nbsp;&nbsp;&nbsp;w25qxx_wait_busy
<LI><a href="#[a4]">&gt;&gt;</a>&nbsp;&nbsp;&nbsp;SPI_CS_LOW
<LI><a href="#[a5]">&gt;&gt;</a>&nbsp;&nbsp;&nbsp;spi_send
<LI><a href="#[a1]">&gt;&gt;</a>&nbsp;&nbsp;&nbsp;SPI_CS_HIGH
<LI><a href="#[b1]">&gt;&gt;</a>&nbsp;&nbsp;&nbsp;w25xx_out_4byte
<LI><a href="#[b0]">&gt;&gt;</a>&nbsp;&nbsp;&nbsp;w25xx_in_4byte
<LI><a href="#[ae]">&gt;&gt;</a>&nbsp;&nbsp;&nbsp;SPI_WR_HIGH
<LI><a href="#[9f]">&gt;&gt;</a>&nbsp;&nbsp;&nbsp;SPI_WR_LOW
<LI><a href="#[71]">&gt;&gt;</a>&nbsp;&nbsp;&nbsp;lcd_printf
</UL>
<BR>[Called By]<UL><LI><a href="#[9b]">&gt;&gt;</a>&nbsp;&nbsp;&nbsp;w25qxx_sector_erase
</UL>

<P><STRONG><a name="[b8]"></a>w25qxx_section_erase_4</STRONG> (Thumb, 138 bytes, Stack size 16 bytes, w25q256.o(.text))
<BR><BR>[Stack]<UL><LI>Max Depth = 208 + Unknown Stack Size
<LI>Call Chain = w25qxx_section_erase_4 &rArr; w25qxx_write_disable &rArr; w25qxx_read_status_reg2 &rArr; show_decTobin &rArr; lcd_printf &rArr; __c89vsprintf &rArr; _printf_char_common &rArr; __printf
</UL>
<BR>[Calls]<UL><LI><a href="#[af]">&gt;&gt;</a>&nbsp;&nbsp;&nbsp;w25qxx_write_disable
<LI><a href="#[ad]">&gt;&gt;</a>&nbsp;&nbsp;&nbsp;w25qxx_write_enable
<LI><a href="#[a7]">&gt;&gt;</a>&nbsp;&nbsp;&nbsp;w25qxx_wait_busy
<LI><a href="#[a4]">&gt;&gt;</a>&nbsp;&nbsp;&nbsp;SPI_CS_LOW
<LI><a href="#[a5]">&gt;&gt;</a>&nbsp;&nbsp;&nbsp;spi_send
<LI><a href="#[a1]">&gt;&gt;</a>&nbsp;&nbsp;&nbsp;SPI_CS_HIGH
<LI><a href="#[b1]">&gt;&gt;</a>&nbsp;&nbsp;&nbsp;w25xx_out_4byte
<LI><a href="#[b0]">&gt;&gt;</a>&nbsp;&nbsp;&nbsp;w25xx_in_4byte
<LI><a href="#[ae]">&gt;&gt;</a>&nbsp;&nbsp;&nbsp;SPI_WR_HIGH
<LI><a href="#[9f]">&gt;&gt;</a>&nbsp;&nbsp;&nbsp;SPI_WR_LOW
</UL>
<BR>[Called By]<UL><LI><a href="#[d1]">&gt;&gt;</a>&nbsp;&nbsp;&nbsp;flash_write_test
</UL>

<P><STRONG><a name="[b9]"></a>w25qxx_write_status_reg3</STRONG> (Thumb, 30 bytes, Stack size 4 bytes, w25q256.o(.text), UNUSED)
<BR><BR>[Calls]<UL><LI><a href="#[a9]">&gt;&gt;</a>&nbsp;&nbsp;&nbsp;w25qxx_SR_write_enable
<LI><a href="#[a4]">&gt;&gt;</a>&nbsp;&nbsp;&nbsp;SPI_CS_LOW
<LI><a href="#[a5]">&gt;&gt;</a>&nbsp;&nbsp;&nbsp;spi_send
<LI><a href="#[a1]">&gt;&gt;</a>&nbsp;&nbsp;&nbsp;SPI_CS_HIGH
</UL>
<BR>[Called By]<UL><LI><a href="#[bd]">&gt;&gt;</a>&nbsp;&nbsp;&nbsp;clr_SR_WPS
<LI><a href="#[bc]">&gt;&gt;</a>&nbsp;&nbsp;&nbsp;set_SR_WPS
</UL>

<P><STRONG><a name="[ba]"></a>set_SR_CMP</STRONG> (Thumb, 10 bytes, Stack size 4 bytes, w25q256.o(.text), UNUSED)
<BR><BR>[Calls]<UL><LI><a href="#[aa]">&gt;&gt;</a>&nbsp;&nbsp;&nbsp;w25qxx_write_status_reg2
</UL>

<P><STRONG><a name="[bb]"></a>clr_SR_CMP</STRONG> (Thumb, 10 bytes, Stack size 4 bytes, w25q256.o(.text), UNUSED)
<BR><BR>[Calls]<UL><LI><a href="#[aa]">&gt;&gt;</a>&nbsp;&nbsp;&nbsp;w25qxx_write_status_reg2
</UL>

<P><STRONG><a name="[bc]"></a>set_SR_WPS</STRONG> (Thumb, 10 bytes, Stack size 4 bytes, w25q256.o(.text), UNUSED)
<BR><BR>[Calls]<UL><LI><a href="#[b9]">&gt;&gt;</a>&nbsp;&nbsp;&nbsp;w25qxx_write_status_reg3
</UL>

<P><STRONG><a name="[bd]"></a>clr_SR_WPS</STRONG> (Thumb, 10 bytes, Stack size 4 bytes, w25q256.o(.text), UNUSED)
<BR><BR>[Calls]<UL><LI><a href="#[b9]">&gt;&gt;</a>&nbsp;&nbsp;&nbsp;w25qxx_write_status_reg3
</UL>

<P><STRONG><a name="[be]"></a>ExitNoInt</STRONG> (Thumb, 8 bytes, Stack size 8 bytes, w25q256.o(.text), UNUSED)
<BR><BR>[Calls]<UL><LI><a href="#[79]">&gt;&gt;</a>&nbsp;&nbsp;&nbsp;irq_enable_all
</UL>
<BR>[Called By]<UL><LI><a href="#[c0]">&gt;&gt;</a>&nbsp;&nbsp;&nbsp;w25qxx_chip_erase
</UL>

<P><STRONG><a name="[bf]"></a>EnterNoInt</STRONG> (Thumb, 8 bytes, Stack size 8 bytes, w25q256.o(.text), UNUSED)
<BR><BR>[Calls]<UL><LI><a href="#[77]">&gt;&gt;</a>&nbsp;&nbsp;&nbsp;irq_disable_all
</UL>
<BR>[Called By]<UL><LI><a href="#[c0]">&gt;&gt;</a>&nbsp;&nbsp;&nbsp;w25qxx_chip_erase
</UL>

<P><STRONG><a name="[c0]"></a>w25qxx_chip_erase</STRONG> (Thumb, 84 bytes, Stack size 8 bytes, w25q256.o(.text), UNUSED)
<BR><BR>[Calls]<UL><LI><a href="#[bf]">&gt;&gt;</a>&nbsp;&nbsp;&nbsp;EnterNoInt
<LI><a href="#[be]">&gt;&gt;</a>&nbsp;&nbsp;&nbsp;ExitNoInt
<LI><a href="#[ad]">&gt;&gt;</a>&nbsp;&nbsp;&nbsp;w25qxx_write_enable
<LI><a href="#[a7]">&gt;&gt;</a>&nbsp;&nbsp;&nbsp;w25qxx_wait_busy
<LI><a href="#[a4]">&gt;&gt;</a>&nbsp;&nbsp;&nbsp;SPI_CS_LOW
<LI><a href="#[a5]">&gt;&gt;</a>&nbsp;&nbsp;&nbsp;spi_send
<LI><a href="#[a1]">&gt;&gt;</a>&nbsp;&nbsp;&nbsp;SPI_CS_HIGH
<LI><a href="#[ae]">&gt;&gt;</a>&nbsp;&nbsp;&nbsp;SPI_WR_HIGH
<LI><a href="#[9f]">&gt;&gt;</a>&nbsp;&nbsp;&nbsp;SPI_WR_LOW
<LI><a href="#[71]">&gt;&gt;</a>&nbsp;&nbsp;&nbsp;lcd_printf
</UL>

<P><STRONG><a name="[c1]"></a>w25qxx_get_sector_num</STRONG> (Thumb, 182 bytes, Stack size 16 bytes, w25q256.o(.text), UNUSED)
<BR><BR>[Calls]<UL><LI><a href="#[8e]">&gt;&gt;</a>&nbsp;&nbsp;&nbsp;w25qxx_read_id
<LI><a href="#[71]">&gt;&gt;</a>&nbsp;&nbsp;&nbsp;lcd_printf
</UL>
<BR>[Called By]<UL><LI><a href="#[cf]">&gt;&gt;</a>&nbsp;&nbsp;&nbsp;get_uniqueID_w25q256
</UL>

<P><STRONG><a name="[c2]"></a>wx_read_jedec</STRONG> (Thumb, 60 bytes, Stack size 16 bytes, w25q256.o(.text), UNUSED)
<BR><BR>[Calls]<UL><LI><a href="#[a4]">&gt;&gt;</a>&nbsp;&nbsp;&nbsp;SPI_CS_LOW
<LI><a href="#[a6]">&gt;&gt;</a>&nbsp;&nbsp;&nbsp;spi_recv
<LI><a href="#[a5]">&gt;&gt;</a>&nbsp;&nbsp;&nbsp;spi_send
<LI><a href="#[a1]">&gt;&gt;</a>&nbsp;&nbsp;&nbsp;SPI_CS_HIGH
<LI><a href="#[71]">&gt;&gt;</a>&nbsp;&nbsp;&nbsp;lcd_printf
</UL>

<P><STRONG><a name="[123]"></a>Get_CTime0Def</STRONG> (Thumb, 6 bytes, Stack size 0 bytes, ctimedef.o(.text), UNUSED)

<P><STRONG><a name="[124]"></a>Set_CTime0Def</STRONG> (Thumb, 16 bytes, Stack size 0 bytes, ctimedef.o(.text), UNUSED)

<P><STRONG><a name="[125]"></a>Sel_CTime0Def</STRONG> (Thumb, 14 bytes, Stack size 0 bytes, ctimedef.o(.text), UNUSED)

<P><STRONG><a name="[126]"></a>Get_Timer_100us</STRONG> (Thumb, 14 bytes, Stack size 0 bytes, ctimedef.o(.text), UNUSED)

<P><STRONG><a name="[127]"></a>Get_Timer_200us</STRONG> (Thumb, 16 bytes, Stack size 0 bytes, ctimedef.o(.text), UNUSED)

<P><STRONG><a name="[128]"></a>Get_Timer_600us</STRONG> (Thumb, 20 bytes, Stack size 0 bytes, ctimedef.o(.text), UNUSED)

<P><STRONG><a name="[129]"></a>Get_Timer_2ms</STRONG> (Thumb, 20 bytes, Stack size 0 bytes, ctimedef.o(.text), UNUSED)

<P><STRONG><a name="[12a]"></a>Get_Timer_5ms</STRONG> (Thumb, 18 bytes, Stack size 0 bytes, ctimedef.o(.text), UNUSED)

<P><STRONG><a name="[12b]"></a>Get_Timer_8ms</STRONG> (Thumb, 20 bytes, Stack size 0 bytes, ctimedef.o(.text), UNUSED)

<P><STRONG><a name="[12c]"></a>Get_Timer_10ms</STRONG> (Thumb, 18 bytes, Stack size 0 bytes, ctimedef.o(.text), UNUSED)

<P><STRONG><a name="[12d]"></a>Get_Timer_20ms</STRONG> (Thumb, 18 bytes, Stack size 0 bytes, ctimedef.o(.text), UNUSED)

<P><STRONG><a name="[cd]"></a>Get_Timer_1s</STRONG> (Thumb, 18 bytes, Stack size 0 bytes, ctimedef.o(.text))
<BR><BR>[Called By]<UL><LI><a href="#[72]">&gt;&gt;</a>&nbsp;&nbsp;&nbsp;hardware_init
</UL>

<P><STRONG><a name="[12e]"></a>AddTwoFallEdgeCounter</STRONG> (Thumb, 12 bytes, Stack size 0 bytes, ctimedef.o(.text), UNUSED)

<P><STRONG><a name="[12f]"></a>ClrTwoFallEdgeCounter</STRONG> (Thumb, 8 bytes, Stack size 0 bytes, ctimedef.o(.text), UNUSED)

<P><STRONG><a name="[130]"></a>GetTwoFallEdgeCounter</STRONG> (Thumb, 6 bytes, Stack size 0 bytes, ctimedef.o(.text), UNUSED)

<P><STRONG><a name="[131]"></a>AddRisedgeCounter</STRONG> (Thumb, 12 bytes, Stack size 0 bytes, ctimedef.o(.text), UNUSED)

<P><STRONG><a name="[132]"></a>ClrRisedgeCounter</STRONG> (Thumb, 8 bytes, Stack size 0 bytes, ctimedef.o(.text), UNUSED)

<P><STRONG><a name="[133]"></a>GetRisedgeCounter</STRONG> (Thumb, 6 bytes, Stack size 0 bytes, ctimedef.o(.text), UNUSED)

<P><STRONG><a name="[134]"></a>AddWait2msCounter</STRONG> (Thumb, 12 bytes, Stack size 0 bytes, ctimedef.o(.text), UNUSED)

<P><STRONG><a name="[135]"></a>ClrWait2msCounter</STRONG> (Thumb, 8 bytes, Stack size 0 bytes, ctimedef.o(.text), UNUSED)

<P><STRONG><a name="[136]"></a>GetWait2msCounter</STRONG> (Thumb, 6 bytes, Stack size 0 bytes, ctimedef.o(.text), UNUSED)

<P><STRONG><a name="[137]"></a>Is2msArrived</STRONG> (Thumb, 16 bytes, Stack size 0 bytes, ctimedef.o(.text), UNUSED)

<P><STRONG><a name="[138]"></a>Enable2ms</STRONG> (Thumb, 8 bytes, Stack size 0 bytes, ctimedef.o(.text), UNUSED)

<P><STRONG><a name="[139]"></a>Disable2ms</STRONG> (Thumb, 8 bytes, Stack size 0 bytes, ctimedef.o(.text), UNUSED)

<P><STRONG><a name="[13a]"></a>Get2msState</STRONG> (Thumb, 6 bytes, Stack size 0 bytes, ctimedef.o(.text), UNUSED)

<P><STRONG><a name="[13b]"></a>Set2msArrived</STRONG> (Thumb, 16 bytes, Stack size 0 bytes, ctimedef.o(.text), UNUSED)

<P><STRONG><a name="[13c]"></a>Get2msArrived</STRONG> (Thumb, 10 bytes, Stack size 0 bytes, ctimedef.o(.text), UNUSED)

<P><STRONG><a name="[13d]"></a>Clr2msArrived</STRONG> (Thumb, 14 bytes, Stack size 0 bytes, ctimedef.o(.text), UNUSED)

<P><STRONG><a name="[c3]"></a>timer_all_init</STRONG> (Thumb, 310 bytes, Stack size 16 bytes, timer_all.o(.text))
<BR><BR>[Stack]<UL><LI>Max Depth = 24<LI>Call Chain = timer_all_init &rArr; NVIC_SetPriority
</UL>
<BR>[Calls]<UL><LI><a href="#[c4]">&gt;&gt;</a>&nbsp;&nbsp;&nbsp;NVIC_EnableIRQ
<LI><a href="#[c5]">&gt;&gt;</a>&nbsp;&nbsp;&nbsp;NVIC_SetPriority
</UL>
<BR>[Called By]<UL><LI><a href="#[72]">&gt;&gt;</a>&nbsp;&nbsp;&nbsp;hardware_init
</UL>

<P><STRONG><a name="[7a]"></a>enable_timer</STRONG> (Thumb, 48 bytes, Stack size 0 bytes, timer_all.o(.text), UNUSED)
<BR><BR>[Called By]<UL><LI><a href="#[79]">&gt;&gt;</a>&nbsp;&nbsp;&nbsp;irq_enable_all
</UL>

<P><STRONG><a name="[78]"></a>disable_timer</STRONG> (Thumb, 48 bytes, Stack size 0 bytes, timer_all.o(.text), UNUSED)
<BR><BR>[Called By]<UL><LI><a href="#[77]">&gt;&gt;</a>&nbsp;&nbsp;&nbsp;irq_disable_all
</UL>

<P><STRONG><a name="[13e]"></a>reset_timer</STRONG> (Thumb, 66 bytes, Stack size 0 bytes, timer_all.o(.text), UNUSED)

<P><STRONG><a name="[13f]"></a>delayMs</STRONG> (Thumb, 128 bytes, Stack size 0 bytes, timer_all.o(.text), UNUSED)

<P><STRONG><a name="[6f]"></a>_sys_exit</STRONG> (Thumb, 4 bytes, Stack size 0 bytes, rt_sys_c.o(.text))
<BR><BR>[Called By]<UL><LI><a href="#[6e]">&gt;&gt;</a>&nbsp;&nbsp;&nbsp;__rt_exit_exit
</UL>

<P><STRONG><a name="[140]"></a>_ttywrch</STRONG> (Thumb, 2 bytes, Stack size 0 bytes, rt_sys_c.o(.text), UNUSED)

<P><STRONG><a name="[141]"></a>_sys_open</STRONG> (Thumb, 8 bytes, Stack size 0 bytes, rt_sys_c.o(.text), UNUSED)

<P><STRONG><a name="[142]"></a>_sys_close</STRONG> (Thumb, 8 bytes, Stack size 0 bytes, rt_sys_c.o(.text), UNUSED)

<P><STRONG><a name="[143]"></a>_sys_read</STRONG> (Thumb, 10 bytes, Stack size 8 bytes, rt_sys_c.o(.text), UNUSED)

<P><STRONG><a name="[144]"></a>_sys_write</STRONG> (Thumb, 10 bytes, Stack size 8 bytes, rt_sys_c.o(.text), UNUSED)

<P><STRONG><a name="[145]"></a>_sys_ensure</STRONG> (Thumb, 6 bytes, Stack size 0 bytes, rt_sys_c.o(.text), UNUSED)

<P><STRONG><a name="[146]"></a>_sys_flen</STRONG> (Thumb, 8 bytes, Stack size 0 bytes, rt_sys_c.o(.text), UNUSED)

<P><STRONG><a name="[147]"></a>_sys_seek</STRONG> (Thumb, 8 bytes, Stack size 0 bytes, rt_sys_c.o(.text), UNUSED)

<P><STRONG><a name="[148]"></a>_sys_istty</STRONG> (Thumb, 8 bytes, Stack size 0 bytes, rt_sys_c.o(.text), UNUSED)

<P><STRONG><a name="[149]"></a>_sys_tmpnam</STRONG> (Thumb, 6 bytes, Stack size 0 bytes, rt_sys_c.o(.text), UNUSED)

<P><STRONG><a name="[14a]"></a>_sys_command_string</STRONG> (Thumb, 6 bytes, Stack size 0 bytes, rt_sys_c.o(.text), UNUSED)

<P><STRONG><a name="[14b]"></a>clock</STRONG> (Thumb, 4 bytes, Stack size 0 bytes, rt_sys_c.o(.text), UNUSED)

<P><STRONG><a name="[c6]"></a>time</STRONG> (Thumb, 24 bytes, Stack size 56 bytes, rt_sys_c.o(.text), UNUSED)
<BR><BR>[Calls]<UL><LI><a href="#[c7]">&gt;&gt;</a>&nbsp;&nbsp;&nbsp;mktime
</UL>

<P><STRONG><a name="[14c]"></a>remove</STRONG> (Thumb, 8 bytes, Stack size 0 bytes, rt_sys_c.o(.text), UNUSED)

<P><STRONG><a name="[14d]"></a>rename</STRONG> (Thumb, 8 bytes, Stack size 0 bytes, rt_sys_c.o(.text), UNUSED)

<P><STRONG><a name="[14e]"></a>system</STRONG> (Thumb, 6 bytes, Stack size 0 bytes, rt_sys_c.o(.text), UNUSED)

<P><STRONG><a name="[c8]"></a>puts__</STRONG> (Thumb, 12 bytes, Stack size 8 bytes, lcd_printf.o(.text))
<BR><BR>[Stack]<UL><LI>Max Depth = 12<LI>Call Chain = puts__ &rArr; uart0_sendstring
</UL>
<BR>[Calls]<UL><LI><a href="#[89]">&gt;&gt;</a>&nbsp;&nbsp;&nbsp;uart0_sendstring
</UL>
<BR>[Called By]<UL><LI><a href="#[71]">&gt;&gt;</a>&nbsp;&nbsp;&nbsp;lcd_printf
</UL>

<P><STRONG><a name="[71]"></a>lcd_printf</STRONG> (Thumb, 34 bytes, Stack size 24 bytes, lcd_printf.o(.text))
<BR><BR>[Stack]<UL><LI>Max Depth = 144 + Unknown Stack Size
<LI>Call Chain = lcd_printf &rArr; __c89vsprintf &rArr; _printf_char_common &rArr; __printf
</UL>
<BR>[Calls]<UL><LI><a href="#[c9]">&gt;&gt;</a>&nbsp;&nbsp;&nbsp;__c89vsprintf
<LI><a href="#[c8]">&gt;&gt;</a>&nbsp;&nbsp;&nbsp;puts__
</UL>
<BR>[Called By]<UL><LI><a href="#[c2]">&gt;&gt;</a>&nbsp;&nbsp;&nbsp;wx_read_jedec
<LI><a href="#[c1]">&gt;&gt;</a>&nbsp;&nbsp;&nbsp;w25qxx_get_sector_num
<LI><a href="#[c0]">&gt;&gt;</a>&nbsp;&nbsp;&nbsp;w25qxx_chip_erase
<LI><a href="#[b2]">&gt;&gt;</a>&nbsp;&nbsp;&nbsp;w25qxx_read_status_reg3
<LI><a href="#[ab]">&gt;&gt;</a>&nbsp;&nbsp;&nbsp;w25qxx_read_status_reg2
<LI><a href="#[a3]">&gt;&gt;</a>&nbsp;&nbsp;&nbsp;w25qxx_read_status_reg1
<LI><a href="#[a2]">&gt;&gt;</a>&nbsp;&nbsp;&nbsp;show_decTobin
<LI><a href="#[9c]">&gt;&gt;</a>&nbsp;&nbsp;&nbsp;w25qxx_sector_erase_4
<LI><a href="#[9d]">&gt;&gt;</a>&nbsp;&nbsp;&nbsp;w25qxx_sector_erase_3
<LI><a href="#[76]">&gt;&gt;</a>&nbsp;&nbsp;&nbsp;led_test_1sonoff
<LI><a href="#[72]">&gt;&gt;</a>&nbsp;&nbsp;&nbsp;hardware_init
<LI><a href="#[70]">&gt;&gt;</a>&nbsp;&nbsp;&nbsp;hello_blackbox
<LI><a href="#[d1]">&gt;&gt;</a>&nbsp;&nbsp;&nbsp;flash_write_test
<LI><a href="#[d0]">&gt;&gt;</a>&nbsp;&nbsp;&nbsp;flash_read_test
<LI><a href="#[cf]">&gt;&gt;</a>&nbsp;&nbsp;&nbsp;get_uniqueID_w25q256
<LI><a href="#[ca]">&gt;&gt;</a>&nbsp;&nbsp;&nbsp;printbuf
</UL>

<P><STRONG><a name="[35]"></a>SystemInit</STRONG> (Thumb, 174 bytes, Stack size 0 bytes, system_lpc17xx.o(.text))
<BR>[Address Reference Count : 1]<UL><LI> startup_lpc17xx.o(.text)
</UL>
<P><STRONG><a name="[cc]"></a>SystemClockUpdate</STRONG> (Thumb, 320 bytes, Stack size 0 bytes, system_lpc17xx.o(.text))
<BR><BR>[Called By]<UL><LI><a href="#[72]">&gt;&gt;</a>&nbsp;&nbsp;&nbsp;hardware_init
</UL>

<P><STRONG><a name="[8]"></a>Reset_Handler</STRONG> (Thumb, 8 bytes, Stack size 0 bytes, startup_lpc17xx.o(.text))
<BR>[Address Reference Count : 1]<UL><LI> startup_lpc17xx.o(RESET)
</UL>
<P><STRONG><a name="[9]"></a>NMI_Handler</STRONG> (Thumb, 2 bytes, Stack size 0 bytes, startup_lpc17xx.o(.text))
<BR><BR>[Calls]<UL><LI><a href="#[9]">&gt;&gt;</a>&nbsp;&nbsp;&nbsp;NMI_Handler
</UL>
<BR>[Called By]<UL><LI><a href="#[9]">&gt;&gt;</a>&nbsp;&nbsp;&nbsp;NMI_Handler
</UL>
<BR>[Address Reference Count : 1]<UL><LI> startup_lpc17xx.o(RESET)
</UL>
<P><STRONG><a name="[a]"></a>HardFault_Handler</STRONG> (Thumb, 2 bytes, Stack size 0 bytes, startup_lpc17xx.o(.text))
<BR><BR>[Calls]<UL><LI><a href="#[a]">&gt;&gt;</a>&nbsp;&nbsp;&nbsp;HardFault_Handler
</UL>
<BR>[Called By]<UL><LI><a href="#[a]">&gt;&gt;</a>&nbsp;&nbsp;&nbsp;HardFault_Handler
</UL>
<BR>[Address Reference Count : 1]<UL><LI> startup_lpc17xx.o(RESET)
</UL>
<P><STRONG><a name="[b]"></a>MemManage_Handler</STRONG> (Thumb, 2 bytes, Stack size 0 bytes, startup_lpc17xx.o(.text))
<BR><BR>[Calls]<UL><LI><a href="#[b]">&gt;&gt;</a>&nbsp;&nbsp;&nbsp;MemManage_Handler
</UL>
<BR>[Called By]<UL><LI><a href="#[b]">&gt;&gt;</a>&nbsp;&nbsp;&nbsp;MemManage_Handler
</UL>
<BR>[Address Reference Count : 1]<UL><LI> startup_lpc17xx.o(RESET)
</UL>
<P><STRONG><a name="[c]"></a>BusFault_Handler</STRONG> (Thumb, 2 bytes, Stack size 0 bytes, startup_lpc17xx.o(.text))
<BR><BR>[Calls]<UL><LI><a href="#[c]">&gt;&gt;</a>&nbsp;&nbsp;&nbsp;BusFault_Handler
</UL>
<BR>[Called By]<UL><LI><a href="#[c]">&gt;&gt;</a>&nbsp;&nbsp;&nbsp;BusFault_Handler
</UL>
<BR>[Address Reference Count : 1]<UL><LI> startup_lpc17xx.o(RESET)
</UL>
<P><STRONG><a name="[d]"></a>UsageFault_Handler</STRONG> (Thumb, 2 bytes, Stack size 0 bytes, startup_lpc17xx.o(.text))
<BR><BR>[Calls]<UL><LI><a href="#[d]">&gt;&gt;</a>&nbsp;&nbsp;&nbsp;UsageFault_Handler
</UL>
<BR>[Called By]<UL><LI><a href="#[d]">&gt;&gt;</a>&nbsp;&nbsp;&nbsp;UsageFault_Handler
</UL>
<BR>[Address Reference Count : 1]<UL><LI> startup_lpc17xx.o(RESET)
</UL>
<P><STRONG><a name="[e]"></a>SVC_Handler</STRONG> (Thumb, 2 bytes, Stack size 0 bytes, startup_lpc17xx.o(.text))
<BR><BR>[Calls]<UL><LI><a href="#[e]">&gt;&gt;</a>&nbsp;&nbsp;&nbsp;SVC_Handler
</UL>
<BR>[Called By]<UL><LI><a href="#[e]">&gt;&gt;</a>&nbsp;&nbsp;&nbsp;SVC_Handler
</UL>
<BR>[Address Reference Count : 1]<UL><LI> startup_lpc17xx.o(RESET)
</UL>
<P><STRONG><a name="[f]"></a>DebugMon_Handler</STRONG> (Thumb, 2 bytes, Stack size 0 bytes, startup_lpc17xx.o(.text))
<BR><BR>[Calls]<UL><LI><a href="#[f]">&gt;&gt;</a>&nbsp;&nbsp;&nbsp;DebugMon_Handler
</UL>
[...]
<LI>Call Chain = __printf
</UL>
<BR>[Calls]<UL><LI><a href="#[e3]">&gt;&gt;</a>&nbsp;&nbsp;&nbsp;_printf_percent
<LI><a href="#[e2]">&gt;&gt;</a>&nbsp;&nbsp;&nbsp;_is_digit
</UL>
<BR>[Called By]<UL><LI><a href="#[d4]">&gt;&gt;</a>&nbsp;&nbsp;&nbsp;_printf_char_common
</UL>

<P><STRONG><a name="[14f]"></a>__aeabi_memclr</STRONG> (Thumb, 0 bytes, Stack size 0 bytes, rt_memclr.o(.text), UNUSED)

<P><STRONG><a name="[e4]"></a>__rt_memclr</STRONG> (Thumb, 68 bytes, Stack size 0 bytes, rt_memclr.o(.text), UNUSED)
<BR><BR>[Calls]<UL><LI><a href="#[e5]">&gt;&gt;</a>&nbsp;&nbsp;&nbsp;_memset_w
</UL>

<P><STRONG><a name="[7c]"></a>_memset</STRONG> (Thumb, 0 bytes, Stack size unknown bytes, rt_memclr.o(.text))
<BR><BR>[Called By]<UL><LI><a href="#[7b]">&gt;&gt;</a>&nbsp;&nbsp;&nbsp;__aeabi_memset
</UL>

<P><STRONG><a name="[150]"></a>__user_libspace</STRONG> (Thumb, 8 bytes, Stack size 0 bytes, libspace.o(.text), UNUSED)

<P><STRONG><a name="[f1]"></a>__user_perproc_libspace</STRONG> (Thumb, 0 bytes, Stack size 0 bytes, libspace.o(.text))
<BR><BR>[Called By]<UL><LI><a href="#[67]">&gt;&gt;</a>&nbsp;&nbsp;&nbsp;__user_setup_stackheap
</UL>

<P><STRONG><a name="[151]"></a>__user_perthread_libspace</STRONG> (Thumb, 0 bytes, Stack size 0 bytes, libspace.o(.text), UNUSED)

<P><STRONG><a name="[df]"></a>_ll_udiv10</STRONG> (Thumb, 138 bytes, Stack size 12 bytes, lludiv10.o(.text))
<BR><BR>[Stack]<UL><LI>Max Depth = 12<LI>Call Chain = _ll_udiv10
</UL>
<BR>[Called By]<UL><LI><a href="#[50]">&gt;&gt;</a>&nbsp;&nbsp;&nbsp;_printf_longlong_dec
<LI><a href="#[e6]">&gt;&gt;</a>&nbsp;&nbsp;&nbsp;_fp_digits
</UL>

<P><STRONG><a name="[db]"></a>_printf_int_common</STRONG> (Thumb, 184 bytes, Stack size 32 bytes, _printf_intcommon.o(.text))
<BR><BR>[Stack]<UL><LI>Max Depth = 48<LI>Call Chain = _printf_int_common &rArr; _printf_post_padding
</UL>
<BR>[Calls]<UL><LI><a href="#[d8]">&gt;&gt;</a>&nbsp;&nbsp;&nbsp;_printf_post_padding
<LI><a href="#[d7]">&gt;&gt;</a>&nbsp;&nbsp;&nbsp;_printf_pre_padding
</UL>
<BR>[Called By]<UL><LI><a href="#[e1]">&gt;&gt;</a>&nbsp;&nbsp;&nbsp;_printf_longlong_hex
<LI><a href="#[e0]">&gt;&gt;</a>&nbsp;&nbsp;&nbsp;_printf_longlong_oct
<LI><a href="#[50]">&gt;&gt;</a>&nbsp;&nbsp;&nbsp;_printf_longlong_dec
<LI><a href="#[48]">&gt;&gt;</a>&nbsp;&nbsp;&nbsp;_printf_int_dec
</UL>

<P><STRONG><a name="[152]"></a>__lib_sel_fp_printf</STRONG> (Thumb, 2 bytes, Stack size 0 bytes, _printf_fp_dec.o(.text), UNUSED)

<P><STRONG><a name="[eb]"></a>_printf_fp_dec_real</STRONG> (Thumb, 626 bytes, Stack size 104 bytes, _printf_fp_dec.o(.text))
<BR><BR>[Stack]<UL><LI>Max Depth = 320<LI>Call Chain = _printf_fp_dec_real &rArr; _fp_digits &rArr; _btod_etento &rArr; _btod_emul &rArr; _e2e
</UL>
<BR>[Calls]<UL><LI><a href="#[d8]">&gt;&gt;</a>&nbsp;&nbsp;&nbsp;_printf_post_padding
<LI><a href="#[d7]">&gt;&gt;</a>&nbsp;&nbsp;&nbsp;_printf_pre_padding
<LI><a href="#[ec]">&gt;&gt;</a>&nbsp;&nbsp;&nbsp;__ARM_fpclassify
<LI><a href="#[ed]">&gt;&gt;</a>&nbsp;&nbsp;&nbsp;_printf_fp_infnan
<LI><a href="#[62]">&gt;&gt;</a>&nbsp;&nbsp;&nbsp;__rt_locale
<LI><a href="#[e6]">&gt;&gt;</a>&nbsp;&nbsp;&nbsp;_fp_digits
</UL>
<BR>[Called By]<UL><LI><a href="#[44]">&gt;&gt;</a>&nbsp;&nbsp;&nbsp;_printf_fp_dec
</UL>

<P><STRONG><a name="[ee]"></a>_printf_cs_common</STRONG> (Thumb, 20 bytes, Stack size 8 bytes, _printf_char.o(.text))
<BR><BR>[Stack]<UL><LI>Max Depth = 40<LI>Call Chain = _printf_cs_common &rArr; _printf_str &rArr; _printf_post_padding
</UL>
<BR>[Calls]<UL><LI><a href="#[d6]">&gt;&gt;</a>&nbsp;&nbsp;&nbsp;_printf_str
</UL>
<BR>[Called By]<UL><LI><a href="#[5a]">&gt;&gt;</a>&nbsp;&nbsp;&nbsp;_printf_string
<LI><a href="#[58]">&gt;&gt;</a>&nbsp;&nbsp;&nbsp;_printf_char
</UL>

<P><STRONG><a name="[58]"></a>_printf_char</STRONG> (Thumb, 16 bytes, Stack size 0 bytes, _printf_char.o(.text))
<BR><BR>[Stack]<UL><LI>Max Depth = 40<LI>Call Chain = _printf_char &rArr; _printf_cs_common &rArr; _printf_str &rArr; _printf_post_padding
</UL>
<BR>[Calls]<UL><LI><a href="#[ee]">&gt;&gt;</a>&nbsp;&nbsp;&nbsp;_printf_cs_common
</UL>
<BR>[Called By]<UL><LI><a href="#[57]">&gt;&gt;</a>&nbsp;&nbsp;&nbsp;_printf_c
</UL>

<P><STRONG><a name="[5a]"></a>_printf_string</STRONG> (Thumb, 8 bytes, Stack size 0 bytes, _printf_char.o(.text))
<BR><BR>[Stack]<UL><LI>Max Depth = 40<LI>Call Chain = _printf_string &rArr; _printf_cs_common &rArr; _printf_str &rArr; _printf_post_padding
</UL>
<BR>[Calls]<UL><LI><a href="#[ee]">&gt;&gt;</a>&nbsp;&nbsp;&nbsp;_printf_cs_common
</UL>
<BR>[Called By]<UL><LI><a href="#[59]">&gt;&gt;</a>&nbsp;&nbsp;&nbsp;_printf_s
</UL>

<P><STRONG><a name="[ef]"></a>_printf_lcs_common</STRONG> (Thumb, 20 bytes, Stack size 8 bytes, _printf_wchar.o(.text))
<BR><BR>[Stack]<UL><LI>Max Depth = 88<LI>Call Chain = _printf_lcs_common &rArr; _printf_wctomb &rArr; _wcrtomb &rArr; __rt_ctype_table
</UL>
<BR>[Calls]<UL><LI><a href="#[dd]">&gt;&gt;</a>&nbsp;&nbsp;&nbsp;_printf_wctomb
</UL>
<BR>[Called By]<UL><LI><a href="#[5e]">&gt;&gt;</a>&nbsp;&nbsp;&nbsp;_printf_wstring
<LI><a href="#[5c]">&gt;&gt;</a>&nbsp;&nbsp;&nbsp;_printf_wchar
</UL>

<P><STRONG><a name="[5c]"></a>_printf_wchar</STRONG> (Thumb, 16 bytes, Stack size 0 bytes, _printf_wchar.o(.text))
<BR><BR>[Stack]<UL><LI>Max Depth = 88<LI>Call Chain = _printf_wchar &rArr; _printf_lcs_common &rArr; _printf_wctomb &rArr; _wcrtomb &rArr; __rt_ctype_table
</UL>
<BR>[Calls]<UL><LI><a href="#[ef]">&gt;&gt;</a>&nbsp;&nbsp;&nbsp;_printf_lcs_common
</UL>
<BR>[Called By]<UL><LI><a href="#[5b]">&gt;&gt;</a>&nbsp;&nbsp;&nbsp;_printf_lc
</UL>

<P><STRONG><a name="[5e]"></a>_printf_wstring</STRONG> (Thumb, 8 bytes, Stack size 0 bytes, _printf_wchar.o(.text))
<BR><BR>[Stack]<UL><LI>Max Depth = 88<LI>Call Chain = _printf_wstring &rArr; _printf_lcs_common &rArr; _printf_wctomb &rArr; _wcrtomb &rArr; __rt_ctype_table
</UL>
<BR>[Calls]<UL><LI><a href="#[ef]">&gt;&gt;</a>&nbsp;&nbsp;&nbsp;_printf_lcs_common
</UL>
<BR>[Called By]<UL><LI><a href="#[5d]">&gt;&gt;</a>&nbsp;&nbsp;&nbsp;_printf_ls
</UL>

<P><STRONG><a name="[de]"></a>_wcrtomb</STRONG> (Thumb, 64 bytes, Stack size 16 bytes, _wcrtomb.o(.text))
<BR><BR>[Stack]<UL><LI>Max Depth = 24<LI>Call Chain = _wcrtomb &rArr; __rt_ctype_table
</UL>
<BR>[Calls]<UL><LI><a href="#[f0]">&gt;&gt;</a>&nbsp;&nbsp;&nbsp;__rt_ctype_table
</UL>
<BR>[Called By]<UL><LI><a href="#[dd]">&gt;&gt;</a>&nbsp;&nbsp;&nbsp;_printf_wctomb
</UL>

<P><STRONG><a name="[153]"></a>__aeabi_memclr4</STRONG> (Thumb, 0 bytes, Stack size 4 bytes, rt_memclr_w.o(.text), UNUSED)

<P><STRONG><a name="[154]"></a>__aeabi_memclr8</STRONG> (Thumb, 0 bytes, Stack size 4 bytes, rt_memclr_w.o(.text), UNUSED)

<P><STRONG><a name="[155]"></a>__rt_memclr_w</STRONG> (Thumb, 78 bytes, Stack size 4 bytes, rt_memclr_w.o(.text), UNUSED)

<P><STRONG><a name="[e5]"></a>_memset_w</STRONG> (Thumb, 0 bytes, Stack size unknown bytes, rt_memclr_w.o(.text), UNUSED)
<BR><BR>[Called By]<UL><LI><a href="#[e4]">&gt;&gt;</a>&nbsp;&nbsp;&nbsp;__rt_memclr
</UL>

<P><STRONG><a name="[67]"></a>__user_setup_stackheap</STRONG> (Thumb, 74 bytes, Stack size 8 bytes, sys_stackheap_outer.o(.text))
<BR><BR>[Stack]<UL><LI>Max Depth = 8 + Unknown Stack Size
<LI>Call Chain = __user_setup_stackheap
</UL>
<BR>[Calls]<UL><LI><a href="#[f2]">&gt;&gt;</a>&nbsp;&nbsp;&nbsp;__user_initial_stackheap
<LI><a href="#[f1]">&gt;&gt;</a>&nbsp;&nbsp;&nbsp;__user_perproc_libspace
</UL>
<BR>[Called By]<UL><LI><a href="#[66]">&gt;&gt;</a>&nbsp;&nbsp;&nbsp;__rt_entry_sh
</UL>

<P><STRONG><a name="[f0]"></a>__rt_ctype_table</STRONG> (Thumb, 16 bytes, Stack size 8 bytes, rt_ctype_table.o(.text))
<BR><BR>[Stack]<UL><LI>Max Depth = 8<LI>Call Chain = __rt_ctype_table
</UL>
<BR>[Calls]<UL><LI><a href="#[62]">&gt;&gt;</a>&nbsp;&nbsp;&nbsp;__rt_locale
</UL>
<BR>[Called By]<UL><LI><a href="#[de]">&gt;&gt;</a>&nbsp;&nbsp;&nbsp;_wcrtomb
</UL>

<P><STRONG><a name="[62]"></a>__rt_locale</STRONG> (Thumb, 8 bytes, Stack size 0 bytes, rt_locale_intlibspace.o(.text))
<BR><BR>[Called By]<UL><LI><a href="#[61]">&gt;&gt;</a>&nbsp;&nbsp;&nbsp;__rt_lib_init_lc_common
<LI><a href="#[f0]">&gt;&gt;</a>&nbsp;&nbsp;&nbsp;__rt_ctype_table
<LI><a href="#[eb]">&gt;&gt;</a>&nbsp;&nbsp;&nbsp;_printf_fp_dec_real
</UL>

<P><STRONG><a name="[ed]"></a>_printf_fp_infnan</STRONG> (Thumb, 112 bytes, Stack size 24 bytes, _printf_fp_infnan.o(.text))
<BR><BR>[Stack]<UL><LI>Max Depth = 40<LI>Call Chain = _printf_fp_infnan &rArr; _printf_post_padding
</UL>
<BR>[Calls]<UL><LI><a href="#[d8]">&gt;&gt;</a>&nbsp;&nbsp;&nbsp;_printf_post_padding
<LI><a href="#[d7]">&gt;&gt;</a>&nbsp;&nbsp;&nbsp;_printf_pre_padding
</UL>
<BR>[Called By]<UL><LI><a href="#[eb]">&gt;&gt;</a>&nbsp;&nbsp;&nbsp;_printf_fp_dec_real
</UL>

<P><STRONG><a name="[e7]"></a>_btod_etento</STRONG> (Thumb, 222 bytes, Stack size 72 bytes, bigflt0.o(.text))
<BR><BR>[Stack]<UL><LI>Max Depth = 120<LI>Call Chain = _btod_etento &rArr; _btod_emul &rArr; _e2e
</UL>
<BR>[Calls]<UL><LI><a href="#[ea]">&gt;&gt;</a>&nbsp;&nbsp;&nbsp;_btod_emul
<LI><a href="#[e9]">&gt;&gt;</a>&nbsp;&nbsp;&nbsp;_btod_ediv
</UL>
<BR>[Called By]<UL><LI><a href="#[e6]">&gt;&gt;</a>&nbsp;&nbsp;&nbsp;_fp_digits
</UL>

<P><STRONG><a name="[6b]"></a>exit</STRONG> (Thumb, 12 bytes, Stack size 0 bytes, exit.o(.text))
<BR><BR>[Calls]<UL><LI><a href="#[f3]">&gt;&gt;</a>&nbsp;&nbsp;&nbsp;__rt_exit
</UL>
<BR>[Called By]<UL><LI><a href="#[69]">&gt;&gt;</a>&nbsp;&nbsp;&nbsp;__rt_entry_main
</UL>

<P><STRONG><a name="[f9]"></a>strcmp</STRONG> (Thumb, 128 bytes, Stack size 0 bytes, strcmpv7m.o(.text))
<BR><BR>[Called By]<UL><LI><a href="#[39]">&gt;&gt;</a>&nbsp;&nbsp;&nbsp;_get_lc_ctype
<LI><a href="#[65]">&gt;&gt;</a>&nbsp;&nbsp;&nbsp;_get_lc_numeric
</UL>

<P><STRONG><a name="[fa]"></a>__rt_fp_status_addr</STRONG> (Thumb, 8 bytes, Stack size 0 bytes, rt_fp_status_addr_intlibspace.o(.text))
<BR><BR>[Called By]<UL><LI><a href="#[60]">&gt;&gt;</a>&nbsp;&nbsp;&nbsp;_fp_init
</UL>

<P><STRONG><a name="[e8]"></a>_btod_d2e</STRONG> (Thumb, 62 bytes, Stack size 0 bytes, btod.o(CL$$btod_d2e))
<BR><BR>[Calls]<UL><LI><a href="#[f4]">&gt;&gt;</a>&nbsp;&nbsp;&nbsp;_d2e_norm_op1
</UL>
<BR>[Called By]<UL><LI><a href="#[e6]">&gt;&gt;</a>&nbsp;&nbsp;&nbsp;_fp_digits
</UL>

<P><STRONG><a name="[f5]"></a>_d2e_denorm_low</STRONG> (Thumb, 70 bytes, Stack size 0 bytes, btod.o(CL$$btod_d2e_denorm_low))
<BR><BR>[Called By]<UL><LI><a href="#[f4]">&gt;&gt;</a>&nbsp;&nbsp;&nbsp;_d2e_norm_op1
</UL>

<P><STRONG><a name="[f4]"></a>_d2e_norm_op1</STRONG> (Thumb, 96 bytes, Stack size 0 bytes, btod.o(CL$$btod_d2e_norm_op1))
<BR><BR>[Calls]<UL><LI><a href="#[f5]">&gt;&gt;</a>&nbsp;&nbsp;&nbsp;_d2e_denorm_low
</UL>
<BR>[Called By]<UL><LI><a href="#[e8]">&gt;&gt;</a>&nbsp;&nbsp;&nbsp;_btod_d2e
</UL>

<P><STRONG><a name="[f6]"></a>__btod_div_common</STRONG> (Thumb, 696 bytes, Stack size 24 bytes, btod.o(CL$$btod_div_common))
<BR><BR>[Stack]<UL><LI>Max Depth = 24<LI>Call Chain = __btod_div_common
</UL>
<BR>[Called By]<UL><LI><a href="#[e9]">&gt;&gt;</a>&nbsp;&nbsp;&nbsp;_btod_ediv
</UL>

<P><STRONG><a name="[f7]"></a>_e2e</STRONG> (Thumb, 198 bytes, Stack size 24 bytes, btod.o(CL$$btod_e2e))
<BR><BR>[Stack]<UL><LI>Max Depth = 24<LI>Call Chain = _e2e
</UL>
<BR>[Called By]<UL><LI><a href="#[ea]">&gt;&gt;</a>&nbsp;&nbsp;&nbsp;_btod_emul
<LI><a href="#[e9]">&gt;&gt;</a>&nbsp;&nbsp;&nbsp;_btod_ediv
</UL>

<P><STRONG><a name="[e9]"></a>_btod_ediv</STRONG> (Thumb, 40 bytes, Stack size 24 bytes, btod.o(CL$$btod_ediv))
<BR><BR>[Stack]<UL><LI>Max Depth = 48<LI>Call Chain = _btod_ediv &rArr; _e2e
</UL>
<BR>[Calls]<UL><LI><a href="#[f7]">&gt;&gt;</a>&nbsp;&nbsp;&nbsp;_e2e
<LI><a href="#[f6]">&gt;&gt;</a>&nbsp;&nbsp;&nbsp;__btod_div_common
</UL>
<BR>[Called By]<UL><LI><a href="#[e7]">&gt;&gt;</a>&nbsp;&nbsp;&nbsp;_btod_etento
<LI><a href="#[e6]">&gt;&gt;</a>&nbsp;&nbsp;&nbsp;_fp_digits
</UL>

<P><STRONG><a name="[ea]"></a>_btod_emul</STRONG> (Thumb, 40 bytes, Stack size 24 bytes, btod.o(CL$$btod_emul))
<BR><BR>[Stack]<UL><LI>Max Depth = 48<LI>Call Chain = _btod_emul &rArr; _e2e
</UL>
<BR>[Calls]<UL><LI><a href="#[f8]">&gt;&gt;</a>&nbsp;&nbsp;&nbsp;__btod_mult_common
<LI><a href="#[f7]">&gt;&gt;</a>&nbsp;&nbsp;&nbsp;_e2e
</UL>
<BR>[Called By]<UL><LI><a href="#[e7]">&gt;&gt;</a>&nbsp;&nbsp;&nbsp;_btod_etento
<LI><a href="#[e6]">&gt;&gt;</a>&nbsp;&nbsp;&nbsp;_fp_digits
</UL>

<P><STRONG><a name="[f8]"></a>__btod_mult_common</STRONG> (Thumb, 580 bytes, Stack size 16 bytes, btod.o(CL$$btod_mult_common))
<BR><BR>[Stack]<UL><LI>Max Depth = 16<LI>Call Chain = __btod_mult_common
</UL>
<BR>[Called By]<UL><LI><a href="#[ea]">&gt;&gt;</a>&nbsp;&nbsp;&nbsp;_btod_emul
</UL>

<P><STRONG><a name="[ec]"></a>__ARM_fpclassify</STRONG> (Thumb, 40 bytes, Stack size 0 bytes, fpclassify.o(i.__ARM_fpclassify))
<BR><BR>[Called By]<UL><LI><a href="#[eb]">&gt;&gt;</a>&nbsp;&nbsp;&nbsp;_printf_fp_dec_real
</UL>

<P><STRONG><a name="[e2]"></a>_is_digit</STRONG> (Thumb, 14 bytes, Stack size 0 bytes, __printf_wp.o(i._is_digit))
<BR><BR>[Called By]<UL><LI><a href="#[dc]">&gt;&gt;</a>&nbsp;&nbsp;&nbsp;__printf
</UL>

<P><STRONG><a name="[65]"></a>_get_lc_numeric</STRONG> (Thumb, 44 bytes, Stack size 8 bytes, lc_numeric_c.o(locale$$code))
<BR><BR>[Stack]<UL><LI>Max Depth = 8<LI>Call Chain = _get_lc_numeric
</UL>
<BR>[Calls]<UL><LI><a href="#[f9]">&gt;&gt;</a>&nbsp;&nbsp;&nbsp;strcmp
</UL>
<BR>[Called By]<UL><LI><a href="#[64]">&gt;&gt;</a>&nbsp;&nbsp;&nbsp;__rt_lib_init_lc_numeric_2
</UL>

<P><STRONG><a name="[39]"></a>_get_lc_ctype</STRONG> (Thumb, 44 bytes, Stack size 8 bytes, lc_ctype_c.o(locale$$code))
<BR><BR>[Stack]<UL><LI>Max Depth = 8<LI>Call Chain = _get_lc_ctype
</UL>
<BR>[Calls]<UL><LI><a href="#[f9]">&gt;&gt;</a>&nbsp;&nbsp;&nbsp;strcmp
</UL>
<BR>[Called By]<UL><LI><a href="#[63]">&gt;&gt;</a>&nbsp;&nbsp;&nbsp;__rt_lib_init_lc_ctype_2
</UL>
<BR>[Address Reference Count : 1]<UL><LI> rt_ctype_table.o(.text)
</UL>
<P><STRONG><a name="[60]"></a>_fp_init</STRONG> (Thumb, 14 bytes, Stack size 8 bytes, fpinit.o(x$fpl$fpinit))
<BR><BR>[Stack]<UL><LI>Max Depth = 8<LI>Call Chain = _fp_init
</UL>
<BR>[Calls]<UL><LI><a href="#[fa]">&gt;&gt;</a>&nbsp;&nbsp;&nbsp;__rt_fp_status_addr
</UL>
<BR>[Called By]<UL><LI><a href="#[5f]">&gt;&gt;</a>&nbsp;&nbsp;&nbsp;__rt_lib_init
</UL>

<P><STRONG><a name="[156]"></a>__fplib_config_pureend_doubles</STRONG> (Thumb, 0 bytes, Stack size unknown bytes, fpinit.o(x$fpl$fpinit), UNUSED)

<P><STRONG><a name="[44]"></a>_printf_fp_dec</STRONG> (Thumb, 4 bytes, Stack size 0 bytes, printf1.o(x$fpl$printf1))
<BR><BR>[Stack]<UL><LI>Max Depth = 320<LI>Call Chain = _printf_fp_dec &rArr; _printf_fp_dec_real &rArr; _fp_digits &rArr; _btod_etento &rArr; _btod_emul &rArr; _e2e
</UL>
<BR>[Calls]<UL><LI><a href="#[eb]">&gt;&gt;</a>&nbsp;&nbsp;&nbsp;_printf_fp_dec_real
</UL>
<BR>[Called By]<UL><LI><a href="#[46]">&gt;&gt;</a>&nbsp;&nbsp;&nbsp;_printf_g
<LI><a href="#[45]">&gt;&gt;</a>&nbsp;&nbsp;&nbsp;_printf_e
<LI><a href="#[43]">&gt;&gt;</a>&nbsp;&nbsp;&nbsp;_printf_f
</UL>

<P><STRONG><a name="[157]"></a>__I$use$fp</STRONG> (Thumb, 0 bytes, Stack size unknown bytes, usenofp.o(x$fpl$usenofp), UNUSED)
<P>
<H3>
Local Symbols
</H3>
<P><STRONG><a name="[a0]"></a>SPI_HOLD_HIGH</STRONG> (Thumb, 14 bytes, Stack size 0 bytes, w25q256.o(.text))
<BR><BR>[Called By]<UL><LI><a href="#[9e]">&gt;&gt;</a>&nbsp;&nbsp;&nbsp;spi_init
</UL>

<P><STRONG><a name="[9f]"></a>SPI_WR_LOW</STRONG> (Thumb, 14 bytes, Stack size 0 bytes, w25q256.o(.text))
<BR><BR>[Called By]<UL><LI><a href="#[c0]">&gt;&gt;</a>&nbsp;&nbsp;&nbsp;w25qxx_chip_erase
<LI><a href="#[b8]">&gt;&gt;</a>&nbsp;&nbsp;&nbsp;w25qxx_section_erase_4
<LI><a href="#[af]">&gt;&gt;</a>&nbsp;&nbsp;&nbsp;w25qxx_write_disable
<LI><a href="#[9e]">&gt;&gt;</a>&nbsp;&nbsp;&nbsp;spi_init
<LI><a href="#[9c]">&gt;&gt;</a>&nbsp;&nbsp;&nbsp;w25qxx_sector_erase_4
</UL>

<P><STRONG><a name="[ae]"></a>SPI_WR_HIGH</STRONG> (Thumb, 14 bytes, Stack size 0 bytes, w25q256.o(.text))
<BR><BR>[Called By]<UL><LI><a href="#[c0]">&gt;&gt;</a>&nbsp;&nbsp;&nbsp;w25qxx_chip_erase
<LI><a href="#[b8]">&gt;&gt;</a>&nbsp;&nbsp;&nbsp;w25qxx_section_erase_4
<LI><a href="#[ad]">&gt;&gt;</a>&nbsp;&nbsp;&nbsp;w25qxx_write_enable
<LI><a href="#[9c]">&gt;&gt;</a>&nbsp;&nbsp;&nbsp;w25qxx_sector_erase_4
</UL>

<P><STRONG><a name="[b0]"></a>w25xx_in_4byte</STRONG> (Thumb, 10 bytes, Stack size 4 bytes, w25q256.o(.text))
<BR><BR>[Stack]<UL><LI>Max Depth = 8<LI>Call Chain = w25xx_in_4byte &rArr; w25xx_send_1cmd
</UL>
<BR>[Calls]<UL><LI><a href="#[a8]">&gt;&gt;</a>&nbsp;&nbsp;&nbsp;w25xx_send_1cmd
</UL>
<BR>[Called By]<UL><LI><a href="#[b8]">&gt;&gt;</a>&nbsp;&nbsp;&nbsp;w25qxx_section_erase_4
<LI><a href="#[b7]">&gt;&gt;</a>&nbsp;&nbsp;&nbsp;w25qxx_read_1byte_4
<LI><a href="#[b6]">&gt;&gt;</a>&nbsp;&nbsp;&nbsp;w25qxx_write_1byte_4
<LI><a href="#[96]">&gt;&gt;</a>&nbsp;&nbsp;&nbsp;w25qxx_sector_write_4
<LI><a href="#[99]">&gt;&gt;</a>&nbsp;&nbsp;&nbsp;w25qxx_sector_read_4
<LI><a href="#[9c]">&gt;&gt;</a>&nbsp;&nbsp;&nbsp;w25qxx_sector_erase_4
<LI><a href="#[93]">&gt;&gt;</a>&nbsp;&nbsp;&nbsp;w25qxx_read_unique_id_4
<LI><a href="#[90]">&gt;&gt;</a>&nbsp;&nbsp;&nbsp;w25qxx_read_id_4
</UL>

<P><STRONG><a name="[b1]"></a>w25xx_out_4byte</STRONG> (Thumb, 10 bytes, Stack size 4 bytes, w25q256.o(.text))
<BR><BR>[Stack]<UL><LI>Max Depth = 8<LI>Call Chain = w25xx_out_4byte &rArr; w25xx_send_1cmd
</UL>
<BR>[Calls]<UL><LI><a href="#[a8]">&gt;&gt;</a>&nbsp;&nbsp;&nbsp;w25xx_send_1cmd
</UL>
<BR>[Called By]<UL><LI><a href="#[b8]">&gt;&gt;</a>&nbsp;&nbsp;&nbsp;w25qxx_section_erase_4
<LI><a href="#[b7]">&gt;&gt;</a>&nbsp;&nbsp;&nbsp;w25qxx_read_1byte_4
<LI><a href="#[b6]">&gt;&gt;</a>&nbsp;&nbsp;&nbsp;w25qxx_write_1byte_4
<LI><a href="#[96]">&gt;&gt;</a>&nbsp;&nbsp;&nbsp;w25qxx_sector_write_4
<LI><a href="#[99]">&gt;&gt;</a>&nbsp;&nbsp;&nbsp;w25qxx_sector_read_4
<LI><a href="#[9c]">&gt;&gt;</a>&nbsp;&nbsp;&nbsp;w25qxx_sector_erase_4
<LI><a href="#[93]">&gt;&gt;</a>&nbsp;&nbsp;&nbsp;w25qxx_read_unique_id_4
<LI><a href="#[90]">&gt;&gt;</a>&nbsp;&nbsp;&nbsp;w25qxx_read_id_4
</UL>

<P><STRONG><a name="[c5]"></a>NVIC_SetPriority</STRONG> (Thumb, 32 bytes, Stack size 8 bytes, timer_all.o(.text))
<BR><BR>[Stack]<UL><LI>Max Depth = 8<LI>Call Chain = NVIC_SetPriority
</UL>
<BR>[Called By]<UL><LI><a href="#[c3]">&gt;&gt;</a>&nbsp;&nbsp;&nbsp;timer_all_init
</UL>

<P><STRONG><a name="[c4]"></a>NVIC_EnableIRQ</STRONG> (Thumb, 24 bytes, Stack size 0 bytes, timer_all.o(.text))
<BR><BR>[Called By]<UL><LI><a href="#[c3]">&gt;&gt;</a>&nbsp;&nbsp;&nbsp;timer_all_init
</UL>

<P><STRONG><a name="[cf]"></a>get_uniqueID_w25q256</STRONG> (Thumb, 32 bytes, Stack size 8 bytes, test_hw.o(.text), UNUSED)
<BR><BR>[Calls]<UL><LI><a href="#[c1]">&gt;&gt;</a>&nbsp;&nbsp;&nbsp;w25qxx_get_sector_num
<LI><a href="#[8e]">&gt;&gt;</a>&nbsp;&nbsp;&nbsp;w25qxx_read_id
<LI><a href="#[71]">&gt;&gt;</a>&nbsp;&nbsp;&nbsp;lcd_printf
<LI><a href="#[ca]">&gt;&gt;</a>&nbsp;&nbsp;&nbsp;printbuf
</UL>

<P><STRONG><a name="[d5]"></a>_tm_carry</STRONG> (Thumb, 54 bytes, Stack size 12 bytes, mktime.o(.text), UNUSED)
<BR><BR>[Called By]<UL><LI><a href="#[c7]">&gt;&gt;</a>&nbsp;&nbsp;&nbsp;mktime
</UL>

<P><STRONG><a name="[38]"></a>_printf_input_char</STRONG> (Thumb, 10 bytes, Stack size 0 bytes, _printf_char_common.o(.text))
<BR>[Address Reference Count : 1]<UL><LI> _printf_char_common.o(.text)
</UL>
<P><STRONG><a name="[e6]"></a>_fp_digits</STRONG> (Thumb, 428 bytes, Stack size 96 bytes, _printf_fp_dec.o(.text))
<BR><BR>[Stack]<UL><LI>Max Depth = 216<LI>Call Chain = _fp_digits &rArr; _btod_etento &rArr; _btod_emul &rArr; _e2e
</UL>
<BR>[Calls]<UL><LI><a href="#[ea]">&gt;&gt;</a>&nbsp;&nbsp;&nbsp;_btod_emul
<LI><a href="#[e9]">&gt;&gt;</a>&nbsp;&nbsp;&nbsp;_btod_ediv
<LI><a href="#[e8]">&gt;&gt;</a>&nbsp;&nbsp;&nbsp;_btod_d2e
<LI><a href="#[e7]">&gt;&gt;</a>&nbsp;&nbsp;&nbsp;_btod_etento
<LI><a href="#[df]">&gt;&gt;</a>&nbsp;&nbsp;&nbsp;_ll_udiv10
</UL>
<BR>[Called By]<UL><LI><a href="#[eb]">&gt;&gt;</a>&nbsp;&nbsp;&nbsp;_printf_fp_dec_real
</UL>
<P>
<H3>
Undefined Global Symbols
</H3><HR></body></html>
