<html>
<body>
<pre>
<h1>µVision Build Log</h1>
<h2>Project:</h2>
E:\1blackbox\blackbox_1.0\prj\blackbox_1.0.uvproj
Project File Date:  03/21/2014

<h2>Output:</h2>
Build target 'Target 1'
assembling startup_LPC17xx.s...
compiling lcd_printf.c...
compiling system_LPC17xx.c...
compiling delay.c...
compiling led.c...
compiling uart_all.c...
compiling uart0.c...
compiling uart1.c...
compiling w25q256.c...
..\dirvers\spi\w25q256\w25q256.c(50): warning:  #61-D: integer operation result is out of range
..\dirvers\spi\w25q256\w25q256.c(469): warning:  #177-D: function "SPI_WR_HIGH" was declared but never referenced
..\dirvers\spi\w25q256\w25q256.c(481): warning:  #177-D: function "SPI_HOLD_LOW" was declared but never referenced
..\dirvers\spi\w25q256\w25q256.c(433): warning:  #177-D: function "Check_Flash_Busy" was declared but never referenced
compiling main.c...
compiling hardware_sets.c...
..\board\lpc1752\hardware_sets.c(91): warning:  #177-D: variable "deviceid" was declared but never referenced
linking...
Program Size: Code=9480 RO-data=752 RW-data=12 ZI-data=868  
"..\output\blackbox_1.0.axf" - 0 Error(s), 5 Warning(s).
Load "..\\output\\blackbox_1.0" 
* JLink Info: Device "LPC1752" selected (64 KB flash, 16 KB RAM).
Set JLink Project File to "E:\1blackbox\blackbox_1.0\prj\JLinkSettings.ini"
 
JLink info:
------------
DLL: V4.74a, compiled Jul 23 2013 08:47:58
Firmware: J-Link ARM V8 compiled Jul 17 2013 11:24:15
Hardware: V8.00
S/N : 99999994 
Feature(s) : RDI,FlashDL,FlashBP,JFlash,GDBFULL 
 
* JLink Info: TotalIRLen = 4, IRPrint = 0x01
* JLink Info: Found Cortex-M3 r2p0, Little endian.
* JLink Info: TPIU fitted.
* JLink Info: ETM fitted.
* JLink Info: FPUnit: 6 code (BP) slots and 2 literal slots
ROMTableAddr = 0xE00FF003
* JLink Info: Found Cortex-M3 r2p0, Little endian.
* JLink Info: TPIU fitted.
* JLink Info: ETM fitted.
* JLink Info: FPUnit: 6 code (BP) slots and 2 literal slots
 
Target info:
------------
Device: LPC1752
VTarget = 3.319V
State of Pins: 
TCK: 1, TDI: 0, TDO: 1, TMS: 0, TRES: 1, TRST: 1
Hardware-Breakpoints: 6
Software-Breakpoints: 8192
Watchpoints:          4
JTAG speed: 2000 kHz
 
Full Chip Erase Done.
Programming Done.
Verify OK.
* JLink Info: Found Cortex-M3 r2p0, Little endian.
* JLink Info: TPIU fitted.
* JLink Info: ETM fitted.
* JLink Info: FPUnit: 6 code (BP) slots and 2 literal slots
Application running ...
Build target 'Target 1'
compiling w25q256.c...
..\dirvers\spi\w25q256\w25q256.c(50): warning:  #61-D: integer operation result is out of range
..\dirvers\spi\w25q256\w25q256.c(469): warning:  #177-D: function "SPI_WR_HIGH" was declared but never referenced
..\dirvers\spi\w25q256\w25q256.c(481): warning:  #177-D: function "SPI_HOLD_LOW" was declared but never referenced
..\dirvers\spi\w25q256\w25q256.c(433): warning:  #177-D: function "Check_Flash_Busy" was declared but never referenced
linking...
Program Size: Code=9480 RO-data=752 RW-data=12 ZI-data=868  
"..\output\blackbox_1.0.axf" - 0 Error(s), 4 Warning(s).
Load "..\\output\\blackbox_1.0" 
* JLink Info: Device "LPC1752" selected (64 KB flash, 16 KB RAM).
Set JLink Project File to "E:\1blackbox\blackbox_1.0\prj\JLinkSettings.ini"
 
JLink info:
------------
DLL: V4.74a, compiled Jul 23 2013 08:47:58
Firmware: J-Link ARM V8 compiled Jul 17 2013 11:24:15
Hardware: V8.00
S/N : 99999994 
Feature(s) : RDI,FlashDL,FlashBP,JFlash,GDBFULL 
 
* JLink Info: TotalIRLen = 4, IRPrint = 0x01
* JLink Info: Found Cortex-M3 r2p0, Little endian.
* JLink Info: TPIU fitted.
* JLink Info: ETM fitted.
* JLink Info: FPUnit: 6 code (BP) slots and 2 literal slots
ROMTableAddr = 0xE00FF003
* JLink Info: Found Cortex-M3 r2p0, Little endian.
* JLink Info: TPIU fitted.
* JLink Info: ETM fitted.
* JLink Info: FPUnit: 6 code (BP) slots and 2 literal slots
 
Target info:
------------
Device: LPC1752
VTarget = 3.319V
State of Pins: 
TCK: 1, TDI: 0, TDO: 1, TMS: 0, TRES: 1, TRST: 1
Hardware-Breakpoints: 6
Software-Breakpoints: 8192
Watchpoints:          4
JTAG speed: 2000 kHz
 
Full Chip Erase Done.
Programming Done.
Verify OK.
* JLink Info: Found Cortex-M3 r2p0, Little endian.
* JLink Info: TPIU fitted.
* JLink Info: ETM fitted.
* JLink Info: FPUnit: 6 code (BP) slots and 2 literal slots
Application running ...
Build target 'Target 1'
compiling w25q256.c...
..\dirvers\spi\w25q256\w25q256.c(50): warning:  #61-D: integer operation result is out of range
..\dirvers\spi\w25q256\w25q256.c(165): warning:  #550-D: variable "buf" was set but never used
..\dirvers\spi\w25q256\w25q256.c(473): warning:  #177-D: function "SPI_WR_HIGH" was declared but never referenced
..\dirvers\spi\w25q256\w25q256.c(485): warning:  #177-D: function "SPI_HOLD_LOW" was declared but never referenced
..\dirvers\spi\w25q256\w25q256.c(437): warning:  #177-D: function "Check_Flash_Busy" was declared but never referenced
linking...
Program Size: Code=9488 RO-data=752 RW-data=12 ZI-data=868  
"..\output\blackbox_1.0.axf" - 0 Error(s), 5 Warning(s).
Load "..\\output\\blackbox_1.0" 
* JLink Info: Device "LPC1752" selected (64 KB flash, 16 KB RAM).
Set JLink Project File to "E:\1blackbox\blackbox_1.0\prj\JLinkSettings.ini"
 
JLink info:
------------
DLL: V4.74a, compiled Jul 23 2013 08:47:58
Firmware: J-Link ARM V8 compiled Jul 17 2013 11:24:15
Hardware: V8.00
S/N : 99999994 
Feature(s) : RDI,FlashDL,FlashBP,JFlash,GDBFULL 
 
* JLink Info: TotalIRLen = 4, IRPrint = 0x01
* JLink Info: Found Cortex-M3 r2p0, Little endian.
* JLink Info: TPIU fitted.
* JLink Info: ETM fitted.
* JLink Info: FPUnit: 6 code (BP) slots and 2 literal slots
ROMTableAddr = 0xE00FF003
* JLink Info: Found Cortex-M3 r2p0, Little endian.
* JLink Info: TPIU fitted.
* JLink Info: ETM fitted.
* JLink Info: FPUnit: 6 code (BP) slots and 2 literal slots
 
Target info:
------------
Device: LPC1752
VTarget = 3.319V
State of Pins: 
TCK: 1, TDI: 0, TDO: 1, TMS: 0, TRES: 1, TRST: 1
Hardware-Breakpoints: 6
Software-Breakpoints: 8192
Watchpoints:          4
JTAG speed: 2000 kHz
 
Full Chip Erase Done.
Programming Done.
Verify OK.
* JLink Info: Found Cortex-M3 r2p0, Little endian.
* JLink Info: TPIU fitted.
* JLink Info: ETM fitted.
* JLink Info: FPUnit: 6 code (BP) slots and 2 literal slots
Application running ...
Build target 'Target 1'
compiling w25q256.c...
..\dirvers\spi\w25q256\w25q256.c(50): warning:  #61-D: integer operation result is out of range
..\dirvers\spi\w25q256\w25q256.c(167): warning:  #550-D: variable "buf" was set but never used
..\dirvers\spi\w25q256\w25q256.c(475): warning:  #177-D: function "SPI_WR_HIGH" was declared but never referenced
..\dirvers\spi\w25q256\w25q256.c(487): warning:  #177-D: function "SPI_HOLD_LOW" was declared but never referenced
..\dirvers\spi\w25q256\w25q256.c(439): warning:  #177-D: function "Check_Flash_Busy" was declared but never referenced
linking...
Program Size: Code=9492 RO-data=752 RW-data=12 ZI-data=868  
"..\output\blackbox_1.0.axf" - 0 Error(s), 5 Warning(s).
Load "..\\output\\blackbox_1.0" 
* JLink Info: Device "LPC1752" selected (64 KB flash, 16 KB RAM).
Set JLink Project File to "E:\1blackbox\blackbox_1.0\prj\JLinkSettings.ini"
 
JLink info:
------------
DLL: V4.74a, compiled Jul 23 2013 08:47:58
Firmware: J-Link ARM V8 compiled Jul 17 2013 11:24:15
Hardware: V8.00
S/N : 99999994 
Feature(s) : RDI,FlashDL,FlashBP,JFlash,GDBFULL 
 
* JLink Info: TotalIRLen = 4, IRPrint = 0x01
* JLink Info: Found Cortex-M3 r2p0, Little endian.
* JLink Info: TPIU fitted.
* JLink Info: ETM fitted.
* JLink Info: FPUnit: 6 code (BP) slots and 2 literal slots
ROMTableAddr = 0xE00FF003
* JLink Info: Found Cortex-M3 r2p0, Little endian.
* JLink Info: TPIU fitted.
* JLink Info: ETM fitted.
* JLink Info: FPUnit: 6 code (BP) slots and 2 literal slots
 
Target info:
------------
Device: LPC1752
VTarget = 3.319V
State of Pins: 
TCK: 1, TDI: 0, TDO: 1, TMS: 0, TRES: 1, TRST: 1
Hardware-Breakpoints: 6
Software-Breakpoints: 8192
Watchpoints:          4
JTAG speed: 2000 kHz
 
Full Chip Erase Done.
Programming Done.
Verify OK.
* JLink Info: Found Cortex-M3 r2p0, Little endian.
* JLink Info: TPIU fitted.
* JLink Info: ETM fitted.
* JLink Info: FPUnit: 6 code (BP) slots and 2 literal slots
Application running ...
Build target 'Target 1'
linking...
Program Size: Code=9492 RO-data=752 RW-data=12 ZI-data=868  
"..\output\blackbox_1.0.axf" - 0 Error(s), 0 Warning(s).
Load "..\\output\\blackbox_1.0" 
* JLink Info: Device "LPC1752" selected (64 KB flash, 16 KB RAM).
Set JLink Project File to "E:\1blackbox\blackbox_1.0\prj\JLinkSettings.ini"
 
JLink info:
------------
DLL: V4.74a, compiled Jul 23 2013 08:47:58
Firmware: J-Link ARM V8 compiled Jul 17 2013 11:24:15
Hardware: V8.00
S/N : 99999994 
Feature(s) : RDI,FlashDL,FlashBP,JFlash,GDBFULL 
 
* JLink Info: TotalIRLen = 4, IRPrint = 0x01
* JLink Info: Found Cortex-M3 r2p0, Little endian.
* JLink Info: TPIU fitted.
* JLink Info: ETM fitted.
* JLink Info: FPUnit: 6 code (BP) slots and 2 literal slots
ROMTableAddr = 0xE00FF003
* JLink Info: Found Cortex-M3 r2p0, Little endian.
* JLink Info: TPIU fitted.
* JLink Info: ETM fitted.
* JLink Info: FPUnit: 6 code (BP) slots and 2 literal slots
 
Target info:
------------
Device: LPC1752
VTarget = 3.319V
State of Pins: 
TCK: 1, TDI: 0, TDO: 1, TMS: 0, TRES: 1, TRST: 1
Hardware-Breakpoints: 6
Software-Breakpoints: 8192
Watchpoints:          4
JTAG speed: 2000 kHz
 
Full Chip Erase Done.
Programming Done.
Verify OK.
* JLink Info: Found Cortex-M3 r2p0, Little endian.
* JLink Info: TPIU fitted.
* JLink Info: ETM fitted.
* JLink Info: FPUnit: 6 code (BP) slots and 2 literal slots
Application running ...
Load "..\\output\\blackbox_1.0" 
* JLink Info: Device "LPC1752" selected (64 KB flash, 16 KB RAM).
Set JLink Project File to "E:\1blackbox\blackbox_1.0\prj\JLinkSettings.ini"
 
JLink info:
------------
DLL: V4.74a, compiled Jul 23 2013 08:47:58
Firmware: J-Link ARM V8 compiled Jul 17 2013 11:24:15
Hardware: V8.00
S/N : 99999994 
Feature(s) : RDI,FlashDL,FlashBP,JFlash,GDBFULL 
 
* JLink Info: TotalIRLen = 4, IRPrint = 0x01
* JLink Info: Found Cortex-M3 r2p0, Little endian.
* JLink Info: TPIU fitted.
* JLink Info: ETM fitted.
* JLink Info: FPUnit: 6 code (BP) slots and 2 literal slots
ROMTableAddr = 0xE00FF003
* JLink Info: Found Cortex-M3 r2p0, Little endian.
* JLink Info: TPIU fitted.
* JLink Info: ETM fitted.
* JLink Info: FPUnit: 6 code (BP) slots and 2 literal slots
 
Target info:
------------
Device: LPC1752
VTarget = 3.319V
State of Pins: 
TCK: 1, TDI: 0, TDO: 1, TMS: 0, TRES: 1, TRST: 1
Hardware-Breakpoints: 6
Software-Breakpoints: 8192
Watchpoints:          4
JTAG speed: 2000 kHz
 
Full Chip Erase Done.
Programming Done.
Verify OK.
* JLink Info: Found Cortex-M3 r2p0, Little endian.
* JLink Info: TPIU fitted.
* JLink Info: ETM fitted.
* JLink Info: FPUnit: 6 code (BP) slots and 2 literal slots
Application running ...
Build target 'Target 1'
linking...
Program Size: Code=9492 RO-data=752 RW-data=12 ZI-data=868  
"..\output\blackbox_1.0.axf" - 0 Error(s), 0 Warning(s).
Build target 'Target 1'
compiling hardware_sets.c...
..\board\lpc1752\hardware_sets.c(91): warning:  #177-D: variable "deviceid" was declared but never referenced
linking...
Program Size: Code=9484 RO-data=752 RW-data=12 ZI-data=868  
"..\output\blackbox_1.0.axf" - 0 Error(s), 1 Warning(s).
Load "..\\output\\blackbox_1.0" 
* JLink Info: Device "LPC1752" selected (64 KB flash, 16 KB RAM).
Set JLink Project File to "E:\1blackbox\blackbox_1.0\prj\JLinkSettings.ini"
 
JLink info:
------------
DLL: V4.74a, compiled Jul 23 2013 08:47:58
Firmware: J-Link ARM V8 compiled Jul 17 2013 11:24:15
Hardware: V8.00
S/N : 99999994 
Feature(s) : RDI,FlashDL,FlashBP,JFlash,GDBFULL 
 
* JLink Info: TotalIRLen = 4, IRPrint = 0x01
* JLink Info: Found Cortex-M3 r2p0, Little endian.
* JLink Info: TPIU fitted.
* JLink Info: ETM fitted.
* JLink Info: FPUnit: 6 code (BP) slots and 2 literal slots
ROMTableAddr = 0xE00FF003
* JLink Info: Found Cortex-M3 r2p0, Little endian.
* JLink Info: TPIU fitted.
* JLink Info: ETM fitted.
* JLink Info: FPUnit: 6 code (BP) slots and 2 literal slots
 
Target info:
------------
Device: LPC1752
VTarget = 3.319V
State of Pins: 
TCK: 1, TDI: 0, TDO: 1, TMS: 0, TRES: 1, TRST: 1
Hardware-Breakpoints: 6
Software-Breakpoints: 8192
Watchpoints:          4
JTAG speed: 2000 kHz
 
Full Chip Erase Done.
Programming Done.
Verify OK.
* JLink Info: Found Cortex-M3 r2p0, Little endian.
* JLink Info: TPIU fitted.
* JLink Info: ETM fitted.
* JLink Info: FPUnit: 6 code (BP) slots and 2 literal slots
Application running ...
Build target 'Target 1'
linking...
Program Size: Code=9484 RO-data=752 RW-data=12 ZI-data=868  
"..\output\blackbox_1.0.axf" - 0 Error(s), 0 Warning(s).
Build target 'Target 1'
linking...
Program Size: Code=9484 RO-data=752 RW-data=12 ZI-data=868  
"..\output\blackbox_1.0.axf" - 0 Error(s), 0 Warning(s).
Build target 'Target 1'
linking...
Program Size: Code=9484 RO-data=752 RW-data=12 ZI-data=868  
"..\output\blackbox_1.0.axf" - 0 Error(s), 0 Warning(s).
Build target 'Target 1'
compiling main.c...
linking...
Program Size: Code=9484 RO-data=752 RW-data=12 ZI-data=868  
"..\output\blackbox_1.0.axf" - 0 Error(s), 0 Warning(s).
Build target 'Target 1'
compiling hardware_sets.c...
..\board\lpc1752\hardware_sets.c(91): warning:  #177-D: variable "deviceid" was declared but never referenced
linking...
Program Size: Code=9484 RO-data=752 RW-data=12 ZI-data=868  
"..\output\blackbox_1.0.axf" - 0 Error(s), 1 Warning(s).
Build target 'Target 1'
compiling w25q256.c...
..\dirvers\spi\w25q256\w25q256.c(50): warning:  #61-D: integer operation result is out of range
..\dirvers\spi\w25q256\w25q256.c(160): warning:  #550-D: variable "buf" was set but never used
..\dirvers\spi\w25q256\w25q256.c(468): warning:  #177-D: function "SPI_WR_HIGH" was declared but never referenced
..\dirvers\spi\w25q256\w25q256.c(480): warning:  #177-D: function "SPI_HOLD_LOW" was declared but never referenced
..\dirvers\spi\w25q256\w25q256.c(432): warning:  #177-D: function "Check_Flash_Busy" was declared but never referenced
linking...
Program Size: Code=9484 RO-data=752 RW-data=12 ZI-data=868  
"..\output\blackbox_1.0.axf" - 0 Error(s), 5 Warning(s).
Rebuild target 'Target 1'
assembling startup_LPC17xx.s...
compiling lcd_printf.c...
compiling system_LPC17xx.c...
compiling delay.c...
compiling led.c...
compiling uart_all.c...
compiling uart0.c...
compiling uart1.c...
compiling w25q256.c...
..\dirvers\spi\w25q256\w25q256.c(50): warning:  #61-D: integer operation result is out of range
..\dirvers\spi\w25q256\w25q256.c(160): warning:  #550-D: variable "buf" was set but never used
..\dirvers\spi\w25q256\w25q256.c(468): warning:  #177-D: function "SPI_WR_HIGH" was declared but never referenced
..\dirvers\spi\w25q256\w25q256.c(480): warning:  #177-D: function "SPI_HOLD_LOW" was declared but never referenced
..\dirvers\spi\w25q256\w25q256.c(432): warning:  #177-D: function "Check_Flash_Busy" was declared but never referenced
compiling main.c...
compiling hardware_sets.c...
..\board\lpc1752\hardware_sets.c(91): warning:  #177-D: variable "deviceid" was declared but never referenced
linking...
Program Size: Code=9484 RO-data=752 RW-data=12 ZI-data=868  
"..\output\blackbox_1.0.axf" - 0 Error(s), 6 Warning(s).
Build target 'Target 1'
compiling w25q256.c...
..\dirvers\spi\w25q256\w25q256.c(50): warning:  #61-D: integer operation result is out of range
..\dirvers\spi\w25q256\w25q256.c(160): warning:  #550-D: variable "buf" was set but never used
..\dirvers\spi\w25q256\w25q256.c(468): warning:  #177-D: function "SPI_WR_HIGH" was declared but never referenced
..\dirvers\spi\w25q256\w25q256.c(480): warning:  #177-D: function "SPI_HOLD_LOW" was declared but never referenced
..\dirvers\spi\w25q256\w25q256.c(432): warning:  #177-D: function "Check_Flash_Busy" was declared but never referenced
linking...
Program Size: Code=9484 RO-data=752 RW-data=12 ZI-data=868  
"..\output\blackbox_1.0.axf" - 0 Error(s), 5 Warning(s).
Build target 'Target 1'
compiling w25q256.c...
..\dirvers\spi\w25q256\w25q256.c(50): warning:  #61-D: integer operation result is out of range
..\dirvers\spi\w25q256\w25q256.c(160): warning:  #550-D: variable "buf" was set but never used
..\dirvers\spi\w25q256\w25q256.c(468): warning:  #177-D: function "SPI_WR_HIGH" was declared but never referenced
..\dirvers\spi\w25q256\w25q256.c(480): warning:  #177-D: function "SPI_HOLD_LOW" was declared but never referenced
linking...
Program Size: Code=9452 RO-data=752 RW-data=12 ZI-data=868  
"..\output\blackbox_1.0.axf" - 0 Error(s), 4 Warning(s).
Build target 'Target 1'
compiling w25q256.c...
..\dirvers\spi\w25q256\w25q256.c(160): warning:  #550-D: variable "buf" was set but never used
..\dirvers\spi\w25q256\w25q256.c(468): warning:  #177-D: function "SPI_WR_HIGH" was declared but never referenced
..\dirvers\spi\w25q256\w25q256.c(480): warning:  #177-D: function "SPI_HOLD_LOW" was declared but never referenced
linking...
Program Size: Code=9452 RO-data=752 RW-data=12 ZI-data=868  
"..\output\blackbox_1.0.axf" - 0 Error(s), 3 Warning(s).
Build target 'Target 1'
compiling w25q256.c...
..\dirvers\spi\w25q256\w25q256.c(468): warning:  #177-D: function "SPI_WR_HIGH" was declared but never referenced
..\dirvers\spi\w25q256\w25q256.c(480): warning:  #177-D: function "SPI_HOLD_LOW" was declared but never referenced
linking...
Program Size: Code=9452 RO-data=752 RW-data=12 ZI-data=868  
"..\output\blackbox_1.0.axf" - 0 Error(s), 2 Warning(s).
Build target 'Target 1'
compiling w25q256.c...
..\include\drivers\w25q256.h(187): error:  #114: function "SPI_WR_LOW" was referenced but not defined
..\dirvers\spi\w25q256\w25q256.c(480): warning:  #177-D: function "SPI_HOLD_LOW" was declared but never referenced
Target not created
Build target 'Target 1'
compiling w25q256.c...
..\dirvers\spi\w25q256\w25q256.c(468): warning:  #177-D: function "SPI_WR_HIGH" was declared but never referenced
..\dirvers\spi\w25q256\w25q256.c(480): warning:  #177-D: function "SPI_HOLD_LOW" was declared but never referenced
linking...
Program Size: Code=9452 RO-data=752 RW-data=12 ZI-data=868  
"..\output\blackbox_1.0.axf" - 0 Error(s), 2 Warning(s).
Build target 'Target 1'
compiling w25q256.c...
..\dirvers\spi\w25q256\w25q256.c(58): warning:  #223-D: function "SPI_WR_HIGHT" declared implicitly
..\dirvers\spi\w25q256\w25q256.c(469): warning:  #177-D: function "SPI_WR_HIGH" was declared but never referenced
..\dirvers\spi\w25q256\w25q256.c(481): warning:  #177-D: function "SPI_HOLD_LOW" was declared but never referenced
linking...
..\output\blackbox_1.0.axf: Error: L6218E: Undefined symbol SPI_WR_HIGHT (referred from w25q256.o).
Target not created
Build target 'Target 1'
compiling w25q256.c...
..\dirvers\spi\w25q256\w25q256.c(481): warning:  #177-D: function "SPI_HOLD_LOW" was declared but never referenced
linking...
Program Size: Code=9456 RO-data=752 RW-data=12 ZI-data=868  
"..\output\blackbox_1.0.axf" - 0 Error(s), 1 Warning(s).
Build target 'Target 1'
compiling w25q256.c...
linking...
Program Size: Code=9460 RO-data=752 RW-data=12 ZI-data=868  
"..\output\blackbox_1.0.axf" - 0 Error(s), 0 Warning(s).
Load "..\\output\\blackbox_1.0" 
_____^
*** error 56: cannot open file
Load "..\\output\\blackbox_1.0" 
_____^
*** error 56: cannot open file
Build target 'Target 1'
linking...
Program Size: Code=9460 RO-data=752 RW-data=12 ZI-data=868  
"..\output\blackbox_1.0.axf" - 0 Error(s), 0 Warning(s).
Load "..\\output\\blackbox_1.0" 
_____^
*** error 56: cannot open file
Rebuild target 'Target 1'
assembling startup_LPC17xx.s...
compiling lcd_printf.c...
compiling system_LPC17xx.c...
compiling delay.c...
compiling led.c...
compiling uart_all.c...
compiling uart0.c...
compiling uart1.c...
compiling w25q256.c...
compiling main.c...
compiling hardware_sets.c...
..\board\lpc1752\hardware_sets.c(91): warning:  #177-D: variable "deviceid" was declared but never referenced
linking...
Program Size: Code=9460 RO-data=752 RW-data=12 ZI-data=868  
"..\output\blackbox_1.0.axf" - 0 Error(s), 1 Warning(s).
Build target 'Target 1'
compiling hardware_sets.c...
linking...
Program Size: Code=9460 RO-data=752 RW-data=12 ZI-data=868  
"..\output\blackbox_1.0.axf" - 0 Error(s), 0 Warning(s).
Load "..\\output\\blackbox_1.0" 
_____^
*** error 56: cannot open file
Build target 'Target 1'
linking...
Program Size: Code=9460 RO-data=752 RW-data=12 ZI-data=868  
"..\output\blackbox_1.0.axf" - 0 Error(s), 0 Warning(s).
Load "..\\output\\blackbox_1.0" 
_____^
*** error 56: cannot open file
Build target 'Target 1'
linking...
Program Size: Code=9460 RO-data=752 RW-data=12 ZI-data=868  
"..\output\blackbox_1.0.axf" - 0 Error(s), 0 Warning(s).
Rebuild target 'Target 1'
assembling startup_LPC17xx.s...
compiling lcd_printf.c...
compiling system_LPC17xx.c...
compiling delay.c...
compiling led.c...
compiling uart_all.c...
compiling uart0.c...
compiling uart1.c...
compiling w25q256.c...
compiling main.c...
compiling hardware_sets.c...
linking...
Program Size: Code=9460 RO-data=752 RW-data=12 ZI-data=868  
"..\output\blackbox_1.0.axf" - 0 Error(s), 0 Warning(s).
Load "..\\output\\blackbox_1.0" 
_____^
*** error 56: cannot open file
Rebuild target 'Target 1'
assembling startup_LPC17xx.s...
compiling lcd_printf.c...
compiling system_LPC17xx.c...
compiling delay.c...
compiling led.c...
compiling uart_all.c...
compiling uart0.c...
compiling uart1.c...
compiling w25q256.c...
compiling main.c...
compiling hardware_sets.c...
linking...
Program Size: Code=9460 RO-data=752 RW-data=12 ZI-data=868  
"..\output\blackbox_1.0.axf" - 0 Error(s), 0 Warning(s).
Load "..\\output\\blackbox_1.0" 
_____^
*** error 56: cannot open file
Build target 'Target 1'
linking...
Program Size: Code=9460 RO-data=752 RW-data=12 ZI-data=868  
"..\output\blackbox_1.0.axf" - 0 Error(s), 0 Warning(s).
Load "..\\output\\blackbox_1.0" 
_____^
*** error 56: cannot open file
Load "..\\output\\blackbox_1.0" 
_____^
*** error 56: cannot open file
Load "..\\output\\blackbox_1.0" 
* JLink Info: Device "LPC1752" selected (64 KB flash, 16 KB RAM).
Set JLink Project File to "E:\1blackbox\blackbox_1.0\prj\JLinkSettings.ini"
 
JLink info:
------------
DLL: V4.74a, compiled Jul 23 2013 08:47:58
Firmware: J-Link ARM V8 compiled Jul 17 2013 11:24:15
Hardware: V8.00
S/N : 99999994 
Feature(s) : RDI,FlashDL,FlashBP,JFlash,GDBFULL 
 
* JLink Info: TotalIRLen = 4, IRPrint = 0x01
* JLink Info: Found Cortex-M3 r2p0, Little endian.
* JLink Info: TPIU fitted.
* JLink Info: ETM fitted.
* JLink Info: FPUnit: 6 code (BP) slots and 2 literal slots
ROMTableAddr = 0xE00FF003
* JLink Info: Found Cortex-M3 r2p0, Little endian.
* JLink Info: TPIU fitted.
* JLink Info: ETM fitted.
* JLink Info: FPUnit: 6 code (BP) slots and 2 literal slots
 
Target info:
------------
Device: LPC1752
VTarget = 3.319V
State of Pins: 
TCK: 1, TDI: 0, TDO: 1, TMS: 0, TRES: 1, TRST: 1
Hardware-Breakpoints: 6
Software-Breakpoints: 8192
Watchpoints:          4
JTAG speed: 100 kHz
 
Full Chip Erase Done.
Programming Done.
Verify OK.
* JLink Info: Found Cortex-M3 r2p0, Little endian.
* JLink Info: TPIU fitted.
* JLink Info: ETM fitted.
* JLink Info: FPUnit: 6 code (BP) slots and 2 literal slots
Application running ...
Build target 'Target 1'
linking...
Program Size: Code=9460 RO-data=752 RW-data=12 ZI-data=868  
"..\output\blackbox_1.0.axf" - 0 Error(s), 0 Warning(s).
Load "..\\output\\blackbox_1.0" 
* JLink Info: Device "LPC1752" selected (64 KB flash, 16 KB RAM).
Set JLink Project File to "E:\1blackbox\blackbox_1.0\prj\JLinkSettings.ini"
 
JLink info:
------------
DLL: V4.74a, compiled Jul 23 2013 08:47:58
Firmware: J-Link ARM V8 compiled Jul 17 2013 11:24:15
Hardware: V8.00
S/N : 99999994 
Feature(s) : RDI,FlashDL,FlashBP,JFlash,GDBFULL 
 
* JLink Info: TotalIRLen = 4, IRPrint = 0x01
* JLink Info: Found Cortex-M3 r2p0, Little endian.
* JLink Info: TPIU fitted.
* JLink Info: ETM fitted.
* JLink Info: FPUnit: 6 code (BP) slots and 2 literal slots
ROMTableAddr = 0xE00FF003
* JLink Info: Found Cortex-M3 r2p0, Little endian.
* JLink Info: TPIU fitted.
* JLink Info: ETM fitted.
* JLink Info: FPUnit: 6 code (BP) slots and 2 literal slots
 
Target info:
------------
Device: LPC1752
VTarget = 3.319V
State of Pins: 
TCK: 1, TDI: 0, TDO: 1, TMS: 0, TRES: 1, TRST: 1
Hardware-Breakpoints: 6
Software-Breakpoints: 8192
Watchpoints:          4
JTAG speed: 100 kHz
 
Full Chip Erase Done.
Programming Done.
Verify OK.
* JLink Info: Found Cortex-M3 r2p0, Little endian.
* JLink Info: TPIU fitted.
* JLink Info: ETM fitted.
* JLink Info: FPUnit: 6 code (BP) slots and 2 literal slots
Application running ...
Build target 'Target 1'
linking...
Program Size: Code=9460 RO-data=752 RW-data=12 ZI-data=868  
"..\output\blackbox_1.0.axf" - 0 Error(s), 0 Warning(s).
Load "..\\output\\blackbox_1.0" 
_____^
*** error 56: cannot open file
Build target 'Target 1'
compiling w25q256.c...
linking...
Program Size: Code=9460 RO-data=752 RW-data=12 ZI-data=868  
"..\output\blackbox_1.0.axf" - 0 Error(s), 0 Warning(s).
Load "..\\output\\blackbox_1.0" 
_____^
*** error 56: cannot open file
Load "..\\output\\blackbox_1.0" 
_____^
*** error 56: cannot open file
compiling w25q256.c...
..\dirvers\spi\w25q256\w25q256.c - 0 Error(s), 0 Warning(s).
Build target 'Target 1'
linking...
Program Size: Code=9460 RO-data=752 RW-data=12 ZI-data=868  
"..\output\blackbox.axf" - 0 Error(s), 0 Warning(s).
Load "..\\output\\blackbox.AXF" 
* JLink Info: Device "LPC1752" selected (64 KB flash, 16 KB RAM).
Set JLink Project File to "E:\1blackbox\blackbox_1.0\prj\JLinkSettings.ini"
 
JLink info:
------------
DLL: V4.74a, compiled Jul 23 2013 08:47:58
Firmware: J-Link ARM V8 compiled Jul 17 2013 11:24:15
Hardware: V8.00
S/N : 99999994 
Feature(s) : RDI,FlashDL,FlashBP,JFlash,GDBFULL 
 
* JLink Info: TotalIRLen = 4, IRPrint = 0x01
* JLink Info: Found Cortex-M3 r2p0, Little endian.
* JLink Info: TPIU fitted.
* JLink Info: ETM fitted.
* JLink Info: FPUnit: 6 code (BP) slots and 2 literal slots
ROMTableAddr = 0xE00FF003
* JLink Info: Found Cortex-M3 r2p0, Little endian.
* JLink Info: TPIU fitted.
* JLink Info: ETM fitted.
* JLink Info: FPUnit: 6 code (BP) slots and 2 literal slots
 
Target info:
------------
Device: LPC1752
VTarget = 3.319V
State of Pins: 
TCK: 1, TDI: 0, TDO: 1, TMS: 0, TRES: 1, TRST: 1
Hardware-Breakpoints: 6
Software-Breakpoints: 8192
Watchpoints:          4
JTAG speed: 100 kHz
 
Full Chip Erase Done.
Programming Done.
Verify OK.
* JLink Info: Found Cortex-M3 r2p0, Little endian.
* JLink Info: TPIU fitted.
* JLink Info: ETM fitted.
* JLink Info: FPUnit: 6 code (BP) slots and 2 literal slots
Application running ...
Build target 'Target 1'
compiling w25q256.c...
linking...
Program Size: Code=9460 RO-data=752 RW-data=12 ZI-data=868  
"..\output\blackbox.axf" - 0 Error(s), 0 Warning(s).
Load "..\\output\\blackbox.AXF" 
* JLink Info: Device "LPC1752" selected (64 KB flash, 16 KB RAM).
Set JLink Project File to "E:\1blackbox\blackbox_1.0\prj\JLinkSettings.ini"
 
JLink info:
------------
DLL: V4.74a, compiled Jul 23 2013 08:47:58
Firmware: J-Link ARM V8 compiled Jul 17 2013 11:24:15
Hardware: V8.00
S/N : 99999994 
Feature(s) : RDI,FlashDL,FlashBP,JFlash,GDBFULL 
 
* JLink Info: TotalIRLen = 4, IRPrint = 0x01
* JLink Info: Found Cortex-M3 r2p0, Little endian.
* JLink Info: TPIU fitted.
* JLink Info: ETM fitted.
* JLink Info: FPUnit: 6 code (BP) slots and 2 literal slots
ROMTableAddr = 0xE00FF003
* JLink Info: Found Cortex-M3 r2p0, Little endian.
* JLink Info: TPIU fitted.
* JLink Info: ETM fitted.
* JLink Info: FPUnit: 6 code (BP) slots and 2 literal slots
 
Target info:
------------
Device: LPC1752
VTarget = 3.319V
State of Pins: 
TCK: 1, TDI: 0, TDO: 1, TMS: 0, TRES: 1, TRST: 1
Hardware-Breakpoints: 6
Software-Breakpoints: 8192
Watchpoints:          4
JTAG speed: 100 kHz
 
Full Chip Erase Done.
Programming Done.
Verify OK.
* JLink Info: Found Cortex-M3 r2p0, Little endian.
* JLink Info: TPIU fitted.
* JLink Info: ETM fitted.
* JLink Info: FPUnit: 6 code (BP) slots and 2 literal slots
Application running ...
Build target 'Target 1'
compiling w25q256.c...
linking...
Program Size: Code=9464 RO-data=752 RW-data=12 ZI-data=868  
"..\output\blackbox.axf" - 0 Error(s), 0 Warning(s).
Build target 'Target 1'
compiling w25q256.c...
linking...
Program Size: Code=9456 RO-data=752 RW-data=12 ZI-data=868  
"..\output\blackbox.axf" - 0 Error(s), 0 Warning(s).
Load "..\\output\\blackbox.AXF" 
* JLink Info: Device "LPC1752" selected (64 KB flash, 16 KB RAM).
Set JLink Project File to "E:\1blackbox\blackbox_1.0\prj\JLinkSettings.ini"
 
JLink info:
------------
DLL: V4.74a, compiled Jul 23 2013 08:47:58
Firmware: J-Link ARM V8 compiled Jul 17 2013 11:24:15
Hardware: V8.00
S/N : 99999994 
Feature(s) : RDI,FlashDL,FlashBP,JFlash,GDBFULL 
 
* JLink Info: TotalIRLen = 4, IRPrint = 0x01
* JLink Info: Found Cortex-M3 r2p0, Little endian.
* JLink Info: TPIU fitted.
* JLink Info: ETM fitted.
* JLink Info: FPUnit: 6 code (BP) slots and 2 literal slots
ROMTableAddr = 0xE00FF003
* JLink Info: Found Cortex-M3 r2p0, Little endian.
* JLink Info: TPIU fitted.
* JLink Info: ETM fitted.
* JLink Info: FPUnit: 6 code (BP) slots and 2 literal slots
 
Target info:
------------
Device: LPC1752
VTarget = 3.319V
State of Pins: 
TCK: 1, TDI: 0, TDO: 1, TMS: 0, TRES: 1, TRST: 1
Hardware-Breakpoints: 6
Software-Breakpoints: 8192
Watchpoints:          4
JTAG speed: 100 kHz
 
Full Chip Erase Done.
Programming Done.
Verify OK.
* JLink Info: Found Cortex-M3 r2p0, Little endian.
* JLink Info: TPIU fitted.
* JLink Info: ETM fitted.
* JLink Info: FPUnit: 6 code (BP) slots and 2 literal slots
Application running ...
Build target 'Target 1'
compiling lcd_printf.c...
linking...
Program Size: Code=3708 RO-data=236 RW-data=12 ZI-data=612  
"..\output\blackbox.axf" - 0 Error(s), 0 Warning(s).
Load "..\\output\\blackbox.AXF" 
* JLink Info: Device "LPC1752" selected (64 KB flash, 16 KB RAM).
Set JLink Project File to "E:\1blackbox\blackbox_1.0\prj\JLinkSettings.ini"
 
JLink info:
------------
DLL: V4.74a, compiled Jul 23 2013 08:47:58
Firmware: J-Link ARM V8 compiled Jul 17 2013 11:24:15
Hardware: V8.00
S/N : 99999994 
Feature(s) : RDI,FlashDL,FlashBP,JFlash,GDBFULL 
 
* JLink Info: TotalIRLen = 4, IRPrint = 0x01
* JLink Info: Found Cortex-M3 r2p0, Little endian.
* JLink Info: TPIU fitted.
* JLink Info: ETM fitted.
* JLink Info: FPUnit: 6 code (BP) slots and 2 literal slots
ROMTableAddr = 0xE00FF003
* JLink Info: Found Cortex-M3 r2p0, Little endian.
* JLink Info: TPIU fitted.
* JLink Info: ETM fitted.
* JLink Info: FPUnit: 6 code (BP) slots and 2 literal slots
 
Target info:
------------
Device: LPC1752
VTarget = 3.319V
State of Pins: 
TCK: 1, TDI: 0, TDO: 1, TMS: 0, TRES: 1, TRST: 1
Hardware-Breakpoints: 6
Software-Breakpoints: 8192
Watchpoints:          4
JTAG speed: 100 kHz
 
Full Chip Erase Done.
Programming Done.
Verify OK.
* JLink Info: Found Cortex-M3 r2p0, Little endian.
* JLink Info: TPIU fitted.
* JLink Info: ETM fitted.
* JLink Info: FPUnit: 6 code (BP) slots and 2 literal slots
Application running ...
Build target 'Target 1'
linking...
Program Size: Code=3708 RO-data=236 RW-data=12 ZI-data=612  
"..\output\blackbox.axf" - 0 Error(s), 0 Warning(s).
Build target 'Target 1'
compiling w25q256.c...
linking...
Program Size: Code=3708 RO-data=236 RW-data=12 ZI-data=612  
"..\output\blackbox.axf" - 0 Error(s), 0 Warning(s).
* JLink Info: Device "LPC1752" selected (64 KB flash, 16 KB RAM).
Set JLink Project File to "E:\1blackbox\blackbox_1.0\prj\JLinkSettings.ini"
 
JLink info:
------------
DLL: V4.74a, compiled Jul 23 2013 08:47:58
Firmware: J-Link ARM V8 compiled Jul 17 2013 11:24:15
Hardware: V8.00
S/N : 99999994 
Feature(s) : RDI,FlashDL,FlashBP,JFlash,GDBFULL 
 
* JLink Info: TotalIRLen = 4, IRPrint = 0x01
* JLink Info: Found Cortex-M3 r2p0, Little endian.
* JLink Info: TPIU fitted.
* JLink Info: ETM fitted.
* JLink Info: FPUnit: 6 code (BP) slots and 2 literal slots
ROMTableAddr = 0xE00FF003
* JLink Info: Found Cortex-M3 r2p0, Little endian.
* JLink Info: TPIU fitted.
* JLink Info: ETM fitted.
* JLink Info: FPUnit: 6 code (BP) slots and 2 literal slots
 
Target info:
------------
Device: LPC1752
VTarget = 3.319V
State of Pins: 
TCK: 1, TDI: 0, TDO: 1, TMS: 0, TRES: 1, TRST: 1
Hardware-Breakpoints: 6
Software-Breakpoints: 8192
Watchpoints:          4
JTAG speed: 100 kHz
 
Full Chip Erase Done.
Build target 'Target 1'
compiling w25q256.c...
linking...
Program Size: Code=3720 RO-data=236 RW-data=12 ZI-data=612  
"..\output\blackbox.axf" - 0 Error(s), 0 Warning(s).
Load "..\\output\\blackbox.AXF" 
* JLink Info: Device "LPC1752" selected (64 KB flash, 16 KB RAM).
Set JLink Project File to "E:\1blackbox\blackbox_1.0\prj\JLinkSettings.ini"
 
JLink info:
------------
DLL: V4.74a, compiled Jul 23 2013 08:47:58
Firmware: J-Link ARM V8 compiled Jul 17 2013 11:24:15
Hardware: V8.00
S/N : 99999994 
Feature(s) : RDI,FlashDL,FlashBP,JFlash,GDBFULL 
 
* JLink Info: TotalIRLen = 4, IRPrint = 0x01
* JLink Info: Found Cortex-M3 r2p0, Little endian.
* JLink Info: TPIU fitted.
* JLink Info: ETM fitted.
* JLink Info: FPUnit: 6 code (BP) slots and 2 literal slots
ROMTableAddr = 0xE00FF003
* JLink Info: Found Cortex-M3 r2p0, Little endian.
* JLink Info: TPIU fitted.
* JLink Info: ETM fitted.
* JLink Info: FPUnit: 6 code (BP) slots and 2 literal slots
 
Target info:
------------
Device: LPC1752
VTarget = 3.319V
State of Pins: 
TCK: 1, TDI: 0, TDO: 1, TMS: 0, TRES: 1, TRST: 1
Hardware-Breakpoints: 6
Software-Breakpoints: 8192
Watchpoints:          4
JTAG speed: 100 kHz
 
Full Chip Erase Done.
Programming Done.
Verify OK.
* JLink Info: Found Cortex-M3 r2p0, Little endian.
* JLink Info: TPIU fitted.
* JLink Info: ETM fitted.
* JLink Info: FPUnit: 6 code (BP) slots and 2 literal slots
Application running ...
Build target 'Target 1'
linking...
Program Size: Code=3720 RO-data=236 RW-data=12 ZI-data=612  
"..\output\blackbox.axf" - 0 Error(s), 0 Warning(s).
Build target 'Target 1'
compiling w25q256.c...
linking...
Program Size: Code=3720 RO-data=236 RW-data=12 ZI-data=612  
"..\output\blackbox.axf" - 0 Error(s), 0 Warning(s).
Load "..\\output\\blackbox.AXF" 
* JLink Info: Device "LPC1752" selected (64 KB flash, 16 KB RAM).
Set JLink Project File to "E:\1blackbox\blackbox_1.0\prj\JLinkSettings.ini"
 
JLink info:
------------
DLL: V4.74a, compiled Jul 23 2013 08:47:58
Firmware: J-Link ARM V8 compiled Jul 17 2013 11:24:15
Hardware: V8.00
S/N : 99999994 
Feature(s) : RDI,FlashDL,FlashBP,JFlash,GDBFULL 
 
* JLink Info: TotalIRLen = 4, IRPrint = 0x01
* JLink Info: Found Cortex-M3 r2p0, Little endian.
* JLink Info: TPIU fitted.
* JLink Info: ETM fitted.
* JLink Info: FPUnit: 6 code (BP) slots and 2 literal slots
ROMTableAddr = 0xE00FF003
* JLink Info: Found Cortex-M3 r2p0, Little endian.
* JLink Info: TPIU fitted.
* JLink Info: ETM fitted.
* JLink Info: FPUnit: 6 code (BP) slots and 2 literal slots
 
Target info:
------------
Device: LPC1752
VTarget = 3.319V
State of Pins: 
TCK: 1, TDI: 0, TDO: 1, TMS: 0, TRES: 1, TRST: 1
Hardware-Breakpoints: 6
Software-Breakpoints: 8192
Watchpoints:          4
JTAG speed: 100 kHz
 
Full Chip Erase Done.
Programming Done.
Verify OK.
* JLink Info: Found Cortex-M3 r2p0, Little endian.
* JLink Info: TPIU fitted.
* JLink Info: ETM fitted.
* JLink Info: FPUnit: 6 code (BP) slots and 2 literal slots
Application running ...
Build target 'Target 1'
compiling w25q256.c...
linking...
Program Size: Code=3720 RO-data=236 RW-data=12 ZI-data=612  
"..\output\blackbox.axf" - 0 Error(s), 0 Warning(s).
Load "..\\output\\blackbox.AXF" 
* JLink Info: Device "LPC1752" selected (64 KB flash, 16 KB RAM).
Set JLink Project File to "E:\1blackbox\blackbox_1.0\prj\JLinkSettings.ini"
 
JLink info:
------------
DLL: V4.74a, compiled Jul 23 2013 08:47:58
Firmware: J-Link ARM V8 compiled Jul 17 2013 11:24:15
Hardware: V8.00
S/N : 99999994 
Feature(s) : RDI,FlashDL,FlashBP,JFlash,GDBFULL 
 
* JLink Info: TotalIRLen = 4, IRPrint = 0x01
* JLink Info: Found Cortex-M3 r2p0, Little endian.
* JLink Info: TPIU fitted.
* JLink Info: ETM fitted.
* JLink Info: FPUnit: 6 code (BP) slots and 2 literal slots
ROMTableAddr = 0xE00FF003
* JLink Info: Found Cortex-M3 r2p0, Little endian.
* JLink Info: TPIU fitted.
* JLink Info: ETM fitted.
* JLink Info: FPUnit: 6 code (BP) slots and 2 literal slots
 
Target info:
------------
Device: LPC1752
VTarget = 3.319V
State of Pins: 
TCK: 1, TDI: 0, TDO: 1, TMS: 0, TRES: 1, TRST: 1
Hardware-Breakpoints: 6
Software-Breakpoints: 8192
Watchpoints:          4
JTAG speed: 100 kHz
 
Full Chip Erase Done.
Programming Done.
Verify OK.
* JLink Info: Found Cortex-M3 r2p0, Little endian.
* JLink Info: TPIU fitted.
* JLink Info: ETM fitted.
* JLink Info: FPUnit: 6 code (BP) slots and 2 literal slots
Application running ...
Build target 'Target 1'
compiling w25q256.c...
linking...
Program Size: Code=3708 RO-data=236 RW-data=12 ZI-data=612  
"..\output\blackbox.axf" - 0 Error(s), 0 Warning(s).
