<html>
<body>
<pre>
<h1>µVision Build Log</h1>
<h2>Project:</h2>
E:\1blackbox\blackbox_1.0\prj\blackbox_1.0.uvproj
Project File Date:  03/21/2014

<h2>Output:</h2>
Build target 'Target 1'
linking...
Program Size: Code=9596 RO-data=752 RW-data=12 ZI-data=868  
"..\output\blackbox.axf" - 0 Error(s), 0 Warning(s).
Load "..\\output\\blackbox.AXF" 
* JLink Info: Device "LPC1752" selected (64 KB flash, 16 KB RAM).
Set JLink Project File to "E:\1blackbox\blackbox_1.0\prj\JLinkSettings.ini"
 
JLink info:
------------
DLL: V4.74a, compiled Jul 23 2013 08:47:58
Firmware: J-Link ARM V8 compiled Jul 17 2013 11:24:15
Hardware: V8.00
S/N : 99999994 
Feature(s) : RDI,FlashDL,FlashBP,JFlash,GDBFULL 
 
***JLink Error: Supply voltage too low (1 Volt is required, Measured: 0.0 Volt).
Please check target power.
