ARM Linker, 4.1 [Build 894] [Professional]

==============================================================================

Section Cross References

    main.o(.text) refers to zy_if.o(.text) for zyIsrSet
    main.o(.text) refers to usbdevdriver.o(.text) for usbDevInit
    main.o(.text) refers to zy_if.o(.emb_text) for zyIrqDisable
    main.o(.text) refers to usbdevci.o(.text) for usbDevWriteEndpoint
    main.o(.text) refers to target.o(.text) for targetInit
    main.o(.text) refers to usbdevdriver.o(.data) for bEPPflags
    main.o(.text) refers to usbdevdriver.o(.bss) for GenEpBuf
    target.o(.text) refers to zy_if.o(.emb_text) for zyIrqDisable
    target.o(.text) refers to zy_if.o(.text) for zyIfInit
    target.o(.text) refers to vector_table.o(.constdata) for __GpvVectorTable
    vector_table.o(.constdata) refers to __main.o(!!!main) for __main
    vector_table.o(.constdata) refers to target.o(.text) for defaultVectorHandle
    vector_table.o(.constdata) refers to usbdevdriver.o(.text) for usbDevException
    zy_if.o(.text) refers to zy_if.o(.emb_text) for zyIrqDisable
    zy_if.o(.text) refers to h1_alloc.o(.text) for malloc
    zy_if.o(.text) refers to h1_free.o(.text) for free
    rt_sys_s.o(rt_sys) refers (Special) to use_no_semi.o(.text) for __use_no_semihosting_swi
    rt_sys_s.o(rt_sys) refers to rt_sys_s.o(Heap) for bottom_of_heap
    rt_sys_s.o(Heap) refers (Special) to use_no_semi.o(.text) for __use_no_semihosting_swi
    rt_sys_c.o(.text) refers (Special) to use_no_semi.o(.text) for __use_no_semihosting_swi
    rt_sys_c.o(.text) refers to mktime.o(.text) for mktime
    usbdevdriver.o(.text) refers to usbdevci.o(.text) for __usbDevConfigMaxPaketSize
    usbdevdriver.o(.text) refers to usbdevprotocol.o(.text) for __usbDevEp0RxDone
    usbdevdriver.o(.text) refers to usbdevhal.o(.text) for __usbDevIntConfig
    usbdevdriver.o(.text) refers to zy_if.o(.emb_text) for zyIrqDisable
    usbdevdriver.o(.text) refers to usbdevdriver.o(.bss) for GenEpBuf
    usbdevdriver.o(.text) refers to usbdevdriver.o(.data) for bEPPflags
    usbdevhal.o(.text) refers to zy_if.o(.emb_text) for zyIrqDisable
    usbdevprotocol.o(.text) refers to usbdevci.o(.text) for __usbDevSetEndpointStatus
    usbdevprotocol.o(.text) refers to zy_if.o(.emb_text) for zyIrqDisable
    usbdevprotocol.o(.text) refers to usbdevprotocol.o(.bss) for ControlData
    usbdevprotocol.o(.text) refers to usbdevdriver.o(.data) for bEPPflags
    usbdevprotocol.o(.text) refers to usbdevdescriptor.o(.constdata) for DeviceDescr
    usbdevprotocol.o(.text) refers to usbdevprotocol.o(.data) for StandardDeviceRequest
    usbdevprotocol.o(.data) refers to usbdevprotocol.o(.text) for __usbDevGetStatus
    malloc.o(.text) refers (Special) to hguard.o(.text) for __heap$guard
    malloc.o(.text) refers (Special) to init_alloc.o(.text) for _init_alloc
    malloc.o(.text) refers to rt_heap_descriptor_intlibspace.o(.text) for __rt_heap_descriptor
    malloc.o(.text) refers to heapstubs.o(.text) for __Heap_Alloc
    free.o(.text) refers (Special) to hguard.o(.text) for __heap$guard
    free.o(.text) refers to rt_heap_descriptor_intlibspace.o(.text) for __rt_heap_descriptor
    free.o(.text) refers to heapstubs.o(.text) for __Heap_Free
    h1_alloc.o(.text) refers (Special) to h1_init.o(.text) for __Heap_Initialize
    h1_alloc.o(.text) refers to rt_heap_descriptor_intlibspace.o(.text) for __rt_heap_descriptor
    h1_alloc.o(.text) refers to init_alloc.o(.text) for __Heap_Full
    h1_free.o(.text) refers to rt_heap_descriptor_intlibspace.o(.text) for __rt_heap_descriptor
    h1_alloc_mt.o(.text) refers (Special) to h1_init.o(.text) for __Heap_Initialize
    h1_alloc_mt.o(.text) refers to init_alloc.o(.text) for __Heap_Full
    h1_alloc_mt.o(.text) refers to rt_heap_descriptor_intlibspace.o(.text) for __rt_heap_descriptor
    h1_free_mt.o(.text) refers to rt_heap_descriptor_intlibspace.o(.text) for __rt_heap_descriptor
    heap2.o(i._FDIterate) refers to heap2.o(.constdata) for .constdata
    heap2.o(i.___Heap_ProvideMemory$realtime) refers to fdtree.o(i._FDTree_Delete) for _FDTree_Delete
    heap2.o(i.___Heap_ProvideMemory$realtime) refers to fdtree.o(i._FDTree_Insert) for _FDTree_Insert
    heap2.o(i.___Heap_Stats$realtime) refers to heap2.o(i._Heap2_StatsIterate) for _Heap2_StatsIterate
    heap2.o(i.___Heap_Valid$realtime) refers to heap2.o(i._FDIterate) for _FDIterate
    heap2.o(i.___Heap_Valid$realtime) refers to heap2.o(.constdata) for .constdata
    heap2.o(i._free$realtime) refers to rt_heap_descriptor_intlibspace.o(.text) for __rt_heap_descriptor
    heap2.o(i._free$realtime) refers to fdtree.o(i._FDTree_Delete) for _FDTree_Delete
    heap2.o(i._free$realtime) refers to fdtree.o(i._FDTree_Insert) for _FDTree_Insert
    heap2.o(i._malloc$realtime) refers to rt_heap_descriptor_intlibspace.o(.text) for __rt_heap_descriptor
    heap2.o(i._malloc$realtime) refers to fdtree.o(i._FDTree_FindFirst) for _FDTree_FindFirst
    heap2.o(i._malloc$realtime) refers to init_alloc.o(.text) for __Heap_Full
    heap2.o(i._malloc$realtime) refers to fdtree.o(i._FDTree_RemoveNode) for _FDTree_RemoveNode
    heap2.o(i._malloc$realtime) refers to fdtree.o(i._FDTree_Insert) for _FDTree_Insert
    heap2.o(i._posix_memalign$realtime) refers to rt_heap_descriptor_intlibspace.o(.text) for __rt_heap_descriptor
    heap2.o(i._posix_memalign$realtime) refers to fdtree.o(i._FDTree_FindFirst) for _FDTree_FindFirst
    heap2.o(i._posix_memalign$realtime) refers to init_alloc.o(.text) for __Heap_Full
    heap2.o(i._posix_memalign$realtime) refers to fdtree.o(i._FDTree_RemoveNode) for _FDTree_RemoveNode
    heap2.o(i._posix_memalign$realtime) refers to fdtree.o(i._FDTree_Insert) for _FDTree_Insert
    heap2.o(i._realloc$realtime) refers to rt_heap_descriptor_intlibspace.o(.text) for __rt_heap_descriptor
    heap2.o(i._realloc$realtime) refers to h1_free.o(.text) for free
    heap2.o(i._realloc$realtime) refers to h1_alloc.o(.text) for malloc
    heap2.o(i._realloc$realtime) refers to fdtree.o(i._FDTree_Delete) for _FDTree_Delete
    heap2.o(i._realloc$realtime) refers to fdtree.o(i._FDTree_Insert) for _FDTree_Insert
    heap2.o(i._realloc$realtime) refers to rt_memcpy_w.o(.text) for __aeabi_memcpy4
    heap2mt.o(i._FDIterate) refers to heap2mt.o(.constdata) for .constdata
    heap2mt.o(i.___Heap_Initialize$realtime$concurrent) refers to mutex_dummy.o(.text) for _mutex_initialize
    heap2mt.o(i.___Heap_ProvideMemory$realtime$concurrent) refers to fdtree.o(i._FDTree_Delete) for _FDTree_Delete
    heap2mt.o(i.___Heap_ProvideMemory$realtime$concurrent) refers to fdtree.o(i._FDTree_Insert) for _FDTree_Insert
    heap2mt.o(i.___Heap_Stats$realtime$concurrent) refers to heap2mt.o(i._Heap2_StatsIterate) for _Heap2_StatsIterate
    heap2mt.o(i.___Heap_Valid$realtime$concurrent) refers to heap2mt.o(i._FDIterate) for _FDIterate
    heap2mt.o(i.___Heap_Valid$realtime$concurrent) refers to heap2mt.o(.constdata) for .constdata
    heap2mt.o(i._free$realtime$concurrent) refers to rt_heap_descriptor_intlibspace.o(.text) for __rt_heap_descriptor
    heap2mt.o(i._free$realtime$concurrent) refers to fdtree.o(i._FDTree_Delete) for _FDTree_Delete
    heap2mt.o(i._free$realtime$concurrent) refers to fdtree.o(i._FDTree_Insert) for _FDTree_Insert
    heap2mt.o(i._malloc$realtime$concurrent) refers to rt_heap_descriptor_intlibspace.o(.text) for __rt_heap_descriptor
    heap2mt.o(i._malloc$realtime$concurrent) refers to fdtree.o(i._FDTree_FindFirst) for _FDTree_FindFirst
    heap2mt.o(i._malloc$realtime$concurrent) refers to init_alloc.o(.text) for __Heap_Full
    heap2mt.o(i._malloc$realtime$concurrent) refers to fdtree.o(i._FDTree_RemoveNode) for _FDTree_RemoveNode
    heap2mt.o(i._malloc$realtime$concurrent) refers to fdtree.o(i._FDTree_Insert) for _FDTree_Insert
    heap2mt.o(i._posix_memalign$realtime$concurrent) refers to rt_heap_descriptor_intlibspace.o(.text) for __rt_heap_descriptor
    heap2mt.o(i._posix_memalign$realtime$concurrent) refers to fdtree.o(i._FDTree_FindFirst) for _FDTree_FindFirst
    heap2mt.o(i._posix_memalign$realtime$concurrent) refers to init_alloc.o(.text) for __Heap_Full
    heap2mt.o(i._posix_memalign$realtime$concurrent) refers to fdtree.o(i._FDTree_RemoveNode) for _FDTree_RemoveNode
    heap2mt.o(i._posix_memalign$realtime$concurrent) refers to fdtree.o(i._FDTree_Insert) for _FDTree_Insert
    heap2mt.o(i._realloc$realtime$concurrent) refers to rt_heap_descriptor_intlibspace.o(.text) for __rt_heap_descriptor
    heap2mt.o(i._realloc$realtime$concurrent) refers to h1_free.o(.text) for free
    heap2mt.o(i._realloc$realtime$concurrent) refers to h1_alloc.o(.text) for malloc
    heap2mt.o(i._realloc$realtime$concurrent) refers to fdtree.o(i._FDTree_Delete) for _FDTree_Delete
    heap2mt.o(i._realloc$realtime$concurrent) refers to fdtree.o(i._FDTree_Insert) for _FDTree_Insert
    heap2mt.o(i._realloc$realtime$concurrent) refers to rt_memcpy_w.o(.text) for __aeabi_memcpy4
    mktime.o(.text) refers to _monlen.o(.constdata) for _monlen
    __main.o(!!!main) refers to rtentry.o(.ARM.Collect$$rtentry$$00000000) for __rt_entry
    rtentry.o(.ARM.Collect$$rtentry$$00000000) refers (Special) to rtentry2.o(.ARM.Collect$$rtentry$$0000000A) for __rt_entry_li
    rtentry.o(.ARM.Collect$$rtentry$$00000000) refers (Special) to rtentry2.o(.ARM.Collect$$rtentry$$0000000D) for __rt_entry_main
    rtentry.o(.ARM.Collect$$rtentry$$00000000) refers (Special) to rtentry2.o(.ARM.Collect$$rtentry$$0000000C) for __rt_entry_postli_1
    rtentry.o(.ARM.Collect$$rtentry$$00000000) refers (Special) to rtentry2.o(.ARM.Collect$$rtentry$$00000009) for __rt_entry_postsh_1
    rtentry.o(.ARM.Collect$$rtentry$$00000000) refers (Special) to rtentry2.o(.ARM.Collect$$rtentry$$00000002) for __rt_entry_presh_1
    rtentry.o(.ARM.Collect$$rtentry$$00000000) refers (Special) to rtentry4.o(.ARM.Collect$$rtentry$$00000004) for __rt_entry_sh
    rt_heap_descriptor.o(.text) refers to rt_heap_descriptor.o(.bss) for __rt_heap_descriptor_data
    rt_heap_descriptor_intlibspace.o(.text) refers to libspace.o(.bss) for __libspace_start
    init_alloc.o(.text) refers (Special) to hguard.o(.text) for __heap$guard
    init_alloc.o(.text) refers (Special) to libinit2.o(.ARM.Collect$$libinit$$00000001) for __rt_lib_init_heap_2
    init_alloc.o(.text) refers (Special) to maybetermalloc1.o(.emb_text) for _maybe_terminate_alloc
    init_alloc.o(.text) refers to heapauxa.o(.text) for __rt_heap_expand
    init_alloc.o(.text) refers to h1_extend.o(.text) for __Heap_ProvideMemory
    init_alloc.o(.text) refers to defsig_rtmem_outer.o(.text) for __rt_SIGRTMEM
    init_alloc.o(.text) refers to rt_heap_descriptor_intlibspace.o(.text) for __rt_heap_descriptor
    init_alloc.o(.text) refers to h1_init.o(.text) for __Heap_Initialize
    h1_init_mt.o(.text) refers to mutex_dummy.o(.text) for _mutex_initialize
    _get_argv.o(.text) refers (Special) to hrguard.o(.text) for __heap_region$guard
    _get_argv.o(.text) refers to h1_alloc.o(.text) for malloc
    _get_argv.o(.text) refers to defsig_rtmem_outer.o(.text) for __rt_SIGRTMEM
    _get_argv.o(.text) refers to rt_sys_c.o(.text) for _sys_command_string
    libinit2.o(.ARM.Collect$$libinit$$00000001) refers (Weak) to init_alloc.o(.text) for _init_alloc
    libinit2.o(.ARM.Collect$$libinit$$0000000C) refers to libinit2.o(.ARM.Collect$$libinit$$0000000B) for .ARM.Collect$$libinit$$0000000B
    libinit2.o(.ARM.Collect$$libinit$$0000000E) refers to libinit2.o(.ARM.Collect$$libinit$$0000000B) for .ARM.Collect$$libinit$$0000000B
    libinit2.o(.ARM.Collect$$libinit$$00000010) refers to libinit2.o(.ARM.Collect$$libinit$$0000000B) for .ARM.Collect$$libinit$$0000000B
    libinit2.o(.ARM.Collect$$libinit$$00000012) refers to libinit2.o(.ARM.Collect$$libinit$$0000000B) for .ARM.Collect$$libinit$$0000000B
    libinit2.o(.ARM.Collect$$libinit$$00000014) refers to libinit2.o(.ARM.Collect$$libinit$$0000000B) for .ARM.Collect$$libinit$$0000000B
    libinit2.o(.ARM.Collect$$libinit$$00000022) refers to argv_veneer.o(.emb_text) for __ARM_argv_veneer
    libinit2.o(.ARM.Collect$$libinit$$00000023) refers to argv_veneer.o(.emb_text) for __ARM_argv_veneer
    libspace.o(.text) refers to libspace.o(.bss) for __libspace_start
    rtentry2.o(.ARM.Collect$$rtentry$$00000008) refers to boardinit2.o(.text) for _platform_post_stackheap_init
    rtentry2.o(.ARM.Collect$$rtentry$$0000000A) refers to libinit.o(.ARM.Collect$$libinit$$00000000) for __rt_lib_init
    rtentry2.o(.ARM.Collect$$rtentry$$0000000B) refers to boardinit3.o(.text) for _platform_post_lib_init
    rtentry2.o(.ARM.Collect$$rtentry$$0000000D) refers to main.o(.text) for main
    rtentry2.o(.ARM.Collect$$rtentry$$0000000D) refers to exit.o(.text) for exit
    rtentry2.o(.ARM.exidx) refers to rtentry2.o(.ARM.Collect$$rtentry$$00000001) for .ARM.Collect$$rtentry$$00000001
    rtentry2.o(.ARM.exidx) refers to rtentry2.o(.ARM.Collect$$rtentry$$00000008) for .ARM.Collect$$rtentry$$00000008
    rtentry2.o(.ARM.exidx) refers to rtentry2.o(.ARM.Collect$$rtentry$$0000000A) for .ARM.Collect$$rtentry$$0000000A
    rtentry2.o(.ARM.exidx) refers to rtentry2.o(.ARM.Collect$$rtentry$$0000000B) for .ARM.Collect$$rtentry$$0000000B
    rtentry2.o(.ARM.exidx) refers to rtentry2.o(.ARM.Collect$$rtentry$$0000000D) for .ARM.Collect$$rtentry$$0000000D
    rtentry4.o(.ARM.Collect$$rtentry$$00000004) refers to sys_stackheap_outer.o(.text) for __user_setup_stackheap
    rtentry4.o(.ARM.exidx) refers to rtentry4.o(.ARM.Collect$$rtentry$$00000004) for .ARM.Collect$$rtentry$$00000004
    maybetermalloc2.o(.emb_text) refers (Special) to term_alloc.o(.text) for _terminate_alloc
    h1_extend.o(.text) refers to h1_free.o(.text) for free
    h1_extend_mt.o(.text) refers to h1_free_mt.o(.text) for _free_internal
    defsig_rtmem_outer.o(.text) refers to defsig_rtmem_inner.o(.text) for __rt_SIGRTMEM_inner
    defsig_rtmem_outer.o(.text) refers to defsig_exit.o(.text) for __sig_exit
    defsig_rtmem_formal.o(.text) refers to rt_raise.o(.text) for __rt_raise
    heapauxa.o(.text) refers to heapauxa.o(.data) for .data
    argv_veneer.o(.emb_text) refers to no_argv.o(.text) for __ARM_get_argv
    sys_stackheap_outer.o(.text) refers to libspace.o(.text) for __user_perproc_libspace
    sys_stackheap_outer.o(.text) refers to rt_sys_s.o(rt_sys) for __user_initial_stackheap
    rt_raise.o(.text) refers to __raise.o(.text) for __raise
    rt_raise.o(.text) refers to rt_sys_c.o(.text) for _sys_exit
    term_alloc.o(.text) refers (Special) to libshutdown2.o(.ARM.Collect$$libshutdown$$0000000D) for __rt_lib_shutdown_heap_2
    term_alloc.o(.text) refers to rt_heap_descriptor_intlibspace.o(.text) for __rt_heap_descriptor
    term_alloc.o(.text) refers to h1_final.o(.text) for __Heap_Finalize
    exit.o(.text) refers to rtexit.o(.ARM.Collect$$rtexit$$00000000) for __rt_exit
    defsig_exit.o(.text) refers to rt_sys_c.o(.text) for _sys_exit
    defsig_rtmem_inner.o(.text) refers to defsig_general.o(.text) for __default_signal_display
    _get_argv_nomalloc.o(.text) refers (Special) to hrguard.o(.text) for __heap_region$guard
    _get_argv_nomalloc.o(.text) refers to defsig_rtmem_outer.o(.text) for __rt_SIGRTMEM
    _get_argv_nomalloc.o(.text) refers to rt_sys_c.o(.text) for _sys_command_string
    libinit.o(.ARM.Collect$$libinit$$00000000) refers (Special) to libinit2.o(.ARM.Collect$$libinit$$0000002A) for __rt_lib_init_alloca_1
    libinit.o(.ARM.Collect$$libinit$$00000000) refers (Special) to libinit2.o(.ARM.Collect$$libinit$$00000028) for __rt_lib_init_argv_1
    libinit.o(.ARM.Collect$$libinit$$00000000) refers (Special) to libinit2.o(.ARM.Collect$$libinit$$00000017) for __rt_lib_init_atexit_1
    libinit.o(.ARM.Collect$$libinit$$00000000) refers (Special) to libinit2.o(.ARM.Collect$$libinit$$0000001D) for __rt_lib_init_clock_1
    libinit.o(.ARM.Collect$$libinit$$00000000) refers (Special) to libinit2.o(.ARM.Collect$$libinit$$0000002E) for __rt_lib_init_cpp_1
    libinit.o(.ARM.Collect$$libinit$$00000000) refers (Special) to libinit2.o(.ARM.Collect$$libinit$$0000002C) for __rt_lib_init_exceptions_1
    libinit.o(.ARM.Collect$$libinit$$00000000) refers (Special) to libinit2.o(.ARM.Collect$$libinit$$0000001B) for __rt_lib_init_fp_trap_1
    libinit.o(.ARM.Collect$$libinit$$00000000) refers (Special) to libinit2.o(.ARM.Collect$$libinit$$0000001F) for __rt_lib_init_getenv_1
    libinit.o(.ARM.Collect$$libinit$$00000000) refers (Special) to libinit2.o(.ARM.Collect$$libinit$$00000006) for __rt_lib_init_heap_1
    libinit.o(.ARM.Collect$$libinit$$00000000) refers (Special) to libinit2.o(.ARM.Collect$$libinit$$0000000D) for __rt_lib_init_lc_collate_1
    libinit.o(.ARM.Collect$$libinit$$00000000) refers (Special) to libinit2.o(.ARM.Collect$$libinit$$0000000F) for __rt_lib_init_lc_ctype_1
    libinit.o(.ARM.Collect$$libinit$$00000000) refers (Special) to libinit2.o(.ARM.Collect$$libinit$$00000011) for __rt_lib_init_lc_monetary_1
    libinit.o(.ARM.Collect$$libinit$$00000000) refers (Special) to libinit2.o(.ARM.Collect$$libinit$$00000013) for __rt_lib_init_lc_numeric_1
    libinit.o(.ARM.Collect$$libinit$$00000000) refers (Special) to libinit2.o(.ARM.Collect$$libinit$$00000015) for __rt_lib_init_lc_time_1
    libinit.o(.ARM.Collect$$libinit$$00000000) refers (Special) to libinit2.o(.ARM.Collect$$libinit$$0000000A) for __rt_lib_init_rand_1
    libinit.o(.ARM.Collect$$libinit$$00000000) refers (Special) to libinit2.o(.ARM.Collect$$libinit$$0000002F) for __rt_lib_init_return
    libinit.o(.ARM.Collect$$libinit$$00000000) refers (Special) to libinit2.o(.ARM.Collect$$libinit$$00000019) for __rt_lib_init_signal_1
    libinit.o(.ARM.Collect$$libinit$$00000000) refers (Special) to libinit2.o(.ARM.Collect$$libinit$$00000021) for __rt_lib_init_stdio_1
    libinit.o(.ARM.Collect$$libinit$$00000000) refers (Special) to libinit2.o(.ARM.Collect$$libinit$$00000008) for __rt_lib_init_user_alloc_1
    libinit.o(.ARM.Collect$$libinit$$00000000) refers to fpinit.o(x$fpl$fpinit) for _fp_init
    rtexit.o(.ARM.Collect$$rtexit$$00000000) refers (Special) to rtexit2.o(.ARM.Collect$$rtexit$$00000004) for __rt_exit_exit
    rtexit.o(.ARM.Collect$$rtexit$$00000000) refers (Special) to rtexit2.o(.ARM.Collect$$rtexit$$00000003) for __rt_exit_ls
    rtexit.o(.ARM.Collect$$rtexit$$00000000) refers (Special) to rtexit2.o(.ARM.Collect$$rtexit$$00000002) for __rt_exit_prels_1
    rtexit.o(.ARM.exidx) refers (Special) to rtexit2.o(.ARM.Collect$$rtexit$$00000004) for __rt_exit_exit
    rtexit.o(.ARM.exidx) refers (Special) to rtexit2.o(.ARM.Collect$$rtexit$$00000003) for __rt_exit_ls
    rtexit.o(.ARM.exidx) refers (Special) to rtexit2.o(.ARM.Collect$$rtexit$$00000002) for __rt_exit_prels_1
    rtexit.o(.ARM.exidx) refers to rtexit.o(.ARM.Collect$$rtexit$$00000000) for .ARM.Collect$$rtexit$$00000000
    __raise.o(.text) refers to defsig.o(CL$$defsig) for __default_signal_handler
    defsig_general.o(.text) refers to rt_sys_c.o(.text) for _ttywrch
    libshutdown2.o(.ARM.Collect$$libshutdown$$0000000C) refers (Weak) to term_alloc.o(.text) for _terminate_alloc
    fpinit.o(x$fpl$fpinit) refers to rt_fp_status_addr_intlibspace.o(.text) for __rt_fp_status_addr
    rtexit2.o(.ARM.Collect$$rtexit$$00000003) refers to libshutdown.o(.ARM.Collect$$libshutdown$$00000000) for __rt_lib_shutdown
    rtexit2.o(.ARM.Collect$$rtexit$$00000004) refers to rt_sys_c.o(.text) for _sys_exit
    rtexit2.o(.ARM.exidx) refers to rtexit2.o(.ARM.Collect$$rtexit$$00000001) for .ARM.Collect$$rtexit$$00000001
    rtexit2.o(.ARM.exidx) refers to rtexit2.o(.ARM.Collect$$rtexit$$00000003) for .ARM.Collect$$rtexit$$00000003
    rtexit2.o(.ARM.exidx) refers to rtexit2.o(.ARM.Collect$$rtexit$$00000004) for .ARM.Collect$$rtexit$$00000004
    rt_fp_status_addr.o(.text) refers to rt_fp_status_addr.o(.bss) for __rt_fp_status_addr_data
    rt_fp_status_addr_intlibspace.o(.text) refers to libspace.o(.bss) for __libspace_start
    defsig.o(CL$$defsig) refers to defsig_rtmem_inner.o(.text) for __rt_SIGRTMEM_inner
    defsig_abrt_inner.o(.text) refers to defsig_general.o(.text) for __default_signal_display
    defsig_fpe_inner.o(.text) refers to defsig_general.o(.text) for __default_signal_display
    defsig_rtred_inner.o(.text) refers to defsig_general.o(.text) for __default_signal_display
    defsig_stak_inner.o(.text) refers to defsig_general.o(.text) for __default_signal_display
    defsig_pvfn_inner.o(.text) refers to defsig_general.o(.text) for __default_signal_display
    defsig_cppl_inner.o(.text) refers to defsig_general.o(.text) for __default_signal_display
    defsig_segv_inner.o(.text) refers to defsig_general.o(.text) for __default_signal_display
    defsig_other.o(.text) refers to defsig_general.o(.text) for __default_signal_display
    libshutdown.o(.ARM.Collect$$libshutdown$$00000000) refers (Special) to libshutdown2.o(.ARM.Collect$$libshutdown$$00000006) for __rt_lib_shutdown_fp_trap_1
    libshutdown.o(.ARM.Collect$$libshutdown$$00000000) refers (Special) to libshutdown2.o(.ARM.Collect$$libshutdown$$0000000E) for __rt_lib_shutdown_heap_1
    libshutdown.o(.ARM.Collect$$libshutdown$$00000000) refers (Special) to libshutdown2.o(.ARM.Collect$$libshutdown$$0000000F) for __rt_lib_shutdown_return
    libshutdown.o(.ARM.Collect$$libshutdown$$00000000) refers (Special) to libshutdown2.o(.ARM.Collect$$libshutdown$$00000009) for __rt_lib_shutdown_signal_1
    libshutdown.o(.ARM.Collect$$libshutdown$$00000000) refers (Special) to libshutdown2.o(.ARM.Collect$$libshutdown$$00000003) for __rt_lib_shutdown_stdio_1
    libshutdown.o(.ARM.Collect$$libshutdown$$00000000) refers (Special) to libshutdown2.o(.ARM.Collect$$libshutdown$$0000000B) for __rt_lib_shutdown_user_alloc_1


==============================================================================

Removing Unused input sections from the image.

    Removing lpc1700pincfg.o(.text), (92 bytes).

1 unused section(s) (total 92 bytes) removed from the image.

==============================================================================

Image Symbol Table

    Local Symbols

    Symbol Name                              Value     Ov Type        Size  Object(Section)

    .constdata                               0x00000000   Section      204  vector_table.o(.constdata)
    ../../angel/boardlib.s                   0x00000000   Number         0  boardinit2.o ABSOLUTE
    ../../angel/boardlib.s                   0x00000000   Number         0  boardinit3.o ABSOLUTE
    ../../angel/boardlib.s                   0x00000000   Number         0  boardinit1.o ABSOLUTE
    ../../angel/boardlib.s                   0x00000000   Number         0  boardshut.o ABSOLUTE
    ../../angel/handlers.s                   0x00000000   Number         0  __scatter_zi.o ABSOLUTE
    ../../angel/handlers.s                   0x00000000   Number         0  __scatter_copy.o ABSOLUTE
    ../../angel/kernel.s                     0x00000000   Number         0  rtentry4.o ABSOLUTE
    ../../angel/kernel.s                     0x00000000   Number         0  rtexit2.o ABSOLUTE
    ../../angel/kernel.s                     0x00000000   Number         0  rtentry2.o ABSOLUTE
    ../../angel/kernel.s                     0x00000000   Number         0  rtentry.o ABSOLUTE
    ../../angel/kernel.s                     0x00000000   Number         0  rtexit.o ABSOLUTE
    ../../angel/rt.s                         0x00000000   Number         0  rt_raise.o ABSOLUTE
    ../../angel/rt.s                         0x00000000   Number         0  rt_heap_descriptor_intlibspace.o ABSOLUTE
    ../../angel/rt.s                         0x00000000   Number         0  rt_fp_status_addr.o ABSOLUTE
    ../../angel/rt.s                         0x00000000   Number         0  rt_fp_status_addr_intlibspace.o ABSOLUTE
    ../../angel/rt.s                         0x00000000   Number         0  rt_heap_descriptor.o ABSOLUTE
    ../../angel/scatter.s                    0x00000000   Number         0  __scatter.o ABSOLUTE
    ../../angel/startup.s                    0x00000000   Number         0  __main.o ABSOLUTE
    ../../angel/sys.s                        0x00000000   Number         0  sys_stackheap_outer.o ABSOLUTE
    ../../angel/sys.s                        0x00000000   Number         0  libspace.o ABSOLUTE
    ../../angel/sys.s                        0x00000000   Number         0  use_no_semi.o ABSOLUTE
    ../../angel/sys.s                        0x00000000   Number         0  mutex_dummy.o ABSOLUTE
    ../../armsys.c                           0x00000000   Number         0  _get_argv_nomalloc.o ABSOLUTE
    ../../armsys.c                           0x00000000   Number         0  no_argv.o ABSOLUTE
    ../../armsys.c                           0x00000000   Number         0  argv_veneer.o ABSOLUTE
    ../../armsys.c                           0x00000000   Number         0  _get_argv.o ABSOLUTE
    ../../armsys.c                           0x00000000   Number         0  argv_veneer.o ABSOLUTE
    ../../fpinit.s                           0x00000000   Number         0  fpinit.o ABSOLUTE
    ../../heap1.c                            0x00000000   Number         0  h1_extend_mt.o ABSOLUTE
    ../../heap1.c                            0x00000000   Number         0  h1_final_mt.o ABSOLUTE
    ../../heap1.c                            0x00000000   Number         0  h1_free_mt.o ABSOLUTE
    ../../heap1.c                            0x00000000   Number         0  h1_alloc.o ABSOLUTE
    ../../heap1.c                            0x00000000   Number         0  h1_free.o ABSOLUTE
    ../../heap1.c                            0x00000000   Number         0  h1_alloc_mt.o ABSOLUTE
    ../../heap1.c                            0x00000000   Number         0  h1_final.o ABSOLUTE
    ../../heap1.c                            0x00000000   Number         0  h1_init.o ABSOLUTE
    ../../heap1.c                            0x00000000   Number         0  h1_init_mt.o ABSOLUTE
    ../../heap1.c                            0x00000000   Number         0  h1_extend.o ABSOLUTE
    ../../heap2.c                            0x00000000   Number         0  heap2mt.o ABSOLUTE
    ../../heap2.c                            0x00000000   Number         0  heap2.o ABSOLUTE
    ../../heap2.c                            0x00000000   Number         0  fdtree.o ABSOLUTE
    ../../heapalloc.c                        0x00000000   Number         0  init_alloc.o ABSOLUTE
    ../../heapalloc.c                        0x00000000   Number         0  heapstubs.o ABSOLUTE
    ../../heapalloc.c                        0x00000000   Number         0  maybetermalloc2.o ABSOLUTE
    ../../heapalloc.c                        0x00000000   Number         0  maybetermalloc1.o ABSOLUTE
    ../../heapalloc.c                        0x00000000   Number         0  maybetermalloc1.o ABSOLUTE
    ../../heapalloc.c                        0x00000000   Number         0  malloc.o ABSOLUTE
    ../../heapalloc.c                        0x00000000   Number         0  term_alloc.o ABSOLUTE
    ../../heapalloc.c                        0x00000000   Number         0  free.o ABSOLUTE
    ../../heapalloc.c                        0x00000000   Number         0  hrguard.o ABSOLUTE
    ../../heapalloc.c                        0x00000000   Number         0  hguard.o ABSOLUTE
    ../../heapalloc.c                        0x00000000   Number         0  maybetermalloc2.o ABSOLUTE
    ../../heapaux.c                          0x00000000   Number         0  heapauxa.o ABSOLUTE
    ../../heapaux.c                          0x00000000   Number         0  heapauxi.o ABSOLUTE
    ../../libinit.s                          0x00000000   Number         0  libshutdown.o ABSOLUTE
    ../../libinit.s                          0x00000000   Number         0  libshutdown2.o ABSOLUTE
    ../../libinit.s                          0x00000000   Number         0  libinit.o ABSOLUTE
    ../../libinit.s                          0x00000000   Number         0  libinit2.o ABSOLUTE
    ../../memcpset.s                         0x00000000   Number         0  rt_memcpy_w.o ABSOLUTE
    ../../signal.c                           0x00000000   Number         0  defsig_segv_inner.o ABSOLUTE
    ../../signal.c                           0x00000000   Number         0  defsig_other.o ABSOLUTE
    ../../signal.c                           0x00000000   Number         0  defsig_rtmem_formal.o ABSOLUTE
    ../../signal.c                           0x00000000   Number         0  __raise.o ABSOLUTE
    ../../signal.c                           0x00000000   Number         0  defsig_general.o ABSOLUTE
    ../../signal.c                           0x00000000   Number         0  defsig_rtmem_inner.o ABSOLUTE
    ../../signal.c                           0x00000000   Number         0  defsig_abrt_inner.o ABSOLUTE
    ../../signal.c                           0x00000000   Number         0  defsig_exit.o ABSOLUTE
    ../../signal.c                           0x00000000   Number         0  defsig_fpe_inner.o ABSOLUTE
    ../../signal.c                           0x00000000   Number         0  defsig_rtmem_outer.o ABSOLUTE
    ../../signal.c                           0x00000000   Number         0  defsig_rtred_inner.o ABSOLUTE
    ../../signal.c                           0x00000000   Number         0  defsig_stak_inner.o ABSOLUTE
    ../../signal.c                           0x00000000   Number         0  defsig_pvfn_inner.o ABSOLUTE
    ../../signal.c                           0x00000000   Number         0  defsig_cppl_inner.o ABSOLUTE
    ../../signal.s                           0x00000000   Number         0  defsig.o ABSOLUTE
    ../../stdlib.c                           0x00000000   Number         0  exit.o ABSOLUTE
    ../../time.c                             0x00000000   Number         0  mktime.o ABSOLUTE
    ../../time.c                             0x00000000   Number         0  _monlen.o ABSOLUTE
    USER_CODE\main.c                         0x00000000   Number         0  main.o ABSOLUTE
    ZY_CODE\Startup\LPC1700PinCfg.c          0x00000000   Number         0  lpc1700pincfg.o ABSOLUTE
    ZY_CODE\Startup\target.c                 0x00000000   Number         0  target.o ABSOLUTE
    ZY_CODE\Startup\vector_table.c           0x00000000   Number         0  vector_table.o ABSOLUTE
    ZY_CODE\\zy_if\\zy_if.c                  0x00000000   Number         0  zy_if.o ABSOLUTE
    ZY_CODE\zy_if\zy_if.c                    0x00000000   Number         0  zy_if.o ABSOLUTE
    cfg_file\Startup\rt_sys_c.c              0x00000000   Number         0  rt_sys_c.o ABSOLUTE
    cfg_file\Startup\rt_sys_s.s              0x00000000   Number         0  rt_sys_s.o ABSOLUTE
    dc.s                                     0x00000000   Number         0  dc.o ABSOLUTE
    usbDevLPC1700\usbDevCI.c                 0x00000000   Number         0  usbdevci.o ABSOLUTE
    usbDevLPC1700\usbDevDescriptor.c         0x00000000   Number         0  usbdevdescriptor.o ABSOLUTE
    usbDevLPC1700\usbDevDriver.c             0x00000000   Number         0  usbdevdriver.o ABSOLUTE
    usbDevLPC1700\usbDevHAL.c                0x00000000   Number         0  usbdevhal.o ABSOLUTE
    usbDevLPC1700\usbDevProtocol.c           0x00000000   Number         0  usbdevprotocol.o ABSOLUTE
    !!!main                                  0x000000cc   Section        8  __main.o(!!!main)
    !!!scatter                               0x000000d4   Section       52  __scatter.o(!!!scatter)
    !!handler_copy                           0x00000108   Section       26  __scatter_copy.o(!!handler_copy)
    !!handler_zi                             0x00000124   Section       28  __scatter_zi.o(!!handler_zi)
    .ARM.Collect$$libinit$$00000000          0x00000140   Section        6  libinit.o(.ARM.Collect$$libinit$$00000000)
    .ARM.Collect$$libinit$$00000001          0x00000146   Section        8  libinit2.o(.ARM.Collect$$libinit$$00000001)
    .ARM.Collect$$libinit$$00000006          0x0000014e   Section        0  libinit2.o(.ARM.Collect$$libinit$$00000006)
    .ARM.Collect$$libinit$$00000008          0x0000014e   Section        0  libinit2.o(.ARM.Collect$$libinit$$00000008)
    .ARM.Collect$$libinit$$0000000A          0x0000014e   Section        0  libinit2.o(.ARM.Collect$$libinit$$0000000A)
    .ARM.Collect$$libinit$$0000000D          0x0000014e   Section        0  libinit2.o(.ARM.Collect$$libinit$$0000000D)
    .ARM.Collect$$libinit$$0000000F          0x0000014e   Section        0  libinit2.o(.ARM.Collect$$libinit$$0000000F)
    .ARM.Collect$$libinit$$00000011          0x0000014e   Section        0  libinit2.o(.ARM.Collect$$libinit$$00000011)
    .ARM.Collect$$libinit$$00000013          0x0000014e   Section        0  libinit2.o(.ARM.Collect$$libinit$$00000013)
    .ARM.Collect$$libinit$$00000015          0x0000014e   Section        0  libinit2.o(.ARM.Collect$$libinit$$00000015)
    .ARM.Collect$$libinit$$00000017          0x0000014e   Section        0  libinit2.o(.ARM.Collect$$libinit$$00000017)
    .ARM.Collect$$libinit$$00000019          0x0000014e   Section        0  libinit2.o(.ARM.Collect$$libinit$$00000019)
    .ARM.Collect$$libinit$$0000001B          0x0000014e   Section        0  libinit2.o(.ARM.Collect$$libinit$$0000001B)
    .ARM.Collect$$libinit$$0000001D          0x0000014e   Section        0  libinit2.o(.ARM.Collect$$libinit$$0000001D)
    .ARM.Collect$$libinit$$0000001F          0x0000014e   Section        0  libinit2.o(.ARM.Collect$$libinit$$0000001F)
    .ARM.Collect$$libinit$$00000021          0x0000014e   Section        0  libinit2.o(.ARM.Collect$$libinit$$00000021)
    .ARM.Collect$$libinit$$00000028          0x0000014e   Section        0  libinit2.o(.ARM.Collect$$libinit$$00000028)
    .ARM.Collect$$libinit$$0000002A          0x0000014e   Section        0  libinit2.o(.ARM.Collect$$libinit$$0000002A)
    .ARM.Collect$$libinit$$0000002C          0x0000014e   Section        0  libinit2.o(.ARM.Collect$$libinit$$0000002C)
    .ARM.Collect$$libinit$$0000002E          0x0000014e   Section        0  libinit2.o(.ARM.Collect$$libinit$$0000002E)
    .ARM.Collect$$libinit$$0000002F          0x0000014e   Section        2  libinit2.o(.ARM.Collect$$libinit$$0000002F)
    .ARM.Collect$$libshutdown$$00000000      0x00000150   Section        2  libshutdown.o(.ARM.Collect$$libshutdown$$00000000)
    .ARM.Collect$$libshutdown$$00000003      0x00000152   Section        0  libshutdown2.o(.ARM.Collect$$libshutdown$$00000003)
    .ARM.Collect$$libshutdown$$00000006      0x00000152   Section        0  libshutdown2.o(.ARM.Collect$$libshutdown$$00000006)
    .ARM.Collect$$libshutdown$$00000009      0x00000152   Section        0  libshutdown2.o(.ARM.Collect$$libshutdown$$00000009)
    .ARM.Collect$$libshutdown$$0000000B      0x00000152   Section        0  libshutdown2.o(.ARM.Collect$$libshutdown$$0000000B)
    .ARM.Collect$$libshutdown$$0000000E      0x00000152   Section        0  libshutdown2.o(.ARM.Collect$$libshutdown$$0000000E)
    .ARM.Collect$$libshutdown$$0000000F      0x00000152   Section        2  libshutdown2.o(.ARM.Collect$$libshutdown$$0000000F)
    .ARM.Collect$$rtentry$$00000000          0x00000154   Section        0  rtentry.o(.ARM.Collect$$rtentry$$00000000)
    .ARM.Collect$$rtentry$$00000002          0x00000154   Section        0  rtentry2.o(.ARM.Collect$$rtentry$$00000002)
    .ARM.Collect$$rtentry$$00000004          0x00000154   Section        6  rtentry4.o(.ARM.Collect$$rtentry$$00000004)
    .ARM.Collect$$rtentry$$00000009          0x0000015a   Section        0  rtentry2.o(.ARM.Collect$$rtentry$$00000009)
    .ARM.Collect$$rtentry$$0000000A          0x0000015a   Section        4  rtentry2.o(.ARM.Collect$$rtentry$$0000000A)
    .ARM.Collect$$rtentry$$0000000C          0x0000015e   Section        0  rtentry2.o(.ARM.Collect$$rtentry$$0000000C)
    .ARM.Collect$$rtentry$$0000000D          0x0000015e   Section        8  rtentry2.o(.ARM.Collect$$rtentry$$0000000D)
    .ARM.Collect$$rtexit$$00000000           0x00000166   Section        2  rtexit.o(.ARM.Collect$$rtexit$$00000000)
    .ARM.Collect$$rtexit$$00000002           0x00000168   Section        0  rtexit2.o(.ARM.Collect$$rtexit$$00000002)
    .ARM.Collect$$rtexit$$00000003           0x00000168   Section        4  rtexit2.o(.ARM.Collect$$rtexit$$00000003)
    .ARM.Collect$$rtexit$$00000004           0x0000016c   Section        6  rtexit2.o(.ARM.Collect$$rtexit$$00000004)
    .emb_text                                0x00000174   Section       16  zy_if.o(.emb_text)
    .emb_text                                0x00000184   Section        0  maybetermalloc1.o(.emb_text)
    .text                                    0x00000184   Section        0  main.o(.text)
    .text                                    0x000001ec   Section        0  target.o(.text)
    .text                                    0x00000380   Section        0  zy_if.o(.text)
    .text                                    0x00000634   Section        0  rt_sys_c.o(.text)
    .text                                    0x000006bc   Section        0  usbdevci.o(.text)
    .text                                    0x00000a58   Section        0  usbdevdriver.o(.text)
    .text                                    0x00000cb8   Section        0  usbdevhal.o(.text)
    __usbPllConfig                           0x00000cb9   Thumb Code   196  usbdevhal.o(.text)
    __usbDevPinInit                          0x00000d7d   Thumb Code    98  usbdevhal.o(.text)
    .text                                    0x00000e9c   Section        0  usbdevprotocol.o(.text)
    .text                                    0x00001454   Section        2  use_no_semi.o(.text)
    .text                                    0x00001456   Section        0  h1_alloc.o(.text)
    .text                                    0x000014b4   Section        0  h1_free.o(.text)
    .text                                    0x00001504   Section        0  mktime.o(.text)
    _tm_carry                                0x00001505   Thumb Code    54  mktime.o(.text)
    .text                                    0x000016a4   Section        8  rt_heap_descriptor_intlibspace.o(.text)
    .text                                    0x000016ac   Section        0  hguard.o(.text)
    .text                                    0x000016b0   Section        0  init_alloc.o(.text)
    .text                                    0x0000173a   Section        0  h1_init.o(.text)
    .text                                    0x00001748   Section        8  libspace.o(.text)
    .text                                    0x00001750   Section        0  h1_extend.o(.text)
    .text                                    0x00001784   Section        0  defsig_rtmem_outer.o(.text)
    .text                                    0x00001794   Section        0  heapauxa.o(.text)
    .text                                    0x000017e0   Section       74  sys_stackheap_outer.o(.text)
    .text                                    0x0000182a   Section        0  exit.o(.text)
    .text                                    0x00001836   Section        0  defsig_exit.o(.text)
    .text                                    0x00001840   Section        0  defsig_rtmem_inner.o(.text)
    .text                                    0x00001890   Section        0  defsig_general.o(.text)
    .text                                    0x000018c4   Section        8  rt_fp_status_addr_intlibspace.o(.text)
    rt_sys                                   0x000018cc   Section        8  rt_sys_s.o(rt_sys)
    x$fpl$fpinit                             0x000018d4   Section       14  fpinit.o(x$fpl$fpinit)
    .constdata                               0x000018e2   Section       64  usbdevdescriptor.o(.constdata)
    .constdata                               0x00001922   Section       12  _monlen.o(.constdata)
    .data                                    0x10000000   Section        4  usbdevdriver.o(.data)
    .data                                    0x10000004   Section       64  usbdevprotocol.o(.data)
    .data                                    0x10000044   Section        4  heapauxa.o(.data)
    __rt_heap_escrow_base                    0x10000044   Data           4  heapauxa.o(.data)
    .bss                                     0x10000048   Section       80  usbdevdriver.o(.bss)
    .bss                                     0x10000098   Section       80  usbdevprotocol.o(.bss)
    .bss                                     0x100000e8   Section       96  libspace.o(.bss)
    Heap                                     0x10000148   Section        0  rt_sys_s.o(Heap)
    bottom_of_heap                           0x10000148   Data           0  rt_sys_s.o(Heap)

    Global Symbols

    Symbol Name                              Value     Ov Type        Size  Object(Section)

    BuildAttributes$$THM_ISAv4$P$D$K$B$S$PE$A:L22UL41UL21$X:L11$S22US41US21$IEEE1$IW$USESV6$~STKCKD$USESV7$~SHL$OTIME$ROPI$EBA8$UX$STANDARDLIB$REQ8$PRES8$EABIv2 0x00000000   Number         0  anon$$obj.o ABSOLUTE
    __ARM_use_no_argv                        0x00000000   Number         0  main.o ABSOLUTE
    __GpvVectorTable                         0x00000000   Data         204  vector_table.o(.constdata)
    __ARM_exceptions_init                     - Undefined Weak Reference
    __alloca_initialize                       - Undefined Weak Reference
    __cpp_initialize__aeabi_                  - Undefined Weak Reference
    __cxa_finalize                            - Undefined Weak Reference
    __rt_locale                               - Undefined Weak Reference
    __sigvec_lookup                           - Undefined Weak Reference
    __user_heap_extent                        - Undefined Weak Reference
    _atexit_init                              - Undefined Weak Reference
    _call_atexit_fns                          - Undefined Weak Reference
    _clock_init                               - Undefined Weak Reference
    _fp_trap_init                             - Undefined Weak Reference
    _fp_trap_shutdown                         - Undefined Weak Reference
    _get_lc_collate                           - Undefined Weak Reference
    _get_lc_ctype                             - Undefined Weak Reference
    _get_lc_monetary                          - Undefined Weak Reference
    _get_lc_numeric                           - Undefined Weak Reference
    _get_lc_time                              - Undefined Weak Reference
    _getenv_init                              - Undefined Weak Reference
    _handle_redirection                       - Undefined Weak Reference
    _initio                                   - Undefined Weak Reference
    _mutex_acquire                            - Undefined Weak Reference
    _mutex_free                               - Undefined Weak Reference
    _mutex_release                            - Undefined Weak Reference
    _rand_init                                - Undefined Weak Reference
    _signal_finish                            - Undefined Weak Reference
    _signal_init                              - Undefined Weak Reference
    _terminateio                              - Undefined Weak Reference
    __main                                   0x000000cd   Thumb Code     8  __main.o(!!!main)
    __scatterload                            0x000000d5   Thumb Code     0  __scatter.o(!!!scatter)
    __scatterload_rt2                        0x000000d5   Thumb Code    44  __scatter.o(!!!scatter)
    __scatterload_rt2_thumb_only             0x000000d5   Thumb Code     0  __scatter.o(!!!scatter)
    __scatterload_null                       0x000000e3   Thumb Code     0  __scatter.o(!!!scatter)
    __scatterload_copy                       0x00000109   Thumb Code    26  __scatter_copy.o(!!handler_copy)
    __scatterload_zeroinit                   0x00000125   Thumb Code    28  __scatter_zi.o(!!handler_zi)
    __rt_lib_init                            0x00000141   Thumb Code     0  libinit.o(.ARM.Collect$$libinit$$00000000)
    __rt_lib_init_heap_2                     0x00000147   Thumb Code     0  libinit2.o(.ARM.Collect$$libinit$$00000001)
    __rt_lib_init_alloca_1                   0x0000014f   Thumb Code     0  libinit2.o(.ARM.Collect$$libinit$$0000002A)
    __rt_lib_init_argv_1                     0x0000014f   Thumb Code     0  libinit2.o(.ARM.Collect$$libinit$$00000028)
    __rt_lib_init_atexit_1                   0x0000014f   Thumb Code     0  libinit2.o(.ARM.Collect$$libinit$$00000017)
    __rt_lib_init_clock_1                    0x0000014f   Thumb Code     0  libinit2.o(.ARM.Collect$$libinit$$0000001D)
    __rt_lib_init_cpp_1                      0x0000014f   Thumb Code     0  libinit2.o(.ARM.Collect$$libinit$$0000002E)
    __rt_lib_init_exceptions_1               0x0000014f   Thumb Code     0  libinit2.o(.ARM.Collect$$libinit$$0000002C)
    __rt_lib_init_fp_trap_1                  0x0000014f   Thumb Code     0  libinit2.o(.ARM.Collect$$libinit$$0000001B)
    __rt_lib_init_getenv_1                   0x0000014f   Thumb Code     0  libinit2.o(.ARM.Collect$$libinit$$0000001F)
    __rt_lib_init_heap_1                     0x0000014f   Thumb Code     0  libinit2.o(.ARM.Collect$$libinit$$00000006)
    __rt_lib_init_lc_collate_1               0x0000014f   Thumb Code     0  libinit2.o(.ARM.Collect$$libinit$$0000000D)
    __rt_lib_init_lc_ctype_1                 0x0000014f   Thumb Code     0  libinit2.o(.ARM.Collect$$libinit$$0000000F)
    __rt_lib_init_lc_monetary_1              0x0000014f   Thumb Code     0  libinit2.o(.ARM.Collect$$libinit$$00000011)
    __rt_lib_init_lc_numeric_1               0x0000014f   Thumb Code     0  libinit2.o(.ARM.Collect$$libinit$$00000013)
    __rt_lib_init_lc_time_1                  0x0000014f   Thumb Code     0  libinit2.o(.ARM.Collect$$libinit$$00000015)
    __rt_lib_init_rand_1                     0x0000014f   Thumb Code     0  libinit2.o(.ARM.Collect$$libinit$$0000000A)
    __rt_lib_init_return                     0x0000014f   Thumb Code     0  libinit2.o(.ARM.Collect$$libinit$$0000002F)
    __rt_lib_init_signal_1                   0x0000014f   Thumb Code     0  libinit2.o(.ARM.Collect$$libinit$$00000019)
    __rt_lib_init_stdio_1                    0x0000014f   Thumb Code     0  libinit2.o(.ARM.Collect$$libinit$$00000021)
    __rt_lib_init_user_alloc_1               0x0000014f   Thumb Code     0  libinit2.o(.ARM.Collect$$libinit$$00000008)
    __rt_lib_shutdown                        0x00000151   Thumb Code     0  libshutdown.o(.ARM.Collect$$libshutdown$$00000000)
    __rt_lib_shutdown_fp_trap_1              0x00000153   Thumb Code     0  libshutdown2.o(.ARM.Collect$$libshutdown$$00000006)
    __rt_lib_shutdown_heap_1                 0x00000153   Thumb Code     0  libshutdown2.o(.ARM.Collect$$libshutdown$$0000000E)
    __rt_lib_shutdown_return                 0x00000153   Thumb Code     0  libshutdown2.o(.ARM.Collect$$libshutdown$$0000000F)
    __rt_lib_shutdown_signal_1               0x00000153   Thumb Code     0  libshutdown2.o(.ARM.Collect$$libshutdown$$00000009)
    __rt_lib_shutdown_stdio_1                0x00000153   Thumb Code     0  libshutdown2.o(.ARM.Collect$$libshutdown$$00000003)
    __rt_lib_shutdown_user_alloc_1           0x00000153   Thumb Code     0  libshutdown2.o(.ARM.Collect$$libshutdown$$0000000B)
    __rt_entry                               0x00000155   Thumb Code     0  rtentry.o(.ARM.Collect$$rtentry$$00000000)
    __rt_entry_presh_1                       0x00000155   Thumb Code     0  rtentry2.o(.ARM.Collect$$rtentry$$00000002)
    __rt_entry_sh                            0x00000155   Thumb Code     0  rtentry4.o(.ARM.Collect$$rtentry$$00000004)
    __rt_entry_li                            0x0000015b   Thumb Code     0  rtentry2.o(.ARM.Collect$$rtentry$$0000000A)
    __rt_entry_postsh_1                      0x0000015b   Thumb Code     0  rtentry2.o(.ARM.Collect$$rtentry$$00000009)
    __rt_entry_main                          0x0000015f   Thumb Code     0  rtentry2.o(.ARM.Collect$$rtentry$$0000000D)
    __rt_entry_postli_1                      0x0000015f   Thumb Code     0  rtentry2.o(.ARM.Collect$$rtentry$$0000000C)
    __rt_exit                                0x00000167   Thumb Code     0  rtexit.o(.ARM.Collect$$rtexit$$00000000)
    __rt_exit_ls                             0x00000169   Thumb Code     0  rtexit2.o(.ARM.Collect$$rtexit$$00000003)
    __rt_exit_prels_1                        0x00000169   Thumb Code     0  rtexit2.o(.ARM.Collect$$rtexit$$00000002)
    __rt_exit_exit                           0x0000016d   Thumb Code     0  rtexit2.o(.ARM.Collect$$rtexit$$00000004)
    zyIrqDisable                             0x00000175   Thumb Code     8  zy_if.o(.emb_text)
    zyIrqEnable                              0x0000017d   Thumb Code     8  zy_if.o(.emb_text)
    _maybe_terminate_alloc                   0x00000185   Thumb Code     0  maybetermalloc1.o(.emb_text)
    usbDeviceDemo                            0x00000185   Thumb Code    82  main.o(.text)
    main                                     0x000001d7   Thumb Code     8  main.o(.text)
    defaultVectorHandle                      0x000001ed   Thumb Code     4  target.o(.text)
    targetInit                               0x000001f1   Thumb Code   346  target.o(.text)
    zyIfInit                                 0x00000381   Thumb Code     4  zy_if.o(.text)
    zyReset                                  0x00000385   Thumb Code    38  zy_if.o(.text)
    zyHeapMalloc                             0x000003ab   Thumb Code    26  zy_if.o(.text)
    zyHeapFree                               0x000003c5   Thumb Code    22  zy_if.o(.text)
    zyIsrSet                                 0x000003db   Thumb Code   156  zy_if.o(.text)
    zyIsrClr                                 0x00000477   Thumb Code   154  zy_if.o(.text)
    zyIsrDisable                             0x00000511   Thumb Code   144  zy_if.o(.text)
    zyIsrEnable                              0x000005a1   Thumb Code   134  zy_if.o(.text)
    _sys_exit                                0x00000635   Thumb Code     4  rt_sys_c.o(.text)
    _ttywrch                                 0x00000639   Thumb Code     2  rt_sys_c.o(.text)
    _sys_open                                0x0000063b   Thumb Code     8  rt_sys_c.o(.text)
    _sys_close                               0x00000643   Thumb Code     8  rt_sys_c.o(.text)
    _sys_read                                0x0000064b   Thumb Code    10  rt_sys_c.o(.text)
    _sys_write                               0x00000655   Thumb Code    10  rt_sys_c.o(.text)
    _sys_ensure                              0x0000065f   Thumb Code     6  rt_sys_c.o(.text)
    _sys_flen                                0x00000665   Thumb Code     8  rt_sys_c.o(.text)
    _sys_seek                                0x0000066d   Thumb Code     8  rt_sys_c.o(.text)
    _sys_istty                               0x00000675   Thumb Code     8  rt_sys_c.o(.text)
    _sys_tmpnam                              0x0000067d   Thumb Code     6  rt_sys_c.o(.text)
    _sys_command_string                      0x00000683   Thumb Code     6  rt_sys_c.o(.text)
    clock                                    0x00000689   Thumb Code     4  rt_sys_c.o(.text)
    time                                     0x0000068d   Thumb Code    24  rt_sys_c.o(.text)
    remove                                   0x000006a5   Thumb Code     8  rt_sys_c.o(.text)
    rename                                   0x000006ad   Thumb Code     8  rt_sys_c.o(.text)
    system                                   0x000006b5   Thumb Code     6  rt_sys_c.o(.text)
    __usbDevConfigMaxPaketSize               0x000006bd   Thumb Code    54  usbdevci.o(.text)
    __usbDevGetData                          0x000006f3   Thumb Code    34  usbdevci.o(.text)
    __usbDevSendCmd                          0x00000715   Thumb Code    48  usbdevci.o(.text)
    __usbDevReadTestRegister                 0x00000745   Thumb Code    36  usbdevci.o(.text)
    __usbDevSetAddressEnable                 0x00000769   Thumb Code    28  usbdevci.o(.text)
    __usbDevSetEndpointEnable                0x00000785   Thumb Code    20  usbdevci.o(.text)
    __usbDevSetMode                          0x00000799   Thumb Code    20  usbdevci.o(.text)
    __usbDevSetDevStatus                     0x000007ad   Thumb Code    20  usbdevci.o(.text)
    __usbDevGetDevStatus                     0x000007c1   Thumb Code    18  usbdevci.o(.text)
    __usbDevSelectEndpoint                   0x000007d3   Thumb Code    26  usbdevci.o(.text)
    __usbDevSelectClrIntEndpoint             0x000007ed   Thumb Code    44  usbdevci.o(.text)
    __usbDevSetEndpointStatus                0x00000819   Thumb Code    28  usbdevci.o(.text)
    __usbDevClearBuffer                      0x00000835   Thumb Code    18  usbdevci.o(.text)
    __usbDevValidBuffer                      0x00000847   Thumb Code    12  usbdevci.o(.text)
    __usbDevSoftDisconnect                   0x00000853   Thumb Code    10  usbdevci.o(.text)
    __usbDevSoftConnect                      0x0000085d   Thumb Code    10  usbdevci.o(.text)
    __usbDevSoftReconnect                    0x00000867   Thumb Code    24  usbdevci.o(.text)
    usbDevReadEndpoint                       0x0000087f   Thumb Code   186  usbdevci.o(.text)
    usbDevWriteEndpoint                      0x00000939   Thumb Code   204  usbdevci.o(.text)
    __usbDevConfigEndpoint                   0x00000a59   Thumb Code    52  usbdevdriver.o(.text)
    __usbDevEp1TxDone                        0x00000a8d   Thumb Code    10  usbdevdriver.o(.text)
    __usbDevEp1RxDone                        0x00000a97   Thumb Code    40  usbdevdriver.o(.text)
    __usbDevEp2TxDone                        0x00000abf   Thumb Code    10  usbdevdriver.o(.text)
    __usbDevEp2RxDone                        0x00000ac9   Thumb Code    40  usbdevdriver.o(.text)
    __usbDevEpIntHandler                     0x00000af1   Thumb Code    68  usbdevdriver.o(.text)
    __usbDevBusReset                         0x00000b35   Thumb Code    12  usbdevdriver.o(.text)
    __usbDevSuspendChange                    0x00000b41   Thumb Code     2  usbdevdriver.o(.text)
    __usbDevConnectChange                    0x00000b43   Thumb Code     2  usbdevdriver.o(.text)
    usbDevInit                               0x00000b45   Thumb Code    54  usbdevdriver.o(.text)
    usbDevServe                              0x00000b7b   Thumb Code   136  usbdevdriver.o(.text)
    usbDevException                          0x00000c03   Thumb Code   156  usbdevdriver.o(.text)
    usbDevGetVer                             0x00000c9f   Thumb Code     6  usbdevdriver.o(.text)
    __usbDevHardwareInit                     0x00000ddf   Thumb Code    46  usbdevhal.o(.text)
    __usbDevHadwareDisconnect                0x00000e0d   Thumb Code     2  usbdevhal.o(.text)
    __usbDevHadwareConnect                   0x00000e0f   Thumb Code     2  usbdevhal.o(.text)
    __usbDevHadwareReconnect                 0x00000e11   Thumb Code    26  usbdevhal.o(.text)
    __usbDevIntConfig                        0x00000e2b   Thumb Code    54  usbdevhal.o(.text)
    __usbDevStallEp0                         0x00000e9d   Thumb Code    20  usbdevprotocol.o(.text)
    __usbDevReserved                         0x00000eb1   Thumb Code     8  usbdevprotocol.o(.text)
    __usbDevInitUnconfig                     0x00000eb9   Thumb Code    10  usbdevprotocol.o(.text)
    __usbDevInitConfig                       0x00000ec3   Thumb Code    10  usbdevprotocol.o(.text)
    __usbDevSingleTransmit                   0x00000ecd   Thumb Code    22  usbdevprotocol.o(.text)
    __usbDevCodeTransmit                     0x00000ee3   Thumb Code   130  usbdevprotocol.o(.text)
    __usbDevGetStatus                        0x00000f65   Thumb Code   176  usbdevprotocol.o(.text)
    __usbDevClearFeature                     0x00001015   Thumb Code   122  usbdevprotocol.o(.text)
    __usbDevSetFeature                       0x0000108f   Thumb Code   124  usbdevprotocol.o(.text)
    __usbDevSetAddress                       0x0000110b   Thumb Code    26  usbdevprotocol.o(.text)
    __usbDevGetDescriptor                    0x00001125   Thumb Code    58  usbdevprotocol.o(.text)
    __usbDevGetConfiguration                 0x0000115f   Thumb Code    22  usbdevprotocol.o(.text)
    __usbDevSetConfiguration                 0x00001175   Thumb Code    98  usbdevprotocol.o(.text)
    __usbDevGetInterface                     0x000011d7   Thumb Code    16  usbdevprotocol.o(.text)
    __usbDevSetInterface                     0x000011e7   Thumb Code    30  usbdevprotocol.o(.text)
    __usbDevEp0RxDone                        0x00001205   Thumb Code   376  usbdevprotocol.o(.text)
    __usbDevEp0TxDone                        0x0000137d   Thumb Code   162  usbdevprotocol.o(.text)
    __usbDevControlHandler                   0x0000141f   Thumb Code    40  usbdevprotocol.o(.text)
    __semihosting$guard                      0x00001455   Thumb Code     0  use_no_semi.o(.text)
    __use_no_semihosting_swi                 0x00001455   Thumb Code     2  use_no_semi.o(.text)
    malloc                                   0x00001457   Thumb Code    94  h1_alloc.o(.text)
    free                                     0x000014b5   Thumb Code    78  h1_free.o(.text)
    mktime                                   0x0000153b   Thumb Code   354  mktime.o(.text)
    __rt_heap_descriptor                     0x000016a5   Thumb Code     8  rt_heap_descriptor_intlibspace.o(.text)
    __use_no_heap                            0x000016ad   Thumb Code     2  hguard.o(.text)
    __heap$guard                             0x000016af   Thumb Code     2  hguard.o(.text)
    _terminate_user_alloc                    0x000016b1   Thumb Code     2  init_alloc.o(.text)
    _init_user_alloc                         0x000016b3   Thumb Code     2  init_alloc.o(.text)
    __Heap_Full                              0x000016b5   Thumb Code    34  init_alloc.o(.text)
    __Heap_Broken                            0x000016d7   Thumb Code     6  init_alloc.o(.text)
    _init_alloc                              0x000016dd   Thumb Code    94  init_alloc.o(.text)
    __Heap_Initialize                        0x0000173b   Thumb Code    10  h1_init.o(.text)
    __Heap_DescSize                          0x00001745   Thumb Code     4  h1_init.o(.text)
    __user_libspace                          0x00001749   Thumb Code     8  libspace.o(.text)
    __user_perproc_libspace                  0x00001749   Thumb Code     0  libspace.o(.text)
    __user_perthread_libspace                0x00001749   Thumb Code     0  libspace.o(.text)
    __Heap_ProvideMemory                     0x00001751   Thumb Code    52  h1_extend.o(.text)
    __rt_SIGRTMEM                            0x00001785   Thumb Code    14  defsig_rtmem_outer.o(.text)
    __rt_heap_escrow                         0x00001795   Thumb Code    20  heapauxa.o(.text)
    __rt_heap_expand                         0x000017a9   Thumb Code    52  heapauxa.o(.text)
    __user_setup_stackheap                   0x000017e1   Thumb Code    74  sys_stackheap_outer.o(.text)
    exit                                     0x0000182b   Thumb Code    12  exit.o(.text)
    __sig_exit                               0x00001837   Thumb Code    10  defsig_exit.o(.text)
    __rt_SIGRTMEM_inner                      0x00001841   Thumb Code    22  defsig_rtmem_inner.o(.text)
    __default_signal_display                 0x00001891   Thumb Code    50  defsig_general.o(.text)
    __rt_fp_status_addr                      0x000018c5   Thumb Code     8  rt_fp_status_addr_intlibspace.o(.text)
    __user_initial_stackheap                 0x000018cd   Thumb Code     0  rt_sys_s.o(rt_sys)
    _fp_init                                 0x000018d5   Thumb Code    14  fpinit.o(x$fpl$fpinit)
    __fplib_config_pureend_doubles           0x000018e1   Thumb Code     0  fpinit.o(x$fpl$fpinit)
    DeviceDescr                              0x000018e2   Data          18  usbdevdescriptor.o(.constdata)
    usb_descr                                0x000018f4   Data          46  usbdevdescriptor.o(.constdata)
    _monlen                                  0x00001922   Data          12  _monlen.o(.constdata)
    Region$$Table$$Base                      0x00001930   Number         0  anon$$obj.o(Region$$Table)
    Region$$Table$$Limit                     0x00001950   Number         0  anon$$obj.o(Region$$Table)
    bEPPflags                                0x10000000   Data           4  usbdevdriver.o(.data)
    StandardDeviceRequest                    0x10000004   Data          64  usbdevprotocol.o(.data)
    GenEpBuf                                 0x10000048   Data          16  usbdevdriver.o(.bss)
    EpBuf                                    0x10000058   Data          64  usbdevdriver.o(.bss)
    ControlData                              0x10000098   Data          80  usbdevprotocol.o(.bss)
    __libspace_start                         0x100000e8   Data          96  libspace.o(.bss)
    __temporary_stack_top$libspace           0x10000148   Data           0  libspace.o(.bss)



==============================================================================

Memory Map of the image

  Image Entry point : 0x000000cd

  Load Region ROM_LOAD (Base: 0x00000000, Size: 0x00001998, Max: 0xffffffff, ABSOLUTE)

    Execution Region VECTOR (Base: 0x00000000, Size: 0x000000cc, Max: 0xffffffff, ABSOLUTE)

    Base Addr    Size         Type   Attr      Idx    E Section Name        Object

    0x00000000   0x000000cc   Data   RO          139    .constdata          vector_table.o


    Execution Region ROM_EXEC (Base: 0x000000cc, Size: 0x00001884, Max: 0xffffffff, ABSOLUTE)

    Base Addr    Size         Type   Attr      Idx    E Section Name        Object

    0x000000cc   0x00000008   Code   RO          428  * !!!main             c_w.l(__main.o)
    0x000000d4   0x00000034   Code   RO          625    !!!scatter          c_w.l(__scatter.o)
    0x00000108   0x0000001a   Code   RO          627    !!handler_copy      c_w.l(__scatter_copy.o)
    0x00000122   0x00000002   PAD
    0x00000124   0x0000001c   Code   RO          629    !!handler_zi        c_w.l(__scatter_zi.o)
    0x00000140   0x00000006   Code   RO          562    .ARM.Collect$$libinit$$00000000  c_w.l(libinit.o)
    0x00000146   0x00000008   Code   RO          463    .ARM.Collect$$libinit$$00000001  c_w.l(libinit2.o)
    0x0000014e   0x00000000   Code   RO          465    .ARM.Collect$$libinit$$00000006  c_w.l(libinit2.o)
    0x0000014e   0x00000000   Code   RO          467    .ARM.Collect$$libinit$$00000008  c_w.l(libinit2.o)
    0x0000014e   0x00000000   Code   RO          469    .ARM.Collect$$libinit$$0000000A  c_w.l(libinit2.o)
    0x0000014e   0x00000000   Code   RO          472    .ARM.Collect$$libinit$$0000000D  c_w.l(libinit2.o)
    0x0000014e   0x00000000   Code   RO          474    .ARM.Collect$$libinit$$0000000F  c_w.l(libinit2.o)
    0x0000014e   0x00000000   Code   RO          476    .ARM.Collect$$libinit$$00000011  c_w.l(libinit2.o)
    0x0000014e   0x00000000   Code   RO          478    .ARM.Collect$$libinit$$00000013  c_w.l(libinit2.o)
    0x0000014e   0x00000000   Code   RO          480    .ARM.Collect$$libinit$$00000015  c_w.l(libinit2.o)
    0x0000014e   0x00000000   Code   RO          482    .ARM.Collect$$libinit$$00000017  c_w.l(libinit2.o)
    0x0000014e   0x00000000   Code   RO          484    .ARM.Collect$$libinit$$00000019  c_w.l(libinit2.o)
    0x0000014e   0x00000000   Code   RO          486    .ARM.Collect$$libinit$$0000001B  c_w.l(libinit2.o)
    0x0000014e   0x00000000   Code   RO          488    .ARM.Collect$$libinit$$0000001D  c_w.l(libinit2.o)
    0x0000014e   0x00000000   Code   RO          490    .ARM.Collect$$libinit$$0000001F  c_w.l(libinit2.o)
    0x0000014e   0x00000000   Code   RO          492    .ARM.Collect$$libinit$$00000021  c_w.l(libinit2.o)
    0x0000014e   0x00000000   Code   RO          496    .ARM.Collect$$libinit$$00000028  c_w.l(libinit2.o)
    0x0000014e   0x00000000   Code   RO          498    .ARM.Collect$$libinit$$0000002A  c_w.l(libinit2.o)
    0x0000014e   0x00000000   Code   RO          500    .ARM.Collect$$libinit$$0000002C  c_w.l(libinit2.o)
    0x0000014e   0x00000000   Code   RO          502    .ARM.Collect$$libinit$$0000002E  c_w.l(libinit2.o)
    0x0000014e   0x00000002   Code   RO          503    .ARM.Collect$$libinit$$0000002F  c_w.l(libinit2.o)
    0x00000150   0x00000002   Code   RO          622    .ARM.Collect$$libshutdown$$00000000  c_w.l(libshutdown.o)
    0x00000152   0x00000000   Code   RO          575    .ARM.Collect$$libshutdown$$00000003  c_w.l(libshutdown2.o)
    0x00000152   0x00000000   Code   RO          578    .ARM.Collect$$libshutdown$$00000006  c_w.l(libshutdown2.o)
    0x00000152   0x00000000   Code   RO          581    .ARM.Collect$$libshutdown$$00000009  c_w.l(libshutdown2.o)
    0x00000152   0x00000000   Code   RO          583    .ARM.Collect$$libshutdown$$0000000B  c_w.l(libshutdown2.o)
    0x00000152   0x00000000   Code   RO          586    .ARM.Collect$$libshutdown$$0000000E  c_w.l(libshutdown2.o)
    0x00000152   0x00000002   Code   RO          587    .ARM.Collect$$libshutdown$$0000000F  c_w.l(libshutdown2.o)
    0x00000154   0x00000000   Code   RO          432    .ARM.Collect$$rtentry$$00000000  c_w.l(rtentry.o)
    0x00000154   0x00000000   Code   RO          508    .ARM.Collect$$rtentry$$00000002  c_w.l(rtentry2.o)
    0x00000154   0x00000006   Code   RO          520    .ARM.Collect$$rtentry$$00000004  c_w.l(rtentry4.o)
    0x0000015a   0x00000000   Code   RO          510    .ARM.Collect$$rtentry$$00000009  c_w.l(rtentry2.o)
    0x0000015a   0x00000004   Code   RO          511    .ARM.Collect$$rtentry$$0000000A  c_w.l(rtentry2.o)
    0x0000015e   0x00000000   Code   RO          513    .ARM.Collect$$rtentry$$0000000C  c_w.l(rtentry2.o)
    0x0000015e   0x00000008   Code   RO          514    .ARM.Collect$$rtentry$$0000000D  c_w.l(rtentry2.o)
    0x00000166   0x00000002   Code   RO          563    .ARM.Collect$$rtexit$$00000000  c_w.l(rtexit.o)
    0x00000168   0x00000000   Code   RO          591    .ARM.Collect$$rtexit$$00000002  c_w.l(rtexit2.o)
    0x00000168   0x00000004   Code   RO          592    .ARM.Collect$$rtexit$$00000003  c_w.l(rtexit2.o)
    0x0000016c   0x00000006   Code   RO          593    .ARM.Collect$$rtexit$$00000004  c_w.l(rtexit2.o)
    0x00000172   0x00000002   PAD
    0x00000174   0x00000010   Code   RO          151    .emb_text           zy_if.o
    0x00000184   0x00000000   Code   RO          524    .emb_text           c_w.l(maybetermalloc1.o)
    0x00000184   0x00000068   Code   RO            1    .text               main.o
    0x000001ec   0x00000194   Code   RO          126    .text               target.o
    0x00000380   0x000002b4   Code   RO          152    .text               zy_if.o
    0x00000634   0x00000086   Code   RO          199    .text               rt_sys_c.o
    0x000006ba   0x00000002   PAD
    0x000006bc   0x0000039c   Code   RO          239    .text               usbdevci.o
    0x00000a58   0x00000260   Code   RO          301    .text               usbdevdriver.o
    0x00000cb8   0x000001e4   Code   RO          320    .text               usbdevhal.o
    0x00000e9c   0x000005b8   Code   RO          344    .text               usbdevprotocol.o
    0x00001454   0x00000002   Code   RO          362    .text               c_w.l(use_no_semi.o)
    0x00001456   0x0000005e   Code   RO          368    .text               c_w.l(h1_alloc.o)
    0x000014b4   0x0000004e   Code   RO          370    .text               c_w.l(h1_free.o)
    0x00001502   0x00000002   PAD
    0x00001504   0x000001a0   Code   RO          426    .text               c_w.l(mktime.o)
    0x000016a4   0x00000008   Code   RO          436    .text               c_w.l(rt_heap_descriptor_intlibspace.o)
    0x000016ac   0x00000004   Code   RO          438    .text               c_w.l(hguard.o)
    0x000016b0   0x0000008a   Code   RO          440    .text               c_w.l(init_alloc.o)
    0x0000173a   0x0000000e   Code   RO          444    .text               c_w.l(h1_init.o)
    0x00001748   0x00000008   Code   RO          504    .text               c_w.l(libspace.o)
    0x00001750   0x00000034   Code   RO          526    .text               c_w.l(h1_extend.o)
    0x00001784   0x0000000e   Code   RO          530    .text               c_w.l(defsig_rtmem_outer.o)
    0x00001792   0x00000002   PAD
    0x00001794   0x0000004c   Code   RO          534    .text               c_w.l(heapauxa.o)
    0x000017e0   0x0000004a   Code   RO          541    .text               c_w.l(sys_stackheap_outer.o)
    0x0000182a   0x0000000c   Code   RO          547    .text               c_w.l(exit.o)
    0x00001836   0x0000000a   Code   RO          549    .text               c_w.l(defsig_exit.o)
    0x00001840   0x00000050   Code   RO          551    .text               c_w.l(defsig_rtmem_inner.o)
    0x00001890   0x00000032   Code   RO          571    .text               c_w.l(defsig_general.o)
    0x000018c2   0x00000002   PAD
    0x000018c4   0x00000008   Code   RO          600    .text               c_w.l(rt_fp_status_addr_intlibspace.o)
    0x000018cc   0x00000008   Code   RO          195  * rt_sys              rt_sys_s.o
    0x000018d4   0x0000000e   Code   RO          588    x$fpl$fpinit        fz_ws.l(fpinit.o)
    0x000018e2   0x00000040   Data   RO          332    .constdata          usbdevdescriptor.o
    0x00001922   0x0000000c   Data   RO          460    .constdata          c_w.l(_monlen.o)
    0x0000192e   0x00000002   PAD
    0x00001930   0x00000020   Data   RO          623    Region$$Table       anon$$obj.o


    Execution Region SRAM (Base: 0x10000000, Size: 0x00000148, Max: 0xffffffff, ABSOLUTE)

    Base Addr    Size         Type   Attr      Idx    E Section Name        Object

    0x10000000   0x00000004   Data   RW          303    .data               usbdevdriver.o
    0x10000004   0x00000040   Data   RW          346    .data               usbdevprotocol.o
    0x10000044   0x00000004   Data   RW          535    .data               c_w.l(heapauxa.o)
    0x10000048   0x00000050   Zero   RW          302    .bss                usbdevdriver.o
    0x10000098   0x00000050   Zero   RW          345    .bss                usbdevprotocol.o
    0x100000e8   0x00000060   Zero   RW          505    .bss                c_w.l(libspace.o)


    Execution Region HEAP (Base: 0x10000148, Size: 0x00000000, Max: 0xffffffff, ABSOLUTE, UNINIT)

    Base Addr    Size         Type   Attr      Idx    E Section Name        Object

    0x10000148   0x00000000   Zero   RW          196    Heap                rt_sys_s.o


==============================================================================

Image component sizes


      Code (inc. data)   RO Data    RW Data    ZI Data      Debug   Object Name

       104         14          0          0          0       1977   main.o
       134          0          0          0          0       5321   rt_sys_c.o
         8          4          0          0          0        220   rt_sys_s.o
       404         54          0          0          0        773   target.o
       924         84          0          0          0       6461   usbdevci.o
         0          0         64          0          0       6220   usbdevdescriptor.o
       608         20          0          4         80       3690   usbdevdriver.o
       484         60          0          0          0       1547   usbdevhal.o
      1464         30          0         64         80       4814   usbdevprotocol.o
         0          0        204          0          0        531   vector_table.o
       708         14          0          0          0       3902   zy_if.o

    ----------------------------------------------------------------------
      4840        280        300         68        160      35456   Object Totals
         0          0         32          0          0          0   (incl. Generated)
         2          0          0          0          0          0   (incl. Padding)

    ----------------------------------------------------------------------

      Code (inc. data)   RO Data    RW Data    ZI Data      Debug   Library Member Name

         8          0          0          0          0         68   __main.o
        52          8          0          0          0          0   __scatter.o
        26          0          0          0          0          0   __scatter_copy.o
        28          0          0          0          0          0   __scatter_zi.o
         0          0         12          0          0          0   _monlen.o
        10          0          0          0          0         68   defsig_exit.o
        50          0          0          0          0         88   defsig_general.o
        80         58          0          0          0         76   defsig_rtmem_inner.o
        14          0          0          0          0         80   defsig_rtmem_outer.o
        12          0          0          0          0         72   exit.o
        94          0          0          0          0         80   h1_alloc.o
        52          0          0          0          0         68   h1_extend.o
        78          0          0          0          0         80   h1_free.o
        14          0          0          0          0         84   h1_init.o
        76          4          0          4          0         96   heapauxa.o
         4          0          0          0          0        136   hguard.o
       138          0          0          0          0        168   init_alloc.o
         6          0          0          0          0          0   libinit.o
        10          0          0          0          0          0   libinit2.o
         2          0          0          0          0          0   libshutdown.o
         2          0          0          0          0          0   libshutdown2.o
         8          4          0          0         96         68   libspace.o
         0          0          0          0          0          0   maybetermalloc1.o
       416          8          0          0          0        128   mktime.o
         8          4          0          0          0         68   rt_fp_status_addr_intlibspace.o
         8          4          0          0          0         68   rt_heap_descriptor_intlibspace.o
         0          0          0          0          0          0   rtentry.o
        12          0          0          0          0          0   rtentry2.o
         6          0          0          0          0          0   rtentry4.o
         2          0          0          0          0          0   rtexit.o
        10          0          0          0          0          0   rtexit2.o
        74          0          0          0          0         80   sys_stackheap_outer.o
         2          0          0          0          0         68   use_no_semi.o
        14          0          0          0          0         76   fpinit.o

    ----------------------------------------------------------------------
      1326         90         14          4         96       1720   Library Totals
        10          0          2          0          0          0   (incl. Padding)

    ----------------------------------------------------------------------

      Code (inc. data)   RO Data    RW Data    ZI Data      Debug   Library Name

      1302         90         12          4         96       1644   c_w.l
        14          0          0          0          0         76   fz_ws.l

    ----------------------------------------------------------------------
      1326         90         14          4         96       1720   Library Totals

    ----------------------------------------------------------------------

==============================================================================


      Code (inc. data)   RO Data    RW Data    ZI Data      Debug   

      6166        370        314         72        256      35356   Grand Totals
      6166        370        314         72        256      35356   ELF Image Totals
      6166        370        314         72          0          0   ROM Totals

==============================================================================

    Total RO  Size (Code + RO Data)                 6480 (   6.33kB)
    Total RW  Size (RW Data + ZI Data)               328 (   0.32kB)
    Total ROM Size (Code + RO Data + RW Data)       6552 (   6.40kB)

==============================================================================

