ARM Linker, 4.1 [Build 894] [Professional]

==============================================================================

Section Cross References

    main.o(.text) refers to lcd_printf.o(.text) for lcd_printf
    main.o(.text) refers to hardware_sets.o(.text) for hardware_init
    main.o(.text) refers to test_hw.o(.text) for testall
    main.o(.text) refers to system_lpc17xx.o(.data) for SystemFrequency
    delay.o(.text) refers to delay.o(.data) for msTicks
    led.o(.text) refers to lcd_printf.o(.text) for lcd_printf
    led.o(.text) refers to led.o(.data) for num
    uart_all.o(.text) refers to uart0.o(.text) for uart0_enable
    uart_all.o(.text) refers to uart1.o(.text) for uart1_enable
    uart0.o(.text) refers to system_lpc17xx.o(.data) for SystemFrequency
    uart1.o(.text) refers to system_lpc17xx.o(.data) for SystemFrequency
    ops_w25qxx.o(.text) refers to w25q256.o(.text) for w25qxx_read_id_4
    ops_w25qxx.o(.text) refers to ops_w25qxx.o(.data) for vOpsFlash
    w25q256.o(.text) refers to ops_w25qxx.o(.text) for Init_OpsFlash
    w25q256.o(.text) refers to lcd_printf.o(.text) for lcd_printf
    w25q256.o(.text) refers to delay.o(.text) for delay10cyc
    w25q256.o(.text) refers to irq_manage.o(.text) for irq_enable_all
    ctimedef.o(.text) refers to ctimedef.o(.data) for vCurTime0Def
    ctimedef.o(.text) refers to system_lpc17xx.o(.data) for SystemFrequency
    irq_timer.o(.text) refers to led.o(.text) for led_test_1sonoff
    irq_timer.o(.text) refers to irq_timer.o(.data) for timer0_counter
    timer_all.o(.text) refers to system_lpc17xx.o(.data) for SystemFrequency
    lcd_printf.o(.text) refers to uart0.o(.text) for uart0_sendstring
    lcd_printf.o(.text) refers to c89vsprintf.o(.text) for __c89vsprintf
    lcd_printf.o(.text) refers to lcd_printf.o(.bss) for buf
    system_lpc17xx.o(.text) refers to system_lpc17xx.o(.data) for SystemFrequency
    startup_lpc17xx.o(STACK) refers (Special) to heapauxi.o(.text) for __use_two_region_memory
    startup_lpc17xx.o(HEAP) refers (Special) to heapauxi.o(.text) for __use_two_region_memory
    startup_lpc17xx.o(RESET) refers (Special) to heapauxi.o(.text) for __use_two_region_memory
    startup_lpc17xx.o(RESET) refers to startup_lpc17xx.o(STACK) for __initial_sp
    startup_lpc17xx.o(RESET) refers to startup_lpc17xx.o(.text) for Reset_Handler
    startup_lpc17xx.o(RESET) refers to delay.o(.text) for SysTick_Handler
    startup_lpc17xx.o(RESET) refers to irq_timer.o(.text) for TIMER0_IRQHandler
    startup_lpc17xx.o(.ARM.__at_0x02FC) refers (Special) to heapauxi.o(.text) for __use_two_region_memory
    startup_lpc17xx.o(.text) refers (Special) to heapauxi.o(.text) for __use_two_region_memory
    startup_lpc17xx.o(.text) refers to system_lpc17xx.o(.text) for SystemInit
    startup_lpc17xx.o(.text) refers to __main.o(!!!main) for __main
    startup_lpc17xx.o(.text) refers to startup_lpc17xx.o(HEAP) for Heap_Mem
    startup_lpc17xx.o(.text) refers to startup_lpc17xx.o(STACK) for Stack_Mem
    utils.o(.text) refers to lcd_printf.o(.text) for lcd_printf
    hardware_sets.o(.text) refers to ops_w25qxx.o(.text) for Init_OpsFlash
    hardware_sets.o(.text) refers to system_lpc17xx.o(.text) for SystemClockUpdate
    hardware_sets.o(.text) refers to uart0.o(.text) for uart0_init
    hardware_sets.o(.text) refers to w25q256.o(.text) for spi_init
    hardware_sets.o(.text) refers to led.o(.text) for led_init
    hardware_sets.o(.text) refers to ctimedef.o(.text) for Get_Timer_1s
    hardware_sets.o(.text) refers to timer_all.o(.text) for timer_all_init
    hardware_sets.o(.text) refers to lcd_printf.o(.text) for lcd_printf
    irq_manage.o(.text) refers to timer_all.o(.text) for disable_timer
    test_hw.o(.text) refers to ops_w25qxx.o(.text) for w25qxx_read_unique_id
    test_hw.o(.text) refers to utils.o(.text) for printbuf
    test_hw.o(.text) refers to lcd_printf.o(.text) for lcd_printf
    test_hw.o(.text) refers to w25q256.o(.text) for w25qxx_get_sector_num
    test_hw.o(.text) refers to aeabi_memset.o(.text) for __aeabi_memset
    test_hw.o(.text) refers to test_hw.o(.bss) for buf
    test_hw.o(.text) refers to test_hw.o(.data) for deviceid
    c89vsprintf.o(.text) refers (Special) to _printf_a.o(.ARM.Collect$$_printf_percent$$00000006) for _printf_a
    c89vsprintf.o(.text) refers (Special) to _printf_c.o(.ARM.Collect$$_printf_percent$$00000013) for _printf_c
    c89vsprintf.o(.text) refers (Special) to _printf_charcount.o(.text) for _printf_charcount
    c89vsprintf.o(.text) refers (Special) to _printf_d.o(.ARM.Collect$$_printf_percent$$00000009) for _printf_d
    c89vsprintf.o(.text) refers (Special) to _printf_e.o(.ARM.Collect$$_printf_percent$$00000004) for _printf_e
    c89vsprintf.o(.text) refers (Special) to _printf_f.o(.ARM.Collect$$_printf_percent$$00000003) for _printf_f
    c89vsprintf.o(.text) refers (Special) to printf1.o(x$fpl$printf1) for _printf_fp_dec
[...]
    ../../printf.c                           0x00000000   Number         0  _printf_oct_int_ll.o ABSOLUTE
    ../../printf.c                           0x00000000   Number         0  _printf_hex_ll.o ABSOLUTE
    ../../printf.c                           0x00000000   Number         0  _printf_char.o ABSOLUTE
    ../../printf.c                           0x00000000   Number         0  _printf_hex_int.o ABSOLUTE
    ../../printf.c                           0x00000000   Number         0  _printf_hex_int_ll.o ABSOLUTE
    ../../printf.c                           0x00000000   Number         0  __printf_nopercent.o ABSOLUTE
    ../../printf.c                           0x00000000   Number         0  _printf_hex_ptr.o ABSOLUTE
    ../../printf.c                           0x00000000   Number         0  _printf_fp_dec.o ABSOLUTE
    ../../printf.c                           0x00000000   Number         0  _printf_hex_int_ptr.o ABSOLUTE
    ../../printf.c                           0x00000000   Number         0  _printf_hex_ll_ptr.o ABSOLUTE
    ../../printf.c                           0x00000000   Number         0  _printf_intcommon.o ABSOLUTE
    ../../printf.c                           0x00000000   Number         0  _printf_fp_infnan.o ABSOLUTE
    ../../printf.c                           0x00000000   Number         0  __printf_flags.o ABSOLUTE
    ../../printf.c                           0x00000000   Number         0  __printf_ss.o ABSOLUTE
    ../../printf.c                           0x00000000   Number         0  __printf_flags_ss.o ABSOLUTE
    ../../printf.c                           0x00000000   Number         0  __printf_wp.o ABSOLUTE
    ../../printf.c                           0x00000000   Number         0  __printf_flags_wp.o ABSOLUTE
    ../../printf.c                           0x00000000   Number         0  __printf_ss_wp.o ABSOLUTE
    ../../printf.c                           0x00000000   Number         0  __printf_flags_ss_wp.o ABSOLUTE
    ../../printf.c                           0x00000000   Number         0  _printf_hex_int_ll_ptr.o ABSOLUTE
    ../../printf.c                           0x00000000   Number         0  c89vsprintf.o ABSOLUTE
    ../../printf.c                           0x00000000   Number         0  __printf.o ABSOLUTE
    ../../printf.c                           0x00000000   Number         0  _printf_pad.o ABSOLUTE
    ../../printf.c                           0x00000000   Number         0  _printf_truncate.o ABSOLUTE
    ../../printf.c                           0x00000000   Number         0  _printf_str.o ABSOLUTE
    ../../printf.c                           0x00000000   Number         0  _printf_dec.o ABSOLUTE
    ../../printf.c                           0x00000000   Number         0  _printf_charcount.o ABSOLUTE
    ../../printf.c                           0x00000000   Number         0  _printf_char_common.o ABSOLUTE
    ../../printf.c                           0x00000000   Number         0  _sputc.o ABSOLUTE
    ../../printf.c                           0x00000000   Number         0  _printf_wctomb.o ABSOLUTE
    ../../printf.c                           0x00000000   Number         0  _printf_longlong_dec.o ABSOLUTE
    ../../printf.c                           0x00000000   Number         0  _printf_oct_ll.o ABSOLUTE
    ../../printf1.s                          0x00000000   Number         0  printf1.o ABSOLUTE
    ../../printf_percent.s                   0x00000000   Number         0  _printf_s.o ABSOLUTE
    ../../printf_percent.s                   0x00000000   Number         0  _printf_lc.o ABSOLUTE
    ../../printf_percent.s                   0x00000000   Number         0  _printf_n.o ABSOLUTE
    ../../printf_percent.s                   0x00000000   Number         0  _printf_x.o ABSOLUTE
    ../../printf_percent.s                   0x00000000   Number         0  _printf_lld.o ABSOLUTE
    ../../printf_percent.s                   0x00000000   Number         0  _printf_p.o ABSOLUTE
    ../../printf_percent.s                   0x00000000   Number         0  _printf_o.o ABSOLUTE
    ../../printf_percent.s                   0x00000000   Number         0  _printf_f.o ABSOLUTE
    ../../printf_percent.s                   0x00000000   Number         0  _printf_c.o ABSOLUTE
    ../../printf_percent.s                   0x00000000   Number         0  _printf_i.o ABSOLUTE
    ../../printf_percent.s                   0x00000000   Number         0  _printf_ls.o ABSOLUTE
    ../../printf_percent.s                   0x00000000   Number         0  _printf_percent_end.o ABSOLUTE
    ../../printf_percent.s                   0x00000000   Number         0  _printf_u.o ABSOLUTE
    ../../printf_percent.s                   0x00000000   Number         0  _printf_d.o ABSOLUTE
    ../../printf_percent.s                   0x00000000   Number         0  _printf_lli.o ABSOLUTE
    ../../printf_percent.s                   0x00000000   Number         0  _printf_llo.o ABSOLUTE
    ../../printf_percent.s                   0x00000000   Number         0  _printf_ll.o ABSOLUTE
    ../../printf_percent.s                   0x00000000   Number         0  _printf_percent.o ABSOLUTE
    ../../printf_percent.s                   0x00000000   Number         0  _printf_l.o ABSOLUTE
    ../../printf_percent.s                   0x00000000   Number         0  _printf_llx.o ABSOLUTE
    ../../printf_percent.s                   0x00000000   Number         0  _printf_a.o ABSOLUTE
    ../../printf_percent.s                   0x00000000   Number         0  _printf_llu.o ABSOLUTE
    ../../printf_percent.s                   0x00000000   Number         0  _printf_g.o ABSOLUTE
    ../../printf_percent.s                   0x00000000   Number         0  _printf_e.o ABSOLUTE
    ../../signal.c                           0x00000000   Number         0  defsig_other.o ABSOLUTE
    ../../signal.c                           0x00000000   Number         0  defsig_abrt_inner.o ABSOLUTE
    ../../signal.c                           0x00000000   Number         0  defsig_fpe_inner.o ABSOLUTE
    ../../signal.c                           0x00000000   Number         0  defsig_cppl_inner.o ABSOLUTE
    ../../signal.c                           0x00000000   Number         0  defsig_stak_inner.o ABSOLUTE
    ../../signal.c                           0x00000000   Number         0  defsig_pvfn_inner.o ABSOLUTE
    ../../signal.c                           0x00000000   Number         0  defsig_exit.o ABSOLUTE
    ../../signal.c                           0x00000000   Number         0  defsig_rtmem_inner.o ABSOLUTE
    ../../signal.c                           0x00000000   Number         0  defsig_segv_inner.o ABSOLUTE
    ../../signal.c                           0x00000000   Number         0  __raise.o ABSOLUTE
    ../../signal.c                           0x00000000   Number         0  defsig_rtmem_formal.o ABSOLUTE
    ../../signal.c                           0x00000000   Number         0  defsig_rtred_inner.o ABSOLUTE
    ../../signal.c                           0x00000000   Number         0  defsig_general.o ABSOLUTE
    ../../signal.c                           0x00000000   Number         0  defsig_rtmem_outer.o ABSOLUTE
    ../../signal.s                           0x00000000   Number         0  defsig.o ABSOLUTE
    ../../stdlib.c                           0x00000000   Number         0  exit.o ABSOLUTE
    ../../usenofp.s                          0x00000000   Number         0  usenofp.o ABSOLUTE
    ..\\board\\lpc1752\\hardware_sets.c      0x00000000   Number         0  hardware_sets.o ABSOLUTE
    ..\\board\\lpc1752\\irq_manage.c         0x00000000   Number         0  irq_manage.o ABSOLUTE
    ..\\board\\test\\test_hw.c               0x00000000   Number         0  test_hw.o ABSOLUTE
    ..\\common\\printf\\lcd_printf.c         0x00000000   Number         0  lcd_printf.o ABSOLUTE
    ..\\common\\system\\core_cm3.c           0x00000000   Number         0  core_cm3.o ABSOLUTE
    ..\\common\\system\\system_LPC17xx.c     0x00000000   Number         0  system_lpc17xx.o ABSOLUTE
    ..\\common\\utils.c                      0x00000000   Number         0  utils.o ABSOLUTE
    ..\\drivers\\delay\\delay.c              0x00000000   Number         0  delay.o ABSOLUTE
    ..\\drivers\\led\\led.c                  0x00000000   Number         0  led.o ABSOLUTE
    ..\\drivers\\serial\\uart0.c             0x00000000   Number         0  uart0.o ABSOLUTE
    ..\\drivers\\serial\\uart1.c             0x00000000   Number         0  uart1.o ABSOLUTE
    ..\\drivers\\serial\\uart_all.c          0x00000000   Number         0  uart_all.o ABSOLUTE
    ..\\drivers\\spi\\w25q256_ssp\\ops_w25qxx.c 0x00000000   Number         0  ops_w25qxx.o ABSOLUTE
    ..\\drivers\\spi\\w25q256_ssp\\w25q256.c 0x00000000   Number         0  w25q256.o ABSOLUTE
    ..\\drivers\\timer\\CTimeDef.c           0x00000000   Number         0  ctimedef.o ABSOLUTE
    ..\\drivers\\timer\\irq_timer.c          0x00000000   Number         0  irq_timer.o ABSOLUTE
    ..\\drivers\\timer\\timer_all.c          0x00000000   Number         0  timer_all.o ABSOLUTE
    ..\\src\\main.c                          0x00000000   Number         0  main.o ABSOLUTE
    ..\board\lpc1752\hardware_sets.c         0x00000000   Number         0  hardware_sets.o ABSOLUTE
    ..\board\lpc1752\irq_manage.c            0x00000000   Number         0  irq_manage.o ABSOLUTE
    ..\board\test\test_hw.c                  0x00000000   Number         0  test_hw.o ABSOLUTE
    ..\common\printf\lcd_printf.c            0x00000000   Number         0  lcd_printf.o ABSOLUTE
    ..\common\system\core_cm3.c              0x00000000   Number         0  core_cm3.o ABSOLUTE
    ..\common\system\startup_LPC17xx.s       0x00000000   Number         0  startup_lpc17xx.o ABSOLUTE
    ..\common\system\system_LPC17xx.c        0x00000000   Number         0  system_lpc17xx.o ABSOLUTE
    ..\common\utils.c                        0x00000000   Number         0  utils.o ABSOLUTE
    ..\drivers\delay\delay.c                 0x00000000   Number         0  delay.o ABSOLUTE
    ..\drivers\led\led.c                     0x00000000   Number         0  led.o ABSOLUTE
    ..\drivers\serial\uart0.c                0x00000000   Number         0  uart0.o ABSOLUTE
    ..\drivers\serial\uart1.c                0x00000000   Number         0  uart1.o ABSOLUTE
    ..\drivers\serial\uart_all.c             0x00000000   Number         0  uart_all.o ABSOLUTE
    ..\drivers\spi\w25q256_ssp\ops_w25qxx.c  0x00000000   Number         0  ops_w25qxx.o ABSOLUTE
    ..\drivers\spi\w25q256_ssp\w25q256.c     0x00000000   Number         0  w25q256.o ABSOLUTE
    ..\drivers\timer\CTimeDef.c              0x00000000   Number         0  ctimedef.o ABSOLUTE
    ..\drivers\timer\irq_timer.c             0x00000000   Number         0  irq_timer.o ABSOLUTE
    ..\drivers\timer\timer_all.c             0x00000000   Number         0  timer_all.o ABSOLUTE
    ..\src\main.c                            0x00000000   Number         0  main.o ABSOLUTE
    dc.s                                     0x00000000   Number         0  dc.o ABSOLUTE
    !!!main                                  0x000000cc   Section        8  __main.o(!!!main)
    !!!scatter                               0x000000d4   Section       52  __scatter.o(!!!scatter)
    !!handler_copy                           0x00000108   Section       26  __scatter_copy.o(!!handler_copy)
    !!handler_zi                             0x00000124   Section       28  __scatter_zi.o(!!handler_zi)
    .ARM.Collect$$_printf_percent$$00000000  0x00000140   Section        0  _printf_percent.o(.ARM.Collect$$_printf_percent$$00000000)
    .ARM.Collect$$_printf_percent$$00000001  0x00000140   Section        6  _printf_n.o(.ARM.Collect$$_printf_percent$$00000001)
    .ARM.Collect$$_printf_percent$$00000002  0x00000146   Section        6  _printf_p.o(.ARM.Collect$$_printf_percent$$00000002)
    .ARM.Collect$$_printf_percent$$00000003  0x0000014c   Section        6  _printf_f.o(.ARM.Collect$$_printf_percent$$00000003)
    .ARM.Collect$$_printf_percent$$00000004  0x00000152   Section        6  _printf_e.o(.ARM.Collect$$_printf_percent$$00000004)
    .ARM.Collect$$_printf_percent$$00000005  0x00000158   Section        6  _printf_g.o(.ARM.Collect$$_printf_percent$$00000005)
    .ARM.Collect$$_printf_percent$$00000006  0x0000015e   Section        6  _printf_a.o(.ARM.Collect$$_printf_percent$$00000006)
    .ARM.Collect$$_printf_percent$$00000007  0x00000164   Section       10  _printf_ll.o(.ARM.Collect$$_printf_percent$$00000007)
    .ARM.Collect$$_printf_percent$$00000008  0x0000016e   Section        6  _printf_i.o(.ARM.Collect$$_printf_percent$$00000008)
    .ARM.Collect$$_printf_percent$$00000009  0x00000174   Section        6  _printf_d.o(.ARM.Collect$$_printf_percent$$00000009)
    .ARM.Collect$$_printf_percent$$0000000A  0x0000017a   Section        6  _printf_u.o(.ARM.Collect$$_printf_percent$$0000000A)
    .ARM.Collect$$_printf_percent$$0000000B  0x00000180   Section        6  _printf_o.o(.ARM.Collect$$_printf_percent$$0000000B)
    .ARM.Collect$$_printf_percent$$0000000C  0x00000186   Section        6  _printf_x.o(.ARM.Collect$$_printf_percent$$0000000C)
    .ARM.Collect$$_printf_percent$$0000000D  0x0000018c   Section        6  _printf_lli.o(.ARM.Collect$$_printf_percent$$0000000D)
    .ARM.Collect$$_printf_percent$$0000000E  0x00000192   Section        6  _printf_lld.o(.ARM.Collect$$_printf_percent$$0000000E)
    .ARM.Collect$$_printf_percent$$0000000F  0x00000198   Section        6  _printf_llu.o(.ARM.Collect$$_printf_percent$$0000000F)
    .ARM.Collect$$_printf_percent$$00000010  0x0000019e   Section        6  _printf_llo.o(.ARM.Collect$$_printf_percent$$00000010)
    .ARM.Collect$$_printf_percent$$00000011  0x000001a4   Section        6  _printf_llx.o(.ARM.Collect$$_printf_percent$$00000011)
    .ARM.Collect$$_printf_percent$$00000012  0x000001aa   Section       10  _printf_l.o(.ARM.Collect$$_printf_percent$$00000012)
    .ARM.Collect$$_printf_percent$$00000013  0x000001b4   Section        6  _printf_c.o(.ARM.Collect$$_printf_percent$$00000013)
    .ARM.Collect$$_printf_percent$$00000014  0x000001ba   Section        6  _printf_s.o(.ARM.Collect$$_printf_percent$$00000014)
    .ARM.Collect$$_printf_percent$$00000015  0x000001c0   Section        6  _printf_lc.o(.ARM.Collect$$_printf_percent$$00000015)
    .ARM.Collect$$_printf_percent$$00000016  0x000001c6   Section        6  _printf_ls.o(.ARM.Collect$$_printf_percent$$00000016)
    .ARM.Collect$$_printf_percent$$00000017  0x000001cc   Section        4  _printf_percent_end.o(.ARM.Collect$$_printf_percent$$00000017)
    .ARM.Collect$$libinit$$00000000          0x000001d0   Section        6  libinit.o(.ARM.Collect$$libinit$$00000000)
    .ARM.Collect$$libinit$$00000006          0x000001d6   Section        0  libinit2.o(.ARM.Collect$$libinit$$00000006)
    .ARM.Collect$$libinit$$00000008          0x000001d6   Section        0  libinit2.o(.ARM.Collect$$libinit$$00000008)
    .ARM.Collect$$libinit$$0000000A          0x000001d6   Section        0  libinit2.o(.ARM.Collect$$libinit$$0000000A)
    .ARM.Collect$$libinit$$0000000B          0x000001d6   Section        6  libinit2.o(.ARM.Collect$$libinit$$0000000B)
    .ARM.Collect$$libinit$$0000000D          0x000001dc   Section        0  libinit2.o(.ARM.Collect$$libinit$$0000000D)
    .ARM.Collect$$libinit$$0000000E          0x000001dc   Section       12  libinit2.o(.ARM.Collect$$libinit$$0000000E)
    .ARM.Collect$$libinit$$0000000F          0x000001e8   Section        0  libinit2.o(.ARM.Collect$$libinit$$0000000F)
    .ARM.Collect$$libinit$$00000011          0x000001e8   Section        0  libinit2.o(.ARM.Collect$$libinit$$00000011)
    .ARM.Collect$$libinit$$00000012          0x000001e8   Section       10  libinit2.o(.ARM.Collect$$libinit$$00000012)
    .ARM.Collect$$libinit$$00000013          0x000001f2   Section        0  libinit2.o(.ARM.Collect$$libinit$$00000013)
    .ARM.Collect$$libinit$$00000015          0x000001f2   Section        0  libinit2.o(.ARM.Collect$$libinit$$00000015)
    .ARM.Collect$$libinit$$00000017          0x000001f2   Section        0  libinit2.o(.ARM.Collect$$libinit$$00000017)
    .ARM.Collect$$libinit$$00000019          0x000001f2   Section        0  libinit2.o(.ARM.Collect$$libinit$$00000019)
    .ARM.Collect$$libinit$$0000001B          0x000001f2   Section        0  libinit2.o(.ARM.Collect$$libinit$$0000001B)
    .ARM.Collect$$libinit$$0000001D          0x000001f2   Section        0  libinit2.o(.ARM.Collect$$libinit$$0000001D)
    .ARM.Collect$$libinit$$0000001F          0x000001f2   Section        0  libinit2.o(.ARM.Collect$$libinit$$0000001F)
    .ARM.Collect$$libinit$$00000021          0x000001f2   Section        0  libinit2.o(.ARM.Collect$$libinit$$00000021)
    .ARM.Collect$$libinit$$00000028          0x000001f2   Section        0  libinit2.o(.ARM.Collect$$libinit$$00000028)
    .ARM.Collect$$libinit$$0000002A          0x000001f2   Section        0  libinit2.o(.ARM.Collect$$libinit$$0000002A)
    .ARM.Collect$$libinit$$0000002C          0x000001f2   Section        0  libinit2.o(.ARM.Collect$$libinit$$0000002C)
    .ARM.Collect$$libinit$$0000002E          0x000001f2   Section        0  libinit2.o(.ARM.Collect$$libinit$$0000002E)
    .ARM.Collect$$libinit$$0000002F          0x000001f2   Section        2  libinit2.o(.ARM.Collect$$libinit$$0000002F)
    .ARM.Collect$$libshutdown$$00000000      0x000001f4   Section        2  libshutdown.o(.ARM.Collect$$libshutdown$$00000000)
    .ARM.Collect$$libshutdown$$00000003      0x000001f6   Section        0  libshutdown2.o(.ARM.Collect$$libshutdown$$00000003)
    .ARM.Collect$$libshutdown$$00000006      0x000001f6   Section        0  libshutdown2.o(.ARM.Collect$$libshutdown$$00000006)
    .ARM.Collect$$libshutdown$$00000009      0x000001f6   Section        0  libshutdown2.o(.ARM.Collect$$libshutdown$$00000009)
    .ARM.Collect$$libshutdown$$0000000B      0x000001f6   Section        0  libshutdown2.o(.ARM.Collect$$libshutdown$$0000000B)
    .ARM.Collect$$libshutdown$$0000000E      0x000001f6   Section        0  libshutdown2.o(.ARM.Collect$$libshutdown$$0000000E)
    .ARM.Collect$$libshutdown$$0000000F      0x000001f6   Section        2  libshutdown2.o(.ARM.Collect$$libshutdown$$0000000F)
    .ARM.Collect$$rtentry$$00000000          0x000001f8   Section        0  rtentry.o(.ARM.Collect$$rtentry$$00000000)
    .ARM.Collect$$rtentry$$00000002          0x000001f8   Section        0  rtentry2.o(.ARM.Collect$$rtentry$$00000002)
    .ARM.Collect$$rtentry$$00000004          0x000001f8   Section        6  rtentry4.o(.ARM.Collect$$rtentry$$00000004)
    .ARM.Collect$$rtentry$$00000009          0x000001fe   Section        0  rtentry2.o(.ARM.Collect$$rtentry$$00000009)
    .ARM.Collect$$rtentry$$0000000A          0x000001fe   Section        4  rtentry2.o(.ARM.Collect$$rtentry$$0000000A)
    .ARM.Collect$$rtentry$$0000000C          0x00000202   Section        0  rtentry2.o(.ARM.Collect$$rtentry$$0000000C)
    .ARM.Collect$$rtentry$$0000000D          0x00000202   Section        8  rtentry2.o(.ARM.Collect$$rtentry$$0000000D)
    .ARM.Collect$$rtexit$$00000000           0x0000020a   Section        2  rtexit.o(.ARM.Collect$$rtexit$$00000000)
    .ARM.Collect$$rtexit$$00000002           0x0000020c   Section        0  rtexit2.o(.ARM.Collect$$rtexit$$00000002)
    .ARM.Collect$$rtexit$$00000003           0x0000020c   Section        4  rtexit2.o(.ARM.Collect$$rtexit$$00000003)
    .ARM.Collect$$rtexit$$00000004           0x00000210   Section        6  rtexit2.o(.ARM.Collect$$rtexit$$00000004)
    .text                                    0x00000218   Section        0  main.o(.text)
    .text                                    0x00000250   Section        0  delay.o(.text)
    .text                                    0x00000298   Section        0  irq_timer.o(.text)
    .text                                    0x000002d0   Section        0  irq_manage.o(.text)
    .text                                    0x000002e4   Section       16  aeabi_memset.o(.text)
    .text                                    0x000002f4   Section        0  heapauxi.o(.text)
    .text                                    0x000002fa   Section        2  use_no_semi.o(.text)
    .ARM.__at_0x02FC                         0x000002fc   Section        4  startup_lpc17xx.o(.ARM.__at_0x02FC)
    .text                                    0x00000300   Section        0  led.o(.text)
    .text                                    0x000003b4   Section        0  uart0.o(.text)
    .text                                    0x0000053c   Section        0  ops_w25qxx.o(.text)
    .text                                    0x00000608   Section        0  w25q256.o(.text)
    SPI_HOLD_HIGH                            0x0000061b   Thumb Code    14  w25q256.o(.text)
    SPI_WR_LOW                               0x00000629   Thumb Code    14  w25q256.o(.text)
    SPI_WR_HIGH                              0x0000083b   Thumb Code    14  w25q256.o(.text)
    w25xx_in_4byte                           0x0000091d   Thumb Code    10  w25q256.o(.text)
    w25xx_out_4byte                          0x00000927   Thumb Code    10  w25q256.o(.text)
    .text                                    0x00001200   Section        0  ctimedef.o(.text)
    .text                                    0x00001384   Section        0  timer_all.o(.text)
    NVIC_SetPriority                         0x00001385   Thumb Code    32  timer_all.o(.text)
    NVIC_EnableIRQ                           0x000015fd   Thumb Code    24  timer_all.o(.text)
    .text                                    0x00001634   Section        0  lcd_printf.o(.text)
    .text                                    0x00001668   Section        0  system_lpc17xx.o(.text)
    .text                                    0x0000189c   Section       60  startup_lpc17xx.o(.text)
    .text                                    0x000018d8   Section        0  utils.o(.text)
    .text                                    0x00001908   Section        0  hardware_sets.o(.text)
    .text                                    0x000019b0   Section        0  test_hw.o(.text)
    get_uniqueID_w25q256                     0x000019c3   Thumb Code    32  test_hw.o(.text)
    .text                                    0x00001aa8   Section        0  c89vsprintf.o(.text)
    .text                                    0x00001acc   Section        0  _printf_pad.o(.text)
    .text                                    0x00001b1e   Section        0  _printf_truncate.o(.text)
    .text                                    0x00001b42   Section        0  _printf_str.o(.text)
    .text                                    0x00001b94   Section        0  _printf_dec.o(.text)
    .text                                    0x00001c0c   Section        0  _printf_charcount.o(.text)
    .text                                    0x00001c38   Section        0  _printf_char_common.o(.text)
    _printf_input_char                       0x00001c39   Thumb Code    10  _printf_char_common.o(.text)
    .text                                    0x00001c68   Section        0  _sputc.o(.text)
    .text                                    0x00001c74   Section        0  _printf_wctomb.o(.text)
    .text                                    0x00001d30   Section        0  _printf_longlong_dec.o(.text)
    .text                                    0x00001da8   Section        0  _printf_oct_int_ll.o(.text)
    _printf_longlong_oct_internal            0x00001da9   Thumb Code     0  _printf_oct_int_ll.o(.text)
    .text                                    0x00001e20   Section        0  _printf_hex_int_ll_ptr.o(.text)
    _printf_hex_common                       0x00001e21   Thumb Code     0  _printf_hex_int_ll_ptr.o(.text)
    .text                                    0x00001ebc   Section        0  __printf_flags_ss_wp.o(.text)
    .text                                    0x00002048   Section       68  rt_memclr.o(.text)
    .text                                    0x0000208c   Section      138  lludiv10.o(.text)
    .text                                    0x00002116   Section        0  _printf_intcommon.o(.text)
    .text                                    0x000021ce   Section        0  _printf_fp_dec.o(.text)
    _fp_digits                               0x000021d1   Thumb Code   428  _printf_fp_dec.o(.text)
    .text                                    0x000025ee   Section        0  _printf_char.o(.text)
    .text                                    0x0000261a   Section        0  _printf_wchar.o(.text)
    .text                                    0x00002646   Section        0  _wcrtomb.o(.text)
    .text                                    0x00002686   Section       78  rt_memclr_w.o(.text)
    .text                                    0x000026d4   Section       74  sys_stackheap_outer.o(.text)
    .text                                    0x00002720   Section       16  rt_ctype_table.o(.text)
    .text                                    0x00002730   Section        8  rt_locale_intlibspace.o(.text)
    .text                                    0x00002738   Section        0  _printf_fp_infnan.o(.text)
    .text                                    0x000027b8   Section        0  bigflt0.o(.text)
    .text                                    0x0000289c   Section        0  exit.o(.text)
    .text                                    0x000028a8   Section        8  libspace.o(.text)
    .text                                    0x000028b0   Section      128  strcmpv7m.o(.text)
    .text                                    0x00002930   Section        8  rt_fp_status_addr_intlibspace.o(.text)
    .text                                    0x00002938   Section        0  sys_exit.o(.text)
    .text                                    0x00002944   Section        0  indicate_semi.o(.text)
    CL$$btod_d2e                             0x00002944   Section       62  btod.o(CL$$btod_d2e)
    CL$$btod_d2e_denorm_low                  0x00002982   Section       70  btod.o(CL$$btod_d2e_denorm_low)
    CL$$btod_d2e_norm_op1                    0x000029c8   Section       96  btod.o(CL$$btod_d2e_norm_op1)
    CL$$btod_div_common                      0x00002a28   Section      824  btod.o(CL$$btod_div_common)
    CL$$btod_e2e                             0x00002d60   Section      198  btod.o(CL$$btod_e2e)
    CL$$btod_ediv                            0x00002e26   Section       40  btod.o(CL$$btod_ediv)
    CL$$btod_emul                            0x00002e4e   Section       40  btod.o(CL$$btod_emul)
    CL$$btod_mult_common                     0x00002e76   Section      580  btod.o(CL$$btod_mult_common)
    i.__ARM_fpclassify                       0x000030ba   Section        0  fpclassify.o(i.__ARM_fpclassify)
    i._is_digit                              0x000030e2   Section        0  __printf_wp.o(i._is_digit)
    locale$$code                             0x000030f0   Section       44  lc_numeric_c.o(locale$$code)
    locale$$code                             0x0000311c   Section       44  lc_ctype_c.o(locale$$code)
    x$fpl$fpinit                             0x00003148   Section       14  fpinit.o(x$fpl$fpinit)
    x$fpl$printf1                            0x00003156   Section        4  printf1.o(x$fpl$printf1)
    x$fpl$usenofp                            0x0000315a   Section        0  usenofp.o(x$fpl$usenofp)
    .constdata                               0x0000315c   Section        8  _printf_wctomb.o(.constdata)
    initial_mbstate                          0x0000315c   Data           8  _printf_wctomb.o(.constdata)
    .constdata                               0x00003164   Section       40  _printf_hex_int_ll_ptr.o(.constdata)
    uc_hextab                                0x00003164   Data          20  _printf_hex_int_ll_ptr.o(.constdata)
    lc_hextab                                0x00003178   Data          20  _printf_hex_int_ll_ptr.o(.constdata)
    .constdata                               0x0000318c   Section       17  __printf_flags_ss_wp.o(.constdata)
    maptable                                 0x0000318c   Data          17  __printf_flags_ss_wp.o(.constdata)
    .constdata                               0x000031a0   Section      148  bigflt0.o(.constdata)
    tenpwrs_x                                0x000031a0   Data          60  bigflt0.o(.constdata)
    tenpwrs_i                                0x000031dc   Data          64  bigflt0.o(.constdata)
    locale$$data                             0x00003254   Section       28  lc_numeric_c.o(locale$$data)
    __lcnum_c_name                           0x00003258   Data           2  lc_numeric_c.o(locale$$data)
    __lcnum_c_start                          0x00003260   Data           0  lc_numeric_c.o(locale$$data)
    __lcnum_c_point                          0x0000326c   Data           0  lc_numeric_c.o(locale$$data)
    __lcnum_c_thousands                      0x0000326e   Data           0  lc_numeric_c.o(locale$$data)
    __lcnum_c_grouping                       0x0000326f   Data           0  lc_numeric_c.o(locale$$data)
    locale$$data                             0x00003270   Section      272  lc_ctype_c.o(locale$$data)
    __lcnum_c_end                            0x00003270   Data           0  lc_numeric_c.o(locale$$data)
    __lcctype_c_name                         0x00003274   Data           2  lc_ctype_c.o(locale$$data)
    __lcctype_c_start                        0x0000327c   Data           0  lc_ctype_c.o(locale$$data)
    __lcctype_c_end                          0x00003380   Data           0  lc_ctype_c.o(locale$$data)
    .data                                    0x10000000   Section        4  delay.o(.data)
    .data                                    0x10000004   Section        4  led.o(.data)
    num                                      0x10000004   Data           4  led.o(.data)
    .data                                    0x10000008   Section        1  ops_w25qxx.o(.data)
    .data                                    0x1000000c   Section       40  ctimedef.o(.data)
    m_Time0Def                               0x10000020   Data          16  ctimedef.o(.data)
    .data                                    0x10000034   Section        8  irq_timer.o(.data)
    .data                                    0x1000003c   Section        4  system_lpc17xx.o(.data)
    .data                                    0x10000040   Section        4  test_hw.o(.data)
    .bss                                     0x10000044   Section      128  lcd_printf.o(.bss)
    buf                                      0x10000044   Data         128  lcd_printf.o(.bss)
    .bss                                     0x100000c4   Section      256  test_hw.o(.bss)
    buf                                      0x100000c4   Data         256  test_hw.o(.bss)
    .bss                                     0x100001c4   Section       96  libspace.o(.bss)
    HEAP                                     0x10000228   Section        0  startup_lpc17xx.o(HEAP)
    STACK                                    0x10000228   Section      512  startup_lpc17xx.o(STACK)
    Heap_Mem                                 0x10000228   Data           0  startup_lpc17xx.o(HEAP)
    Stack_Mem                                0x10000228   Data         512  startup_lpc17xx.o(STACK)
    __initial_sp                             0x10000428   Data           0  startup_lpc17xx.o(STACK)

    Global Symbols

    Symbol Name                              Value     Ov Type        Size  Object(Section)

    BuildAttributes$$THM_ISAv4$P$D$K$B$S$PE$A:L22UL41UL21$X:L11$S22US41US21$IEEE1$IW$USESV6$~STKCKD$USESV7$~SHL$OTIME$ROPI$IEEEJ$EBA8$UX$STANDARDLIB$REQ8$PRES8$EABIv2 0x00000000   Number         0  anon$$obj.o ABSOLUTE
    __ARM_use_no_argv                        0x00000000   Number         0  main.o ABSOLUTE
    __Vectors                                0x00000000   Data           4  startup_lpc17xx.o(RESET)
    _printf_flags                            0x00000000   Number         0  printf_stubs.o ABSOLUTE
    _printf_return_value                     0x00000000   Number         0  printf_stubs.o ABSOLUTE
    _printf_sizespec                         0x00000000   Number         0  printf_stubs.o ABSOLUTE
    _printf_widthprec                        0x00000000   Number         0  printf_stubs.o ABSOLUTE
    __ARM_exceptions_init                     - Undefined Weak Reference
    __alloca_initialize                       - Undefined Weak Reference
    __cpp_initialize__aeabi_                  - Undefined Weak Reference
    __cxa_finalize                            - Undefined Weak Reference
    __sigvec_lookup                           - Undefined Weak Reference
    _atexit_init                              - Undefined Weak Reference
    _call_atexit_fns                          - Undefined Weak Reference
    _clock_init                               - Undefined Weak Reference
    _fp_trap_init                             - Undefined Weak Reference
    _fp_trap_shutdown                         - Undefined Weak Reference
    _get_lc_collate                           - Undefined Weak Reference
    _get_lc_monetary                          - Undefined Weak Reference
    _get_lc_time                              - Undefined Weak Reference
    _getenv_init                              - Undefined Weak Reference
    _handle_redirection                       - Undefined Weak Reference
    _init_alloc                               - Undefined Weak Reference
    _init_user_alloc                          - Undefined Weak Reference
    _initio                                   - Undefined Weak Reference
    _printf_fp_hex                            - Undefined Weak Reference
    _printf_mbtowc                            - Undefined Weak Reference
    _printf_wc                                - Undefined Weak Reference
    _rand_init                                - Undefined Weak Reference
    _signal_finish                            - Undefined Weak Reference
    _signal_init                              - Undefined Weak Reference
    _terminate_alloc                          - Undefined Weak Reference
    _terminate_user_alloc                     - Undefined Weak Reference
    _terminateio                              - Undefined Weak Reference
    __main                                   0x000000cd   Thumb Code     8  __main.o(!!!main)
    __scatterload                            0x000000d5   Thumb Code     0  __scatter.o(!!!scatter)
    __scatterload_rt2                        0x000000d5   Thumb Code    44  __scatter.o(!!!scatter)
    __scatterload_rt2_thumb_only             0x000000d5   Thumb Code     0  __scatter.o(!!!scatter)
    __scatterload_null                       0x000000e3   Thumb Code     0  __scatter.o(!!!scatter)
    __scatterload_copy                       0x00000109   Thumb Code    26  __scatter_copy.o(!!handler_copy)
    __scatterload_zeroinit                   0x00000125   Thumb Code    28  __scatter_zi.o(!!handler_zi)
    _printf_n                                0x00000141   Thumb Code     0  _printf_n.o(.ARM.Collect$$_printf_percent$$00000001)
    _printf_percent                          0x00000141   Thumb Code     0  _printf_percent.o(.ARM.Collect$$_printf_percent$$00000000)
    _printf_p                                0x00000147   Thumb Code     0  _printf_p.o(.ARM.Collect$$_printf_percent$$00000002)
    _printf_f                                0x0000014d   Thumb Code     0  _printf_f.o(.ARM.Collect$$_printf_percent$$00000003)
    _printf_e                                0x00000153   Thumb Code     0  _printf_e.o(.ARM.Collect$$_printf_percent$$00000004)
    _printf_g                                0x00000159   Thumb Code     0  _printf_g.o(.ARM.Collect$$_printf_percent$$00000005)
    _printf_a                                0x0000015f   Thumb Code     0  _printf_a.o(.ARM.Collect$$_printf_percent$$00000006)
    _printf_ll                               0x00000165   Thumb Code     0  _printf_ll.o(.ARM.Collect$$_printf_percent$$00000007)
    _printf_i                                0x0000016f   Thumb Code     0  _printf_i.o(.ARM.Collect$$_printf_percent$$00000008)
    _printf_d                                0x00000175   Thumb Code     0  _printf_d.o(.ARM.Collect$$_printf_percent$$00000009)
    _printf_u                                0x0000017b   Thumb Code     0  _printf_u.o(.ARM.Collect$$_printf_percent$$0000000A)
    _printf_o                                0x00000181   Thumb Code     0  _printf_o.o(.ARM.Collect$$_printf_percent$$0000000B)
    _printf_x                                0x00000187   Thumb Code     0  _printf_x.o(.ARM.Collect$$_printf_percent$$0000000C)
    _printf_lli                              0x0000018d   Thumb Code     0  _printf_lli.o(.ARM.Collect$$_printf_percent$$0000000D)
    _printf_lld                              0x00000193   Thumb Code     0  _printf_lld.o(.ARM.Collect$$_printf_percent$$0000000E)
    _printf_llu                              0x00000199   Thumb Code     0  _printf_llu.o(.ARM.Collect$$_printf_percent$$0000000F)
    _printf_llo                              0x0000019f   Thumb Code     0  _printf_llo.o(.ARM.Collect$$_printf_percent$$00000010)
    _printf_llx                              0x000001a5   Thumb Code     0  _printf_llx.o(.ARM.Collect$$_printf_percent$$00000011)
    _printf_l                                0x000001ab   Thumb Code     0  _printf_l.o(.ARM.Collect$$_printf_percent$$00000012)
    _printf_c                                0x000001b5   Thumb Code     0  _printf_c.o(.ARM.Collect$$_printf_percent$$00000013)
    _printf_s                                0x000001bb   Thumb Code     0  _printf_s.o(.ARM.Collect$$_printf_percent$$00000014)
    _printf_lc                               0x000001c1   Thumb Code     0  _printf_lc.o(.ARM.Collect$$_printf_percent$$00000015)
    _printf_ls                               0x000001c7   Thumb Code     0  _printf_ls.o(.ARM.Collect$$_printf_percent$$00000016)
    _printf_percent_end                      0x000001cd   Thumb Code     0  _printf_percent_end.o(.ARM.Collect$$_printf_percent$$00000017)
    __rt_lib_init                            0x000001d1   Thumb Code     0  libinit.o(.ARM.Collect$$libinit$$00000000)
    __rt_lib_init_heap_1                     0x000001d7   Thumb Code     0  libinit2.o(.ARM.Collect$$libinit$$00000006)
    __rt_lib_init_lc_common                  0x000001d7   Thumb Code     0  libinit2.o(.ARM.Collect$$libinit$$0000000B)
    __rt_lib_init_rand_1                     0x000001d7   Thumb Code     0  libinit2.o(.ARM.Collect$$libinit$$0000000A)
    __rt_lib_init_user_alloc_1               0x000001d7   Thumb Code     0  libinit2.o(.ARM.Collect$$libinit$$00000008)
    __rt_lib_init_lc_collate_1               0x000001dd   Thumb Code     0  libinit2.o(.ARM.Collect$$libinit$$0000000D)
    __rt_lib_init_lc_ctype_2                 0x000001dd   Thumb Code     0  libinit2.o(.ARM.Collect$$libinit$$0000000E)
    __rt_lib_init_lc_ctype_1                 0x000001e9   Thumb Code     0  libinit2.o(.ARM.Collect$$libinit$$0000000F)
    __rt_lib_init_lc_monetary_1              0x000001e9   Thumb Code     0  libinit2.o(.ARM.Collect$$libinit$$00000011)
    __rt_lib_init_lc_numeric_2               0x000001e9   Thumb Code     0  libinit2.o(.ARM.Collect$$libinit$$00000012)
    __rt_lib_init_alloca_1                   0x000001f3   Thumb Code     0  libinit2.o(.ARM.Collect$$libinit$$0000002A)
    __rt_lib_init_argv_1                     0x000001f3   Thumb Code     0  libinit2.o(.ARM.Collect$$libinit$$00000028)
    __rt_lib_init_atexit_1                   0x000001f3   Thumb Code     0  libinit2.o(.ARM.Collect$$libinit$$00000017)
    __rt_lib_init_clock_1                    0x000001f3   Thumb Code     0  libinit2.o(.ARM.Collect$$libinit$$0000001D)
    __rt_lib_init_cpp_1                      0x000001f3   Thumb Code     0  libinit2.o(.ARM.Collect$$libinit$$0000002E)
    __rt_lib_init_exceptions_1               0x000001f3   Thumb Code     0  libinit2.o(.ARM.Collect$$libinit$$0000002C)
    __rt_lib_init_fp_trap_1                  0x000001f3   Thumb Code     0  libinit2.o(.ARM.Collect$$libinit$$0000001B)
    __rt_lib_init_getenv_1                   0x000001f3   Thumb Code     0  libinit2.o(.ARM.Collect$$libinit$$0000001F)
    __rt_lib_init_lc_numeric_1               0x000001f3   Thumb Code     0  libinit2.o(.ARM.Collect$$libinit$$00000013)
    __rt_lib_init_lc_time_1                  0x000001f3   Thumb Code     0  libinit2.o(.ARM.Collect$$libinit$$00000015)
    __rt_lib_init_return                     0x000001f3   Thumb Code     0  libinit2.o(.ARM.Collect$$libinit$$0000002F)
    __rt_lib_init_signal_1                   0x000001f3   Thumb Code     0  libinit2.o(.ARM.Collect$$libinit$$00000019)
    __rt_lib_init_stdio_1                    0x000001f3   Thumb Code     0  libinit2.o(.ARM.Collect$$libinit$$00000021)
    __rt_lib_shutdown                        0x000001f5   Thumb Code     0  libshutdown.o(.ARM.Collect$$libshutdown$$00000000)
    __rt_lib_shutdown_fp_trap_1              0x000001f7   Thumb Code     0  libshutdown2.o(.ARM.Collect$$libshutdown$$00000006)
    __rt_lib_shutdown_heap_1                 0x000001f7   Thumb Code     0  libshutdown2.o(.ARM.Collect$$libshutdown$$0000000E)
    __rt_lib_shutdown_return                 0x000001f7   Thumb Code     0  libshutdown2.o(.ARM.Collect$$libshutdown$$0000000F)
    __rt_lib_shutdown_signal_1               0x000001f7   Thumb Code     0  libshutdown2.o(.ARM.Collect$$libshutdown$$00000009)
    __rt_lib_shutdown_stdio_1                0x000001f7   Thumb Code     0  libshutdown2.o(.ARM.Collect$$libshutdown$$00000003)
    __rt_lib_shutdown_user_alloc_1           0x000001f7   Thumb Code     0  libshutdown2.o(.ARM.Collect$$libshutdown$$0000000B)
    __rt_entry                               0x000001f9   Thumb Code     0  rtentry.o(.ARM.Collect$$rtentry$$00000000)
    __rt_entry_presh_1                       0x000001f9   Thumb Code     0  rtentry2.o(.ARM.Collect$$rtentry$$00000002)
    __rt_entry_sh                            0x000001f9   Thumb Code     0  rtentry4.o(.ARM.Collect$$rtentry$$00000004)
    __rt_entry_li                            0x000001ff   Thumb Code     0  rtentry2.o(.ARM.Collect$$rtentry$$0000000A)
    __rt_entry_postsh_1                      0x000001ff   Thumb Code     0  rtentry2.o(.ARM.Collect$$rtentry$$00000009)
    __rt_entry_main                          0x00000203   Thumb Code     0  rtentry2.o(.ARM.Collect$$rtentry$$0000000D)
    __rt_entry_postli_1                      0x00000203   Thumb Code     0  rtentry2.o(.ARM.Collect$$rtentry$$0000000C)
    __rt_exit                                0x0000020b   Thumb Code     0  rtexit.o(.ARM.Collect$$rtexit$$00000000)
    __rt_exit_ls                             0x0000020d   Thumb Code     0  rtexit2.o(.ARM.Collect$$rtexit$$00000003)
    __rt_exit_prels_1                        0x0000020d   Thumb Code     0  rtexit2.o(.ARM.Collect$$rtexit$$00000002)
    __rt_exit_exit                           0x00000211   Thumb Code     0  rtexit2.o(.ARM.Collect$$rtexit$$00000004)
    hello_blackbox                           0x00000219   Thumb Code    14  main.o(.text)
    main                                     0x00000227   Thumb Code    16  main.o(.text)
    SysTick_Handler                          0x00000251   Thumb Code    12  delay.o(.text)
    DelayUs2x                                0x0000025d   Thumb Code    12  delay.o(.text)
    delay10cyc                               0x00000269   Thumb Code    14  delay.o(.text)
    Delay1Ms                                 0x00000277   Thumb Code    28  delay.o(.text)
    TIMER0_IRQHandler                        0x00000299   Thumb Code    26  irq_timer.o(.text)
    TIMER1_IRQHandler                        0x000002b3   Thumb Code    18  irq_timer.o(.text)
    irq_disable_all                          0x000002d1   Thumb Code    10  irq_manage.o(.text)
    irq_enable_all                           0x000002db   Thumb Code    10  irq_manage.o(.text)
    __aeabi_memset                           0x000002e5   Thumb Code    16  aeabi_memset.o(.text)
    __use_two_region_memory                  0x000002f5   Thumb Code     2  heapauxi.o(.text)
    __rt_heap_escrow$2region                 0x000002f7   Thumb Code     2  heapauxi.o(.text)
    __rt_heap_expand$2region                 0x000002f9   Thumb Code     2  heapauxi.o(.text)
    __I$use$semihosting                      0x000002fb   Thumb Code     0  use_no_semi.o(.text)
    __use_no_semihosting_swi                 0x000002fb   Thumb Code     2  use_no_semi.o(.text)
    Led_USB_UP_Init                          0x00000301   Thumb Code    42  led.o(.text)
    led_init                                 0x0000032b   Thumb Code     8  led.o(.text)
    Led_USB_UP_On                            0x00000333   Thumb Code    14  led.o(.text)
    led_on                                   0x00000341   Thumb Code     8  led.o(.text)
    Led_USB_UP_Off                           0x00000349   Thumb Code    14  led.o(.text)
    Led_Off                                  0x00000357   Thumb Code     8  led.o(.text)
    led_test_1sonoff                         0x0000035f   Thumb Code    56  led.o(.text)
    uart0_pconp_conf                         0x000003b5   Thumb Code    16  uart0.o(.text)
    uart0_pin_conf                           0x000003c5   Thumb Code    44  uart0.o(.text)
    uart0_enable                             0x000003f1   Thumb Code    64  uart0.o(.text)
    uart0_init                               0x00000431   Thumb Code   106  uart0.o(.text)
    uart0_disable                            0x0000049b   Thumb Code    18  uart0.o(.text)
    uart0_sendbyte                           0x000004ad   Thumb Code    44  uart0.o(.text)
    uart0_getbyte                            0x000004d9   Thumb Code    18  uart0.o(.text)
    uart0_getstring                          0x000004eb   Thumb Code    22  uart0.o(.text)
    uart0_sendstring                         0x00000501   Thumb Code    22  uart0.o(.text)
    set_bytemode                             0x0000053d   Thumb Code     6  ops_w25qxx.o(.text)
    Clr_OpsFlash                             0x00000543   Thumb Code     8  ops_w25qxx.o(.text)
    Init_OpsFlash                            0x0000054b   Thumb Code    14  ops_w25qxx.o(.text)
    get4BytesMode                            0x00000559   Thumb Code    18  ops_w25qxx.o(.text)
    w25qxx_read_id                           0x0000056b   Thumb Code    26  ops_w25qxx.o(.text)
    w25qxx_read_unique_id                    0x00000585   Thumb Code    26  ops_w25qxx.o(.text)
    w25qxx_sector_write                      0x0000059f   Thumb Code    38  ops_w25qxx.o(.text)
    w25qxx_sector_read                       0x000005c5   Thumb Code    38  ops_w25qxx.o(.text)
    w25qxx_sector_erase                      0x000005eb   Thumb Code    26  ops_w25qxx.o(.text)
    SPI_CS_HIGH                              0x00000609   Thumb Code    18  w25q256.o(.text)
    spi_init                                 0x00000637   Thumb Code   294  w25q256.o(.text)
    spi_send                                 0x0000075d   Thumb Code    26  w25q256.o(.text)
    spi_recv                                 0x00000777   Thumb Code    26  w25q256.o(.text)
    show_decTobin                            0x00000791   Thumb Code    64  w25q256.o(.text)
    SPI_CS_LOW                               0x000007d1   Thumb Code    18  w25q256.o(.text)
    w25qxx_read_status_reg1                  0x000007e3   Thumb Code    50  w25q256.o(.text)
    w25qxx_wait_busy                         0x00000815   Thumb Code    18  w25q256.o(.text)
    w25xx_send_1cmd                          0x00000827   Thumb Code    20  w25q256.o(.text)
    w25qxx_SR_write_enable                   0x00000849   Thumb Code    10  w25q256.o(.text)
    w25qxx_write_status_reg2                 0x00000853   Thumb Code    30  w25q256.o(.text)
    w25qxx_read_status_reg2                  0x00000871   Thumb Code    50  w25q256.o(.text)
    w25qxx_write_status_reg1                 0x000008a3   Thumb Code    30  w25q256.o(.text)
    w25qxx_write_enable                      0x000008c1   Thumb Code    46  w25q256.o(.text)
    w25qxx_write_disable                     0x000008ef   Thumb Code    46  w25q256.o(.text)
    w25qxx_read_status_reg3                  0x00000931   Thumb Code    50  w25q256.o(.text)
    get_all_status_reg                       0x00000963   Thumb Code    22  w25q256.o(.text)
    w25qxx_read_id_3                         0x00000979   Thumb Code    42  w25q256.o(.text)
    w25qxx_read_unique_id_3                  0x000009a3   Thumb Code    50  w25q256.o(.text)
    judge_erase_addr                         0x000009d5   Thumb Code   232  w25q256.o(.text)
    w25qxx_sector_write_3                    0x00000abd   Thumb Code   140  w25q256.o(.text)
    w25qxx_sector_read_3                     0x00000b49   Thumb Code   136  w25q256.o(.text)
    w25qxx_sector_erase_3                    0x00000bd1   Thumb Code   100  w25q256.o(.text)
    w25qxx_read_id_4                         0x00000c35   Thumb Code    50  w25q256.o(.text)
    w25qxx_read_unique_id_4                  0x00000c67   Thumb Code    80  w25q256.o(.text)
    w25qxx_sector_write_4                    0x00000cb7   Thumb Code   166  w25q256.o(.text)
    w25qxx_write_1byte_4                     0x00000d5d   Thumb Code   108  w25q256.o(.text)
    w25qxx_sector_read_4                     0x00000dc9   Thumb Code   162  w25q256.o(.text)
    w25qxx_read_1byte_4                      0x00000e6b   Thumb Code   104  w25q256.o(.text)
    w25qxx_sector_erase_4                    0x00000ed3   Thumb Code   136  w25q256.o(.text)
    w25qxx_section_erase_4                   0x00000f5b   Thumb Code   138  w25q256.o(.text)
    w25qxx_write_status_reg3                 0x00000fe5   Thumb Code    30  w25q256.o(.text)
    set_SR_CMP                               0x00001003   Thumb Code    10  w25q256.o(.text)
    clr_SR_CMP                               0x0000100d   Thumb Code    10  w25q256.o(.text)
    set_SR_WPS                               0x00001017   Thumb Code    10  w25q256.o(.text)
    clr_SR_WPS                               0x00001021   Thumb Code    10  w25q256.o(.text)
    ExitNoInt                                0x0000102b   Thumb Code     8  w25q256.o(.text)
    EnterNoInt                               0x00001033   Thumb Code     8  w25q256.o(.text)
    w25qxx_chip_erase                        0x0000103b   Thumb Code    84  w25q256.o(.text)
    w25qxx_get_sector_num                    0x0000108f   Thumb Code   182  w25q256.o(.text)
    wx_read_jedec                            0x00001145   Thumb Code    60  w25q256.o(.text)
    Get_CTime0Def                            0x00001201   Thumb Code     6  ctimedef.o(.text)
    Set_CTime0Def                            0x00001207   Thumb Code    16  ctimedef.o(.text)
    Sel_CTime0Def                            0x00001217   Thumb Code    14  ctimedef.o(.text)
    Get_Timer_100us                          0x00001225   Thumb Code    14  ctimedef.o(.text)
    Get_Timer_200us                          0x00001233   Thumb Code    16  ctimedef.o(.text)
    Get_Timer_600us                          0x00001243   Thumb Code    20  ctimedef.o(.text)
    Get_Timer_2ms                            0x00001257   Thumb Code    20  ctimedef.o(.text)
    Get_Timer_5ms                            0x0000126b   Thumb Code    18  ctimedef.o(.text)
    Get_Timer_8ms                            0x0000127d   Thumb Code    20  ctimedef.o(.text)
    Get_Timer_10ms                           0x00001291   Thumb Code    18  ctimedef.o(.text)
    Get_Timer_20ms                           0x000012a3   Thumb Code    18  ctimedef.o(.text)
    Get_Timer_1s                             0x000012b5   Thumb Code    18  ctimedef.o(.text)
    AddTwoFallEdgeCounter                    0x000012c7   Thumb Code    12  ctimedef.o(.text)
    ClrTwoFallEdgeCounter                    0x000012d3   Thumb Code     8  ctimedef.o(.text)
    GetTwoFallEdgeCounter                    0x000012db   Thumb Code     6  ctimedef.o(.text)
    AddRisedgeCounter                        0x000012e1   Thumb Code    12  ctimedef.o(.text)
    ClrRisedgeCounter                        0x000012ed   Thumb Code     8  ctimedef.o(.text)
    GetRisedgeCounter                        0x000012f5   Thumb Code     6  ctimedef.o(.text)
    AddWait2msCounter                        0x000012fb   Thumb Code    12  ctimedef.o(.text)
    ClrWait2msCounter                        0x00001307   Thumb Code     8  ctimedef.o(.text)
    GetWait2msCounter                        0x0000130f   Thumb Code     6  ctimedef.o(.text)
    Is2msArrived                             0x00001315   Thumb Code    16  ctimedef.o(.text)
    Enable2ms                                0x00001325   Thumb Code     8  ctimedef.o(.text)
    Disable2ms                               0x0000132d   Thumb Code     8  ctimedef.o(.text)
    Get2msState                              0x00001335   Thumb Code     6  ctimedef.o(.text)
    Set2msArrived                            0x0000133b   Thumb Code    16  ctimedef.o(.text)
    Get2msArrived                            0x0000134b   Thumb Code    10  ctimedef.o(.text)
    Clr2msArrived                            0x00001355   Thumb Code    14  ctimedef.o(.text)
    timer_all_init                           0x000013a5   Thumb Code   310  timer_all.o(.text)
    enable_timer                             0x000014db   Thumb Code    48  timer_all.o(.text)
    disable_timer                            0x0000150b   Thumb Code    48  timer_all.o(.text)
    reset_timer                              0x0000153b   Thumb Code    66  timer_all.o(.text)
    delayMs                                  0x0000157d   Thumb Code   128  timer_all.o(.text)
    puts__                                   0x00001635   Thumb Code    12  lcd_printf.o(.text)
    lcd_printf                               0x00001641   Thumb Code    34  lcd_printf.o(.text)
    SystemInit                               0x00001669   Thumb Code   174  system_lpc17xx.o(.text)
    SystemClockUpdate                        0x00001717   Thumb Code   320  system_lpc17xx.o(.text)
    Reset_Handler                            0x0000189d   Thumb Code     8  startup_lpc17xx.o(.text)
    NMI_Handler                              0x000018a5   Thumb Code     2  startup_lpc17xx.o(.text)
    HardFault_Handler                        0x000018a7   Thumb Code     2  startup_lpc17xx.o(.text)
    MemManage_Handler                        0x000018a9   Thumb Code     2  startup_lpc17xx.o(.text)
    BusFault_Handler                         0x000018ab   Thumb Code     2  startup_lpc17xx.o(.text)
    UsageFault_Handler                       0x000018ad   Thumb Code     2  startup_lpc17xx.o(.text)
    SVC_Handler                              0x000018af   Thumb Code     2  startup_lpc17xx.o(.text)
    DebugMon_Handler                         0x000018b1   Thumb Code     2  startup_lpc17xx.o(.text)
    PendSV_Handler                           0x000018b3   Thumb Code     2  startup_lpc17xx.o(.text)
    ADC_IRQHandler                           0x000018b7   Thumb Code     0  startup_lpc17xx.o(.text)
    BOD_IRQHandler                           0x000018b7   Thumb Code     0  startup_lpc17xx.o(.text)
    CANActivity_IRQHandler                   0x000018b7   Thumb Code     0  startup_lpc17xx.o(.text)
    CAN_IRQHandler                           0x000018b7   Thumb Code     0  startup_lpc17xx.o(.text)
    DMA_IRQHandler                           0x000018b7   Thumb Code     0  startup_lpc17xx.o(.text)
    EINT0_IRQHandler                         0x000018b7   Thumb Code     0  startup_lpc17xx.o(.text)
    EINT1_IRQHandler                         0x000018b7   Thumb Code     0  startup_lpc17xx.o(.text)
    EINT2_IRQHandler                         0x000018b7   Thumb Code     0  startup_lpc17xx.o(.text)
    EINT3_IRQHandler                         0x000018b7   Thumb Code     0  startup_lpc17xx.o(.text)
    ENET_IRQHandler                          0x000018b7   Thumb Code     0  startup_lpc17xx.o(.text)
    I2C0_IRQHandler                          0x000018b7   Thumb Code     0  startup_lpc17xx.o(.text)
    I2C1_IRQHandler                          0x000018b7   Thumb Code     0  startup_lpc17xx.o(.text)
    I2C2_IRQHandler                          0x000018b7   Thumb Code     0  startup_lpc17xx.o(.text)
    I2S_IRQHandler                           0x000018b7   Thumb Code     0  startup_lpc17xx.o(.text)
    MCPWM_IRQHandler                         0x000018b7   Thumb Code     0  startup_lpc17xx.o(.text)
    PLL0_IRQHandler                          0x000018b7   Thumb Code     0  startup_lpc17xx.o(.text)
    PLL1_IRQHandler                          0x000018b7   Thumb Code     0  startup_lpc17xx.o(.text)
    PWM1_IRQHandler                          0x000018b7   Thumb Code     0  startup_lpc17xx.o(.text)
    QEI_IRQHandler                           0x000018b7   Thumb Code     0  startup_lpc17xx.o(.text)
    RIT_IRQHandler                           0x000018b7   Thumb Code     0  startup_lpc17xx.o(.text)
    RTC_IRQHandler                           0x000018b7   Thumb Code     0  startup_lpc17xx.o(.text)
    SPI_IRQHandler                           0x000018b7   Thumb Code     0  startup_lpc17xx.o(.text)
    SSP0_IRQHandler                          0x000018b7   Thumb Code     0  startup_lpc17xx.o(.text)
    SSP1_IRQHandler                          0x000018b7   Thumb Code     0  startup_lpc17xx.o(.text)
    TIMER2_IRQHandler                        0x000018b7   Thumb Code     0  startup_lpc17xx.o(.text)
    TIMER3_IRQHandler                        0x000018b7   Thumb Code     0  startup_lpc17xx.o(.text)
    UART0_IRQHandler                         0x000018b7   Thumb Code     0  startup_lpc17xx.o(.text)
    UART1_IRQHandler                         0x000018b7   Thumb Code     0  startup_lpc17xx.o(.text)
    UART2_IRQHandler                         0x000018b7   Thumb Code     0  startup_lpc17xx.o(.text)
    UART3_IRQHandler                         0x000018b7   Thumb Code     0  startup_lpc17xx.o(.text)
    USBActivity_IRQHandler                   0x000018b7   Thumb Code     0  startup_lpc17xx.o(.text)
    USB_IRQHandler                           0x000018b7   Thumb Code     0  startup_lpc17xx.o(.text)
    WDT_IRQHandler                           0x000018b7   Thumb Code     0  startup_lpc17xx.o(.text)
    __user_initial_stackheap                 0x000018b9   Thumb Code     0  startup_lpc17xx.o(.text)
    printbuf                                 0x000018d9   Thumb Code    30  utils.o(.text)
    USB_Init                                 0x00001909   Thumb Code     2  hardware_sets.o(.text)
    usbDeviceDemo                            0x0000190b   Thumb Code     2  hardware_sets.o(.text)
    ops_init                                 0x0000190d   Thumb Code     8  hardware_sets.o(.text)
    hardware_init                            0x00001915   Thumb Code    68  hardware_sets.o(.text)
    test_w25qxx_uniqueID                     0x000019b1   Thumb Code    18  test_hw.o(.text)
    flash_read_test                          0x000019e3   Thumb Code    30  test_hw.o(.text)
    flash_write_test                         0x00001a01   Thumb Code    60  test_hw.o(.text)
    test_write_statusreg                     0x00001a3d   Thumb Code    10  test_hw.o(.text)
    flash_total_test                         0x00001a47   Thumb Code    22  test_hw.o(.text)
    testall                                  0x00001a5d   Thumb Code     8  test_hw.o(.text)
    __c89vsprintf                            0x00001aa9   Thumb Code    32  c89vsprintf.o(.text)
    _printf_pre_padding                      0x00001acd   Thumb Code    46  _printf_pad.o(.text)
    _printf_post_padding                     0x00001afb   Thumb Code    36  _printf_pad.o(.text)
    _printf_truncate_signed                  0x00001b1f   Thumb Code    18  _printf_truncate.o(.text)
    _printf_truncate_unsigned                0x00001b31   Thumb Code    18  _printf_truncate.o(.text)
    _printf_str                              0x00001b43   Thumb Code    82  _printf_str.o(.text)
    _printf_int_dec                          0x00001b95   Thumb Code   102  _printf_dec.o(.text)
    _printf_charcount                        0x00001c0d   Thumb Code    42  _printf_charcount.o(.text)
    _printf_char_common                      0x00001c43   Thumb Code    32  _printf_char_common.o(.text)
    _sputc                                   0x00001c69   Thumb Code    10  _sputc.o(.text)
    _printf_wctomb                           0x00001c75   Thumb Code   182  _printf_wctomb.o(.text)
    _printf_longlong_dec                     0x00001d31   Thumb Code   104  _printf_longlong_dec.o(.text)
    _printf_longlong_oct                     0x00001da9   Thumb Code    76  _printf_oct_int_ll.o(.text)
    _printf_int_oct                          0x00001df5   Thumb Code    24  _printf_oct_int_ll.o(.text)
    _printf_ll_oct                           0x00001e0d   Thumb Code    12  _printf_oct_int_ll.o(.text)
    _printf_longlong_hex                     0x00001e21   Thumb Code    92  _printf_hex_int_ll_ptr.o(.text)
    _printf_int_hex                          0x00001e7d   Thumb Code    28  _printf_hex_int_ll_ptr.o(.text)
    _printf_ll_hex                           0x00001e99   Thumb Code    12  _printf_hex_int_ll_ptr.o(.text)
    _printf_hex_ptr                          0x00001ea5   Thumb Code    18  _printf_hex_int_ll_ptr.o(.text)
    __printf                                 0x00001ebd   Thumb Code   390  __printf_flags_ss_wp.o(.text)
    __aeabi_memclr                           0x00002049   Thumb Code     0  rt_memclr.o(.text)
    __rt_memclr                              0x00002049   Thumb Code    68  rt_memclr.o(.text)
    _memset                                  0x0000204d   Thumb Code     0  rt_memclr.o(.text)
    _ll_udiv10                               0x0000208d   Thumb Code   138  lludiv10.o(.text)
    _printf_int_common                       0x00002117   Thumb Code   184  _printf_intcommon.o(.text)
    __lib_sel_fp_printf                      0x000021cf   Thumb Code     2  _printf_fp_dec.o(.text)
    _printf_fp_dec_real                      0x0000237d   Thumb Code   626  _printf_fp_dec.o(.text)
    _printf_cs_common                        0x000025ef   Thumb Code    20  _printf_char.o(.text)
    _printf_char                             0x00002603   Thumb Code    16  _printf_char.o(.text)
    _printf_string                           0x00002613   Thumb Code     8  _printf_char.o(.text)
    _printf_lcs_common                       0x0000261b   Thumb Code    20  _printf_wchar.o(.text)
    _printf_wchar                            0x0000262f   Thumb Code    16  _printf_wchar.o(.text)
    _printf_wstring                          0x0000263f   Thumb Code     8  _printf_wchar.o(.text)
    _wcrtomb                                 0x00002647   Thumb Code    64  _wcrtomb.o(.text)
    __aeabi_memclr4                          0x00002687   Thumb Code     0  rt_memclr_w.o(.text)
    __aeabi_memclr8                          0x00002687   Thumb Code     0  rt_memclr_w.o(.text)
    __rt_memclr_w                            0x00002687   Thumb Code    78  rt_memclr_w.o(.text)
    _memset_w                                0x0000268b   Thumb Code     0  rt_memclr_w.o(.text)
    __user_setup_stackheap                   0x000026d5   Thumb Code    74  sys_stackheap_outer.o(.text)
    __rt_ctype_table                         0x00002721   Thumb Code    16  rt_ctype_table.o(.text)
    __rt_locale                              0x00002731   Thumb Code     8  rt_locale_intlibspace.o(.text)
    _printf_fp_infnan                        0x00002739   Thumb Code   112  _printf_fp_infnan.o(.text)
    _btod_etento                             0x000027b9   Thumb Code   222  bigflt0.o(.text)
    exit                                     0x0000289d   Thumb Code    12  exit.o(.text)
    __user_libspace                          0x000028a9   Thumb Code     8  libspace.o(.text)
    __user_perproc_libspace                  0x000028a9   Thumb Code     0  libspace.o(.text)
    __user_perthread_libspace                0x000028a9   Thumb Code     0  libspace.o(.text)
    strcmp                                   0x000028b1   Thumb Code   128  strcmpv7m.o(.text)
    __rt_fp_status_addr                      0x00002931   Thumb Code     8  rt_fp_status_addr_intlibspace.o(.text)
    _sys_exit                                0x00002939   Thumb Code     8  sys_exit.o(.text)
    __semihosting_library_function           0x00002945   Thumb Code     0  indicate_semi.o(.text)
    _btod_d2e                                0x00002945   Thumb Code    62  btod.o(CL$$btod_d2e)
    _d2e_denorm_low                          0x00002983   Thumb Code    70  btod.o(CL$$btod_d2e_denorm_low)
    _d2e_norm_op1                            0x000029c9   Thumb Code    96  btod.o(CL$$btod_d2e_norm_op1)
    __btod_div_common                        0x00002a29   Thumb Code   696  btod.o(CL$$btod_div_common)
    _e2e                                     0x00002d61   Thumb Code   198  btod.o(CL$$btod_e2e)
    _btod_ediv                               0x00002e27   Thumb Code    40  btod.o(CL$$btod_ediv)
    _btod_emul                               0x00002e4f   Thumb Code    40  btod.o(CL$$btod_emul)
    __btod_mult_common                       0x00002e77   Thumb Code   580  btod.o(CL$$btod_mult_common)
    __ARM_fpclassify                         0x000030bb   Thumb Code    40  fpclassify.o(i.__ARM_fpclassify)
    _is_digit                                0x000030e3   Thumb Code    14  __printf_wp.o(i._is_digit)
    _get_lc_numeric                          0x000030f1   Thumb Code    44  lc_numeric_c.o(locale$$code)
    _get_lc_ctype                            0x0000311d   Thumb Code    44  lc_ctype_c.o(locale$$code)
    _fp_init                                 0x00003149   Thumb Code    14  fpinit.o(x$fpl$fpinit)
    __fplib_config_pureend_doubles           0x00003155   Thumb Code     0  fpinit.o(x$fpl$fpinit)
    _printf_fp_dec                           0x00003157   Thumb Code     4  printf1.o(x$fpl$printf1)
    __I$use$fp                               0x0000315b   Thumb Code     0  usenofp.o(x$fpl$usenofp)
    Region$$Table$$Base                      0x00003234   Number         0  anon$$obj.o(Region$$Table)
    Region$$Table$$Limit                     0x00003254   Number         0  anon$$obj.o(Region$$Table)
    __ctype                                  0x0000327d   Data           0  lc_ctype_c.o(locale$$data)
    msTicks                                  0x10000000   Data           4  delay.o(.data)
    vOpsFlash                                0x10000008   Data           1  ops_w25qxx.o(.data)
    vCurTime0Def                             0x1000000c   Data           4  ctimedef.o(.data)
    vTimer0Counter                           0x10000010   Data           4  ctimedef.o(.data)
    vTimerRisingCounter                      0x10000014   Data           4  ctimedef.o(.data)
    vTimer0Wait2msCounter                    0x10000018   Data           4  ctimedef.o(.data)
    vWait2msState                            0x1000001c   Data           1  ctimedef.o(.data)
    vWaittoRun                               0x10000030   Data           4  ctimedef.o(.data)
    timer0_counter                           0x10000034   Data           4  irq_timer.o(.data)
    timer1_counter                           0x10000038   Data           4  irq_timer.o(.data)
    SystemFrequency                          0x1000003c   Data           4  system_lpc17xx.o(.data)
    deviceid                                 0x10000040   Data           4  test_hw.o(.data)
    __libspace_start                         0x100001c4   Data          96  libspace.o(.bss)
    __temporary_stack_top$libspace           0x10000224   Data           0  libspace.o(.bss)



==============================================================================

Memory Map of the image

  Image Entry point : 0x000000cd

  Load Region LR_IROM1 (Base: 0x00000000, Size: 0x000033c4, Max: 0x00010000, ABSOLUTE)

    Execution Region ER_IROM1 (Base: 0x00000000, Size: 0x00003380, Max: 0x00010000, ABSOLUTE)

    Base Addr    Size         Type   Attr      Idx    E Section Name        Object

    0x00000000   0x000000cc   Data   RO          409    RESET               startup_lpc17xx.o
    0x000000cc   0x00000008   Code   RO          567  * !!!main             c_w.l(__main.o)
    0x000000d4   0x00000034   Code   RO          883    !!!scatter          c_w.l(__scatter.o)
    0x00000108   0x0000001a   Code   RO          885    !!handler_copy      c_w.l(__scatter_copy.o)
    0x00000122   0x00000002   PAD
    0x00000124   0x0000001c   Code   RO          887    !!handler_zi        c_w.l(__scatter_zi.o)
    0x00000140   0x00000000   Code   RO          651    .ARM.Collect$$_printf_percent$$00000000  c_w.l(_printf_percent.o)
    0x00000140   0x00000006   Code   RO          640    .ARM.Collect$$_printf_percent$$00000001  c_w.l(_printf_n.o)
    0x00000146   0x00000006   Code   RO          642    .ARM.Collect$$_printf_percent$$00000002  c_w.l(_printf_p.o)
    0x0000014c   0x00000006   Code   RO          647    .ARM.Collect$$_printf_percent$$00000003  c_w.l(_printf_f.o)
    0x00000152   0x00000006   Code   RO          648    .ARM.Collect$$_printf_percent$$00000004  c_w.l(_printf_e.o)
    0x00000158   0x00000006   Code   RO          649    .ARM.Collect$$_printf_percent$$00000005  c_w.l(_printf_g.o)
    0x0000015e   0x00000006   Code   RO          650    .ARM.Collect$$_printf_percent$$00000006  c_w.l(_printf_a.o)
    0x00000164   0x0000000a   Code   RO          655    .ARM.Collect$$_printf_percent$$00000007  c_w.l(_printf_ll.o)
    0x0000016e   0x00000006   Code   RO          644    .ARM.Collect$$_printf_percent$$00000008  c_w.l(_printf_i.o)
    0x00000174   0x00000006   Code   RO          645    .ARM.Collect$$_printf_percent$$00000009  c_w.l(_printf_d.o)
    0x0000017a   0x00000006   Code   RO          646    .ARM.Collect$$_printf_percent$$0000000A  c_w.l(_printf_u.o)
    0x00000180   0x00000006   Code   RO          643    .ARM.Collect$$_printf_percent$$0000000B  c_w.l(_printf_o.o)
    0x00000186   0x00000006   Code   RO          641    .ARM.Collect$$_printf_percent$$0000000C  c_w.l(_printf_x.o)
    0x0000018c   0x00000006   Code   RO          652    .ARM.Collect$$_printf_percent$$0000000D  c_w.l(_printf_lli.o)
    0x00000192   0x00000006   Code   RO          653    .ARM.Collect$$_printf_percent$$0000000E  c_w.l(_printf_lld.o)
    0x00000198   0x00000006   Code   RO          654    .ARM.Collect$$_printf_percent$$0000000F  c_w.l(_printf_llu.o)
    0x0000019e   0x00000006   Code   RO          659    .ARM.Collect$$_printf_percent$$00000010  c_w.l(_printf_llo.o)
    0x000001a4   0x00000006   Code   RO          660    .ARM.Collect$$_printf_percent$$00000011  c_w.l(_printf_llx.o)
    0x000001aa   0x0000000a   Code   RO          656    .ARM.Collect$$_printf_percent$$00000012  c_w.l(_printf_l.o)
    0x000001b4   0x00000006   Code   RO          638    .ARM.Collect$$_printf_percent$$00000013  c_w.l(_printf_c.o)
    0x000001ba   0x00000006   Code   RO          639    .ARM.Collect$$_printf_percent$$00000014  c_w.l(_printf_s.o)
    0x000001c0   0x00000006   Code   RO          657    .ARM.Collect$$_printf_percent$$00000015  c_w.l(_printf_lc.o)
    0x000001c6   0x00000006   Code   RO          658    .ARM.Collect$$_printf_percent$$00000016  c_w.l(_printf_ls.o)
    0x000001cc   0x00000004   Code   RO          692    .ARM.Collect$$_printf_percent$$00000017  c_w.l(_printf_percent_end.o)
    0x000001d0   0x00000006   Code   RO          743    .ARM.Collect$$libinit$$00000000  c_w.l(libinit.o)
    0x000001d6   0x00000000   Code   RO          761    .ARM.Collect$$libinit$$00000006  c_w.l(libinit2.o)
    0x000001d6   0x00000000   Code   RO          763    .ARM.Collect$$libinit$$00000008  c_w.l(libinit2.o)
    0x000001d6   0x00000000   Code   RO          765    .ARM.Collect$$libinit$$0000000A  c_w.l(libinit2.o)
    0x000001d6   0x00000006   Code   RO          766    .ARM.Collect$$libinit$$0000000B  c_w.l(libinit2.o)
    0x000001dc   0x00000000   Code   RO          768    .ARM.Collect$$libinit$$0000000D  c_w.l(libinit2.o)
    0x000001dc   0x0000000c   Code   RO          769    .ARM.Collect$$libinit$$0000000E  c_w.l(libinit2.o)
    0x000001e8   0x00000000   Code   RO          770    .ARM.Collect$$libinit$$0000000F  c_w.l(libinit2.o)
    0x000001e8   0x00000000   Code   RO          772    .ARM.Collect$$libinit$$00000011  c_w.l(libinit2.o)
    0x000001e8   0x0000000a   Code   RO          773    .ARM.Collect$$libinit$$00000012  c_w.l(libinit2.o)
    0x000001f2   0x00000000   Code   RO          774    .ARM.Collect$$libinit$$00000013  c_w.l(libinit2.o)
    0x000001f2   0x00000000   Code   RO          776    .ARM.Collect$$libinit$$00000015  c_w.l(libinit2.o)
    0x000001f2   0x00000000   Code   RO          778    .ARM.Collect$$libinit$$00000017  c_w.l(libinit2.o)
    0x000001f2   0x00000000   Code   RO          780    .ARM.Collect$$libinit$$00000019  c_w.l(libinit2.o)
    0x000001f2   0x00000000   Code   RO          782    .ARM.Collect$$libinit$$0000001B  c_w.l(libinit2.o)
    0x000001f2   0x00000000   Code   RO          784    .ARM.Collect$$libinit$$0000001D  c_w.l(libinit2.o)
    0x000001f2   0x00000000   Code   RO          786    .ARM.Collect$$libinit$$0000001F  c_w.l(libinit2.o)
    0x000001f2   0x00000000   Code   RO          788    .ARM.Collect$$libinit$$00000021  c_w.l(libinit2.o)
    0x000001f2   0x00000000   Code   RO          792    .ARM.Collect$$libinit$$00000028  c_w.l(libinit2.o)
    0x000001f2   0x00000000   Code   RO          794    .ARM.Collect$$libinit$$0000002A  c_w.l(libinit2.o)
    0x000001f2   0x00000000   Code   RO          796    .ARM.Collect$$libinit$$0000002C  c_w.l(libinit2.o)
    0x000001f2   0x00000000   Code   RO          798    .ARM.Collect$$libinit$$0000002E  c_w.l(libinit2.o)
    0x000001f2   0x00000002   Code   RO          799    .ARM.Collect$$libinit$$0000002F  c_w.l(libinit2.o)
    0x000001f4   0x00000002   Code   RO          824    .ARM.Collect$$libshutdown$$00000000  c_w.l(libshutdown.o)
    0x000001f6   0x00000000   Code   RO          838    .ARM.Collect$$libshutdown$$00000003  c_w.l(libshutdown2.o)
    0x000001f6   0x00000000   Code   RO          841    .ARM.Collect$$libshutdown$$00000006  c_w.l(libshutdown2.o)
    0x000001f6   0x00000000   Code   RO          844    .ARM.Collect$$libshutdown$$00000009  c_w.l(libshutdown2.o)
    0x000001f6   0x00000000   Code   RO          846    .ARM.Collect$$libshutdown$$0000000B  c_w.l(libshutdown2.o)
    0x000001f6   0x00000000   Code   RO          849    .ARM.Collect$$libshutdown$$0000000E  c_w.l(libshutdown2.o)
    0x000001f6   0x00000002   Code   RO          850    .ARM.Collect$$libshutdown$$0000000F  c_w.l(libshutdown2.o)
    0x000001f8   0x00000000   Code   RO          569    .ARM.Collect$$rtentry$$00000000  c_w.l(rtentry.o)
    0x000001f8   0x00000000   Code   RO          666    .ARM.Collect$$rtentry$$00000002  c_w.l(rtentry2.o)
    0x000001f8   0x00000006   Code   RO          678    .ARM.Collect$$rtentry$$00000004  c_w.l(rtentry4.o)
    0x000001fe   0x00000000   Code   RO          668    .ARM.Collect$$rtentry$$00000009  c_w.l(rtentry2.o)
    0x000001fe   0x00000004   Code   RO          669    .ARM.Collect$$rtentry$$0000000A  c_w.l(rtentry2.o)
    0x00000202   0x00000000   Code   RO          671    .ARM.Collect$$rtentry$$0000000C  c_w.l(rtentry2.o)
    0x00000202   0x00000008   Code   RO          672    .ARM.Collect$$rtentry$$0000000D  c_w.l(rtentry2.o)
    0x0000020a   0x00000002   Code   RO          752    .ARM.Collect$$rtexit$$00000000  c_w.l(rtexit.o)
    0x0000020c   0x00000000   Code   RO          803    .ARM.Collect$$rtexit$$00000002  c_w.l(rtexit2.o)
    0x0000020c   0x00000004   Code   RO          804    .ARM.Collect$$rtexit$$00000003  c_w.l(rtexit2.o)
    0x00000210   0x00000006   Code   RO          805    .ARM.Collect$$rtexit$$00000004  c_w.l(rtexit2.o)
    0x00000216   0x00000002   PAD
    0x00000218   0x00000038   Code   RO            3    .text               main.o
    0x00000250   0x00000048   Code   RO           89    .text               delay.o
    0x00000298   0x00000038   Code   RO          294    .text               irq_timer.o
    0x000002d0   0x00000014   Code   RO          517    .text               irq_manage.o
    0x000002e4   0x00000010   Code   RO          563    .text               c_w.l(aeabi_memset.o)
    0x000002f4   0x00000006   Code   RO          565    .text               c_w.l(heapauxi.o)
    0x000002fa   0x00000002   Code   RO          827    .text               c_w.l(use_no_semi.o)
    0x000002fc   0x00000004   Code   RO          410    .ARM.__at_0x02FC    startup_lpc17xx.o
    0x00000300   0x000000b4   Code   RO          115    .text               led.o
    0x000003b4   0x00000188   Code   RO          165    .text               uart0.o
    0x0000053c   0x000000cc   Code   RO          219    .text               ops_w25qxx.o
    0x00000608   0x00000bf8   Code   RO          248    .text               w25q256.o
    0x00001200   0x00000184   Code   RO          268    .text               ctimedef.o
    0x00001384   0x000002b0   Code   RO          320    .text               timer_all.o
    0x00001634   0x00000034   Code   RO          344    .text               lcd_printf.o
    0x00001668   0x00000234   Code   RO          373    .text               system_lpc17xx.o
    0x0000189c   0x0000003c   Code   RO          411    .text               startup_lpc17xx.o
    0x000018d8   0x00000030   Code   RO          419    .text               utils.o
    0x00001908   0x000000a8   Code   RO          439    .text               hardware_sets.o
    0x000019b0   0x000000f8   Code   RO          537    .text               test_hw.o
    0x00001aa8   0x00000024   Code   RO          561    .text               c_w.l(c89vsprintf.o)
    0x00001acc   0x00000052   Code   RO          572    .text               c_w.l(_printf_pad.o)
    0x00001b1e   0x00000024   Code   RO          574    .text               c_w.l(_printf_truncate.o)
    0x00001b42   0x00000052   Code   RO          576    .text               c_w.l(_printf_str.o)
    0x00001b94   0x00000078   Code   RO          578    .text               c_w.l(_printf_dec.o)
    0x00001c0c   0x0000002a   Code   RO          580    .text               c_w.l(_printf_charcount.o)
    0x00001c36   0x00000002   PAD
    0x00001c38   0x00000030   Code   RO          582    .text               c_w.l(_printf_char_common.o)
    0x00001c68   0x0000000a   Code   RO          584    .text               c_w.l(_sputc.o)
    0x00001c72   0x00000002   PAD
    0x00001c74   0x000000bc   Code   RO          586    .text               c_w.l(_printf_wctomb.o)
    0x00001d30   0x00000078   Code   RO          589    .text               c_w.l(_printf_longlong_dec.o)
    0x00001da8   0x00000078   Code   RO          595    .text               c_w.l(_printf_oct_int_ll.o)
    0x00001e20   0x0000009c   Code   RO          615    .text               c_w.l(_printf_hex_int_ll_ptr.o)
    0x00001ebc   0x0000018c   Code   RO          635    .text               c_w.l(__printf_flags_ss_wp.o)
    0x00002048   0x00000044   Code   RO          661    .text               c_w.l(rt_memclr.o)
    0x0000208c   0x0000008a   Code   RO          680    .text               c_w.l(lludiv10.o)
    0x00002116   0x000000b8   Code   RO          682    .text               c_w.l(_printf_intcommon.o)
    0x000021ce   0x00000420   Code   RO          684    .text               c_w.l(_printf_fp_dec.o)
    0x000025ee   0x0000002c   Code   RO          688    .text               c_w.l(_printf_char.o)
    0x0000261a   0x0000002c   Code   RO          690    .text               c_w.l(_printf_wchar.o)
    0x00002646   0x00000040   Code   RO          693    .text               c_w.l(_wcrtomb.o)
    0x00002686   0x0000004e   Code   RO          695    .text               c_w.l(rt_memclr_w.o)
    0x000026d4   0x0000004a   Code   RO          697    .text               c_w.l(sys_stackheap_outer.o)
    0x0000271e   0x00000002   PAD
    0x00002720   0x00000010   Code   RO          699    .text               c_w.l(rt_ctype_table.o)
    0x00002730   0x00000008   Code   RO          704    .text               c_w.l(rt_locale_intlibspace.o)
    0x00002738   0x00000080   Code   RO          706    .text               c_w.l(_printf_fp_infnan.o)
    0x000027b8   0x000000e4   Code   RO          708    .text               c_w.l(bigflt0.o)
    0x0000289c   0x0000000c   Code   RO          736    .text               c_w.l(exit.o)
    0x000028a8   0x00000008   Code   RO          749    .text               c_w.l(libspace.o)
    0x000028b0   0x00000080   Code   RO          757    .text               c_w.l(strcmpv7m.o)
    0x00002930   0x00000008   Code   RO          812    .text               c_w.l(rt_fp_status_addr_intlibspace.o)
    0x00002938   0x0000000c   Code   RO          816    .text               c_w.l(sys_exit.o)
    0x00002944   0x00000000   Code   RO          829    .text               c_w.l(indicate_semi.o)
    0x00002944   0x0000003e   Code   RO          711    CL$$btod_d2e        c_w.l(btod.o)
    0x00002982   0x00000046   Code   RO          713    CL$$btod_d2e_denorm_low  c_w.l(btod.o)
    0x000029c8   0x00000060   Code   RO          712    CL$$btod_d2e_norm_op1  c_w.l(btod.o)
    0x00002a28   0x00000338   Code   RO          721    CL$$btod_div_common  c_w.l(btod.o)
    0x00002d60   0x000000c6   Code   RO          718    CL$$btod_e2e        c_w.l(btod.o)
    0x00002e26   0x00000028   Code   RO          715    CL$$btod_ediv       c_w.l(btod.o)
    0x00002e4e   0x00000028   Code   RO          714    CL$$btod_emul       c_w.l(btod.o)
    0x00002e76   0x00000244   Code   RO          720    CL$$btod_mult_common  c_w.l(btod.o)
    0x000030ba   0x00000028   Code   RO          747    i.__ARM_fpclassify  m_ws.l(fpclassify.o)
    0x000030e2   0x0000000e   Code   RO          628    i._is_digit         c_w.l(__printf_wp.o)
    0x000030f0   0x0000002c   Code   RO          734    locale$$code        c_w.l(lc_numeric_c.o)
    0x0000311c   0x0000002c   Code   RO          755    locale$$code        c_w.l(lc_ctype_c.o)
    0x00003148   0x0000000e   Code   RO          800    x$fpl$fpinit        fz_ws.l(fpinit.o)
    0x00003156   0x00000004   Code   RO          663    x$fpl$printf1       fz_ws.l(printf1.o)
    0x0000315a   0x00000000   Code   RO          746    x$fpl$usenofp       fz_ws.l(usenofp.o)
    0x0000315a   0x00000002   PAD
    0x0000315c   0x00000008   Data   RO          587    .constdata          c_w.l(_printf_wctomb.o)
    0x00003164   0x00000028   Data   RO          616    .constdata          c_w.l(_printf_hex_int_ll_ptr.o)
    0x0000318c   0x00000011   Data   RO          636    .constdata          c_w.l(__printf_flags_ss_wp.o)
    0x0000319d   0x00000003   PAD
    0x000031a0   0x00000094   Data   RO          709    .constdata          c_w.l(bigflt0.o)
    0x00003234   0x00000020   Data   RO          881    Region$$Table       anon$$obj.o
    0x00003254   0x0000001c   Data   RO          733    locale$$data        c_w.l(lc_numeric_c.o)
    0x00003270   0x00000110   Data   RO          754    locale$$data        c_w.l(lc_ctype_c.o)


    Execution Region RW_IRAM1 (Base: 0x10000000, Size: 0x00000428, Max: 0x00004000, ABSOLUTE)

    Base Addr    Size         Type   Attr      Idx    E Section Name        Object

    0x10000000   0x00000004   Data   RW           90    .data               delay.o
    0x10000004   0x00000004   Data   RW          116    .data               led.o
    0x10000008   0x00000001   Data   RW          220    .data               ops_w25qxx.o
    0x10000009   0x00000003   PAD
    0x1000000c   0x00000028   Data   RW          269    .data               ctimedef.o
    0x10000034   0x00000008   Data   RW          295    .data               irq_timer.o
    0x1000003c   0x00000004   Data   RW          374    .data               system_lpc17xx.o
    0x10000040   0x00000004   Data   RW          539    .data               test_hw.o
    0x10000044   0x00000080   Zero   RW          345    .bss                lcd_printf.o
    0x100000c4   0x00000100   Zero   RW          538    .bss                test_hw.o
    0x100001c4   0x00000060   Zero   RW          750    .bss                c_w.l(libspace.o)
    0x10000224   0x00000004   PAD
    0x10000228   0x00000000   Zero   RW          408    HEAP                startup_lpc17xx.o
    0x10000228   0x00000200   Zero   RW          407    STACK               startup_lpc17xx.o


==============================================================================

Image component sizes


      Code (inc. data)   RO Data    RW Data    ZI Data      Debug   Object Name

       388         34          0         40          0       5700   ctimedef.o
        72          6          0          4          0       1290   delay.o
       168         88          0          0          0        776   hardware_sets.o
        20          0          0          0          0        529   irq_manage.o
        56         12          0          8          0       1142   irq_timer.o
        52          6          0          0        128       1680   lcd_printf.o
       180         30          0          4          0       1124   led.o
        56         26          0          0          0      78338   main.o
       204          4          0          1          0       2692   ops_w25qxx.o
        64         26        204          0        512        916   startup_lpc17xx.o
       564         70          0          4          0        917   system_lpc17xx.o
       248         68          0          4        256       1861   test_hw.o
       688         32          0          0          0      25499   timer_all.o
       392         38          0          0          0      26081   uart0.o
         0          0          0          0          0        800   uart1.o
        48         18          0          0          0        715   utils.o
      3064        356          0          0          0      11085   w25q256.o

    ----------------------------------------------------------------------
      6264        814        236         68        896     161145   Object Totals
         0          0         32          0          0          0   (incl. Generated)
         0          0          0          3          0          0   (incl. Padding)

    ----------------------------------------------------------------------

      Code (inc. data)   RO Data    RW Data    ZI Data      Debug   Library Member Name

         8          0          0          0          0         68   __main.o
       396          6         17          0          0         92   __printf_flags_ss_wp.o
        14          0          0          0          0         68   __printf_wp.o
        52          8          0          0          0          0   __scatter.o
        26          0          0          0          0          0   __scatter_copy.o
        28          0          0          0          0          0   __scatter_zi.o
         6          0          0          0          0          0   _printf_a.o
         6          0          0          0          0          0   _printf_c.o
        44          0          0          0          0        108   _printf_char.o
        48          6          0          0          0         96   _printf_char_common.o
        42          0          0          0          0         68   _printf_charcount.o
         6          0          0          0          0          0   _printf_d.o
       120         18          0          0          0         92   _printf_dec.o
         6          0          0          0          0          0   _printf_e.o
         6          0          0          0          0          0   _printf_f.o
      1056          0          0          0          0        216   _printf_fp_dec.o
       128         16          0          0          0         84   _printf_fp_infnan.o
         6          0          0          0          0          0   _printf_g.o
       156          6         40          0          0        160   _printf_hex_int_ll_ptr.o
         6          0          0          0          0          0   _printf_i.o
       184          0          0          0          0         88   _printf_intcommon.o
        10          0          0          0          0          0   _printf_l.o
         6          0          0          0          0          0   _printf_lc.o
        10          0          0          0          0          0   _printf_ll.o
         6          0          0          0          0          0   _printf_lld.o
         6          0          0          0          0          0   _printf_lli.o
         6          0          0          0          0          0   _printf_llo.o
         6          0          0          0          0          0   _printf_llu.o
         6          0          0          0          0          0   _printf_llx.o
       120         16          0          0          0         92   _printf_longlong_dec.o
         6          0          0          0          0          0   _printf_ls.o
         6          0          0          0          0          0   _printf_n.o
         6          0          0          0          0          0   _printf_o.o
       120          8          0          0          0        124   _printf_oct_int_ll.o
         6          0          0          0          0          0   _printf_p.o
        82          0          0          0          0        108   _printf_pad.o
         0          0          0          0          0          0   _printf_percent.o
         4          0          0          0          0          0   _printf_percent_end.o
         6          0          0          0          0          0   _printf_s.o
        82          0          0          0          0         80   _printf_str.o
        36          0          0          0          0         84   _printf_truncate.o
         6          0          0          0          0          0   _printf_u.o
        44          0          0          0          0        108   _printf_wchar.o
       188          6          8          0          0         92   _printf_wctomb.o
         6          0          0          0          0          0   _printf_x.o
        10          0          0          0          0         68   _sputc.o
        64          0          0          0          0         92   _wcrtomb.o
        16          0          0          0          0         68   aeabi_memset.o
       228          6        148          0          0         96   bigflt0.o
      1910        128          0          0          0        672   btod.o
        36          4          0          0          0         76   c89vsprintf.o
        12          0          0          0          0         72   exit.o
         6          0          0          0          0        152   heapauxi.o
         0          0          0          0          0          0   indicate_semi.o
        44         10        272          0          0         76   lc_ctype_c.o
        44         10         28          0          0         76   lc_numeric_c.o
         6          0          0          0          0          0   libinit.o
        30          0          0          0          0          0   libinit2.o
         2          0          0          0          0          0   libshutdown.o
         2          0          0          0          0          0   libshutdown2.o
         8          4          0          0         96         68   libspace.o
       138          0          0          0          0         80   lludiv10.o
        16          4          0          0          0         76   rt_ctype_table.o
         8          4          0          0          0         68   rt_fp_status_addr_intlibspace.o
         8          4          0          0          0         68   rt_locale_intlibspace.o
        68          0          0          0          0         68   rt_memclr.o
        78          0          0          0          0         80   rt_memclr_w.o
         0          0          0          0          0          0   rtentry.o
        12          0          0          0          0          0   rtentry2.o
         6          0          0          0          0          0   rtentry4.o
         2          0          0          0          0          0   rtexit.o
        10          0          0          0          0          0   rtexit2.o
       128          0          0          0          0         68   strcmpv7m.o
        12          4          0          0          0         68   sys_exit.o
        74          0          0          0          0         80   sys_stackheap_outer.o
         2          0          0          0          0         68   use_no_semi.o
        14          0          0          0          0         76   fpinit.o
         4          0          0          0          0         68   printf1.o
         0          0          0          0          0          0   usenofp.o
        40          0          0          0          0         68   fpclassify.o

    ----------------------------------------------------------------------
      6168        268        516          0        100       4280   Library Totals
        12          0          3          0          4          0   (incl. Padding)

    ----------------------------------------------------------------------

      Code (inc. data)   RO Data    RW Data    ZI Data      Debug   Library Name

      6098        268        513          0         96       4068   c_w.l
        18          0          0          0          0        144   fz_ws.l
        40          0          0          0          0         68   m_ws.l

    ----------------------------------------------------------------------
      6168        268        516          0        100       4280   Library Totals

    ----------------------------------------------------------------------

==============================================================================


      Code (inc. data)   RO Data    RW Data    ZI Data      Debug   

     12432       1082        752         68        996     161577   Grand Totals
     12432       1082        752         68        996     161577   ELF Image Totals
     12432       1082        752         68          0          0   ROM Totals

==============================================================================

    Total RO  Size (Code + RO Data)                13184 (  12.88kB)
    Total RW  Size (RW Data + ZI Data)              1064 (   1.04kB)
    Total ROM Size (Code + RO Data + RW Data)      13252 (  12.94kB)

==============================================================================

