ARM Linker, 4.1 [Build 894] [Professional]

==============================================================================

Section Cross References

    startup_lpc17xx.o(STACK) refers (Special) to heapauxi.o(.text) for __use_two_region_memory
    startup_lpc17xx.o(HEAP) refers (Special) to heapauxi.o(.text) for __use_two_region_memory
    startup_lpc17xx.o(RESET) refers (Special) to heapauxi.o(.text) for __use_two_region_memory
    startup_lpc17xx.o(RESET) refers to startup_lpc17xx.o(STACK) for __initial_sp
    startup_lpc17xx.o(RESET) refers to startup_lpc17xx.o(.text) for Reset_Handler
    startup_lpc17xx.o(RESET) refers to delay.o(.text) for SysTick_Handler
    startup_lpc17xx.o(.ARM.__at_0x02FC) refers (Special) to heapauxi.o(.text) for __use_two_region_memory
    startup_lpc17xx.o(.text) refers (Special) to heapauxi.o(.text) for __use_two_region_memory
    startup_lpc17xx.o(.text) refers to system_lpc17xx.o(.text) for SystemInit
    startup_lpc17xx.o(.text) refers to __main.o(!!!main) for __main
    startup_lpc17xx.o(.text) refers to startup_lpc17xx.o(HEAP) for Heap_Mem
    startup_lpc17xx.o(.text) refers to startup_lpc17xx.o(STACK) for Stack_Mem
    lcd_printf.o(.text) refers to uart0.o(.text) for uart0_sendstring
    lcd_printf.o(.text) refers to c89vsprintf.o(.text) for __c89vsprintf
    lcd_printf.o(.text) refers to lcd_printf.o(.bss) for buf
    system_lpc17xx.o(.text) refers to system_lpc17xx.o(.data) for SystemFrequency
    delay.o(.text) refers to delay.o(.data) for msTicks
    uart_all.o(.text) refers to uart0.o(.text) for uart0_enable
    uart_all.o(.text) refers to uart1.o(.text) for uart1_enable
    uart0.o(.text) refers to system_lpc17xx.o(.data) for SystemFrequency
    uart1.o(.text) refers to system_lpc17xx.o(.data) for SystemFrequency
    w25q256.o(.text) refers to lcd_printf.o(.text) for lcd_printf
    main.o(.text) refers to lcd_printf.o(.text) for lcd_printf
    main.o(.text) refers to hardware_sets.o(.text) for hardware_init
    main.o(.text) refers to system_lpc17xx.o(.data) for SystemFrequency
    hardware_sets.o(.text) refers to system_lpc17xx.o(.text) for SystemClockUpdate
    hardware_sets.o(.text) refers to uart0.o(.text) for uart0_init
    hardware_sets.o(.text) refers to w25q256.o(.text) for SPI0_init
    hardware_sets.o(.text) refers to led.o(.text) for led_init
    hardware_sets.o(.text) refers to lcd_printf.o(.text) for lcd_printf
    hardware_sets.o(.text) refers to aeabi_memset.o(.text) for __aeabi_memset
    hardware_sets.o(.text) refers to hardware_sets.o(.data) for num
    c89vsprintf.o(.text) refers (Special) to _printf_a.o(.ARM.Collect$$_printf_percent$$00000006) for _printf_a
    c89vsprintf.o(.text) refers (Special) to _printf_c.o(.ARM.Collect$$_printf_percent$$00000013) for _printf_c
    c89vsprintf.o(.text) refers (Special) to _printf_charcount.o(.text) for _printf_charcount
    c89vsprintf.o(.text) refers (Special) to _printf_d.o(.ARM.Collect$$_printf_percent$$00000009) for _printf_d
    c89vsprintf.o(.text) refers (Special) to _printf_e.o(.ARM.Collect$$_printf_percent$$00000004) for _printf_e
    c89vsprintf.o(.text) refers (Special) to _printf_f.o(.ARM.Collect$$_printf_percent$$00000003) for _printf_f
    c89vsprintf.o(.text) refers (Special) to printf1.o(x$fpl$printf1) for _printf_fp_dec
    c89vsprintf.o(.text) refers (Special) to _printf_g.o(.ARM.Collect$$_printf_percent$$00000005) for _printf_g
    c89vsprintf.o(.text) refers (Special) to _printf_i.o(.ARM.Collect$$_printf_percent$$00000008) for _printf_i
    c89vsprintf.o(.text) refers (Special) to _printf_dec.o(.text) for _printf_int_dec
    c89vsprintf.o(.text) refers (Special) to _printf_l.o(.ARM.Collect$$_printf_percent$$00000012) for _printf_l
    c89vsprintf.o(.text) refers (Special) to _printf_lc.o(.ARM.Collect$$_printf_percent$$00000015) for _printf_lc
    c89vsprintf.o(.text) refers (Special) to _printf_ll.o(.ARM.Collect$$_printf_percent$$00000007) for _printf_ll
    c89vsprintf.o(.text) refers (Special) to _printf_lld.o(.ARM.Collect$$_printf_percent$$0000000E) for _printf_lld
    c89vsprintf.o(.text) refers (Special) to _printf_lli.o(.ARM.Collect$$_printf_percent$$0000000D) for _printf_lli
    c89vsprintf.o(.text) refers (Special) to _printf_llo.o(.ARM.Collect$$_printf_percent$$00000010) for _printf_llo
    c89vsprintf.o(.text) refers (Special) to _printf_llu.o(.ARM.Collect$$_printf_percent$$0000000F) for _printf_llu
    c89vsprintf.o(.text) refers (Special) to _printf_llx.o(.ARM.Collect$$_printf_percent$$00000011) for _printf_llx
    c89vsprintf.o(.text) refers (Special) to _printf_longlong_dec.o(.text) for _printf_longlong_dec
    c89vsprintf.o(.text) refers (Special) to _printf_hex_int_ll_ptr.o(.text) for _printf_longlong_hex
    c89vsprintf.o(.text) refers (Special) to _printf_oct_int_ll.o(.text) for _printf_longlong_oct
    c89vsprintf.o(.text) refers (Special) to _printf_ls.o(.ARM.Collect$$_printf_percent$$00000016) for _printf_ls
[...]
    libinit2.o(.ARM.Collect$$libinit$$0000000E) refers to libinit2.o(.ARM.Collect$$libinit$$0000000B) for .ARM.Collect$$libinit$$0000000B
    libinit2.o(.ARM.Collect$$libinit$$0000000E) refers (Weak) to lc_ctype_c.o(locale$$code) for _get_lc_ctype
    libinit2.o(.ARM.Collect$$libinit$$00000010) refers to libinit2.o(.ARM.Collect$$libinit$$0000000B) for .ARM.Collect$$libinit$$0000000B
    libinit2.o(.ARM.Collect$$libinit$$00000012) refers to libinit2.o(.ARM.Collect$$libinit$$0000000B) for .ARM.Collect$$libinit$$0000000B
    libinit2.o(.ARM.Collect$$libinit$$00000012) refers (Weak) to lc_numeric_c.o(locale$$code) for _get_lc_numeric
    libinit2.o(.ARM.Collect$$libinit$$00000014) refers to libinit2.o(.ARM.Collect$$libinit$$0000000B) for .ARM.Collect$$libinit$$0000000B
    libinit2.o(.ARM.Collect$$libinit$$00000022) refers to argv_veneer.o(.emb_text) for __ARM_argv_veneer
    libinit2.o(.ARM.Collect$$libinit$$00000023) refers to argv_veneer.o(.emb_text) for __ARM_argv_veneer
    fpinit.o(x$fpl$fpinit) refers to rt_fp_status_addr_intlibspace.o(.text) for __rt_fp_status_addr
    rtexit2.o(.ARM.Collect$$rtexit$$00000003) refers to libshutdown.o(.ARM.Collect$$libshutdown$$00000000) for __rt_lib_shutdown
    rtexit2.o(.ARM.Collect$$rtexit$$00000004) refers to sys_exit.o(.text) for _sys_exit
    rtexit2.o(.ARM.exidx) refers to rtexit2.o(.ARM.Collect$$rtexit$$00000001) for .ARM.Collect$$rtexit$$00000001
    rtexit2.o(.ARM.exidx) refers to rtexit2.o(.ARM.Collect$$rtexit$$00000003) for .ARM.Collect$$rtexit$$00000003
    rtexit2.o(.ARM.exidx) refers to rtexit2.o(.ARM.Collect$$rtexit$$00000004) for .ARM.Collect$$rtexit$$00000004
    rt_fp_status_addr.o(.text) refers to rt_fp_status_addr.o(.bss) for __rt_fp_status_addr_data
    rt_fp_status_addr_intlibspace.o(.text) refers to libspace.o(.bss) for __libspace_start
    argv_veneer.o(.emb_text) refers to no_argv.o(.text) for __ARM_get_argv
    sys_exit.o(.text) refers (Special) to use_no_semi.o(.text) for __I$use$semihosting
    sys_exit.o(.text) refers (Special) to indicate_semi.o(.text) for __semihosting_library_function
    _get_argv_nomalloc.o(.text) refers (Special) to hrguard.o(.text) for __heap_region$guard
    _get_argv_nomalloc.o(.text) refers to defsig_rtmem_outer.o(.text) for __rt_SIGRTMEM
    _get_argv_nomalloc.o(.text) refers to sys_command.o(.text) for _sys_command_string
    libshutdown.o(.ARM.Collect$$libshutdown$$00000000) refers (Special) to libshutdown2.o(.ARM.Collect$$libshutdown$$00000006) for __rt_lib_shutdown_fp_trap_1
    libshutdown.o(.ARM.Collect$$libshutdown$$00000000) refers (Special) to libshutdown2.o(.ARM.Collect$$libshutdown$$0000000E) for __rt_lib_shutdown_heap_1
    libshutdown.o(.ARM.Collect$$libshutdown$$00000000) refers (Special) to libshutdown2.o(.ARM.Collect$$libshutdown$$0000000F) for __rt_lib_shutdown_return
    libshutdown.o(.ARM.Collect$$libshutdown$$00000000) refers (Special) to libshutdown2.o(.ARM.Collect$$libshutdown$$00000009) for __rt_lib_shutdown_signal_1
    libshutdown.o(.ARM.Collect$$libshutdown$$00000000) refers (Special) to libshutdown2.o(.ARM.Collect$$libshutdown$$00000003) for __rt_lib_shutdown_stdio_1
    libshutdown.o(.ARM.Collect$$libshutdown$$00000000) refers (Special) to libshutdown2.o(.ARM.Collect$$libshutdown$$0000000B) for __rt_lib_shutdown_user_alloc_1
    sys_command.o(.text) refers (Special) to use_no_semi.o(.text) for __I$use$semihosting
    sys_command.o(.text) refers (Special) to indicate_semi.o(.text) for __semihosting_library_function
    defsig_rtmem_outer.o(.text) refers to defsig_rtmem_inner.o(.text) for __rt_SIGRTMEM_inner
    defsig_rtmem_outer.o(.text) refers to defsig_exit.o(.text) for __sig_exit
    defsig_rtmem_formal.o(.text) refers to rt_raise.o(.text) for __rt_raise
    rt_raise.o(.text) refers to __raise.o(.text) for __raise
    rt_raise.o(.text) refers to sys_exit.o(.text) for _sys_exit
    defsig_exit.o(.text) refers to sys_exit.o(.text) for _sys_exit
    defsig_rtmem_inner.o(.text) refers to defsig_general.o(.text) for __default_signal_display
    __raise.o(.text) refers to defsig.o(CL$$defsig) for __default_signal_handler
    defsig_general.o(.text) refers to sys_wrch.o(.text) for _ttywrch
    sys_wrch.o(.text) refers (Special) to use_no_semi.o(.text) for __I$use$semihosting
    sys_wrch.o(.text) refers (Special) to indicate_semi.o(.text) for __semihosting_library_function
    defsig.o(CL$$defsig) refers to defsig_rtmem_inner.o(.text) for __rt_SIGRTMEM_inner
    defsig_abrt_inner.o(.text) refers to defsig_general.o(.text) for __default_signal_display
    defsig_fpe_inner.o(.text) refers to defsig_general.o(.text) for __default_signal_display
    defsig_rtred_inner.o(.text) refers to defsig_general.o(.text) for __default_signal_display
    defsig_stak_inner.o(.text) refers to defsig_general.o(.text) for __default_signal_display
    defsig_pvfn_inner.o(.text) refers to defsig_general.o(.text) for __default_signal_display
    defsig_cppl_inner.o(.text) refers to defsig_general.o(.text) for __default_signal_display
    defsig_segv_inner.o(.text) refers to defsig_general.o(.text) for __default_signal_display
    defsig_other.o(.text) refers to defsig_general.o(.text) for __default_signal_display


==============================================================================

Removing Unused input sections from the image.

    Removing lcd_printf.o(.rev16_text), (4 bytes).
    Removing lcd_printf.o(.revsh_text), (4 bytes).
    Removing system_lpc17xx.o(.rev16_text), (4 bytes).
    Removing system_lpc17xx.o(.revsh_text), (4 bytes).
    Removing delay.o(.rev16_text), (4 bytes).
    Removing delay.o(.revsh_text), (4 bytes).
    Removing led.o(.rev16_text), (4 bytes).
    Removing led.o(.revsh_text), (4 bytes).
    Removing uart_all.o(.rev16_text), (4 bytes).
    Removing uart_all.o(.revsh_text), (4 bytes).
    Removing uart_all.o(.text), (24 bytes).
    Removing uart0.o(.rev16_text), (4 bytes).
    Removing uart0.o(.revsh_text), (4 bytes).
    Removing uart1.o(.rev16_text), (4 bytes).
    Removing uart1.o(.revsh_text), (4 bytes).
    Removing uart1.o(.text), (420 bytes).
    Removing w25q256.o(.rev16_text), (4 bytes).
    Removing w25q256.o(.revsh_text), (4 bytes).
    Removing main.o(.rev16_text), (4 bytes).
    Removing main.o(.revsh_text), (4 bytes).
    Removing hardware_sets.o(.rev16_text), (4 bytes).
    Removing hardware_sets.o(.revsh_text), (4 bytes).

22 unused section(s) (total 524 bytes) removed from the image.

==============================================================================

Image Symbol Table

    Local Symbols

    Symbol Name                              Value     Ov Type        Size  Object(Section)

    RESET                                    0x00000000   Section      204  startup_lpc17xx.o(RESET)
    ../../angel/boardlib.s                   0x00000000   Number         0  boardinit1.o ABSOLUTE
    ../../angel/boardlib.s                   0x00000000   Number         0  boardinit3.o ABSOLUTE
    ../../angel/boardlib.s                   0x00000000   Number         0  boardshut.o ABSOLUTE
    ../../angel/boardlib.s                   0x00000000   Number         0  boardinit2.o ABSOLUTE
    ../../angel/handlers.s                   0x00000000   Number         0  __scatter_zi.o ABSOLUTE
    ../../angel/handlers.s                   0x00000000   Number         0  __scatter_copy.o ABSOLUTE
    ../../angel/kernel.s                     0x00000000   Number         0  rtexit2.o ABSOLUTE
    ../../angel/kernel.s                     0x00000000   Number         0  rtentry.o ABSOLUTE
    ../../angel/kernel.s                     0x00000000   Number         0  rtexit.o ABSOLUTE
    ../../angel/kernel.s                     0x00000000   Number         0  rtentry2.o ABSOLUTE
    ../../angel/kernel.s                     0x00000000   Number         0  rtentry4.o ABSOLUTE
    ../../angel/rt.s                         0x00000000   Number         0  rt_locale_intlibspace.o ABSOLUTE
    ../../angel/rt.s                         0x00000000   Number         0  rt_fp_status_addr_intlibspace.o ABSOLUTE
    ../../angel/rt.s                         0x00000000   Number         0  rt_raise.o ABSOLUTE
    ../../angel/rt.s                         0x00000000   Number         0  rt_ctype_table.o ABSOLUTE
    ../../angel/rt.s                         0x00000000   Number         0  rt_locale.o ABSOLUTE
    ../../angel/rt.s                         0x00000000   Number         0  rt_fp_status_addr.o ABSOLUTE
    ../../angel/scatter.s                    0x00000000   Number         0  __scatter.o ABSOLUTE
    ../../angel/startup.s                    0x00000000   Number         0  __main.o ABSOLUTE
    ../../angel/sys.s                        0x00000000   Number         0  libspace.o ABSOLUTE
    ../../angel/sys.s                        0x00000000   Number         0  use_no_semi.o ABSOLUTE
    ../../angel/sys.s                        0x00000000   Number         0  indicate_semi.o ABSOLUTE
    ../../angel/sys.s                        0x00000000   Number         0  sys_stackheap_outer.o ABSOLUTE
    ../../angel/sysapp.c                     0x00000000   Number         0  sys_command.o ABSOLUTE
    ../../angel/sysapp.c                     0x00000000   Number         0  sys_exit.o ABSOLUTE
    ../../angel/sysapp.c                     0x00000000   Number         0  sys_wrch.o ABSOLUTE
    ../../armsys.c                           0x00000000   Number         0  argv_veneer.o ABSOLUTE
    ../../armsys.c                           0x00000000   Number         0  no_argv.o ABSOLUTE
    ../../armsys.c                           0x00000000   Number         0  argv_veneer.o ABSOLUTE
    ../../armsys.c                           0x00000000   Number         0  _get_argv_nomalloc.o ABSOLUTE
    ../../bigflt.c                           0x00000000   Number         0  bigflt0.o ABSOLUTE
    ../../btod.s                             0x00000000   Number         0  btod.o ABSOLUTE
    ../../fpclassify.c                       0x00000000   Number         0  fpclassify.o ABSOLUTE
    ../../fpinit.s                           0x00000000   Number         0  fpinit.o ABSOLUTE
    ../../heapalloc.c                        0x00000000   Number         0  hrguard.o ABSOLUTE
    ../../heapaux.c                          0x00000000   Number         0  heapauxi.o ABSOLUTE
    ../../istatus.s                          0x00000000   Number         0  istatus.o ABSOLUTE
    ../../libinit.s                          0x00000000   Number         0  libinit.o ABSOLUTE
    ../../libinit.s                          0x00000000   Number         0  libinit2.o ABSOLUTE
    ../../libinit.s                          0x00000000   Number         0  libshutdown2.o ABSOLUTE
    ../../libinit.s                          0x00000000   Number         0  libshutdown.o ABSOLUTE
    ../../locale.c                           0x00000000   Number         0  _wcrtomb.o ABSOLUTE
    ../../locale.s                           0x00000000   Number         0  lc_ctype_c.o ABSOLUTE
    ../../locale.s                           0x00000000   Number         0  lc_numeric_c.o ABSOLUTE
    ../../longlong.s                         0x00000000   Number         0  lludiv10.o ABSOLUTE
    ../../memcpset.s                         0x00000000   Number         0  aeabi_memset.o ABSOLUTE
    ../../memcpset.s                         0x00000000   Number         0  rt_memclr.o ABSOLUTE
    ../../memcpset.s                         0x00000000   Number         0  strcmpv7m.o ABSOLUTE
    ../../memcpset.s                         0x00000000   Number         0  rt_memclr_w.o ABSOLUTE
    ../../misc.s                             0x00000000   Number         0  printf_stubs.o ABSOLUTE
    ../../printf.c                           0x00000000   Number         0  _printf_oct_int.o ABSOLUTE
    ../../printf.c                           0x00000000   Number         0  c89vsprintf.o ABSOLUTE
    ../../printf.c                           0x00000000   Number         0  _printf_oct_ll.o ABSOLUTE
    ../../printf.c                           0x00000000   Number         0  _printf_hex_int_ptr.o ABSOLUTE
    ../../printf.c                           0x00000000   Number         0  _printf_hex_ll.o ABSOLUTE
    ../../printf.c                           0x00000000   Number         0  _printf_hex_ll_ptr.o ABSOLUTE
    ../../printf.c                           0x00000000   Number         0  _printf_hex_int_ll_ptr.o ABSOLUTE
    ../../printf.c                           0x00000000   Number         0  _printf_longlong_dec.o ABSOLUTE
    ../../printf.c                           0x00000000   Number         0  _printf_hex_int.o ABSOLUTE
    ../../printf.c                           0x00000000   Number         0  _printf_pad.o ABSOLUTE
    ../../printf.c                           0x00000000   Number         0  __printf_flags.o ABSOLUTE
    ../../printf.c                           0x00000000   Number         0  _printf_truncate.o ABSOLUTE
    ../../printf.c                           0x00000000   Number         0  __printf_ss.o ABSOLUTE
    ../../printf.c                           0x00000000   Number         0  _printf_oct_int_ll.o ABSOLUTE
    ../../printf.c                           0x00000000   Number         0  __printf_flags_ss.o ABSOLUTE
    ../../printf.c                           0x00000000   Number         0  _printf_dec.o ABSOLUTE
    ../../printf.c                           0x00000000   Number         0  __printf_wp.o ABSOLUTE
    ../../printf.c                           0x00000000   Number         0  _printf_charcount.o ABSOLUTE
    ../../printf.c                           0x00000000   Number         0  _printf_str.o ABSOLUTE
    ../../printf.c                           0x00000000   Number         0  _printf_char_common.o ABSOLUTE
    ../../printf.c                           0x00000000   Number         0  __printf_flags_wp.o ABSOLUTE
    ../../printf.c                           0x00000000   Number         0  _printf_hex_int_ll.o ABSOLUTE
    ../../printf.c                           0x00000000   Number         0  _sputc.o ABSOLUTE
    ../../printf.c                           0x00000000   Number         0  __printf_ss_wp.o ABSOLUTE
    ../../printf.c                           0x00000000   Number         0  _printf_fp_dec.o ABSOLUTE
    ../../printf.c                           0x00000000   Number         0  __printf_flags_ss_wp.o ABSOLUTE
    ../../printf.c                           0x00000000   Number         0  _printf_fp_infnan.o ABSOLUTE
    ../../printf.c                           0x00000000   Number         0  _printf_wctomb.o ABSOLUTE
    ../../printf.c                           0x00000000   Number         0  __printf.o ABSOLUTE
    ../../printf.c                           0x00000000   Number         0  _printf_intcommon.o ABSOLUTE
    ../../printf.c                           0x00000000   Number         0  _printf_hex_ptr.o ABSOLUTE
    ../../printf.c                           0x00000000   Number         0  _printf_wchar.o ABSOLUTE
    ../../printf.c                           0x00000000   Number         0  _printf_char.o ABSOLUTE
    ../../printf.c                           0x00000000   Number         0  __printf_nopercent.o ABSOLUTE
    ../../printf1.s                          0x00000000   Number         0  printf1.o ABSOLUTE
    ../../printf_percent.s                   0x00000000   Number         0  _printf_f.o ABSOLUTE
    ../../printf_percent.s                   0x00000000   Number         0  _printf_n.o ABSOLUTE
    ../../printf_percent.s                   0x00000000   Number         0  _printf_e.o ABSOLUTE
    ../../printf_percent.s                   0x00000000   Number         0  _printf_c.o ABSOLUTE
    ../../printf_percent.s                   0x00000000   Number         0  _printf_g.o ABSOLUTE
    ../../printf_percent.s                   0x00000000   Number         0  _printf_a.o ABSOLUTE
    ../../printf_percent.s                   0x00000000   Number         0  _printf_s.o ABSOLUTE
    ../../printf_percent.s                   0x00000000   Number         0  _printf_percent.o ABSOLUTE
    ../../printf_percent.s                   0x00000000   Number         0  _printf_x.o ABSOLUTE
    ../../printf_percent.s                   0x00000000   Number         0  _printf_lli.o ABSOLUTE
    ../../printf_percent.s                   0x00000000   Number         0  _printf_p.o ABSOLUTE
    ../../printf_percent.s                   0x00000000   Number         0  _printf_lld.o ABSOLUTE
    ../../printf_percent.s                   0x00000000   Number         0  _printf_o.o ABSOLUTE
    ../../printf_percent.s                   0x00000000   Number         0  _printf_llu.o ABSOLUTE
    ../../printf_percent.s                   0x00000000   Number         0  _printf_i.o ABSOLUTE
    ../../printf_percent.s                   0x00000000   Number         0  _printf_ll.o ABSOLUTE
    ../../printf_percent.s                   0x00000000   Number         0  _printf_percent_end.o ABSOLUTE
    ../../printf_percent.s                   0x00000000   Number         0  _printf_l.o ABSOLUTE
    ../../printf_percent.s                   0x00000000   Number         0  _printf_d.o ABSOLUTE
    ../../printf_percent.s                   0x00000000   Number         0  _printf_lc.o ABSOLUTE
    ../../printf_percent.s                   0x00000000   Number         0  _printf_u.o ABSOLUTE
    ../../printf_percent.s                   0x00000000   Number         0  _printf_ls.o ABSOLUTE
    ../../printf_percent.s                   0x00000000   Number         0  _printf_llx.o ABSOLUTE
    ../../printf_percent.s                   0x00000000   Number         0  _printf_llo.o ABSOLUTE
    ../../signal.c                           0x00000000   Number         0  defsig_rtmem_formal.o ABSOLUTE
    ../../signal.c                           0x00000000   Number         0  defsig_rtred_inner.o ABSOLUTE
    ../../signal.c                           0x00000000   Number         0  defsig_fpe_inner.o ABSOLUTE
    ../../signal.c                           0x00000000   Number         0  defsig_other.o ABSOLUTE
    ../../signal.c                           0x00000000   Number         0  defsig_exit.o ABSOLUTE
    ../../signal.c                           0x00000000   Number         0  defsig_segv_inner.o ABSOLUTE
    ../../signal.c                           0x00000000   Number         0  defsig_rtmem_inner.o ABSOLUTE
    ../../signal.c                           0x00000000   Number         0  defsig_rtmem_outer.o ABSOLUTE
    ../../signal.c                           0x00000000   Number         0  defsig_cppl_inner.o ABSOLUTE
    ../../signal.c                           0x00000000   Number         0  defsig_stak_inner.o ABSOLUTE
    ../../signal.c                           0x00000000   Number         0  __raise.o ABSOLUTE
    ../../signal.c                           0x00000000   Number         0  defsig_general.o ABSOLUTE
    ../../signal.c                           0x00000000   Number         0  defsig_pvfn_inner.o ABSOLUTE
    ../../signal.c                           0x00000000   Number         0  defsig_abrt_inner.o ABSOLUTE
    ../../signal.s                           0x00000000   Number         0  defsig.o ABSOLUTE
    ../../stdlib.c                           0x00000000   Number         0  exit.o ABSOLUTE
    ../../usenofp.s                          0x00000000   Number         0  usenofp.o ABSOLUTE
    ..\\board\\lpc1752\\hardware_sets.c      0x00000000   Number         0  hardware_sets.o ABSOLUTE
    ..\\common\\printf\\lcd_printf.c         0x00000000   Number         0  lcd_printf.o ABSOLUTE
    ..\\common\\system\\system_LPC17xx.c     0x00000000   Number         0  system_lpc17xx.o ABSOLUTE
    ..\\dirvers\\delay\\delay.c              0x00000000   Number         0  delay.o ABSOLUTE
    ..\\dirvers\\led\\led.c                  0x00000000   Number         0  led.o ABSOLUTE
    ..\\dirvers\\serial\\uart0.c             0x00000000   Number         0  uart0.o ABSOLUTE
    ..\\dirvers\\serial\\uart1.c             0x00000000   Number         0  uart1.o ABSOLUTE
    ..\\dirvers\\serial\\uart_all.c          0x00000000   Number         0  uart_all.o ABSOLUTE
    ..\\dirvers\\spi\\w25q256\\w25q256.c     0x00000000   Number         0  w25q256.o ABSOLUTE
    ..\\src\\main.c                          0x00000000   Number         0  main.o ABSOLUTE
    ..\board\lpc1752\hardware_sets.c         0x00000000   Number         0  hardware_sets.o ABSOLUTE
    ..\common\printf\lcd_printf.c            0x00000000   Number         0  lcd_printf.o ABSOLUTE
    ..\common\system\system_LPC17xx.c        0x00000000   Number         0  system_lpc17xx.o ABSOLUTE
    ..\dirvers\delay\delay.c                 0x00000000   Number         0  delay.o ABSOLUTE
    ..\dirvers\led\led.c                     0x00000000   Number         0  led.o ABSOLUTE
    ..\dirvers\serial\uart0.c                0x00000000   Number         0  uart0.o ABSOLUTE
    ..\dirvers\serial\uart1.c                0x00000000   Number         0  uart1.o ABSOLUTE
    ..\dirvers\serial\uart_all.c             0x00000000   Number         0  uart_all.o ABSOLUTE
    ..\dirvers\spi\w25q256\w25q256.c         0x00000000   Number         0  w25q256.o ABSOLUTE
    ..\src\main.c                            0x00000000   Number         0  main.o ABSOLUTE
    dc.s                                     0x00000000   Number         0  dc.o ABSOLUTE
    startup_LPC17xx.s                        0x00000000   Number         0  startup_lpc17xx.o ABSOLUTE
    !!!main                                  0x000000cc   Section        8  __main.o(!!!main)
    !!!scatter                               0x000000d4   Section       52  __scatter.o(!!!scatter)
    !!handler_copy                           0x00000108   Section       26  __scatter_copy.o(!!handler_copy)
    !!handler_zi                             0x00000124   Section       28  __scatter_zi.o(!!handler_zi)
    .ARM.Collect$$_printf_percent$$00000000  0x00000140   Section        0  _printf_percent.o(.ARM.Collect$$_printf_percent$$00000000)
    .ARM.Collect$$_printf_percent$$00000001  0x00000140   Section        6  _printf_n.o(.ARM.Collect$$_printf_percent$$00000001)
    .ARM.Collect$$_printf_percent$$00000002  0x00000146   Section        6  _printf_p.o(.ARM.Collect$$_printf_percent$$00000002)
    .ARM.Collect$$_printf_percent$$00000003  0x0000014c   Section        6  _printf_f.o(.ARM.Collect$$_printf_percent$$00000003)
    .ARM.Collect$$_printf_percent$$00000004  0x00000152   Section        6  _printf_e.o(.ARM.Collect$$_printf_percent$$00000004)
    .ARM.Collect$$_printf_percent$$00000005  0x00000158   Section        6  _printf_g.o(.ARM.Collect$$_printf_percent$$00000005)
    .ARM.Collect$$_printf_percent$$00000006  0x0000015e   Section        6  _printf_a.o(.ARM.Collect$$_printf_percent$$00000006)
    .ARM.Collect$$_printf_percent$$00000007  0x00000164   Section       10  _printf_ll.o(.ARM.Collect$$_printf_percent$$00000007)
    .ARM.Collect$$_printf_percent$$00000008  0x0000016e   Section        6  _printf_i.o(.ARM.Collect$$_printf_percent$$00000008)
    .ARM.Collect$$_printf_percent$$00000009  0x00000174   Section        6  _printf_d.o(.ARM.Collect$$_printf_percent$$00000009)
    .ARM.Collect$$_printf_percent$$0000000A  0x0000017a   Section        6  _printf_u.o(.ARM.Collect$$_printf_percent$$0000000A)
    .ARM.Collect$$_printf_percent$$0000000B  0x00000180   Section        6  _printf_o.o(.ARM.Collect$$_printf_percent$$0000000B)
    .ARM.Collect$$_printf_percent$$0000000C  0x00000186   Section        6  _printf_x.o(.ARM.Collect$$_printf_percent$$0000000C)
    .ARM.Collect$$_printf_percent$$0000000D  0x0000018c   Section        6  _printf_lli.o(.ARM.Collect$$_printf_percent$$0000000D)
    .ARM.Collect$$_printf_percent$$0000000E  0x00000192   Section        6  _printf_lld.o(.ARM.Collect$$_printf_percent$$0000000E)
    .ARM.Collect$$_printf_percent$$0000000F  0x00000198   Section        6  _printf_llu.o(.ARM.Collect$$_printf_percent$$0000000F)
    .ARM.Collect$$_printf_percent$$00000010  0x0000019e   Section        6  _printf_llo.o(.ARM.Collect$$_printf_percent$$00000010)
    .ARM.Collect$$_printf_percent$$00000011  0x000001a4   Section        6  _printf_llx.o(.ARM.Collect$$_printf_percent$$00000011)
    .ARM.Collect$$_printf_percent$$00000012  0x000001aa   Section       10  _printf_l.o(.ARM.Collect$$_printf_percent$$00000012)
    .ARM.Collect$$_printf_percent$$00000013  0x000001b4   Section        6  _printf_c.o(.ARM.Collect$$_printf_percent$$00000013)
    .ARM.Collect$$_printf_percent$$00000014  0x000001ba   Section        6  _printf_s.o(.ARM.Collect$$_printf_percent$$00000014)
    .ARM.Collect$$_printf_percent$$00000015  0x000001c0   Section        6  _printf_lc.o(.ARM.Collect$$_printf_percent$$00000015)
    .ARM.Collect$$_printf_percent$$00000016  0x000001c6   Section        6  _printf_ls.o(.ARM.Collect$$_printf_percent$$00000016)
    .ARM.Collect$$_printf_percent$$00000017  0x000001cc   Section        4  _printf_percent_end.o(.ARM.Collect$$_printf_percent$$00000017)
    .ARM.Collect$$libinit$$00000000          0x000001d0   Section        6  libinit.o(.ARM.Collect$$libinit$$00000000)
    .ARM.Collect$$libinit$$00000006          0x000001d6   Section        0  libinit2.o(.ARM.Collect$$libinit$$00000006)
    .ARM.Collect$$libinit$$00000008          0x000001d6   Section        0  libinit2.o(.ARM.Collect$$libinit$$00000008)
    .ARM.Collect$$libinit$$0000000A          0x000001d6   Section        0  libinit2.o(.ARM.Collect$$libinit$$0000000A)
    .ARM.Collect$$libinit$$0000000B          0x000001d6   Section        6  libinit2.o(.ARM.Collect$$libinit$$0000000B)
    .ARM.Collect$$libinit$$0000000D          0x000001dc   Section        0  libinit2.o(.ARM.Collect$$libinit$$0000000D)
    .ARM.Collect$$libinit$$0000000E          0x000001dc   Section       12  libinit2.o(.ARM.Collect$$libinit$$0000000E)
    .ARM.Collect$$libinit$$0000000F          0x000001e8   Section        0  libinit2.o(.ARM.Collect$$libinit$$0000000F)
    .ARM.Collect$$libinit$$00000011          0x000001e8   Section        0  libinit2.o(.ARM.Collect$$libinit$$00000011)
    .ARM.Collect$$libinit$$00000012          0x000001e8   Section       10  libinit2.o(.ARM.Collect$$libinit$$00000012)
    .ARM.Collect$$libinit$$00000013          0x000001f2   Section        0  libinit2.o(.ARM.Collect$$libinit$$00000013)
    .ARM.Collect$$libinit$$00000015          0x000001f2   Section        0  libinit2.o(.ARM.Collect$$libinit$$00000015)
    .ARM.Collect$$libinit$$00000017          0x000001f2   Section        0  libinit2.o(.ARM.Collect$$libinit$$00000017)
    .ARM.Collect$$libinit$$00000019          0x000001f2   Section        0  libinit2.o(.ARM.Collect$$libinit$$00000019)
    .ARM.Collect$$libinit$$0000001B          0x000001f2   Section        0  libinit2.o(.ARM.Collect$$libinit$$0000001B)
    .ARM.Collect$$libinit$$0000001D          0x000001f2   Section        0  libinit2.o(.ARM.Collect$$libinit$$0000001D)
    .ARM.Collect$$libinit$$0000001F          0x000001f2   Section        0  libinit2.o(.ARM.Collect$$libinit$$0000001F)
    .ARM.Collect$$libinit$$00000021          0x000001f2   Section        0  libinit2.o(.ARM.Collect$$libinit$$00000021)
    .ARM.Collect$$libinit$$00000028          0x000001f2   Section        0  libinit2.o(.ARM.Collect$$libinit$$00000028)
    .ARM.Collect$$libinit$$0000002A          0x000001f2   Section        0  libinit2.o(.ARM.Collect$$libinit$$0000002A)
    .ARM.Collect$$libinit$$0000002C          0x000001f2   Section        0  libinit2.o(.ARM.Collect$$libinit$$0000002C)
    .ARM.Collect$$libinit$$0000002E          0x000001f2   Section        0  libinit2.o(.ARM.Collect$$libinit$$0000002E)
    .ARM.Collect$$libinit$$0000002F          0x000001f2   Section        2  libinit2.o(.ARM.Collect$$libinit$$0000002F)
    .ARM.Collect$$libshutdown$$00000000      0x000001f4   Section        2  libshutdown.o(.ARM.Collect$$libshutdown$$00000000)
    .ARM.Collect$$libshutdown$$00000003      0x000001f6   Section        0  libshutdown2.o(.ARM.Collect$$libshutdown$$00000003)
    .ARM.Collect$$libshutdown$$00000006      0x000001f6   Section        0  libshutdown2.o(.ARM.Collect$$libshutdown$$00000006)
    .ARM.Collect$$libshutdown$$00000009      0x000001f6   Section        0  libshutdown2.o(.ARM.Collect$$libshutdown$$00000009)
    .ARM.Collect$$libshutdown$$0000000B      0x000001f6   Section        0  libshutdown2.o(.ARM.Collect$$libshutdown$$0000000B)
    .ARM.Collect$$libshutdown$$0000000E      0x000001f6   Section        0  libshutdown2.o(.ARM.Collect$$libshutdown$$0000000E)
    .ARM.Collect$$libshutdown$$0000000F      0x000001f6   Section        2  libshutdown2.o(.ARM.Collect$$libshutdown$$0000000F)
    .ARM.Collect$$rtentry$$00000000          0x000001f8   Section        0  rtentry.o(.ARM.Collect$$rtentry$$00000000)
    .ARM.Collect$$rtentry$$00000002          0x000001f8   Section        0  rtentry2.o(.ARM.Collect$$rtentry$$00000002)
    .ARM.Collect$$rtentry$$00000004          0x000001f8   Section        6  rtentry4.o(.ARM.Collect$$rtentry$$00000004)
    .ARM.Collect$$rtentry$$00000009          0x000001fe   Section        0  rtentry2.o(.ARM.Collect$$rtentry$$00000009)
    .ARM.Collect$$rtentry$$0000000A          0x000001fe   Section        4  rtentry2.o(.ARM.Collect$$rtentry$$0000000A)
    .ARM.Collect$$rtentry$$0000000C          0x00000202   Section        0  rtentry2.o(.ARM.Collect$$rtentry$$0000000C)
    .ARM.Collect$$rtentry$$0000000D          0x00000202   Section        8  rtentry2.o(.ARM.Collect$$rtentry$$0000000D)
    .ARM.Collect$$rtexit$$00000000           0x0000020a   Section        2  rtexit.o(.ARM.Collect$$rtexit$$00000000)
    .ARM.Collect$$rtexit$$00000002           0x0000020c   Section        0  rtexit2.o(.ARM.Collect$$rtexit$$00000002)
    .ARM.Collect$$rtexit$$00000003           0x0000020c   Section        4  rtexit2.o(.ARM.Collect$$rtexit$$00000003)
    .ARM.Collect$$rtexit$$00000004           0x00000210   Section        6  rtexit2.o(.ARM.Collect$$rtexit$$00000004)
    .text                                    0x00000218   Section       60  startup_lpc17xx.o(.text)
    .text                                    0x00000254   Section        0  lcd_printf.o(.text)
    .text                                    0x00000288   Section        0  delay.o(.text)
    .text                                    0x000002c0   Section        0  main.o(.text)
    .ARM.__at_0x02FC                         0x000002fc   Section        4  startup_lpc17xx.o(.ARM.__at_0x02FC)
    .text                                    0x00000300   Section        0  system_lpc17xx.o(.text)
    .text                                    0x00000534   Section        0  led.o(.text)
    .text                                    0x0000059c   Section        0  uart0.o(.text)
    .text                                    0x00000724   Section        0  w25q256.o(.text)
    SPI_HOLD_LOW                             0x00000737   Thumb Code    14  w25q256.o(.text)
    SPI_HOLD_HIGH                            0x00000745   Thumb Code    14  w25q256.o(.text)
    SPI_WR_LOW                               0x00000753   Thumb Code    14  w25q256.o(.text)
    SPI_WR_HIGH                              0x00000761   Thumb Code    14  w25q256.o(.text)
    .text                                    0x00000ca4   Section        0  hardware_sets.o(.text)
    get_uniqueID_w25q256                     0x00000d59   Thumb Code    66  hardware_sets.o(.text)
    .text                                    0x00000ef0   Section        0  c89vsprintf.o(.text)
    .text                                    0x00000f14   Section       16  aeabi_memset.o(.text)
    .text                                    0x00000f24   Section        0  heapauxi.o(.text)
    .text                                    0x00000f2a   Section        0  _printf_pad.o(.text)
    .text                                    0x00000f7c   Section        0  _printf_truncate.o(.text)
    .text                                    0x00000fa0   Section        0  _printf_str.o(.text)
    .text                                    0x00000ff4   Section        0  _printf_dec.o(.text)
    .text                                    0x0000106c   Section        0  _printf_charcount.o(.text)
    .text                                    0x00001098   Section        0  _printf_char_common.o(.text)
    _printf_input_char                       0x00001099   Thumb Code    10  _printf_char_common.o(.text)
    .text                                    0x000010c8   Section        0  _sputc.o(.text)
    .text                                    0x000010d4   Section        0  _printf_wctomb.o(.text)
    .text                                    0x00001190   Section        0  _printf_longlong_dec.o(.text)
    .text                                    0x00001208   Section        0  _printf_oct_int_ll.o(.text)
    _printf_longlong_oct_internal            0x00001209   Thumb Code     0  _printf_oct_int_ll.o(.text)
    .text                                    0x00001280   Section        0  _printf_hex_int_ll_ptr.o(.text)
    _printf_hex_common                       0x00001281   Thumb Code     0  _printf_hex_int_ll_ptr.o(.text)
    .text                                    0x0000131c   Section        0  __printf_flags_ss_wp.o(.text)
    .text                                    0x000014a8   Section       68  rt_memclr.o(.text)
    .text                                    0x000014ec   Section      138  lludiv10.o(.text)
    .text                                    0x00001576   Section        0  _printf_intcommon.o(.text)
    .text                                    0x0000162e   Section        0  _printf_fp_dec.o(.text)
    _fp_digits                               0x00001631   Thumb Code   428  _printf_fp_dec.o(.text)
    .text                                    0x00001a4e   Section        0  _printf_char.o(.text)
    .text                                    0x00001a7a   Section        0  _printf_wchar.o(.text)
    .text                                    0x00001aa6   Section        0  _wcrtomb.o(.text)
    .text                                    0x00001ae6   Section       78  rt_memclr_w.o(.text)
    .text                                    0x00001b34   Section       74  sys_stackheap_outer.o(.text)
    .text                                    0x00001b80   Section       16  rt_ctype_table.o(.text)
    .text                                    0x00001b90   Section        8  rt_locale_intlibspace.o(.text)
    .text                                    0x00001b98   Section        0  _printf_fp_infnan.o(.text)
    .text                                    0x00001c18   Section        0  bigflt0.o(.text)
    .text                                    0x00001cfc   Section        0  exit.o(.text)
    .text                                    0x00001d08   Section        8  libspace.o(.text)
    .text                                    0x00001d10   Section      128  strcmpv7m.o(.text)
    .text                                    0x00001d90   Section        8  rt_fp_status_addr_intlibspace.o(.text)
    .text                                    0x00001d98   Section        0  sys_exit.o(.text)
    .text                                    0x00001da4   Section        2  use_no_semi.o(.text)
    .text                                    0x00001da6   Section        0  indicate_semi.o(.text)
    CL$$btod_d2e                             0x00001da6   Section       62  btod.o(CL$$btod_d2e)
    CL$$btod_d2e_denorm_low                  0x00001de4   Section       70  btod.o(CL$$btod_d2e_denorm_low)
    CL$$btod_d2e_norm_op1                    0x00001e2a   Section       96  btod.o(CL$$btod_d2e_norm_op1)
    CL$$btod_div_common                      0x00001e8a   Section      824  btod.o(CL$$btod_div_common)
    CL$$btod_e2e                             0x000021c2   Section      198  btod.o(CL$$btod_e2e)
    CL$$btod_ediv                            0x00002288   Section       40  btod.o(CL$$btod_ediv)
    CL$$btod_emul                            0x000022b0   Section       40  btod.o(CL$$btod_emul)
    CL$$btod_mult_common                     0x000022d8   Section      580  btod.o(CL$$btod_mult_common)
    i.__ARM_fpclassify                       0x0000251c   Section        0  fpclassify.o(i.__ARM_fpclassify)
    i._is_digit                              0x00002544   Section        0  __printf_wp.o(i._is_digit)
    locale$$code                             0x00002554   Section       44  lc_numeric_c.o(locale$$code)
    locale$$code                             0x00002580   Section       44  lc_ctype_c.o(locale$$code)
    x$fpl$fpinit                             0x000025ac   Section       14  fpinit.o(x$fpl$fpinit)
    x$fpl$printf1                            0x000025ba   Section        4  printf1.o(x$fpl$printf1)
    x$fpl$usenofp                            0x000025be   Section        0  usenofp.o(x$fpl$usenofp)
    .constdata                               0x000025c0   Section        8  _printf_wctomb.o(.constdata)
    initial_mbstate                          0x000025c0   Data           8  _printf_wctomb.o(.constdata)
    .constdata                               0x000025c8   Section       40  _printf_hex_int_ll_ptr.o(.constdata)
    uc_hextab                                0x000025c8   Data          20  _printf_hex_int_ll_ptr.o(.constdata)
    lc_hextab                                0x000025dc   Data          20  _printf_hex_int_ll_ptr.o(.constdata)
    .constdata                               0x000025f0   Section       17  __printf_flags_ss_wp.o(.constdata)
    maptable                                 0x000025f0   Data          17  __printf_flags_ss_wp.o(.constdata)
    .constdata                               0x00002604   Section      148  bigflt0.o(.constdata)
    tenpwrs_x                                0x00002604   Data          60  bigflt0.o(.constdata)
    tenpwrs_i                                0x00002640   Data          64  bigflt0.o(.constdata)
    locale$$data                             0x000026b8   Section       28  lc_numeric_c.o(locale$$data)
    __lcnum_c_name                           0x000026bc   Data           2  lc_numeric_c.o(locale$$data)
    __lcnum_c_start                          0x000026c4   Data           0  lc_numeric_c.o(locale$$data)
    __lcnum_c_point                          0x000026d0   Data           0  lc_numeric_c.o(locale$$data)
    __lcnum_c_thousands                      0x000026d2   Data           0  lc_numeric_c.o(locale$$data)
    __lcnum_c_grouping                       0x000026d3   Data           0  lc_numeric_c.o(locale$$data)
    locale$$data                             0x000026d4   Section      272  lc_ctype_c.o(locale$$data)
    __lcnum_c_end                            0x000026d4   Data           0  lc_numeric_c.o(locale$$data)
    __lcctype_c_name                         0x000026d8   Data           2  lc_ctype_c.o(locale$$data)
    __lcctype_c_start                        0x000026e0   Data           0  lc_ctype_c.o(locale$$data)
    __lcctype_c_end                          0x000027e4   Data           0  lc_ctype_c.o(locale$$data)
    .data                                    0x10000000   Section        4  system_lpc17xx.o(.data)
    .data                                    0x10000004   Section        4  delay.o(.data)
    .data                                    0x10000008   Section        2  hardware_sets.o(.data)
    num                                      0x10000008   Data           1  hardware_sets.o(.data)
    flag                                     0x10000009   Data           1  hardware_sets.o(.data)
    .bss                                     0x1000000c   Section      256  lcd_printf.o(.bss)
    .bss                                     0x1000010c   Section       96  libspace.o(.bss)
    HEAP                                     0x10000170   Section        0  startup_lpc17xx.o(HEAP)
    STACK                                    0x10000170   Section      512  startup_lpc17xx.o(STACK)
    Heap_Mem                                 0x10000170   Data           0  startup_lpc17xx.o(HEAP)
    Stack_Mem                                0x10000170   Data         512  startup_lpc17xx.o(STACK)
    __initial_sp                             0x10000370   Data           0  startup_lpc17xx.o(STACK)

    Global Symbols

    Symbol Name                              Value     Ov Type        Size  Object(Section)

    BuildAttributes$$THM_ISAv4$P$D$K$B$S$PE$A:L22UL41UL21$X:L11$S22US41US21$IEEE1$IW$USESV6$~STKCKD$USESV7$~SHL$OTIME$ROPI$IEEEJ$EBA8$UX$STANDARDLIB$REQ8$PRES8$EABIv2 0x00000000   Number         0  anon$$obj.o ABSOLUTE
    __ARM_use_no_argv                        0x00000000   Number         0  main.o ABSOLUTE
    __Vectors                                0x00000000   Data           4  startup_lpc17xx.o(RESET)
    _printf_flags                            0x00000000   Number         0  printf_stubs.o ABSOLUTE
    _printf_return_value                     0x00000000   Number         0  printf_stubs.o ABSOLUTE
    _printf_sizespec                         0x00000000   Number         0  printf_stubs.o ABSOLUTE
    _printf_widthprec                        0x00000000   Number         0  printf_stubs.o ABSOLUTE
    __ARM_exceptions_init                     - Undefined Weak Reference
    __alloca_initialize                       - Undefined Weak Reference
    __cpp_initialize__aeabi_                  - Undefined Weak Reference
    __cxa_finalize                            - Undefined Weak Reference
    __sigvec_lookup                           - Undefined Weak Reference
    _atexit_init                              - Undefined Weak Reference
    _call_atexit_fns                          - Undefined Weak Reference
    _clock_init                               - Undefined Weak Reference
    _fp_trap_init                             - Undefined Weak Reference
    _fp_trap_shutdown                         - Undefined Weak Reference
    _get_lc_collate                           - Undefined Weak Reference
    _get_lc_monetary                          - Undefined Weak Reference
    _get_lc_time                              - Undefined Weak Reference
    _getenv_init                              - Undefined Weak Reference
    _handle_redirection                       - Undefined Weak Reference
    _init_alloc                               - Undefined Weak Reference
    _init_user_alloc                          - Undefined Weak Reference
    _initio                                   - Undefined Weak Reference
    _printf_fp_hex                            - Undefined Weak Reference
    _printf_mbtowc                            - Undefined Weak Reference
    _printf_wc                                - Undefined Weak Reference
    _rand_init                                - Undefined Weak Reference
    _signal_finish                            - Undefined Weak Reference
    _signal_init                              - Undefined Weak Reference
    _terminate_alloc                          - Undefined Weak Reference
    _terminate_user_alloc                     - Undefined Weak Reference
    _terminateio                              - Undefined Weak Reference
    __main                                   0x000000cd   Thumb Code     8  __main.o(!!!main)
    __scatterload                            0x000000d5   Thumb Code     0  __scatter.o(!!!scatter)
    __scatterload_rt2                        0x000000d5   Thumb Code    44  __scatter.o(!!!scatter)
    __scatterload_rt2_thumb_only             0x000000d5   Thumb Code     0  __scatter.o(!!!scatter)
    __scatterload_null                       0x000000e3   Thumb Code     0  __scatter.o(!!!scatter)
    __scatterload_copy                       0x00000109   Thumb Code    26  __scatter_copy.o(!!handler_copy)
    __scatterload_zeroinit                   0x00000125   Thumb Code    28  __scatter_zi.o(!!handler_zi)
    _printf_n                                0x00000141   Thumb Code     0  _printf_n.o(.ARM.Collect$$_printf_percent$$00000001)
    _printf_percent                          0x00000141   Thumb Code     0  _printf_percent.o(.ARM.Collect$$_printf_percent$$00000000)
    _printf_p                                0x00000147   Thumb Code     0  _printf_p.o(.ARM.Collect$$_printf_percent$$00000002)
    _printf_f                                0x0000014d   Thumb Code     0  _printf_f.o(.ARM.Collect$$_printf_percent$$00000003)
    _printf_e                                0x00000153   Thumb Code     0  _printf_e.o(.ARM.Collect$$_printf_percent$$00000004)
    _printf_g                                0x00000159   Thumb Code     0  _printf_g.o(.ARM.Collect$$_printf_percent$$00000005)
    _printf_a                                0x0000015f   Thumb Code     0  _printf_a.o(.ARM.Collect$$_printf_percent$$00000006)
    _printf_ll                               0x00000165   Thumb Code     0  _printf_ll.o(.ARM.Collect$$_printf_percent$$00000007)
    _printf_i                                0x0000016f   Thumb Code     0  _printf_i.o(.ARM.Collect$$_printf_percent$$00000008)
    _printf_d                                0x00000175   Thumb Code     0  _printf_d.o(.ARM.Collect$$_printf_percent$$00000009)
    _printf_u                                0x0000017b   Thumb Code     0  _printf_u.o(.ARM.Collect$$_printf_percent$$0000000A)
    _printf_o                                0x00000181   Thumb Code     0  _printf_o.o(.ARM.Collect$$_printf_percent$$0000000B)
    _printf_x                                0x00000187   Thumb Code     0  _printf_x.o(.ARM.Collect$$_printf_percent$$0000000C)
    _printf_lli                              0x0000018d   Thumb Code     0  _printf_lli.o(.ARM.Collect$$_printf_percent$$0000000D)
    _printf_lld                              0x00000193   Thumb Code     0  _printf_lld.o(.ARM.Collect$$_printf_percent$$0000000E)
    _printf_llu                              0x00000199   Thumb Code     0  _printf_llu.o(.ARM.Collect$$_printf_percent$$0000000F)
    _printf_llo                              0x0000019f   Thumb Code     0  _printf_llo.o(.ARM.Collect$$_printf_percent$$00000010)
    _printf_llx                              0x000001a5   Thumb Code     0  _printf_llx.o(.ARM.Collect$$_printf_percent$$00000011)
    _printf_l                                0x000001ab   Thumb Code     0  _printf_l.o(.ARM.Collect$$_printf_percent$$00000012)
    _printf_c                                0x000001b5   Thumb Code     0  _printf_c.o(.ARM.Collect$$_printf_percent$$00000013)
    _printf_s                                0x000001bb   Thumb Code     0  _printf_s.o(.ARM.Collect$$_printf_percent$$00000014)
    _printf_lc                               0x000001c1   Thumb Code     0  _printf_lc.o(.ARM.Collect$$_printf_percent$$00000015)
    _printf_ls                               0x000001c7   Thumb Code     0  _printf_ls.o(.ARM.Collect$$_printf_percent$$00000016)
    _printf_percent_end                      0x000001cd   Thumb Code     0  _printf_percent_end.o(.ARM.Collect$$_printf_percent$$00000017)
    __rt_lib_init                            0x000001d1   Thumb Code     0  libinit.o(.ARM.Collect$$libinit$$00000000)
    __rt_lib_init_heap_1                     0x000001d7   Thumb Code     0  libinit2.o(.ARM.Collect$$libinit$$00000006)
    __rt_lib_init_lc_common                  0x000001d7   Thumb Code     0  libinit2.o(.ARM.Collect$$libinit$$0000000B)
    __rt_lib_init_rand_1                     0x000001d7   Thumb Code     0  libinit2.o(.ARM.Collect$$libinit$$0000000A)
    __rt_lib_init_user_alloc_1               0x000001d7   Thumb Code     0  libinit2.o(.ARM.Collect$$libinit$$00000008)
    __rt_lib_init_lc_collate_1               0x000001dd   Thumb Code     0  libinit2.o(.ARM.Collect$$libinit$$0000000D)
    __rt_lib_init_lc_ctype_2                 0x000001dd   Thumb Code     0  libinit2.o(.ARM.Collect$$libinit$$0000000E)
    __rt_lib_init_lc_ctype_1                 0x000001e9   Thumb Code     0  libinit2.o(.ARM.Collect$$libinit$$0000000F)
    __rt_lib_init_lc_monetary_1              0x000001e9   Thumb Code     0  libinit2.o(.ARM.Collect$$libinit$$00000011)
    __rt_lib_init_lc_numeric_2               0x000001e9   Thumb Code     0  libinit2.o(.ARM.Collect$$libinit$$00000012)
    __rt_lib_init_alloca_1                   0x000001f3   Thumb Code     0  libinit2.o(.ARM.Collect$$libinit$$0000002A)
    __rt_lib_init_argv_1                     0x000001f3   Thumb Code     0  libinit2.o(.ARM.Collect$$libinit$$00000028)
    __rt_lib_init_atexit_1                   0x000001f3   Thumb Code     0  libinit2.o(.ARM.Collect$$libinit$$00000017)
    __rt_lib_init_clock_1                    0x000001f3   Thumb Code     0  libinit2.o(.ARM.Collect$$libinit$$0000001D)
    __rt_lib_init_cpp_1                      0x000001f3   Thumb Code     0  libinit2.o(.ARM.Collect$$libinit$$0000002E)
    __rt_lib_init_exceptions_1               0x000001f3   Thumb Code     0  libinit2.o(.ARM.Collect$$libinit$$0000002C)
    __rt_lib_init_fp_trap_1                  0x000001f3   Thumb Code     0  libinit2.o(.ARM.Collect$$libinit$$0000001B)
    __rt_lib_init_getenv_1                   0x000001f3   Thumb Code     0  libinit2.o(.ARM.Collect$$libinit$$0000001F)
    __rt_lib_init_lc_numeric_1               0x000001f3   Thumb Code     0  libinit2.o(.ARM.Collect$$libinit$$00000013)
    __rt_lib_init_lc_time_1                  0x000001f3   Thumb Code     0  libinit2.o(.ARM.Collect$$libinit$$00000015)
    __rt_lib_init_return                     0x000001f3   Thumb Code     0  libinit2.o(.ARM.Collect$$libinit$$0000002F)
    __rt_lib_init_signal_1                   0x000001f3   Thumb Code     0  libinit2.o(.ARM.Collect$$libinit$$00000019)
    __rt_lib_init_stdio_1                    0x000001f3   Thumb Code     0  libinit2.o(.ARM.Collect$$libinit$$00000021)
    __rt_lib_shutdown                        0x000001f5   Thumb Code     0  libshutdown.o(.ARM.Collect$$libshutdown$$00000000)
    __rt_lib_shutdown_fp_trap_1              0x000001f7   Thumb Code     0  libshutdown2.o(.ARM.Collect$$libshutdown$$00000006)
    __rt_lib_shutdown_heap_1                 0x000001f7   Thumb Code     0  libshutdown2.o(.ARM.Collect$$libshutdown$$0000000E)
    __rt_lib_shutdown_return                 0x000001f7   Thumb Code     0  libshutdown2.o(.ARM.Collect$$libshutdown$$0000000F)
    __rt_lib_shutdown_signal_1               0x000001f7   Thumb Code     0  libshutdown2.o(.ARM.Collect$$libshutdown$$00000009)
    __rt_lib_shutdown_stdio_1                0x000001f7   Thumb Code     0  libshutdown2.o(.ARM.Collect$$libshutdown$$00000003)
    __rt_lib_shutdown_user_alloc_1           0x000001f7   Thumb Code     0  libshutdown2.o(.ARM.Collect$$libshutdown$$0000000B)
    __rt_entry                               0x000001f9   Thumb Code     0  rtentry.o(.ARM.Collect$$rtentry$$00000000)
    __rt_entry_presh_1                       0x000001f9   Thumb Code     0  rtentry2.o(.ARM.Collect$$rtentry$$00000002)
    __rt_entry_sh                            0x000001f9   Thumb Code     0  rtentry4.o(.ARM.Collect$$rtentry$$00000004)
    __rt_entry_li                            0x000001ff   Thumb Code     0  rtentry2.o(.ARM.Collect$$rtentry$$0000000A)
    __rt_entry_postsh_1                      0x000001ff   Thumb Code     0  rtentry2.o(.ARM.Collect$$rtentry$$00000009)
    __rt_entry_main                          0x00000203   Thumb Code     0  rtentry2.o(.ARM.Collect$$rtentry$$0000000D)
    __rt_entry_postli_1                      0x00000203   Thumb Code     0  rtentry2.o(.ARM.Collect$$rtentry$$0000000C)
    __rt_exit                                0x0000020b   Thumb Code     0  rtexit.o(.ARM.Collect$$rtexit$$00000000)
    __rt_exit_ls                             0x0000020d   Thumb Code     0  rtexit2.o(.ARM.Collect$$rtexit$$00000003)
    __rt_exit_prels_1                        0x0000020d   Thumb Code     0  rtexit2.o(.ARM.Collect$$rtexit$$00000002)
    __rt_exit_exit                           0x00000211   Thumb Code     0  rtexit2.o(.ARM.Collect$$rtexit$$00000004)
    Reset_Handler                            0x00000219   Thumb Code     8  startup_lpc17xx.o(.text)
    NMI_Handler                              0x00000221   Thumb Code     2  startup_lpc17xx.o(.text)
    HardFault_Handler                        0x00000223   Thumb Code     2  startup_lpc17xx.o(.text)
    MemManage_Handler                        0x00000225   Thumb Code     2  startup_lpc17xx.o(.text)
    BusFault_Handler                         0x00000227   Thumb Code     2  startup_lpc17xx.o(.text)
    UsageFault_Handler                       0x00000229   Thumb Code     2  startup_lpc17xx.o(.text)
    SVC_Handler                              0x0000022b   Thumb Code     2  startup_lpc17xx.o(.text)
    DebugMon_Handler                         0x0000022d   Thumb Code     2  startup_lpc17xx.o(.text)
    PendSV_Handler                           0x0000022f   Thumb Code     2  startup_lpc17xx.o(.text)
    ADC_IRQHandler                           0x00000233   Thumb Code     0  startup_lpc17xx.o(.text)
    BOD_IRQHandler                           0x00000233   Thumb Code     0  startup_lpc17xx.o(.text)
    CANActivity_IRQHandler                   0x00000233   Thumb Code     0  startup_lpc17xx.o(.text)
    CAN_IRQHandler                           0x00000233   Thumb Code     0  startup_lpc17xx.o(.text)
    DMA_IRQHandler                           0x00000233   Thumb Code     0  startup_lpc17xx.o(.text)
    EINT0_IRQHandler                         0x00000233   Thumb Code     0  startup_lpc17xx.o(.text)
    EINT1_IRQHandler                         0x00000233   Thumb Code     0  startup_lpc17xx.o(.text)
    EINT2_IRQHandler                         0x00000233   Thumb Code     0  startup_lpc17xx.o(.text)
    EINT3_IRQHandler                         0x00000233   Thumb Code     0  startup_lpc17xx.o(.text)
    ENET_IRQHandler                          0x00000233   Thumb Code     0  startup_lpc17xx.o(.text)
    I2C0_IRQHandler                          0x00000233   Thumb Code     0  startup_lpc17xx.o(.text)
    I2C1_IRQHandler                          0x00000233   Thumb Code     0  startup_lpc17xx.o(.text)
    I2C2_IRQHandler                          0x00000233   Thumb Code     0  startup_lpc17xx.o(.text)
    I2S_IRQHandler                           0x00000233   Thumb Code     0  startup_lpc17xx.o(.text)
    MCPWM_IRQHandler                         0x00000233   Thumb Code     0  startup_lpc17xx.o(.text)
    PLL0_IRQHandler                          0x00000233   Thumb Code     0  startup_lpc17xx.o(.text)
    PLL1_IRQHandler                          0x00000233   Thumb Code     0  startup_lpc17xx.o(.text)
    PWM1_IRQHandler                          0x00000233   Thumb Code     0  startup_lpc17xx.o(.text)
    QEI_IRQHandler                           0x00000233   Thumb Code     0  startup_lpc17xx.o(.text)
    RIT_IRQHandler                           0x00000233   Thumb Code     0  startup_lpc17xx.o(.text)
    RTC_IRQHandler                           0x00000233   Thumb Code     0  startup_lpc17xx.o(.text)
    SPI_IRQHandler                           0x00000233   Thumb Code     0  startup_lpc17xx.o(.text)
    SSP0_IRQHandler                          0x00000233   Thumb Code     0  startup_lpc17xx.o(.text)
    SSP1_IRQHandler                          0x00000233   Thumb Code     0  startup_lpc17xx.o(.text)
    TIMER0_IRQHandler                        0x00000233   Thumb Code     0  startup_lpc17xx.o(.text)
    TIMER1_IRQHandler                        0x00000233   Thumb Code     0  startup_lpc17xx.o(.text)
    TIMER2_IRQHandler                        0x00000233   Thumb Code     0  startup_lpc17xx.o(.text)
    TIMER3_IRQHandler                        0x00000233   Thumb Code     0  startup_lpc17xx.o(.text)
    UART0_IRQHandler                         0x00000233   Thumb Code     0  startup_lpc17xx.o(.text)
    UART1_IRQHandler                         0x00000233   Thumb Code     0  startup_lpc17xx.o(.text)
    UART2_IRQHandler                         0x00000233   Thumb Code     0  startup_lpc17xx.o(.text)
    UART3_IRQHandler                         0x00000233   Thumb Code     0  startup_lpc17xx.o(.text)
    USBActivity_IRQHandler                   0x00000233   Thumb Code     0  startup_lpc17xx.o(.text)
    USB_IRQHandler                           0x00000233   Thumb Code     0  startup_lpc17xx.o(.text)
    WDT_IRQHandler                           0x00000233   Thumb Code     0  startup_lpc17xx.o(.text)
    __user_initial_stackheap                 0x00000235   Thumb Code     0  startup_lpc17xx.o(.text)
    puts__                                   0x00000255   Thumb Code    12  lcd_printf.o(.text)
    lcd_printf                               0x00000261   Thumb Code    34  lcd_printf.o(.text)
    SysTick_Handler                          0x00000289   Thumb Code    12  delay.o(.text)
    DelayUs2x                                0x00000295   Thumb Code    12  delay.o(.text)
    Delay1Ms                                 0x000002a1   Thumb Code    28  delay.o(.text)
    hello_blackbox                           0x000002c1   Thumb Code    14  main.o(.text)
    main                                     0x000002cf   Thumb Code    20  main.o(.text)
    SystemInit                               0x00000301   Thumb Code   174  system_lpc17xx.o(.text)
    SystemClockUpdate                        0x000003af   Thumb Code   320  system_lpc17xx.o(.text)
    Led_USB_UP_Init                          0x00000535   Thumb Code    42  led.o(.text)
    led_init                                 0x0000055f   Thumb Code     8  led.o(.text)
    Led_USB_UP_On                            0x00000567   Thumb Code    14  led.o(.text)
    led_on                                   0x00000575   Thumb Code     8  led.o(.text)
    Led_USB_UP_Off                           0x0000057d   Thumb Code    14  led.o(.text)
    Led_Off                                  0x0000058b   Thumb Code     8  led.o(.text)
    uart0_pconp_conf                         0x0000059d   Thumb Code    16  uart0.o(.text)
    uart0_pin_conf                           0x000005ad   Thumb Code    44  uart0.o(.text)
    uart0_enable                             0x000005d9   Thumb Code    64  uart0.o(.text)
    uart0_init                               0x00000619   Thumb Code   106  uart0.o(.text)
    uart0_disable                            0x00000683   Thumb Code    18  uart0.o(.text)
    uart0_sendbyte                           0x00000695   Thumb Code    44  uart0.o(.text)
    uart0_getbyte                            0x000006c1   Thumb Code    18  uart0.o(.text)
    uart0_getstring                          0x000006d3   Thumb Code    22  uart0.o(.text)
    uart0_sendstring                         0x000006e9   Thumb Code    22  uart0.o(.text)
    SPI_CS_HIGH                              0x00000725   Thumb Code    18  w25q256.o(.text)
    SPI0_init                                0x0000076f   Thumb Code   288  w25q256.o(.text)
    spi_flash_send_byte                      0x0000088f   Thumb Code    26  w25q256.o(.text)
    SPI_CS_LOW                               0x000008a9   Thumb Code    18  w25q256.o(.text)
    w25qxx_read_status_reg1                  0x000008bb   Thumb Code    28  w25q256.o(.text)
    w25qxx_read_status_reg2                  0x000008d7   Thumb Code    28  w25q256.o(.text)
    w25qxx_read_status_reg3                  0x000008f3   Thumb Code    28  w25q256.o(.text)
    w25qxx_read_id                           0x0000090f   Thumb Code    56  w25q256.o(.text)
    w25qxx_wait_busy                         0x00000947   Thumb Code    16  w25q256.o(.text)
    w25qxx_write_enable                      0x00000957   Thumb Code    18  w25q256.o(.text)
    w25qxx_write_disable                     0x00000969   Thumb Code    18  w25q256.o(.text)
    w25qxx_sector_write                      0x0000097b   Thumb Code   138  w25q256.o(.text)
    w25qxx_sector_read                       0x00000a05   Thumb Code   136  w25q256.o(.text)
    w25qxx_sector_erase                      0x00000a8d   Thumb Code    80  w25q256.o(.text)
    w25qxx_get_sector_num                    0x00000add   Thumb Code   234  w25q256.o(.text)
    wx_read_jedec                            0x00000bc7   Thumb Code    62  w25q256.o(.text)
    pin016_status                            0x00000c05   Thumb Code    22  w25q256.o(.text)
    EnterNoInt                               0x00000c1b   Thumb Code     2  w25q256.o(.text)
    ExitNoInt                                0x00000c1d   Thumb Code     2  w25q256.o(.text)
    SPI_Flash_Read_MANU_DEVICE_ID            0x00000c1f   Thumb Code    62  w25q256.o(.text)
    hardware_init                            0x00000ca5   Thumb Code    36  hardware_sets.o(.text)
    between_val                              0x00000cc9   Thumb Code    18  hardware_sets.o(.text)
    delay1ms                                 0x00000cdb   Thumb Code    28  hardware_sets.o(.text)
    led_shrinking                            0x00000cf7   Thumb Code    66  hardware_sets.o(.text)
    printbuf                                 0x00000d39   Thumb Code    32  hardware_sets.o(.text)
    flash_read_test                          0x00000d9b   Thumb Code    34  hardware_sets.o(.text)
    flash_write_test                         0x00000dbd   Thumb Code    46  hardware_sets.o(.text)
    flash_total_test                         0x00000deb   Thumb Code     8  hardware_sets.o(.text)
    __c89vsprintf                            0x00000ef1   Thumb Code    32  c89vsprintf.o(.text)
    __aeabi_memset                           0x00000f15   Thumb Code    16  aeabi_memset.o(.text)
    __use_two_region_memory                  0x00000f25   Thumb Code     2  heapauxi.o(.text)
    __rt_heap_escrow$2region                 0x00000f27   Thumb Code     2  heapauxi.o(.text)
    __rt_heap_expand$2region                 0x00000f29   Thumb Code     2  heapauxi.o(.text)
    _printf_pre_padding                      0x00000f2b   Thumb Code    46  _printf_pad.o(.text)
    _printf_post_padding                     0x00000f59   Thumb Code    36  _printf_pad.o(.text)
    _printf_truncate_signed                  0x00000f7d   Thumb Code    18  _printf_truncate.o(.text)
    _printf_truncate_unsigned                0x00000f8f   Thumb Code    18  _printf_truncate.o(.text)
    _printf_str                              0x00000fa1   Thumb Code    82  _printf_str.o(.text)
    _printf_int_dec                          0x00000ff5   Thumb Code   102  _printf_dec.o(.text)
    _printf_charcount                        0x0000106d   Thumb Code    42  _printf_charcount.o(.text)
    _printf_char_common                      0x000010a3   Thumb Code    32  _printf_char_common.o(.text)
    _sputc                                   0x000010c9   Thumb Code    10  _sputc.o(.text)
    _printf_wctomb                           0x000010d5   Thumb Code   182  _printf_wctomb.o(.text)
    _printf_longlong_dec                     0x00001191   Thumb Code   104  _printf_longlong_dec.o(.text)
    _printf_longlong_oct                     0x00001209   Thumb Code    76  _printf_oct_int_ll.o(.text)
    _printf_int_oct                          0x00001255   Thumb Code    24  _printf_oct_int_ll.o(.text)
    _printf_ll_oct                           0x0000126d   Thumb Code    12  _printf_oct_int_ll.o(.text)
    _printf_longlong_hex                     0x00001281   Thumb Code    92  _printf_hex_int_ll_ptr.o(.text)
    _printf_int_hex                          0x000012dd   Thumb Code    28  _printf_hex_int_ll_ptr.o(.text)
    _printf_ll_hex                           0x000012f9   Thumb Code    12  _printf_hex_int_ll_ptr.o(.text)
    _printf_hex_ptr                          0x00001305   Thumb Code    18  _printf_hex_int_ll_ptr.o(.text)
    __printf                                 0x0000131d   Thumb Code   390  __printf_flags_ss_wp.o(.text)
    __aeabi_memclr                           0x000014a9   Thumb Code     0  rt_memclr.o(.text)
    __rt_memclr                              0x000014a9   Thumb Code    68  rt_memclr.o(.text)
    _memset                                  0x000014ad   Thumb Code     0  rt_memclr.o(.text)
    _ll_udiv10                               0x000014ed   Thumb Code   138  lludiv10.o(.text)
    _printf_int_common                       0x00001577   Thumb Code   184  _printf_intcommon.o(.text)
    __lib_sel_fp_printf                      0x0000162f   Thumb Code     2  _printf_fp_dec.o(.text)
    _printf_fp_dec_real                      0x000017dd   Thumb Code   626  _printf_fp_dec.o(.text)
    _printf_cs_common                        0x00001a4f   Thumb Code    20  _printf_char.o(.text)
    _printf_char                             0x00001a63   Thumb Code    16  _printf_char.o(.text)
    _printf_string                           0x00001a73   Thumb Code     8  _printf_char.o(.text)
    _printf_lcs_common                       0x00001a7b   Thumb Code    20  _printf_wchar.o(.text)
    _printf_wchar                            0x00001a8f   Thumb Code    16  _printf_wchar.o(.text)
    _printf_wstring                          0x00001a9f   Thumb Code     8  _printf_wchar.o(.text)
    _wcrtomb                                 0x00001aa7   Thumb Code    64  _wcrtomb.o(.text)
    __aeabi_memclr4                          0x00001ae7   Thumb Code     0  rt_memclr_w.o(.text)
    __aeabi_memclr8                          0x00001ae7   Thumb Code     0  rt_memclr_w.o(.text)
    __rt_memclr_w                            0x00001ae7   Thumb Code    78  rt_memclr_w.o(.text)
    _memset_w                                0x00001aeb   Thumb Code     0  rt_memclr_w.o(.text)
    __user_setup_stackheap                   0x00001b35   Thumb Code    74  sys_stackheap_outer.o(.text)
    __rt_ctype_table                         0x00001b81   Thumb Code    16  rt_ctype_table.o(.text)
    __rt_locale                              0x00001b91   Thumb Code     8  rt_locale_intlibspace.o(.text)
    _printf_fp_infnan                        0x00001b99   Thumb Code   112  _printf_fp_infnan.o(.text)
    _btod_etento                             0x00001c19   Thumb Code   222  bigflt0.o(.text)
    exit                                     0x00001cfd   Thumb Code    12  exit.o(.text)
    __user_libspace                          0x00001d09   Thumb Code     8  libspace.o(.text)
    __user_perproc_libspace                  0x00001d09   Thumb Code     0  libspace.o(.text)
    __user_perthread_libspace                0x00001d09   Thumb Code     0  libspace.o(.text)
    strcmp                                   0x00001d11   Thumb Code   128  strcmpv7m.o(.text)
    __rt_fp_status_addr                      0x00001d91   Thumb Code     8  rt_fp_status_addr_intlibspace.o(.text)
    _sys_exit                                0x00001d99   Thumb Code     8  sys_exit.o(.text)
    __I$use$semihosting                      0x00001da5   Thumb Code     0  use_no_semi.o(.text)
    __use_no_semihosting_swi                 0x00001da5   Thumb Code     2  use_no_semi.o(.text)
    __semihosting_library_function           0x00001da7   Thumb Code     0  indicate_semi.o(.text)
    _btod_d2e                                0x00001da7   Thumb Code    62  btod.o(CL$$btod_d2e)
    _d2e_denorm_low                          0x00001de5   Thumb Code    70  btod.o(CL$$btod_d2e_denorm_low)
    _d2e_norm_op1                            0x00001e2b   Thumb Code    96  btod.o(CL$$btod_d2e_norm_op1)
    __btod_div_common                        0x00001e8b   Thumb Code   696  btod.o(CL$$btod_div_common)
    _e2e                                     0x000021c3   Thumb Code   198  btod.o(CL$$btod_e2e)
    _btod_ediv                               0x00002289   Thumb Code    40  btod.o(CL$$btod_ediv)
    _btod_emul                               0x000022b1   Thumb Code    40  btod.o(CL$$btod_emul)
    __btod_mult_common                       0x000022d9   Thumb Code   580  btod.o(CL$$btod_mult_common)
    __ARM_fpclassify                         0x0000251d   Thumb Code    40  fpclassify.o(i.__ARM_fpclassify)
    _is_digit                                0x00002545   Thumb Code    14  __printf_wp.o(i._is_digit)
    _get_lc_numeric                          0x00002555   Thumb Code    44  lc_numeric_c.o(locale$$code)
    _get_lc_ctype                            0x00002581   Thumb Code    44  lc_ctype_c.o(locale$$code)
    _fp_init                                 0x000025ad   Thumb Code    14  fpinit.o(x$fpl$fpinit)
    __fplib_config_pureend_doubles           0x000025b9   Thumb Code     0  fpinit.o(x$fpl$fpinit)
    _printf_fp_dec                           0x000025bb   Thumb Code     4  printf1.o(x$fpl$printf1)
    __I$use$fp                               0x000025bf   Thumb Code     0  usenofp.o(x$fpl$usenofp)
    Region$$Table$$Base                      0x00002698   Number         0  anon$$obj.o(Region$$Table)
    Region$$Table$$Limit                     0x000026b8   Number         0  anon$$obj.o(Region$$Table)
    __ctype                                  0x000026e1   Data           0  lc_ctype_c.o(locale$$data)
    SystemFrequency                          0x10000000   Data           4  system_lpc17xx.o(.data)
    msTicks                                  0x10000004   Data           4  delay.o(.data)
    buf                                      0x1000000c   Data         256  lcd_printf.o(.bss)
    __libspace_start                         0x1000010c   Data          96  libspace.o(.bss)
    __temporary_stack_top$libspace           0x1000016c   Data           0  libspace.o(.bss)



==============================================================================

Memory Map of the image

  Image Entry point : 0x00000219

  Load Region LR_1 (Base: 0x00000000, Size: 0x000027f0, Max: 0xffffffff, ABSOLUTE)

    Execution Region ER_RO (Base: 0x00000000, Size: 0x000027e4, Max: 0xffffffff, ABSOLUTE)

    Base Addr    Size         Type   Attr      Idx    E Section Name        Object

    0x00000000   0x000000cc   Data   RO            3    RESET               startup_lpc17xx.o
    0x000000cc   0x00000008   Code   RO          344  * !!!main             c_w.l(__main.o)
    0x000000d4   0x00000034   Code   RO          660    !!!scatter          c_w.l(__scatter.o)
    0x00000108   0x0000001a   Code   RO          662    !!handler_copy      c_w.l(__scatter_copy.o)
    0x00000122   0x00000002   PAD
    0x00000124   0x0000001c   Code   RO          664    !!handler_zi        c_w.l(__scatter_zi.o)
    0x00000140   0x00000000   Code   RO          428    .ARM.Collect$$_printf_percent$$00000000  c_w.l(_printf_percent.o)
    0x00000140   0x00000006   Code   RO          417    .ARM.Collect$$_printf_percent$$00000001  c_w.l(_printf_n.o)
    0x00000146   0x00000006   Code   RO          419    .ARM.Collect$$_printf_percent$$00000002  c_w.l(_printf_p.o)
    0x0000014c   0x00000006   Code   RO          424    .ARM.Collect$$_printf_percent$$00000003  c_w.l(_printf_f.o)
    0x00000152   0x00000006   Code   RO          425    .ARM.Collect$$_printf_percent$$00000004  c_w.l(_printf_e.o)
    0x00000158   0x00000006   Code   RO          426    .ARM.Collect$$_printf_percent$$00000005  c_w.l(_printf_g.o)
    0x0000015e   0x00000006   Code   RO          427    .ARM.Collect$$_printf_percent$$00000006  c_w.l(_printf_a.o)
    0x00000164   0x0000000a   Code   RO          432    .ARM.Collect$$_printf_percent$$00000007  c_w.l(_printf_ll.o)
    0x0000016e   0x00000006   Code   RO          421    .ARM.Collect$$_printf_percent$$00000008  c_w.l(_printf_i.o)
    0x00000174   0x00000006   Code   RO          422    .ARM.Collect$$_printf_percent$$00000009  c_w.l(_printf_d.o)
    0x0000017a   0x00000006   Code   RO          423    .ARM.Collect$$_printf_percent$$0000000A  c_w.l(_printf_u.o)
    0x00000180   0x00000006   Code   RO          420    .ARM.Collect$$_printf_percent$$0000000B  c_w.l(_printf_o.o)
    0x00000186   0x00000006   Code   RO          418    .ARM.Collect$$_printf_percent$$0000000C  c_w.l(_printf_x.o)
    0x0000018c   0x00000006   Code   RO          429    .ARM.Collect$$_printf_percent$$0000000D  c_w.l(_printf_lli.o)
    0x00000192   0x00000006   Code   RO          430    .ARM.Collect$$_printf_percent$$0000000E  c_w.l(_printf_lld.o)
    0x00000198   0x00000006   Code   RO          431    .ARM.Collect$$_printf_percent$$0000000F  c_w.l(_printf_llu.o)
    0x0000019e   0x00000006   Code   RO          436    .ARM.Collect$$_printf_percent$$00000010  c_w.l(_printf_llo.o)
    0x000001a4   0x00000006   Code   RO          437    .ARM.Collect$$_printf_percent$$00000011  c_w.l(_printf_llx.o)
    0x000001aa   0x0000000a   Code   RO          433    .ARM.Collect$$_printf_percent$$00000012  c_w.l(_printf_l.o)
    0x000001b4   0x00000006   Code   RO          415    .ARM.Collect$$_printf_percent$$00000013  c_w.l(_printf_c.o)
    0x000001ba   0x00000006   Code   RO          416    .ARM.Collect$$_printf_percent$$00000014  c_w.l(_printf_s.o)
    0x000001c0   0x00000006   Code   RO          434    .ARM.Collect$$_printf_percent$$00000015  c_w.l(_printf_lc.o)
    0x000001c6   0x00000006   Code   RO          435    .ARM.Collect$$_printf_percent$$00000016  c_w.l(_printf_ls.o)
    0x000001cc   0x00000004   Code   RO          469    .ARM.Collect$$_printf_percent$$00000017  c_w.l(_printf_percent_end.o)
    0x000001d0   0x00000006   Code   RO          520    .ARM.Collect$$libinit$$00000000  c_w.l(libinit.o)
    0x000001d6   0x00000000   Code   RO          538    .ARM.Collect$$libinit$$00000006  c_w.l(libinit2.o)
    0x000001d6   0x00000000   Code   RO          540    .ARM.Collect$$libinit$$00000008  c_w.l(libinit2.o)
    0x000001d6   0x00000000   Code   RO          542    .ARM.Collect$$libinit$$0000000A  c_w.l(libinit2.o)
    0x000001d6   0x00000006   Code   RO          543    .ARM.Collect$$libinit$$0000000B  c_w.l(libinit2.o)
    0x000001dc   0x00000000   Code   RO          545    .ARM.Collect$$libinit$$0000000D  c_w.l(libinit2.o)
    0x000001dc   0x0000000c   Code   RO          546    .ARM.Collect$$libinit$$0000000E  c_w.l(libinit2.o)
    0x000001e8   0x00000000   Code   RO          547    .ARM.Collect$$libinit$$0000000F  c_w.l(libinit2.o)
    0x000001e8   0x00000000   Code   RO          549    .ARM.Collect$$libinit$$00000011  c_w.l(libinit2.o)
    0x000001e8   0x0000000a   Code   RO          550    .ARM.Collect$$libinit$$00000012  c_w.l(libinit2.o)
    0x000001f2   0x00000000   Code   RO          551    .ARM.Collect$$libinit$$00000013  c_w.l(libinit2.o)
    0x000001f2   0x00000000   Code   RO          553    .ARM.Collect$$libinit$$00000015  c_w.l(libinit2.o)
    0x000001f2   0x00000000   Code   RO          555    .ARM.Collect$$libinit$$00000017  c_w.l(libinit2.o)
    0x000001f2   0x00000000   Code   RO          557    .ARM.Collect$$libinit$$00000019  c_w.l(libinit2.o)
    0x000001f2   0x00000000   Code   RO          559    .ARM.Collect$$libinit$$0000001B  c_w.l(libinit2.o)
    0x000001f2   0x00000000   Code   RO          561    .ARM.Collect$$libinit$$0000001D  c_w.l(libinit2.o)
    0x000001f2   0x00000000   Code   RO          563    .ARM.Collect$$libinit$$0000001F  c_w.l(libinit2.o)
    0x000001f2   0x00000000   Code   RO          565    .ARM.Collect$$libinit$$00000021  c_w.l(libinit2.o)
    0x000001f2   0x00000000   Code   RO          569    .ARM.Collect$$libinit$$00000028  c_w.l(libinit2.o)
    0x000001f2   0x00000000   Code   RO          571    .ARM.Collect$$libinit$$0000002A  c_w.l(libinit2.o)
    0x000001f2   0x00000000   Code   RO          573    .ARM.Collect$$libinit$$0000002C  c_w.l(libinit2.o)
    0x000001f2   0x00000000   Code   RO          575    .ARM.Collect$$libinit$$0000002E  c_w.l(libinit2.o)
    0x000001f2   0x00000002   Code   RO          576    .ARM.Collect$$libinit$$0000002F  c_w.l(libinit2.o)
    0x000001f4   0x00000002   Code   RO          601    .ARM.Collect$$libshutdown$$00000000  c_w.l(libshutdown.o)
    0x000001f6   0x00000000   Code   RO          615    .ARM.Collect$$libshutdown$$00000003  c_w.l(libshutdown2.o)
    0x000001f6   0x00000000   Code   RO          618    .ARM.Collect$$libshutdown$$00000006  c_w.l(libshutdown2.o)
    0x000001f6   0x00000000   Code   RO          621    .ARM.Collect$$libshutdown$$00000009  c_w.l(libshutdown2.o)
    0x000001f6   0x00000000   Code   RO          623    .ARM.Collect$$libshutdown$$0000000B  c_w.l(libshutdown2.o)
    0x000001f6   0x00000000   Code   RO          626    .ARM.Collect$$libshutdown$$0000000E  c_w.l(libshutdown2.o)
    0x000001f6   0x00000002   Code   RO          627    .ARM.Collect$$libshutdown$$0000000F  c_w.l(libshutdown2.o)
    0x000001f8   0x00000000   Code   RO          346    .ARM.Collect$$rtentry$$00000000  c_w.l(rtentry.o)
    0x000001f8   0x00000000   Code   RO          443    .ARM.Collect$$rtentry$$00000002  c_w.l(rtentry2.o)
    0x000001f8   0x00000006   Code   RO          455    .ARM.Collect$$rtentry$$00000004  c_w.l(rtentry4.o)
    0x000001fe   0x00000000   Code   RO          445    .ARM.Collect$$rtentry$$00000009  c_w.l(rtentry2.o)
    0x000001fe   0x00000004   Code   RO          446    .ARM.Collect$$rtentry$$0000000A  c_w.l(rtentry2.o)
    0x00000202   0x00000000   Code   RO          448    .ARM.Collect$$rtentry$$0000000C  c_w.l(rtentry2.o)
    0x00000202   0x00000008   Code   RO          449    .ARM.Collect$$rtentry$$0000000D  c_w.l(rtentry2.o)
    0x0000020a   0x00000002   Code   RO          529    .ARM.Collect$$rtexit$$00000000  c_w.l(rtexit.o)
    0x0000020c   0x00000000   Code   RO          580    .ARM.Collect$$rtexit$$00000002  c_w.l(rtexit2.o)
    0x0000020c   0x00000004   Code   RO          581    .ARM.Collect$$rtexit$$00000003  c_w.l(rtexit2.o)
    0x00000210   0x00000006   Code   RO          582    .ARM.Collect$$rtexit$$00000004  c_w.l(rtexit2.o)
    0x00000216   0x00000002   PAD
    0x00000218   0x0000003c   Code   RO            5  * .text               startup_lpc17xx.o
    0x00000254   0x00000034   Code   RO           15    .text               lcd_printf.o
    0x00000288   0x00000038   Code   RO          116    .text               delay.o
    0x000002c0   0x0000003c   Code   RO          281    .text               main.o
    0x000002fc   0x00000004   Code   RO            4    .ARM.__at_0x02FC    startup_lpc17xx.o
    0x00000300   0x00000234   Code   RO           90    .text               system_lpc17xx.o
    0x00000534   0x00000068   Code   RO          152    .text               led.o
    0x0000059c   0x00000188   Code   RO          198    .text               uart0.o
    0x00000724   0x00000580   Code   RO          258    .text               w25q256.o
    0x00000ca4   0x0000024c   Code   RO          304    .text               hardware_sets.o
    0x00000ef0   0x00000024   Code   RO          338    .text               c_w.l(c89vsprintf.o)
    0x00000f14   0x00000010   Code   RO          340    .text               c_w.l(aeabi_memset.o)
    0x00000f24   0x00000006   Code   RO          342    .text               c_w.l(heapauxi.o)
    0x00000f2a   0x00000052   Code   RO          349    .text               c_w.l(_printf_pad.o)
    0x00000f7c   0x00000024   Code   RO          351    .text               c_w.l(_printf_truncate.o)
    0x00000fa0   0x00000052   Code   RO          353    .text               c_w.l(_printf_str.o)
    0x00000ff2   0x00000002   PAD
    0x00000ff4   0x00000078   Code   RO          355    .text               c_w.l(_printf_dec.o)
    0x0000106c   0x0000002a   Code   RO          357    .text               c_w.l(_printf_charcount.o)
    0x00001096   0x00000002   PAD
    0x00001098   0x00000030   Code   RO          359    .text               c_w.l(_printf_char_common.o)
    0x000010c8   0x0000000a   Code   RO          361    .text               c_w.l(_sputc.o)
    0x000010d2   0x00000002   PAD
    0x000010d4   0x000000bc   Code   RO          363    .text               c_w.l(_printf_wctomb.o)
    0x00001190   0x00000078   Code   RO          366    .text               c_w.l(_printf_longlong_dec.o)
    0x00001208   0x00000078   Code   RO          372    .text               c_w.l(_printf_oct_int_ll.o)
    0x00001280   0x0000009c   Code   RO          392    .text               c_w.l(_printf_hex_int_ll_ptr.o)
    0x0000131c   0x0000018c   Code   RO          412    .text               c_w.l(__printf_flags_ss_wp.o)
    0x000014a8   0x00000044   Code   RO          438    .text               c_w.l(rt_memclr.o)
    0x000014ec   0x0000008a   Code   RO          457    .text               c_w.l(lludiv10.o)
    0x00001576   0x000000b8   Code   RO          459    .text               c_w.l(_printf_intcommon.o)
    0x0000162e   0x00000420   Code   RO          461    .text               c_w.l(_printf_fp_dec.o)
    0x00001a4e   0x0000002c   Code   RO          465    .text               c_w.l(_printf_char.o)
    0x00001a7a   0x0000002c   Code   RO          467    .text               c_w.l(_printf_wchar.o)
    0x00001aa6   0x00000040   Code   RO          470    .text               c_w.l(_wcrtomb.o)
    0x00001ae6   0x0000004e   Code   RO          472    .text               c_w.l(rt_memclr_w.o)
    0x00001b34   0x0000004a   Code   RO          474    .text               c_w.l(sys_stackheap_outer.o)
    0x00001b7e   0x00000002   PAD
    0x00001b80   0x00000010   Code   RO          476    .text               c_w.l(rt_ctype_table.o)
    0x00001b90   0x00000008   Code   RO          481    .text               c_w.l(rt_locale_intlibspace.o)
    0x00001b98   0x00000080   Code   RO          483    .text               c_w.l(_printf_fp_infnan.o)
    0x00001c18   0x000000e4   Code   RO          485    .text               c_w.l(bigflt0.o)
    0x00001cfc   0x0000000c   Code   RO          513    .text               c_w.l(exit.o)
    0x00001d08   0x00000008   Code   RO          526    .text               c_w.l(libspace.o)
    0x00001d10   0x00000080   Code   RO          534    .text               c_w.l(strcmpv7m.o)
    0x00001d90   0x00000008   Code   RO          589    .text               c_w.l(rt_fp_status_addr_intlibspace.o)
    0x00001d98   0x0000000c   Code   RO          593    .text               c_w.l(sys_exit.o)
    0x00001da4   0x00000002   Code   RO          604    .text               c_w.l(use_no_semi.o)
    0x00001da6   0x00000000   Code   RO          606    .text               c_w.l(indicate_semi.o)
    0x00001da6   0x0000003e   Code   RO          488    CL$$btod_d2e        c_w.l(btod.o)
    0x00001de4   0x00000046   Code   RO          490    CL$$btod_d2e_denorm_low  c_w.l(btod.o)
    0x00001e2a   0x00000060   Code   RO          489    CL$$btod_d2e_norm_op1  c_w.l(btod.o)
    0x00001e8a   0x00000338   Code   RO          498    CL$$btod_div_common  c_w.l(btod.o)
    0x000021c2   0x000000c6   Code   RO          495    CL$$btod_e2e        c_w.l(btod.o)
    0x00002288   0x00000028   Code   RO          492    CL$$btod_ediv       c_w.l(btod.o)
    0x000022b0   0x00000028   Code   RO          491    CL$$btod_emul       c_w.l(btod.o)
    0x000022d8   0x00000244   Code   RO          497    CL$$btod_mult_common  c_w.l(btod.o)
    0x0000251c   0x00000028   Code   RO          524    i.__ARM_fpclassify  m_ws.l(fpclassify.o)
    0x00002544   0x0000000e   Code   RO          405    i._is_digit         c_w.l(__printf_wp.o)
    0x00002552   0x00000002   PAD
    0x00002554   0x0000002c   Code   RO          511    locale$$code        c_w.l(lc_numeric_c.o)
    0x00002580   0x0000002c   Code   RO          532    locale$$code        c_w.l(lc_ctype_c.o)
    0x000025ac   0x0000000e   Code   RO          577    x$fpl$fpinit        fz_ws.l(fpinit.o)
    0x000025ba   0x00000004   Code   RO          440    x$fpl$printf1       fz_ws.l(printf1.o)
    0x000025be   0x00000000   Code   RO          523    x$fpl$usenofp       fz_ws.l(usenofp.o)
    0x000025be   0x00000002   PAD
    0x000025c0   0x00000008   Data   RO          364    .constdata          c_w.l(_printf_wctomb.o)
    0x000025c8   0x00000028   Data   RO          393    .constdata          c_w.l(_printf_hex_int_ll_ptr.o)
    0x000025f0   0x00000011   Data   RO          413    .constdata          c_w.l(__printf_flags_ss_wp.o)
    0x00002601   0x00000003   PAD
    0x00002604   0x00000094   Data   RO          486    .constdata          c_w.l(bigflt0.o)
    0x00002698   0x00000020   Data   RO          658    Region$$Table       anon$$obj.o
    0x000026b8   0x0000001c   Data   RO          510    locale$$data        c_w.l(lc_numeric_c.o)
    0x000026d4   0x00000110   Data   RO          531    locale$$data        c_w.l(lc_ctype_c.o)


    Execution Region ER_RW (Base: 0x10000000, Size: 0x0000000c, Max: 0xffffffff, ABSOLUTE)

    Base Addr    Size         Type   Attr      Idx    E Section Name        Object

    0x10000000   0x00000004   Data   RW           91    .data               system_lpc17xx.o
    0x10000004   0x00000004   Data   RW          117    .data               delay.o
    0x10000008   0x00000002   Data   RW          305    .data               hardware_sets.o


    Execution Region ER_ZI (Base: 0x1000000c, Size: 0x00000364, Max: 0xffffffff, ABSOLUTE)

    Base Addr    Size         Type   Attr      Idx    E Section Name        Object

    0x1000000c   0x00000100   Zero   RW           16    .bss                lcd_printf.o
    0x1000010c   0x00000060   Zero   RW          527    .bss                c_w.l(libspace.o)
    0x1000016c   0x00000004   PAD
    0x10000170   0x00000000   Zero   RW            2    HEAP                startup_lpc17xx.o
    0x10000170   0x00000200   Zero   RW            1    STACK               startup_lpc17xx.o


==============================================================================

Image component sizes


      Code (inc. data)   RO Data    RW Data    ZI Data      Debug   Object Name

        56          4          0          4          0       1139   delay.o
       588        254          0          2          0       2422   hardware_sets.o
        52          6          0          0        256      63342   lcd_printf.o
       104         10          0          0          0        891   led.o
        60         26          0          0          0        490   main.o
        64         26        204          0        512        872   startup_lpc17xx.o
       564         70          0          4          0        901   system_lpc17xx.o
       392         38          0          0          0      26053   uart0.o
      1408        124          0          0          0       5568   w25q256.o

    ----------------------------------------------------------------------
      3288        558        236         12        768     101678   Object Totals
         0          0         32          0          0          0   (incl. Generated)
         0          0          0          2          0          0   (incl. Padding)

    ----------------------------------------------------------------------

      Code (inc. data)   RO Data    RW Data    ZI Data      Debug   Library Member Name

         8          0          0          0          0         68   __main.o
       396          6         17          0          0         92   __printf_flags_ss_wp.o
        14          0          0          0          0         68   __printf_wp.o
        52          8          0          0          0          0   __scatter.o
        26          0          0          0          0          0   __scatter_copy.o
        28          0          0          0          0          0   __scatter_zi.o
         6          0          0          0          0          0   _printf_a.o
         6          0          0          0          0          0   _printf_c.o
        44          0          0          0          0        108   _printf_char.o
        48          6          0          0          0         96   _printf_char_common.o
        42          0          0          0          0         68   _printf_charcount.o
         6          0          0          0          0          0   _printf_d.o
       120         18          0          0          0         92   _printf_dec.o
         6          0          0          0          0          0   _printf_e.o
         6          0          0          0          0          0   _printf_f.o
      1056          0          0          0          0        216   _printf_fp_dec.o
       128         16          0          0          0         84   _printf_fp_infnan.o
         6          0          0          0          0          0   _printf_g.o
       156          6         40          0          0        160   _printf_hex_int_ll_ptr.o
         6          0          0          0          0          0   _printf_i.o
       184          0          0          0          0         88   _printf_intcommon.o
        10          0          0          0          0          0   _printf_l.o
         6          0          0          0          0          0   _printf_lc.o
        10          0          0          0          0          0   _printf_ll.o
         6          0          0          0          0          0   _printf_lld.o
         6          0          0          0          0          0   _printf_lli.o
         6          0          0          0          0          0   _printf_llo.o
         6          0          0          0          0          0   _printf_llu.o
         6          0          0          0          0          0   _printf_llx.o
       120         16          0          0          0         92   _printf_longlong_dec.o
         6          0          0          0          0          0   _printf_ls.o
         6          0          0          0          0          0   _printf_n.o
         6          0          0          0          0          0   _printf_o.o
       120          8          0          0          0        124   _printf_oct_int_ll.o
         6          0          0          0          0          0   _printf_p.o
        82          0          0          0          0        108   _printf_pad.o
         0          0          0          0          0          0   _printf_percent.o
         4          0          0          0          0          0   _printf_percent_end.o
         6          0          0          0          0          0   _printf_s.o
        82          0          0          0          0         80   _printf_str.o
        36          0          0          0          0         84   _printf_truncate.o
         6          0          0          0          0          0   _printf_u.o
        44          0          0          0          0        108   _printf_wchar.o
       188          6          8          0          0         92   _printf_wctomb.o
         6          0          0          0          0          0   _printf_x.o
        10          0          0          0          0         68   _sputc.o
        64          0          0          0          0         92   _wcrtomb.o
        16          0          0          0          0         68   aeabi_memset.o
       228          6        148          0          0         96   bigflt0.o
      1910        128          0          0          0        672   btod.o
        36          4          0          0          0         76   c89vsprintf.o
        12          0          0          0          0         72   exit.o
         6          0          0          0          0        152   heapauxi.o
         0          0          0          0          0          0   indicate_semi.o
        44         10        272          0          0         76   lc_ctype_c.o
        44         10         28          0          0         76   lc_numeric_c.o
         6          0          0          0          0          0   libinit.o
        30          0          0          0          0          0   libinit2.o
         2          0          0          0          0          0   libshutdown.o
         2          0          0          0          0          0   libshutdown2.o
         8          4          0          0         96         68   libspace.o
       138          0          0          0          0         80   lludiv10.o
        16          4          0          0          0         76   rt_ctype_table.o
         8          4          0          0          0         68   rt_fp_status_addr_intlibspace.o
         8          4          0          0          0         68   rt_locale_intlibspace.o
        68          0          0          0          0         68   rt_memclr.o
        78          0          0          0          0         80   rt_memclr_w.o
         0          0          0          0          0          0   rtentry.o
        12          0          0          0          0          0   rtentry2.o
         6          0          0          0          0          0   rtentry4.o
         2          0          0          0          0          0   rtexit.o
        10          0          0          0          0          0   rtexit2.o
       128          0          0          0          0         68   strcmpv7m.o
        12          4          0          0          0         68   sys_exit.o
        74          0          0          0          0         80   sys_stackheap_outer.o
         2          0          0          0          0         68   use_no_semi.o
        14          0          0          0          0         76   fpinit.o
         4          0          0          0          0         68   printf1.o
         0          0          0          0          0          0   usenofp.o
        40          0          0          0          0         68   fpclassify.o

    ----------------------------------------------------------------------
      6172        268        516          0        100       4280   Library Totals
        16          0          3          0          4          0   (incl. Padding)

    ----------------------------------------------------------------------

      Code (inc. data)   RO Data    RW Data    ZI Data      Debug   Library Name

      6098        268        513          0         96       4068   c_w.l
        18          0          0          0          0        144   fz_ws.l
        40          0          0          0          0         68   m_ws.l

    ----------------------------------------------------------------------
      6172        268        516          0        100       4280   Library Totals

    ----------------------------------------------------------------------

==============================================================================


      Code (inc. data)   RO Data    RW Data    ZI Data      Debug   

      9460        826        752         12        868     102734   Grand Totals
      9460        826        752         12        868     102734   ELF Image Totals
      9460        826        752         12          0          0   ROM Totals

==============================================================================

    Total RO  Size (Code + RO Data)                10212 (   9.97kB)
    Total RW  Size (RW Data + ZI Data)               880 (   0.86kB)
    Total ROM Size (Code + RO Data + RW Data)      10224 (   9.98kB)

==============================================================================

