<html>
<body>
<pre>
<h1>µVision Build Log</h1>
<h2>Project:</h2>
E:\1ºÚÏ»×Ó\LPC1752_V1.0\Project\BlackBox.uvproj
Project File Date:  03/13/2014

<h2>Output:</h2>
Build target 'Target 1'
assembling startup_LPC17xx.s...
compiling system_LPC17xx.c...
..\common\system\system_LPC17xx.c(437): error:  #20: identifier "SCS" is undefined
..\common\system\system_LPC17xx.c(442): error:  #20: identifier "CCLKCFG" is undefined
..\common\system\system_LPC17xx.c(444): error:  #20: identifier "PCLKSEL0" is undefined
..\common\system\system_LPC17xx.c(445): error:  #20: identifier "PCLKSEL1" is undefined
..\common\system\system_LPC17xx.c(446): error:  #20: identifier "CLKSRCSEL" is undefined
..\common\system\system_LPC17xx.c(448): error:  #20: identifier "PLL0CFG" is undefined
..\common\system\system_LPC17xx.c(449): error:  #20: identifier "PLL0CON" is undefined
..\common\system\system_LPC17xx.c(450): error:  #20: identifier "PLL0FEED" is undefined
..\common\system\system_LPC17xx.c(454): error:  #20: identifier "PLL0STAT" is undefined
..\common\system\system_LPC17xx.c(472): error:  #20: identifier "USBCLKCFG" is undefined
..\common\system\system_LPC17xx.c(474): error:  #20: identifier "PCONP" is undefined
..\common\system\system_LPC17xx.c(475): error:  #20: identifier "CLKOUTCFG" is undefined
..\common\system\system_LPC17xx.c(480): error:  #20: identifier "FLASHCFG" is undefined
..\common\system\system_LPC17xx.c(497): error:  #20: identifier "PLL0STAT" is undefined
..\common\system\system_LPC17xx.c(498): error:  #20: identifier "CLKSRCSEL" is undefined
..\common\system\system_LPC17xx.c(504): error:  #20: identifier "CCLKCFG" is undefined
..\common\system\system_LPC17xx.c(522): error:  #20: identifier "CLKSRCSEL" is undefined
..\common\system\system_LPC17xx.c(525): error:  #20: identifier "CCLKCFG" is undefined
compiling main.c...
..\src\main.c(1): error:  #5: cannot open source input file "includeall.h": No such file or directory
Target not created
Build target 'Target 1'
compiling system_LPC17xx.c...
..\common\system\system_LPC17xx.c(437): error:  #20: identifier "SCS" is undefined
..\common\system\system_LPC17xx.c(442): error:  #20: identifier "CCLKCFG" is undefined
..\common\system\system_LPC17xx.c(444): error:  #20: identifier "PCLKSEL0" is undefined
..\common\system\system_LPC17xx.c(445): error:  #20: identifier "PCLKSEL1" is undefined
..\common\system\system_LPC17xx.c(446): error:  #20: identifier "CLKSRCSEL" is undefined
..\common\system\system_LPC17xx.c(448): error:  #20: identifier "PLL0CFG" is undefined
..\common\system\system_LPC17xx.c(449): error:  #20: identifier "PLL0CON" is undefined
..\common\system\system_LPC17xx.c(450): error:  #20: identifier "PLL0FEED" is undefined
..\common\system\system_LPC17xx.c(454): error:  #20: identifier "PLL0STAT" is undefined
..\common\system\system_LPC17xx.c(472): error:  #20: identifier "USBCLKCFG" is undefined
..\common\system\system_LPC17xx.c(474): error:  #20: identifier "PCONP" is undefined
..\common\system\system_LPC17xx.c(475): error:  #20: identifier "CLKOUTCFG" is undefined
..\common\system\system_LPC17xx.c(480): error:  #20: identifier "FLASHCFG" is undefined
..\common\system\system_LPC17xx.c(497): error:  #20: identifier "PLL0STAT" is undefined
..\common\system\system_LPC17xx.c(498): error:  #20: identifier "CLKSRCSEL" is undefined
..\common\system\system_LPC17xx.c(504): error:  #20: identifier "CCLKCFG" is undefined
..\common\system\system_LPC17xx.c(522): error:  #20: identifier "CLKSRCSEL" is undefined
..\common\system\system_LPC17xx.c(525): error:  #20: identifier "CCLKCFG" is undefined
compiling main.c...
..\src\main.c(1): error:  #5: cannot open source input file "includeall.h": No such file or directory
Target not created
Build target 'Target 1'
compiling system_LPC17xx.c...
compiling main.c...
..\src\main.c(1): error:  #5: cannot open source input file "includeall.h": No such file or directory
Target not created
Build target 'Target 1'
compiling main.c...
linking...
Program Size: Code=928 RO-data=404 RW-data=4 ZI-data=612  
"BlackBox.axf" - 0 Error(s), 0 Warning(s).
Build target 'Target 1'
linking...
Program Size: Code=928 RO-data=404 RW-data=4 ZI-data=612  
"BlackBox.axf" - 0 Error(s), 0 Warning(s).
Load "E:\\1ºÚÏ»×Ó\\LPC1752_V1.0\\Project\\BlackBox.AXF" 
Internal DLL Error
Build target 'Target 1'
linking...
Program Size: Code=928 RO-data=404 RW-data=4 ZI-data=612  
"BlackBox.axf" - 0 Error(s), 0 Warning(s).
Load "E:\\1ºÚÏ»×Ó\\LPC1752_V1.0\\Project\\BlackBox.AXF" 
* JLink Info: Device "LPC1752" selected (64 KB flash, 16 KB RAM).
Set JLink Project File to "E:\1ºÚÏ»×Ó\LPC1752_V1.0\Project\JLinkSettings.ini"
 
JLink info:
------------
DLL: V4.74a, compiled Jul 23 2013 08:47:58
Firmware: J-Link ARM V8 compiled Jul 17 2013 11:24:15
Hardware: V8.00
S/N : 99999994 
Feature(s) : RDI,FlashDL,FlashBP,JFlash,GDBFULL 
 
* JLink Info: TotalIRLen = 4, IRPrint = 0x01
* JLink Info: Found Cortex-M3 r2p0, Little endian.
* JLink Info: TPIU fitted.
* JLink Info: ETM fitted.
* JLink Info: FPUnit: 6 code (BP) slots and 2 literal slots
ROMTableAddr = 0xE00FF003
* JLink Info: Found Cortex-M3 r2p0, Little endian.
* JLink Info: TPIU fitted.
* JLink Info: ETM fitted.
* JLink Info: FPUnit: 6 code (BP) slots and 2 literal slots
 
Target info:
------------
Device: LPC1752
VTarget = 3.319V
State of Pins: 
TCK: 1, TDI: 0, TDO: 1, TMS: 0, TRES: 1, TRST: 1
Hardware-Breakpoints: 6
Software-Breakpoints: 8192
Watchpoints:          4
JTAG speed: 2000 kHz
 
Erase Done.
Programming Done.
Verify OK.
* JLink Info: Found Cortex-M3 r2p0, Little endian.
* JLink Info: TPIU fitted.
* JLink Info: ETM fitted.
* JLink Info: FPUnit: 6 code (BP) slots and 2 literal slots
Application running ...
* JLink Info: Device "LPC1752" selected (64 KB flash, 16 KB RAM).
Set JLink Project File to "E:\1ºÚÏ»×Ó\LPC1752_V1.0\Project\JLinkSettings.ini"
 
JLink info:
------------
DLL: V4.74a, compiled Jul 23 2013 08:47:58
Firmware: J-Link ARM V8 compiled Jul 17 2013 11:24:15
Hardware: V8.00
S/N : 99999994 
Feature(s) : RDI,FlashDL,FlashBP,JFlash,GDBFULL 
 
* JLink Info: TotalIRLen = 4, IRPrint = 0x01
* JLink Info: Found Cortex-M3 r2p0, Little endian.
* JLink Info: TPIU fitted.
* JLink Info: ETM fitted.
* JLink Info: FPUnit: 6 code (BP) slots and 2 literal slots
ROMTableAddr = 0xE00FF003
* JLink Info: Found Cortex-M3 r2p0, Little endian.
* JLink Info: TPIU fitted.
* JLink Info: ETM fitted.
* JLink Info: FPUnit: 6 code (BP) slots and 2 literal slots
 
Target info:
------------
Device: LPC1752
VTarget = 3.319V
State of Pins: 
TCK: 1, TDI: 0, TDO: 1, TMS: 0, TRES: 1, TRST: 1
Hardware-Breakpoints: 6
Software-Breakpoints: 8192
Watchpoints:          4
JTAG speed: 2000 kHz
 
Full Chip Erase Done.
Load "E:\\1ºÚÏ»×Ó\\LPC1752_V1.0\\Project\\BlackBox.AXF" 
* JLink Info: Device "LPC1752" selected (64 KB flash, 16 KB RAM).
Set JLink Project File to "E:\1ºÚÏ»×Ó\LPC1752_V1.0\Project\JLinkSettings.ini"
 
JLink info:
------------
DLL: V4.74a, compiled Jul 23 2013 08:47:58
Firmware: J-Link ARM V8 compiled Jul 17 2013 11:24:15
Hardware: V8.00
S/N : 99999994 
Feature(s) : RDI,FlashDL,FlashBP,JFlash,GDBFULL 
 
* JLink Info: TotalIRLen = 4, IRPrint = 0x01
* JLink Info: Found Cortex-M3 r2p0, Little endian.
* JLink Info: TPIU fitted.
* JLink Info: ETM fitted.
* JLink Info: FPUnit: 6 code (BP) slots and 2 literal slots
ROMTableAddr = 0xE00FF003
* JLink Info: Found Cortex-M3 r2p0, Little endian.
* JLink Info: TPIU fitted.
* JLink Info: ETM fitted.
* JLink Info: FPUnit: 6 code (BP) slots and 2 literal slots
 
Target info:
------------
Device: LPC1752
VTarget = 3.319V
State of Pins: 
TCK: 1, TDI: 0, TDO: 1, TMS: 0, TRES: 1, TRST: 1
Hardware-Breakpoints: 6
Software-Breakpoints: 8192
Watchpoints:          4
JTAG speed: 2000 kHz
 
Erase Done.
Programming Done.
Verify OK.
* JLink Info: Found Cortex-M3 r2p0, Little endian.
* JLink Info: TPIU fitted.
* JLink Info: ETM fitted.
* JLink Info: FPUnit: 6 code (BP) slots and 2 literal slots
Application running ...
Build target 'Target 1'
compiling uart_all.c...
..\dirvers\serial\uart_all.h(4): error:  #5: cannot open source input file "uart0.h": No such file or directory
compiling uart0.c...
..\dirvers\serial\uart0.c(1): error:  #5: cannot open source input file "uart0.h": No such file or directory
compiling uart1.c...
..\dirvers\serial\uart1.c(23): error:  #5: cannot open source input file "uart1.h": No such file or directory
Target not created
Build target 'Target 1'
compiling uart_all.c...
..\dirvers\serial\uart_all.c(1): error:  #5: cannot open source input file "uart_all.h": No such file or directory
compiling uart0.c...
..\dirvers\serial\uart0.c(1): error:  #5: cannot open source input file "uart0.h": No such file or directory
compiling uart1.c...
..\dirvers\serial\uart1.c(23): error:  #5: cannot open source input file "uart1.h": No such file or directory
Target not created
Build target 'Target 1'
compiling system_LPC17xx.c...
compiling main.c...
compiling uart_all.c...
..\include\drivers\uart0.h(4): error:  #5: cannot open source input file "includeall.h": No such file or directory
compiling uart0.c...
..\include\drivers\uart0.h(4): error:  #5: cannot open source input file "includeall.h": No such file or directory
compiling uart1.c...
..\include\drivers\uart1.h(23): error:  #5: cannot open source input file "includeall.h": No such file or directory
Target not created
Build target 'Target 1'
compiling uart_all.c...
compiling uart0.c...
compiling uart1.c...
linking...
Program Size: Code=928 RO-data=404 RW-data=4 ZI-data=612  
"BlackBox.axf" - 0 Error(s), 0 Warning(s).
Build target 'Target 1'
compiling main.c...
linking...
Program Size: Code=928 RO-data=404 RW-data=4 ZI-data=612  
"BlackBox.axf" - 0 Error(s), 0 Warning(s).
Load "E:\\1ºÚÏ»×Ó\\LPC1752_V1.0\\Project\\BlackBox.AXF" 
* JLink Info: Device "LPC1752" selected (64 KB flash, 16 KB RAM).
Set JLink Project File to "E:\1ºÚÏ»×Ó\LPC1752_V1.0\Project\JLinkSettings.ini"
 
JLink info:
------------
DLL: V4.74a, compiled Jul 23 2013 08:47:58
Firmware: J-Link ARM V8 compiled Jul 17 2013 11:24:15
Hardware: V8.00
S/N : 99999994 
Feature(s) : RDI,FlashDL,FlashBP,JFlash,GDBFULL 
 
***JLink Error: Supply voltage too low (1 Volt is required, Measured: 0.0 Volt).
Please check target power.
Load "E:\\1ºÚÏ»×Ó\\LPC1752_V1.0\\Project\\BlackBox.AXF" 
* JLink Info: Device "LPC1752" selected (64 KB flash, 16 KB RAM).
Set JLink Project File to "E:\1ºÚÏ»×Ó\LPC1752_V1.0\Project\JLinkSettings.ini"
 
JLink info:
------------
DLL: V4.74a, compiled Jul 23 2013 08:47:58
Firmware: J-Link ARM V8 compiled Jul 17 2013 11:24:15
Hardware: V8.00
S/N : 99999994 
Feature(s) : RDI,FlashDL,FlashBP,JFlash,GDBFULL 
 
* JLink Info: TotalIRLen = 4, IRPrint = 0x01
* JLink Info: Found Cortex-M3 r2p0, Little endian.
* JLink Info: TPIU fitted.
* JLink Info: ETM fitted.
* JLink Info: FPUnit: 6 code (BP) slots and 2 literal slots
ROMTableAddr = 0xE00FF003
* JLink Info: Found Cortex-M3 r2p0, Little endian.
* JLink Info: TPIU fitted.
* JLink Info: ETM fitted.
* JLink Info: FPUnit: 6 code (BP) slots and 2 literal slots
 
Target info:
------------
Device: LPC1752
VTarget = 3.319V
State of Pins: 
TCK: 1, TDI: 0, TDO: 1, TMS: 0, TRES: 1, TRST: 1
Hardware-Breakpoints: 6
Software-Breakpoints: 8192
Watchpoints:          4
JTAG speed: 2000 kHz
 
Erase Done.
Programming Done.
Verify OK.
* JLink Info: Found Cortex-M3 r2p0, Little endian.
* JLink Info: TPIU fitted.
* JLink Info: ETM fitted.
* JLink Info: FPUnit: 6 code (BP) slots and 2 literal slots
Application running ...
Build target 'Target 1'
compiling system_LPC17xx.c...
compiling main.c...
compiling uart_all.c...
compiling uart0.c...
compiling uart1.c...
compiling lcd_printf.c...
linking...
Program Size: Code=928 RO-data=404 RW-data=4 ZI-data=612  
"BlackBox.axf" - 0 Error(s), 0 Warning(s).
Build target 'Target 1'
compiling main.c...
compiling uart_all.c...
compiling uart0.c...
compiling uart1.c...
compiling lcd_printf.c...
linking...
Program Size: Code=928 RO-data=404 RW-data=4 ZI-data=612  
"BlackBox.axf" - 0 Error(s), 0 Warning(s).
Load "E:\\1ºÚÏ»×Ó\\LPC1752_V1.0\\Project\\BlackBox.AXF" 
* JLink Info: Device "LPC1752" selected (64 KB flash, 16 KB RAM).
Set JLink Project File to "E:\1ºÚÏ»×Ó\LPC1752_V1.0\Project\JLinkSettings.ini"
 
JLink info:
------------
DLL: V4.74a, compiled Jul 23 2013 08:47:58
Firmware: J-Link ARM V8 compiled Jul 17 2013 11:24:15
Hardware: V8.00
S/N : 99999994 
Feature(s) : RDI,FlashDL,FlashBP,JFlash,GDBFULL 
 
* JLink Info: TotalIRLen = 4, IRPrint = 0x01
* JLink Info: Found Cortex-M3 r2p0, Little endian.
* JLink Info: TPIU fitted.
* JLink Info: ETM fitted.
* JLink Info: FPUnit: 6 code (BP) slots and 2 literal slots
ROMTableAddr = 0xE00FF003
* JLink Info: Found Cortex-M3 r2p0, Little endian.
* JLink Info: TPIU fitted.
* JLink Info: ETM fitted.
* JLink Info: FPUnit: 6 code (BP) slots and 2 literal slots
 
Target info:
------------
Device: LPC1752
VTarget = 3.319V
State of Pins: 
TCK: 1, TDI: 0, TDO: 1, TMS: 0, TRES: 1, TRST: 1
Hardware-Breakpoints: 6
Software-Breakpoints: 8192
Watchpoints:          4
JTAG speed: 2000 kHz
 
Erase Done.
Programming Done.
Verify OK.
* JLink Info: Found Cortex-M3 r2p0, Little endian.
* JLink Info: TPIU fitted.
* JLink Info: ETM fitted.
* JLink Info: FPUnit: 6 code (BP) slots and 2 literal slots
Application running ...
Build target 'Target 1'
compiling main.c...
compiling uart_all.c...
compiling uart0.c...
compiling uart1.c...
compiling lcd_printf.c...
linking...
Program Size: Code=7064 RO-data=752 RW-data=4 ZI-data=612  
"BlackBox.axf" - 0 Error(s), 0 Warning(s).
Load "E:\\1ºÚÏ»×Ó\\LPC1752_V1.0\\Project\\BlackBox.AXF" 
* JLink Info: Device "LPC1752" selected (64 KB flash, 16 KB RAM).
Set JLink Project File to "E:\1ºÚÏ»×Ó\LPC1752_V1.0\Project\JLinkSettings.ini"
 
JLink info:
------------
DLL: V4.74a, compiled Jul 23 2013 08:47:58
Firmware: J-Link ARM V8 compiled Jul 17 2013 11:24:15
Hardware: V8.00
S/N : 99999994 
Feature(s) : RDI,FlashDL,FlashBP,JFlash,GDBFULL 
 
* JLink Info: TotalIRLen = 4, IRPrint = 0x01
* JLink Info: Found Cortex-M3 r2p0, Little endian.
* JLink Info: TPIU fitted.
* JLink Info: ETM fitted.
* JLink Info: FPUnit: 6 code (BP) slots and 2 literal slots
ROMTableAddr = 0xE00FF003
* JLink Info: Found Cortex-M3 r2p0, Little endian.
* JLink Info: TPIU fitted.
* JLink Info: ETM fitted.
* JLink Info: FPUnit: 6 code (BP) slots and 2 literal slots
 
Target info:
------------
Device: LPC1752
VTarget = 3.319V
State of Pins: 
TCK: 1, TDI: 0, TDO: 1, TMS: 0, TRES: 1, TRST: 1
Hardware-Breakpoints: 6
Software-Breakpoints: 8192
Watchpoints:          4
JTAG speed: 2000 kHz
 
Erase Done.
Programming Done.
Verify OK.
* JLink Info: Found Cortex-M3 r2p0, Little endian.
* JLink Info: TPIU fitted.
* JLink Info: ETM fitted.
* JLink Info: FPUnit: 6 code (BP) slots and 2 literal slots
Application running ...
Build target 'Target 1'
compiling uart0.c...
linking...
Program Size: Code=7084 RO-data=752 RW-data=4 ZI-data=612  
"BlackBox.axf" - 0 Error(s), 0 Warning(s).
Load "E:\\1ºÚÏ»×Ó\\LPC1752_V1.0\\Project\\BlackBox.AXF" 
* JLink Info: Device "LPC1752" selected (64 KB flash, 16 KB RAM).
Set JLink Project File to "E:\1ºÚÏ»×Ó\LPC1752_V1.0\Project\JLinkSettings.ini"
 
JLink info:
------------
DLL: V4.74a, compiled Jul 23 2013 08:47:58
Firmware: J-Link ARM V8 compiled Jul 17 2013 11:24:15
Hardware: V8.00
S/N : 99999994 
Feature(s) : RDI,FlashDL,FlashBP,JFlash,GDBFULL 
 
* JLink Info: TotalIRLen = 4, IRPrint = 0x01
* JLink Info: Found Cortex-M3 r2p0, Little endian.
* JLink Info: TPIU fitted.
* JLink Info: ETM fitted.
* JLink Info: FPUnit: 6 code (BP) slots and 2 literal slots
ROMTableAddr = 0xE00FF003
* JLink Info: Found Cortex-M3 r2p0, Little endian.
* JLink Info: TPIU fitted.
* JLink Info: ETM fitted.
* JLink Info: FPUnit: 6 code (BP) slots and 2 literal slots
 
Target info:
------------
Device: LPC1752
VTarget = 3.319V
State of Pins: 
TCK: 1, TDI: 0, TDO: 1, TMS: 0, TRES: 1, TRST: 1
Hardware-Breakpoints: 6
Software-Breakpoints: 8192
Watchpoints:          4
JTAG speed: 2000 kHz
 
Erase Done.
Programming Done.
Verify OK.
* JLink Info: Found Cortex-M3 r2p0, Little endian.
* JLink Info: TPIU fitted.
* JLink Info: ETM fitted.
* JLink Info: FPUnit: 6 code (BP) slots and 2 literal slots
Application running ...
Build target 'Target 1'
linking...
Program Size: Code=7084 RO-data=752 RW-data=4 ZI-data=612  
"BlackBox.axf" - 0 Error(s), 0 Warning(s).
Load "E:\\1ºÚÏ»×Ó\\LPC1752_V1.0\\Project\\BlackBox.AXF" 
* JLink Info: Device "LPC1752" selected (64 KB flash, 16 KB RAM).
Set JLink Project File to "E:\1ºÚÏ»×Ó\LPC1752_V1.0\Project\JLinkSettings.ini"
 
JLink info:
------------
DLL: V4.74a, compiled Jul 23 2013 08:47:58
Firmware: J-Link ARM V8 compiled Jul 17 2013 11:24:15
Hardware: V8.00
S/N : 99999994 
Feature(s) : RDI,FlashDL,FlashBP,JFlash,GDBFULL 
 
* JLink Info: TotalIRLen = 4, IRPrint = 0x01
* JLink Info: Found Cortex-M3 r2p0, Little endian.
* JLink Info: TPIU fitted.
* JLink Info: ETM fitted.
* JLink Info: FPUnit: 6 code (BP) slots and 2 literal slots
ROMTableAddr = 0xE00FF003
* JLink Info: Found Cortex-M3 r2p0, Little endian.
* JLink Info: TPIU fitted.
* JLink Info: ETM fitted.
* JLink Info: FPUnit: 6 code (BP) slots and 2 literal slots
 
Target info:
------------
Device: LPC1752
VTarget = 3.319V
State of Pins: 
TCK: 1, TDI: 0, TDO: 1, TMS: 0, TRES: 1, TRST: 1
Hardware-Breakpoints: 6
Software-Breakpoints: 8192
Watchpoints:          4
JTAG speed: 2000 kHz
 
Erase Done.
Programming Done.
Verify OK.
* JLink Info: Found Cortex-M3 r2p0, Little endian.
* JLink Info: TPIU fitted.
* JLink Info: ETM fitted.
* JLink Info: FPUnit: 6 code (BP) slots and 2 literal slots
Application running ...
Build target 'Target 1'
linking...
Program Size: Code=7084 RO-data=752 RW-data=4 ZI-data=612  
"BlackBox.axf" - 0 Error(s), 0 Warning(s).
Load "E:\\1ºÚÏ»×Ó\\LPC1752_V1.0\\Project\\BlackBox.AXF" 
* JLink Info: Device "LPC1752" selected (64 KB flash, 16 KB RAM).
Set JLink Project File to "E:\1ºÚÏ»×Ó\LPC1752_V1.0\Project\JLinkSettings.ini"
 
JLink info:
------------
DLL: V4.74a, compiled Jul 23 2013 08:47:58
Firmware: J-Link ARM V8 compiled Jul 17 2013 11:24:15
Hardware: V8.00
S/N : 99999994 
Feature(s) : RDI,FlashDL,FlashBP,JFlash,GDBFULL 
 
* JLink Info: TotalIRLen = 4, IRPrint = 0x01
* JLink Info: Found Cortex-M3 r2p0, Little endian.
* JLink Info: TPIU fitted.
* JLink Info: ETM fitted.
* JLink Info: FPUnit: 6 code (BP) slots and 2 literal slots
ROMTableAddr = 0xE00FF003
* JLink Info: Found Cortex-M3 r2p0, Little endian.
* JLink Info: TPIU fitted.
* JLink Info: ETM fitted.
* JLink Info: FPUnit: 6 code (BP) slots and 2 literal slots
 
Target info:
------------
Device: LPC1752
VTarget = 3.319V
State of Pins: 
TCK: 1, TDI: 0, TDO: 1, TMS: 0, TRES: 1, TRST: 1
Hardware-Breakpoints: 6
Software-Breakpoints: 8192
Watchpoints:          4
JTAG speed: 2000 kHz
 
Erase Done.
Programming Done.
Verify OK.
* JLink Info: Found Cortex-M3 r2p0, Little endian.
* JLink Info: TPIU fitted.
* JLink Info: ETM fitted.
* JLink Info: FPUnit: 6 code (BP) slots and 2 literal slots
Application running ...
Build target 'Target 1'
linking...
Program Size: Code=7084 RO-data=752 RW-data=4 ZI-data=612  
"BlackBox.axf" - 0 Error(s), 0 Warning(s).
Load "E:\\1ºÚÏ»×Ó\\LPC1752_V1.0\\Project\\BlackBox.AXF" 
* JLink Info: Device "LPC1752" selected (64 KB flash, 16 KB RAM).
Set JLink Project File to "E:\1ºÚÏ»×Ó\LPC1752_V1.0\Project\JLinkSettings.ini"
 
JLink info:
------------
DLL: V4.74a, compiled Jul 23 2013 08:47:58
Firmware: J-Link ARM V8 compiled Jul 17 2013 11:24:15
Hardware: V8.00
S/N : 99999994 
Feature(s) : RDI,FlashDL,FlashBP,JFlash,GDBFULL 
 
* JLink Info: TotalIRLen = 4, IRPrint = 0x01
* JLink Info: Found Cortex-M3 r2p0, Little endian.
* JLink Info: TPIU fitted.
* JLink Info: ETM fitted.
* JLink Info: FPUnit: 6 code (BP) slots and 2 literal slots
ROMTableAddr = 0xE00FF003
* JLink Info: Found Cortex-M3 r2p0, Little endian.
* JLink Info: TPIU fitted.
* JLink Info: ETM fitted.
* JLink Info: FPUnit: 6 code (BP) slots and 2 literal slots
 
Target info:
------------
Device: LPC1752
VTarget = 3.319V
State of Pins: 
TCK: 1, TDI: 0, TDO: 1, TMS: 0, TRES: 1, TRST: 1
Hardware-Breakpoints: 6
Software-Breakpoints: 8192
Watchpoints:          4
JTAG speed: 2000 kHz
 
Erase Done.
Programming Done.
Verify OK.
* JLink Info: Found Cortex-M3 r2p0, Little endian.
* JLink Info: TPIU fitted.
* JLink Info: ETM fitted.
* JLink Info: FPUnit: 6 code (BP) slots and 2 literal slots
Application running ...
Build target 'Target 1'
linking...
Program Size: Code=7084 RO-data=752 RW-data=4 ZI-data=612  
"BlackBox.axf" - 0 Error(s), 0 Warning(s).
Load "E:\\1ºÚÏ»×Ó\\LPC1752_V1.0\\Project\\BlackBox.AXF" 
* JLink Info: Device "LPC1752" selected (64 KB flash, 16 KB RAM).
Set JLink Project File to "E:\1ºÚÏ»×Ó\LPC1752_V1.0\Project\JLinkSettings.ini"
 
JLink info:
------------
DLL: V4.74a, compiled Jul 23 2013 08:47:58
Firmware: J-Link ARM V8 compiled Jul 17 2013 11:24:15
Hardware: V8.00
S/N : 99999994 
Feature(s) : RDI,FlashDL,FlashBP,JFlash,GDBFULL 
 
* JLink Info: TotalIRLen = 4, IRPrint = 0x01
* JLink Info: Found Cortex-M3 r2p0, Little endian.
* JLink Info: TPIU fitted.
* JLink Info: ETM fitted.
* JLink Info: FPUnit: 6 code (BP) slots and 2 literal slots
ROMTableAddr = 0xE00FF003
* JLink Info: Found Cortex-M3 r2p0, Little endian.
* JLink Info: TPIU fitted.
* JLink Info: ETM fitted.
* JLink Info: FPUnit: 6 code (BP) slots and 2 literal slots
 
Target info:
------------
Device: LPC1752
VTarget = 3.319V
State of Pins: 
TCK: 1, TDI: 0, TDO: 1, TMS: 0, TRES: 1, TRST: 1
Hardware-Breakpoints: 6
Software-Breakpoints: 8192
Watchpoints:          4
JTAG speed: 2000 kHz
 
Erase Done.
Programming Done.
Verify OK.
* JLink Info: Found Cortex-M3 r2p0, Little endian.
* JLink Info: TPIU fitted.
* JLink Info: ETM fitted.
* JLink Info: FPUnit: 6 code (BP) slots and 2 literal slots
Application running ...
Load "E:\\1ºÚÏ»×Ó\\LPC1752_V1.0\\Project\\BlackBox.AXF" 
* JLink Info: Device "LPC1752" selected (64 KB flash, 16 KB RAM).
Set JLink Project File to "E:\1ºÚÏ»×Ó\LPC1752_V1.0\Project\JLinkSettings.ini"
 
JLink info:
------------
DLL: V4.74a, compiled Jul 23 2013 08:47:58
Firmware: J-Link ARM V8 compiled Jul 17 2013 11:24:15
Hardware: V8.00
S/N : 99999994 
Feature(s) : RDI,FlashDL,FlashBP,JFlash,GDBFULL 
 
* JLink Info: TotalIRLen = 4, IRPrint = 0x01
* JLink Info: Found Cortex-M3 r2p0, Little endian.
* JLink Info: TPIU fitted.
* JLink Info: ETM fitted.
* JLink Info: FPUnit: 6 code (BP) slots and 2 literal slots
ROMTableAddr = 0xE00FF003
* JLink Info: Found Cortex-M3 r2p0, Little endian.
* JLink Info: TPIU fitted.
* JLink Info: ETM fitted.
* JLink Info: FPUnit: 6 code (BP) slots and 2 literal slots
 
Target info:
------------
Device: LPC1752
VTarget = 3.319V
State of Pins: 
TCK: 1, TDI: 0, TDO: 1, TMS: 0, TRES: 1, TRST: 1
Hardware-Breakpoints: 6
Software-Breakpoints: 8192
Watchpoints:          4
JTAG speed: 2000 kHz
 
Erase Done.
Programming Done.
Verify OK.
* JLink Info: Found Cortex-M3 r2p0, Little endian.
* JLink Info: TPIU fitted.
* JLink Info: ETM fitted.
* JLink Info: FPUnit: 6 code (BP) slots and 2 literal slots
Application running ...
Load "E:\\1ºÚÏ»×Ó\\LPC1752_V1.0\\Project\\BlackBox.AXF" 
* JLink Info: Device "LPC1752" selected (64 KB flash, 16 KB RAM).
Set JLink Project File to "E:\1ºÚÏ»×Ó\LPC1752_V1.0\Project\JLinkSettings.ini"
 
JLink info:
------------
DLL: V4.74a, compiled Jul 23 2013 08:47:58
Firmware: J-Link ARM V8 compiled Jul 17 2013 11:24:15
Hardware: V8.00
S/N : 99999994 
Feature(s) : RDI,FlashDL,FlashBP,JFlash,GDBFULL 
 
* JLink Info: TotalIRLen = 4, IRPrint = 0x01
* JLink Info: Found Cortex-M3 r2p0, Little endian.
* JLink Info: TPIU fitted.
* JLink Info: ETM fitted.
* JLink Info: FPUnit: 6 code (BP) slots and 2 literal slots
ROMTableAddr = 0xE00FF003
* JLink Info: Found Cortex-M3 r2p0, Little endian.
* JLink Info: TPIU fitted.
* JLink Info: ETM fitted.
* JLink Info: FPUnit: 6 code (BP) slots and 2 literal slots
 
Target info:
------------
Device: LPC1752
VTarget = 3.319V
State of Pins: 
TCK: 1, TDI: 0, TDO: 1, TMS: 0, TRES: 1, TRST: 1
Hardware-Breakpoints: 6
Software-Breakpoints: 8192
Watchpoints:          4
JTAG speed: 2000 kHz
 
Erase Done.
Programming Done.
Verify OK.
* JLink Info: Found Cortex-M3 r2p0, Little endian.
* JLink Info: TPIU fitted.
* JLink Info: ETM fitted.
* JLink Info: FPUnit: 6 code (BP) slots and 2 literal slots
Application running ...
Load "E:\\1ºÚÏ»×Ó\\LPC1752_V1.0\\Project\\BlackBox.AXF" 
* JLink Info: Device "LPC1752" selected (64 KB flash, 16 KB RAM).
Set JLink Project File to "E:\1ºÚÏ»×Ó\LPC1752_V1.0\Project\JLinkSettings.ini"
 
JLink info:
------------
DLL: V4.74a, compiled Jul 23 2013 08:47:58
Firmware: J-Link ARM V8 compiled Jul 17 2013 11:24:15
Hardware: V8.00
S/N : 99999994 
Feature(s) : RDI,FlashDL,FlashBP,JFlash,GDBFULL 
 
* JLink Info: TotalIRLen = 4, IRPrint = 0x01
* JLink Info: Found Cortex-M3 r2p0, Little endian.
* JLink Info: TPIU fitted.
* JLink Info: ETM fitted.
* JLink Info: FPUnit: 6 code (BP) slots and 2 literal slots
ROMTableAddr = 0xE00FF003
* JLink Info: Found Cortex-M3 r2p0, Little endian.
* JLink Info: TPIU fitted.
* JLink Info: ETM fitted.
* JLink Info: FPUnit: 6 code (BP) slots and 2 literal slots
 
Target info:
------------
Device: LPC1752
VTarget = 3.319V
State of Pins: 
TCK: 1, TDI: 0, TDO: 1, TMS: 0, TRES: 1, TRST: 1
Hardware-Breakpoints: 6
Software-Breakpoints: 8192
Watchpoints:          4
JTAG speed: 2000 kHz
 
Erase Done.
Programming Done.
Verify OK.
* JLink Info: Found Cortex-M3 r2p0, Little endian.
* JLink Info: TPIU fitted.
* JLink Info: ETM fitted.
* JLink Info: FPUnit: 6 code (BP) slots and 2 literal slots
Application running ...
Build target 'Target 1'
linking...
Program Size: Code=7084 RO-data=752 RW-data=4 ZI-data=612  
"BlackBox.axf" - 0 Error(s), 0 Warning(s).
Build target 'Target 1'
compiling main.c...
linking...
Program Size: Code=7088 RO-data=752 RW-data=4 ZI-data=612  
"BlackBox.axf" - 0 Error(s), 0 Warning(s).
Load "E:\\1ºÚÏ»×Ó\\LPC1752_V1.0\\Project\\BlackBox.AXF" 
* JLink Info: Device "LPC1752" selected (64 KB flash, 16 KB RAM).
Set JLink Project File to "E:\1ºÚÏ»×Ó\LPC1752_V1.0\Project\JLinkSettings.ini"
 
JLink info:
------------
DLL: V4.74a, compiled Jul 23 2013 08:47:58
Firmware: J-Link ARM V8 compiled Jul 17 2013 11:24:15
Hardware: V8.00
S/N : 99999994 
Feature(s) : RDI,FlashDL,FlashBP,JFlash,GDBFULL 
 
* JLink Info: TotalIRLen = 4, IRPrint = 0x01
* JLink Info: Found Cortex-M3 r2p0, Little endian.
* JLink Info: TPIU fitted.
* JLink Info: ETM fitted.
* JLink Info: FPUnit: 6 code (BP) slots and 2 literal slots
ROMTableAddr = 0xE00FF003
* JLink Info: Found Cortex-M3 r2p0, Little endian.
* JLink Info: TPIU fitted.
* JLink Info: ETM fitted.
* JLink Info: FPUnit: 6 code (BP) slots and 2 literal slots
 
Target info:
------------
Device: LPC1752
VTarget = 3.319V
State of Pins: 
TCK: 1, TDI: 0, TDO: 1, TMS: 0, TRES: 1, TRST: 1
Hardware-Breakpoints: 6
Software-Breakpoints: 8192
Watchpoints:          4
JTAG speed: 2000 kHz
 
Erase Done.
Programming Done.
Verify OK.
* JLink Info: Found Cortex-M3 r2p0, Little endian.
* JLink Info: TPIU fitted.
* JLink Info: ETM fitted.
* JLink Info: FPUnit: 6 code (BP) slots and 2 literal slots
Application running ...
Build target 'Target 1'
compiling uart0.c...
linking...
Program Size: Code=7068 RO-data=752 RW-data=4 ZI-data=612  
"BlackBox.axf" - 0 Error(s), 0 Warning(s).
Load "E:\\1ºÚÏ»×Ó\\LPC1752_V1.0\\Project\\BlackBox.AXF" 
* JLink Info: Device "LPC1752" selected (64 KB flash, 16 KB RAM).
Set JLink Project File to "E:\1ºÚÏ»×Ó\LPC1752_V1.0\Project\JLinkSettings.ini"
 
JLink info:
------------
DLL: V4.74a, compiled Jul 23 2013 08:47:58
Firmware: J-Link ARM V8 compiled Jul 17 2013 11:24:15
Hardware: V8.00
S/N : 99999994 
Feature(s) : RDI,FlashDL,FlashBP,JFlash,GDBFULL 
 
* JLink Info: TotalIRLen = 4, IRPrint = 0x01
* JLink Info: Found Cortex-M3 r2p0, Little endian.
* JLink Info: TPIU fitted.
* JLink Info: ETM fitted.
* JLink Info: FPUnit: 6 code (BP) slots and 2 literal slots
ROMTableAddr = 0xE00FF003
* JLink Info: Found Cortex-M3 r2p0, Little endian.
* JLink Info: TPIU fitted.
* JLink Info: ETM fitted.
* JLink Info: FPUnit: 6 code (BP) slots and 2 literal slots
 
Target info:
------------
Device: LPC1752
VTarget = 3.319V
State of Pins: 
TCK: 1, TDI: 0, TDO: 1, TMS: 0, TRES: 1, TRST: 1
Hardware-Breakpoints: 6
Software-Breakpoints: 8192
Watchpoints:          4
JTAG speed: 2000 kHz
 
Erase Done.
Programming Done.
Verify OK.
* JLink Info: Found Cortex-M3 r2p0, Little endian.
* JLink Info: TPIU fitted.
* JLink Info: ETM fitted.
* JLink Info: FPUnit: 6 code (BP) slots and 2 literal slots
Application running ...
Load "E:\\1ºÚÏ»×Ó\\LPC1752_V1.0\\Project\\BlackBox.AXF" 
* JLink Info: Device "LPC1752" selected (64 KB flash, 16 KB RAM).
Set JLink Project File to "E:\1ºÚÏ»×Ó\LPC1752_V1.0\Project\JLinkSettings.ini"
 
JLink info:
------------
DLL: V4.74a, compiled Jul 23 2013 08:47:58
Firmware: J-Link ARM V8 compiled Jul 17 2013 11:24:15
Hardware: V8.00
S/N : 99999994 
Feature(s) : RDI,FlashDL,FlashBP,JFlash,GDBFULL 
 
* JLink Info: TotalIRLen = 4, IRPrint = 0x01
* JLink Info: Found Cortex-M3 r2p0, Little endian.
* JLink Info: TPIU fitted.
* JLink Info: ETM fitted.
* JLink Info: FPUnit: 6 code (BP) slots and 2 literal slots
ROMTableAddr = 0xE00FF003
* JLink Info: Found Cortex-M3 r2p0, Little endian.
* JLink Info: TPIU fitted.
* JLink Info: ETM fitted.
* JLink Info: FPUnit: 6 code (BP) slots and 2 literal slots
 
Target info:
------------
Device: LPC1752
VTarget = 3.319V
State of Pins: 
TCK: 1, TDI: 0, TDO: 1, TMS: 0, TRES: 1, TRST: 1
Hardware-Breakpoints: 6
Software-Breakpoints: 8192
Watchpoints:          4
JTAG speed: 2000 kHz
 
Erase Done.
Programming Done.
Verify OK.
* JLink Info: Found Cortex-M3 r2p0, Little endian.
* JLink Info: TPIU fitted.
* JLink Info: ETM fitted.
* JLink Info: FPUnit: 6 code (BP) slots and 2 literal slots
Application running ...
Load "E:\\1ºÚÏ»×Ó\\LPC1752_V1.0\\Project\\BlackBox.AXF" 
* JLink Info: Device "LPC1752" selected (64 KB flash, 16 KB RAM).
Set JLink Project File to "E:\1ºÚÏ»×Ó\LPC1752_V1.0\Project\JLinkSettings.ini"
 
JLink info:
------------
DLL: V4.74a, compiled Jul 23 2013 08:47:58
Firmware: J-Link ARM V8 compiled Jul 17 2013 11:24:15
Hardware: V8.00
S/N : 99999994 
Feature(s) : RDI,FlashDL,FlashBP,JFlash,GDBFULL 
 
* JLink Info: TotalIRLen = 4, IRPrint = 0x01
* JLink Info: Found Cortex-M3 r2p0, Little endian.
* JLink Info: TPIU fitted.
* JLink Info: ETM fitted.
* JLink Info: FPUnit: 6 code (BP) slots and 2 literal slots
ROMTableAddr = 0xE00FF003
* JLink Info: Found Cortex-M3 r2p0, Little endian.
* JLink Info: TPIU fitted.
* JLink Info: ETM fitted.
* JLink Info: FPUnit: 6 code (BP) slots and 2 literal slots
 
Target info:
------------
Device: LPC1752
VTarget = 3.319V
State of Pins: 
TCK: 1, TDI: 0, TDO: 1, TMS: 0, TRES: 1, TRST: 1
Hardware-Breakpoints: 6
Software-Breakpoints: 8192
Watchpoints:          4
JTAG speed: 2000 kHz
 
Erase Done.
Programming Done.
Verify OK.
* JLink Info: Found Cortex-M3 r2p0, Little endian.
* JLink Info: TPIU fitted.
* JLink Info: ETM fitted.
* JLink Info: FPUnit: 6 code (BP) slots and 2 literal slots
Application running ...
Build target 'Target 1'
compiling main.c...
linking...
Program Size: Code=7068 RO-data=752 RW-data=4 ZI-data=612  
"BlackBox.axf" - 0 Error(s), 0 Warning(s).
Load "E:\\1ºÚÏ»×Ó\\LPC1752_V1.0\\Project\\BlackBox.AXF" 
* JLink Info: Device "LPC1752" selected (64 KB flash, 16 KB RAM).
Set JLink Project File to "E:\1ºÚÏ»×Ó\LPC1752_V1.0\Project\JLinkSettings.ini"
 
JLink info:
------------
DLL: V4.74a, compiled Jul 23 2013 08:47:58
Firmware: J-Link ARM V8 compiled Jul 17 2013 11:24:15
Hardware: V8.00
S/N : 99999994 
Feature(s) : RDI,FlashDL,FlashBP,JFlash,GDBFULL 
 
* JLink Info: TotalIRLen = 4, IRPrint = 0x01
* JLink Info: Found Cortex-M3 r2p0, Little endian.
* JLink Info: TPIU fitted.
* JLink Info: ETM fitted.
* JLink Info: FPUnit: 6 code (BP) slots and 2 literal slots
ROMTableAddr = 0xE00FF003
* JLink Info: Found Cortex-M3 r2p0, Little endian.
* JLink Info: TPIU fitted.
* JLink Info: ETM fitted.
* JLink Info: FPUnit: 6 code (BP) slots and 2 literal slots
 
Target info:
------------
Device: LPC1752
VTarget = 3.319V
State of Pins: 
TCK: 1, TDI: 0, TDO: 1, TMS: 0, TRES: 1, TRST: 1
Hardware-Breakpoints: 6
Software-Breakpoints: 8192
Watchpoints:          4
JTAG speed: 2000 kHz
 
Erase Done.
Programming Done.
Verify OK.
* JLink Info: Found Cortex-M3 r2p0, Little endian.
* JLink Info: TPIU fitted.
* JLink Info: ETM fitted.
* JLink Info: FPUnit: 6 code (BP) slots and 2 literal slots
Application running ...
Build target 'Target 1'
compiling main.c...
linking...
Program Size: Code=7068 RO-data=752 RW-data=4 ZI-data=612  
"BlackBox.axf" - 0 Error(s), 0 Warning(s).
Load "E:\\1ºÚÏ»×Ó\\LPC1752_V1.0\\Project\\BlackBox.AXF" 
* JLink Info: Device "LPC1752" selected (64 KB flash, 16 KB RAM).
Set JLink Project File to "E:\1ºÚÏ»×Ó\LPC1752_V1.0\Project\JLinkSettings.ini"
 
JLink info:
------------
DLL: V4.74a, compiled Jul 23 2013 08:47:58
Firmware: J-Link ARM V8 compiled Jul 17 2013 11:24:15
Hardware: V8.00
S/N : 99999994 
Feature(s) : RDI,FlashDL,FlashBP,JFlash,GDBFULL 
 
* JLink Info: TotalIRLen = 4, IRPrint = 0x01
* JLink Info: Found Cortex-M3 r2p0, Little endian.
* JLink Info: TPIU fitted.
* JLink Info: ETM fitted.
* JLink Info: FPUnit: 6 code (BP) slots and 2 literal slots
ROMTableAddr = 0xE00FF003
* JLink Info: Found Cortex-M3 r2p0, Little endian.
* JLink Info: TPIU fitted.
* JLink Info: ETM fitted.
* JLink Info: FPUnit: 6 code (BP) slots and 2 literal slots
 
Target info:
------------
Device: LPC1752
VTarget = 3.319V
State of Pins: 
TCK: 1, TDI: 0, TDO: 1, TMS: 0, TRES: 1, TRST: 1
Hardware-Breakpoints: 6
Software-Breakpoints: 8192
Watchpoints:          4
JTAG speed: 2000 kHz
 
Erase Done.
Programming Done.
Verify OK.
* JLink Info: Found Cortex-M3 r2p0, Little endian.
* JLink Info: TPIU fitted.
* JLink Info: ETM fitted.
* JLink Info: FPUnit: 6 code (BP) slots and 2 literal slots
Application running ...
Build target 'Target 1'
compiling lcd_printf.c...
linking...
Program Size: Code=7072 RO-data=752 RW-data=4 ZI-data=612  
"BlackBox.axf" - 0 Error(s), 0 Warning(s).
Load "E:\\1ºÚÏ»×Ó\\LPC1752_V1.0\\Project\\BlackBox.AXF" 
* JLink Info: Device "LPC1752" selected (64 KB flash, 16 KB RAM).
Set JLink Project File to "E:\1ºÚÏ»×Ó\LPC1752_V1.0\Project\JLinkSettings.ini"
 
JLink info:
------------
DLL: V4.74a, compiled Jul 23 2013 08:47:58
Firmware: J-Link ARM V8 compiled Jul 17 2013 11:24:15
Hardware: V8.00
S/N : 99999994 
Feature(s) : RDI,FlashDL,FlashBP,JFlash,GDBFULL 
 
* JLink Info: TotalIRLen = 4, IRPrint = 0x01
* JLink Info: Found Cortex-M3 r2p0, Little endian.
* JLink Info: TPIU fitted.
* JLink Info: ETM fitted.
* JLink Info: FPUnit: 6 code (BP) slots and 2 literal slots
ROMTableAddr = 0xE00FF003
* JLink Info: Found Cortex-M3 r2p0, Little endian.
* JLink Info: TPIU fitted.
* JLink Info: ETM fitted.
* JLink Info: FPUnit: 6 code (BP) slots and 2 literal slots
 
Target info:
------------
Device: LPC1752
VTarget = 3.319V
State of Pins: 
TCK: 1, TDI: 0, TDO: 1, TMS: 0, TRES: 1, TRST: 1
Hardware-Breakpoints: 6
Software-Breakpoints: 8192
Watchpoints:          4
JTAG speed: 2000 kHz
 
Erase Done.
Programming Done.
Verify OK.
* JLink Info: Found Cortex-M3 r2p0, Little endian.
* JLink Info: TPIU fitted.
* JLink Info: ETM fitted.
* JLink Info: FPUnit: 6 code (BP) slots and 2 literal slots
Application running ...
Build target 'Target 1'
compiling main.c...
compiling lcd_printf.c...
linking...
Program Size: Code=7104 RO-data=752 RW-data=4 ZI-data=612  
"BlackBox.axf" - 0 Error(s), 0 Warning(s).
Load "E:\\1ºÚÏ»×Ó\\LPC1752_V1.0\\Project\\BlackBox.AXF" 
* JLink Info: Device "LPC1752" selected (64 KB flash, 16 KB RAM).
Set JLink Project File to "E:\1ºÚÏ»×Ó\LPC1752_V1.0\Project\JLinkSettings.ini"
 
JLink info:
------------
DLL: V4.74a, compiled Jul 23 2013 08:47:58
Firmware: J-Link ARM V8 compiled Jul 17 2013 11:24:15
Hardware: V8.00
S/N : 99999994 
Feature(s) : RDI,FlashDL,FlashBP,JFlash,GDBFULL 
 
* JLink Info: TotalIRLen = 4, IRPrint = 0x01
* JLink Info: Found Cortex-M3 r2p0, Little endian.
* JLink Info: TPIU fitted.
* JLink Info: ETM fitted.
* JLink Info: FPUnit: 6 code (BP) slots and 2 literal slots
ROMTableAddr = 0xE00FF003
* JLink Info: Found Cortex-M3 r2p0, Little endian.
* JLink Info: TPIU fitted.
* JLink Info: ETM fitted.
* JLink Info: FPUnit: 6 code (BP) slots and 2 literal slots
 
Target info:
------------
Device: LPC1752
VTarget = 3.313V
State of Pins: 
TCK: 1, TDI: 0, TDO: 1, TMS: 0, TRES: 1, TRST: 1
Hardware-Breakpoints: 6
Software-Breakpoints: 8192
Watchpoints:          4
JTAG speed: 2000 kHz
 
Erase Done.
Programming Done.
Verify OK.
* JLink Info: Found Cortex-M3 r2p0, Little endian.
* JLink Info: TPIU fitted.
* JLink Info: ETM fitted.
* JLink Info: FPUnit: 6 code (BP) slots and 2 literal slots
Application running ...
Build target 'Target 1'
compiling main.c...
linking...
Program Size: Code=7080 RO-data=752 RW-data=4 ZI-data=612  
"BlackBox.axf" - 0 Error(s), 0 Warning(s).
Load "E:\\1ºÚÏ»×Ó\\LPC1752_V1.0\\Project\\BlackBox.AXF" 
* JLink Info: Device "LPC1752" selected (64 KB flash, 16 KB RAM).
Set JLink Project File to "E:\1ºÚÏ»×Ó\LPC1752_V1.0\Project\JLinkSettings.ini"
 
JLink info:
------------
DLL: V4.74a, compiled Jul 23 2013 08:47:58
Firmware: J-Link ARM V8 compiled Jul 17 2013 11:24:15
Hardware: V8.00
S/N : 99999994 
Feature(s) : RDI,FlashDL,FlashBP,JFlash,GDBFULL 
 
* JLink Info: TotalIRLen = 4, IRPrint = 0x01
* JLink Info: Found Cortex-M3 r2p0, Little endian.
* JLink Info: TPIU fitted.
* JLink Info: ETM fitted.
* JLink Info: FPUnit: 6 code (BP) slots and 2 literal slots
ROMTableAddr = 0xE00FF003
* JLink Info: Found Cortex-M3 r2p0, Little endian.
* JLink Info: TPIU fitted.
* JLink Info: ETM fitted.
* JLink Info: FPUnit: 6 code (BP) slots and 2 literal slots
 
Target info:
------------
Device: LPC1752
VTarget = 3.319V
State of Pins: 
TCK: 1, TDI: 0, TDO: 1, TMS: 0, TRES: 1, TRST: 1
Hardware-Breakpoints: 6
Software-Breakpoints: 8192
Watchpoints:          4
JTAG speed: 2000 kHz
 
Erase Done.
Programming Done.
Verify OK.
* JLink Info: Found Cortex-M3 r2p0, Little endian.
* JLink Info: TPIU fitted.
* JLink Info: ETM fitted.
* JLink Info: FPUnit: 6 code (BP) slots and 2 literal slots
Application running ...
Build target 'Target 1'
compiling main.c...
linking...
Program Size: Code=7104 RO-data=752 RW-data=4 ZI-data=612  
"BlackBox.axf" - 0 Error(s), 0 Warning(s).
Load "E:\\1ºÚÏ»×Ó\\LPC1752_V1.0\\Project\\BlackBox.AXF" 
* JLink Info: Device "LPC1752" selected (64 KB flash, 16 KB RAM).
Set JLink Project File to "E:\1ºÚÏ»×Ó\LPC1752_V1.0\Project\JLinkSettings.ini"
 
JLink info:
------------
DLL: V4.74a, compiled Jul 23 2013 08:47:58
Firmware: J-Link ARM V8 compiled Jul 17 2013 11:24:15
Hardware: V8.00
S/N : 99999994 
Feature(s) : RDI,FlashDL,FlashBP,JFlash,GDBFULL 
 
* JLink Info: TotalIRLen = 4, IRPrint = 0x01
* JLink Info: Found Cortex-M3 r2p0, Little endian.
* JLink Info: TPIU fitted.
* JLink Info: ETM fitted.
* JLink Info: FPUnit: 6 code (BP) slots and 2 literal slots
ROMTableAddr = 0xE00FF003
* JLink Info: Found Cortex-M3 r2p0, Little endian.
* JLink Info: TPIU fitted.
* JLink Info: ETM fitted.
* JLink Info: FPUnit: 6 code (BP) slots and 2 literal slots
 
Target info:
------------
Device: LPC1752
VTarget = 3.319V
State of Pins: 
TCK: 1, TDI: 0, TDO: 1, TMS: 0, TRES: 1, TRST: 1
Hardware-Breakpoints: 6
Software-Breakpoints: 8192
Watchpoints:          4
JTAG speed: 2000 kHz
 
Erase Done.
Programming Done.
Verify OK.
* JLink Info: Found Cortex-M3 r2p0, Little endian.
* JLink Info: TPIU fitted.
* JLink Info: ETM fitted.
* JLink Info: FPUnit: 6 code (BP) slots and 2 literal slots
Application running ...
Build target 'Target 1'
compiling main.c...
linking...
Program Size: Code=7116 RO-data=752 RW-data=4 ZI-data=612  
"BlackBox.axf" - 0 Error(s), 0 Warning(s).
Load "E:\\1ºÚÏ»×Ó\\LPC1752_V1.0\\Project\\BlackBox.AXF" 
* JLink Info: Device "LPC1752" selected (64 KB flash, 16 KB RAM).
Set JLink Project File to "E:\1ºÚÏ»×Ó\LPC1752_V1.0\Project\JLinkSettings.ini"
 
JLink info:
------------
DLL: V4.74a, compiled Jul 23 2013 08:47:58
Firmware: J-Link ARM V8 compiled Jul 17 2013 11:24:15
Hardware: V8.00
S/N : 99999994 
Feature(s) : RDI,FlashDL,FlashBP,JFlash,GDBFULL 
 
* JLink Info: TotalIRLen = 4, IRPrint = 0x01
* JLink Info: Found Cortex-M3 r2p0, Little endian.
* JLink Info: TPIU fitted.
* JLink Info: ETM fitted.
* JLink Info: FPUnit: 6 code (BP) slots and 2 literal slots
ROMTableAddr = 0xE00FF003
* JLink Info: Found Cortex-M3 r2p0, Little endian.
* JLink Info: TPIU fitted.
* JLink Info: ETM fitted.
* JLink Info: FPUnit: 6 code (BP) slots and 2 literal slots
 
Target info:
------------
Device: LPC1752
VTarget = 3.319V
State of Pins: 
TCK: 1, TDI: 0, TDO: 1, TMS: 0, TRES: 1, TRST: 1
Hardware-Breakpoints: 6
Software-Breakpoints: 8192
Watchpoints:          4
JTAG speed: 2000 kHz
 
Erase Done.
Programming Done.
Verify OK.
* JLink Info: Found Cortex-M3 r2p0, Little endian.
* JLink Info: TPIU fitted.
* JLink Info: ETM fitted.
* JLink Info: FPUnit: 6 code (BP) slots and 2 literal slots
Application running ...
Build target 'Target 1'
linking...
Program Size: Code=7116 RO-data=752 RW-data=4 ZI-data=612  
"BlackBox.axf" - 0 Error(s), 0 Warning(s).
Load "E:\\1ºÚÏ»×Ó\\LPC1752_V1.0\\Project\\BlackBox.AXF" 
* JLink Info: Device "LPC1752" selected (64 KB flash, 16 KB RAM).
Set JLink Project File to "E:\1ºÚÏ»×Ó\LPC1752_V1.0\Project\JLinkSettings.ini"
 
JLink info:
------------
DLL: V4.74a, compiled Jul 23 2013 08:47:58
Firmware: J-Link ARM V8 compiled Jul 17 2013 11:24:15
Hardware: V8.00
S/N : 99999994 
Feature(s) : RDI,FlashDL,FlashBP,JFlash,GDBFULL 
 
* JLink Info: TotalIRLen = 4, IRPrint = 0x01
* JLink Info: Found Cortex-M3 r2p0, Little endian.
* JLink Info: TPIU fitted.
* JLink Info: ETM fitted.
* JLink Info: FPUnit: 6 code (BP) slots and 2 literal slots
ROMTableAddr = 0xE00FF003
* JLink Info: Found Cortex-M3 r2p0, Little endian.
* JLink Info: TPIU fitted.
* JLink Info: ETM fitted.
* JLink Info: FPUnit: 6 code (BP) slots and 2 literal slots
 
Target info:
------------
Device: LPC1752
VTarget = 3.319V
State of Pins: 
TCK: 1, TDI: 0, TDO: 1, TMS: 0, TRES: 1, TRST: 1
Hardware-Breakpoints: 6
Software-Breakpoints: 8192
Watchpoints:          4
JTAG speed: 2000 kHz
 
Erase Done.
Programming Done.
Verify OK.
* JLink Info: Found Cortex-M3 r2p0, Little endian.
* JLink Info: TPIU fitted.
* JLink Info: ETM fitted.
* JLink Info: FPUnit: 6 code (BP) slots and 2 literal slots
Application running ...
Build target 'Target 1'
linking...
Program Size: Code=7116 RO-data=752 RW-data=4 ZI-data=612  
"BlackBox.axf" - 0 Error(s), 0 Warning(s).
Load "E:\\1ºÚÏ»×Ó\\LPC1752_V1.0\\Project\\BlackBox.AXF" 
* JLink Info: Device "LPC1752" selected (64 KB flash, 16 KB RAM).
Set JLink Project File to "E:\1ºÚÏ»×Ó\LPC1752_V1.0\Project\JLinkSettings.ini"
 
JLink info:
------------
DLL: V4.74a, compiled Jul 23 2013 08:47:58
Firmware: J-Link ARM V8 compiled Jul 17 2013 11:24:15
Hardware: V8.00
S/N : 99999994 
Feature(s) : RDI,FlashDL,FlashBP,JFlash,GDBFULL 
 
* JLink Info: TotalIRLen = 4, IRPrint = 0x01
* JLink Info: Found Cortex-M3 r2p0, Little endian.
* JLink Info: TPIU fitted.
* JLink Info: ETM fitted.
* JLink Info: FPUnit: 6 code (BP) slots and 2 literal slots
ROMTableAddr = 0xE00FF003
* JLink Info: Found Cortex-M3 r2p0, Little endian.
* JLink Info: TPIU fitted.
* JLink Info: ETM fitted.
* JLink Info: FPUnit: 6 code (BP) slots and 2 literal slots
 
Target info:
------------
Device: LPC1752
VTarget = 3.319V
State of Pins: 
TCK: 1, TDI: 0, TDO: 1, TMS: 0, TRES: 1, TRST: 1
Hardware-Breakpoints: 6
Software-Breakpoints: 8192
Watchpoints:          4
JTAG speed: 2000 kHz
 
Erase Done.
Programming Done.
Verify OK.
* JLink Info: Found Cortex-M3 r2p0, Little endian.
* JLink Info: TPIU fitted.
* JLink Info: ETM fitted.
* JLink Info: FPUnit: 6 code (BP) slots and 2 literal slots
Application running ...
Build target 'Target 1'
linking...
Program Size: Code=7116 RO-data=752 RW-data=4 ZI-data=612  
"BlackBox.axf" - 0 Error(s), 0 Warning(s).
Load "E:\\1ºÚÏ»×Ó\\LPC1752_V1.0\\Project\\BlackBox.AXF" 
* JLink Info: Device "LPC1752" selected (64 KB flash, 16 KB RAM).
Set JLink Project File to "E:\1ºÚÏ»×Ó\LPC1752_V1.0\Project\JLinkSettings.ini"
 
JLink info:
------------
DLL: V4.74a, compiled Jul 23 2013 08:47:58
Firmware: J-Link ARM V8 compiled Jul 17 2013 11:24:15
Hardware: V8.00
S/N : 99999994 
Feature(s) : RDI,FlashDL,FlashBP,JFlash,GDBFULL 
 
* JLink Info: TotalIRLen = 4, IRPrint = 0x01
* JLink Info: Found Cortex-M3 r2p0, Little endian.
* JLink Info: TPIU fitted.
* JLink Info: ETM fitted.
* JLink Info: FPUnit: 6 code (BP) slots and 2 literal slots
ROMTableAddr = 0xE00FF003
* JLink Info: Found Cortex-M3 r2p0, Little endian.
* JLink Info: TPIU fitted.
* JLink Info: ETM fitted.
* JLink Info: FPUnit: 6 code (BP) slots and 2 literal slots
 
Target info:
------------
Device: LPC1752
VTarget = 3.319V
State of Pins: 
TCK: 1, TDI: 0, TDO: 1, TMS: 0, TRES: 1, TRST: 1
Hardware-Breakpoints: 6
Software-Breakpoints: 8192
Watchpoints:          4
JTAG speed: 2000 kHz
 
Erase Done.
Programming Done.
Verify OK.
* JLink Info: Found Cortex-M3 r2p0, Little endian.
* JLink Info: TPIU fitted.
* JLink Info: ETM fitted.
* JLink Info: FPUnit: 6 code (BP) slots and 2 literal slots
Application running ...
Load "E:\\1ºÚÏ»×Ó\\LPC1752_V1.0\\Project\\BlackBox.AXF" 
* JLink Info: Device "LPC1752" selected (64 KB flash, 16 KB RAM).
Set JLink Project File to "E:\1ºÚÏ»×Ó\LPC1752_V1.0\Project\JLinkSettings.ini"
 
JLink info:
------------
DLL: V4.74a, compiled Jul 23 2013 08:47:58
Firmware: J-Link ARM V8 compiled Jul 17 2013 11:24:15
Hardware: V8.00
S/N : 99999994 
Feature(s) : RDI,FlashDL,FlashBP,JFlash,GDBFULL 
 
* JLink Info: TotalIRLen = 4, IRPrint = 0x01
* JLink Info: Found Cortex-M3 r2p0, Little endian.
* JLink Info: TPIU fitted.
* JLink Info: ETM fitted.
* JLink Info: FPUnit: 6 code (BP) slots and 2 literal slots
ROMTableAddr = 0xE00FF003
* JLink Info: Found Cortex-M3 r2p0, Little endian.
* JLink Info: TPIU fitted.
* JLink Info: ETM fitted.
* JLink Info: FPUnit: 6 code (BP) slots and 2 literal slots
 
Target info:
------------
Device: LPC1752
VTarget = 3.319V
State of Pins: 
TCK: 1, TDI: 0, TDO: 1, TMS: 0, TRES: 1, TRST: 1
Hardware-Breakpoints: 6
Software-Breakpoints: 8192
Watchpoints:          4
JTAG speed: 2000 kHz
 
Erase Done.
Programming Done.
Verify OK.
* JLink Info: Found Cortex-M3 r2p0, Little endian.
* JLink Info: TPIU fitted.
* JLink Info: ETM fitted.
* JLink Info: FPUnit: 6 code (BP) slots and 2 literal slots
Application running ...
Build target 'Target 1'
compiling main.c...
linking...
Program Size: Code=7164 RO-data=752 RW-data=4 ZI-data=612  
"BlackBox.axf" - 0 Error(s), 0 Warning(s).
Load "E:\\1ºÚÏ»×Ó\\LPC1752_V1.0\\Project\\BlackBox.AXF" 
* JLink Info: Device "LPC1752" selected (64 KB flash, 16 KB RAM).
Set JLink Project File to "E:\1ºÚÏ»×Ó\LPC1752_V1.0\Project\JLinkSettings.ini"
 
JLink info:
------------
DLL: V4.74a, compiled Jul 23 2013 08:47:58
Firmware: J-Link ARM V8 compiled Jul 17 2013 11:24:15
Hardware: V8.00
S/N : 99999994 
Feature(s) : RDI,FlashDL,FlashBP,JFlash,GDBFULL 
 
* JLink Info: TotalIRLen = 4, IRPrint = 0x01
* JLink Info: Found Cortex-M3 r2p0, Little endian.
* JLink Info: TPIU fitted.
* JLink Info: ETM fitted.
* JLink Info: FPUnit: 6 code (BP) slots and 2 literal slots
ROMTableAddr = 0xE00FF003
* JLink Info: Found Cortex-M3 r2p0, Little endian.
* JLink Info: TPIU fitted.
* JLink Info: ETM fitted.
* JLink Info: FPUnit: 6 code (BP) slots and 2 literal slots
 
Target info:
------------
Device: LPC1752
VTarget = 3.319V
State of Pins: 
TCK: 1, TDI: 0, TDO: 1, TMS: 0, TRES: 1, TRST: 1
Hardware-Breakpoints: 6
Software-Breakpoints: 8192
Watchpoints:          4
JTAG speed: 2000 kHz
 
Erase Done.
Programming Done.
Verify OK.
* JLink Info: Found Cortex-M3 r2p0, Little endian.
* JLink Info: TPIU fitted.
* JLink Info: ETM fitted.
* JLink Info: FPUnit: 6 code (BP) slots and 2 literal slots
Application running ...
Build target 'Target 1'
linking...
Program Size: Code=7164 RO-data=752 RW-data=4 ZI-data=612  
"BlackBox.axf" - 0 Error(s), 0 Warning(s).
Load "E:\\1ºÚÏ»×Ó\\LPC1752_V1.0\\Project\\BlackBox.AXF" 
* JLink Info: Device "LPC1752" selected (64 KB flash, 16 KB RAM).
Set JLink Project File to "E:\1ºÚÏ»×Ó\LPC1752_V1.0\Project\JLinkSettings.ini"
 
JLink info:
------------
DLL: V4.74a, compiled Jul 23 2013 08:47:58
Firmware: J-Link ARM V8 compiled Jul 17 2013 11:24:15
Hardware: V8.00
S/N : 99999994 
Feature(s) : RDI,FlashDL,FlashBP,JFlash,GDBFULL 
 
* JLink Info: TotalIRLen = 4, IRPrint = 0x01
* JLink Info: Found Cortex-M3 r2p0, Little endian.
* JLink Info: TPIU fitted.
* JLink Info: ETM fitted.
* JLink Info: FPUnit: 6 code (BP) slots and 2 literal slots
ROMTableAddr = 0xE00FF003
* JLink Info: Found Cortex-M3 r2p0, Little endian.
* JLink Info: TPIU fitted.
* JLink Info: ETM fitted.
* JLink Info: FPUnit: 6 code (BP) slots and 2 literal slots
 
Target info:
------------
Device: LPC1752
VTarget = 3.319V
State of Pins: 
TCK: 1, TDI: 0, TDO: 1, TMS: 0, TRES: 1, TRST: 1
Hardware-Breakpoints: 6
Software-Breakpoints: 8192
Watchpoints:          4
JTAG speed: 2000 kHz
 
Erase Done.
Programming Done.
Verify OK.
* JLink Info: Found Cortex-M3 r2p0, Little endian.
* JLink Info: TPIU fitted.
* JLink Info: ETM fitted.
* JLink Info: FPUnit: 6 code (BP) slots and 2 literal slots
Application running ...
Build target 'Target 1'
compiling main.c...
linking...
Program Size: Code=7136 RO-data=752 RW-data=4 ZI-data=612  
"BlackBox.axf" - 0 Error(s), 0 Warning(s).
Load "E:\\1ºÚÏ»×Ó\\LPC1752_V1.0\\Project\\BlackBox.AXF" 
* JLink Info: Device "LPC1752" selected (64 KB flash, 16 KB RAM).
Set JLink Project File to "E:\1ºÚÏ»×Ó\LPC1752_V1.0\Project\JLinkSettings.ini"
 
JLink info:
------------
DLL: V4.74a, compiled Jul 23 2013 08:47:58
Firmware: J-Link ARM V8 compiled Jul 17 2013 11:24:15
Hardware: V8.00
S/N : 99999994 
Feature(s) : RDI,FlashDL,FlashBP,JFlash,GDBFULL 
 
* JLink Info: TotalIRLen = 4, IRPrint = 0x01
* JLink Info: Found Cortex-M3 r2p0, Little endian.
* JLink Info: TPIU fitted.
* JLink Info: ETM fitted.
* JLink Info: FPUnit: 6 code (BP) slots and 2 literal slots
ROMTableAddr = 0xE00FF003
* JLink Info: Found Cortex-M3 r2p0, Little endian.
* JLink Info: TPIU fitted.
* JLink Info: ETM fitted.
* JLink Info: FPUnit: 6 code (BP) slots and 2 literal slots
 
Target info:
------------
Device: LPC1752
VTarget = 3.319V
State of Pins: 
TCK: 1, TDI: 0, TDO: 1, TMS: 0, TRES: 1, TRST: 1
Hardware-Breakpoints: 6
Software-Breakpoints: 8192
Watchpoints:          4
JTAG speed: 2000 kHz
 
Erase Done.
Programming Done.
Verify OK.
* JLink Info: Found Cortex-M3 r2p0, Little endian.
* JLink Info: TPIU fitted.
* JLink Info: ETM fitted.
* JLink Info: FPUnit: 6 code (BP) slots and 2 literal slots
Application running ...
Load "E:\\1ºÚÏ»×Ó\\LPC1752_V1.0\\Project\\BlackBox.AXF" 
* JLink Info: Device "LPC1752" selected (64 KB flash, 16 KB RAM).
Set JLink Project File to "E:\1ºÚÏ»×Ó\LPC1752_V1.0\Project\JLinkSettings.ini"
 
JLink info:
------------
DLL: V4.74a, compiled Jul 23 2013 08:47:58
Firmware: J-Link ARM V8 compiled Jul 17 2013 11:24:15
Hardware: V8.00
S/N : 99999994 
Feature(s) : RDI,FlashDL,FlashBP,JFlash,GDBFULL 
 
* JLink Info: TotalIRLen = 4, IRPrint = 0x01
* JLink Info: Found Cortex-M3 r2p0, Little endian.
* JLink Info: TPIU fitted.
* JLink Info: ETM fitted.
* JLink Info: FPUnit: 6 code (BP) slots and 2 literal slots
ROMTableAddr = 0xE00FF003
* JLink Info: Found Cortex-M3 r2p0, Little endian.
* JLink Info: TPIU fitted.
* JLink Info: ETM fitted.
* JLink Info: FPUnit: 6 code (BP) slots and 2 literal slots
 
Target info:
------------
Device: LPC1752
VTarget = 3.319V
State of Pins: 
TCK: 1, TDI: 0, TDO: 1, TMS: 0, TRES: 1, TRST: 1
Hardware-Breakpoints: 6
Software-Breakpoints: 8192
Watchpoints:          4
JTAG speed: 2000 kHz
 
Erase Done.
Programming Done.
Verify OK.
* JLink Info: Found Cortex-M3 r2p0, Little endian.
* JLink Info: TPIU fitted.
* JLink Info: ETM fitted.
* JLink Info: FPUnit: 6 code (BP) slots and 2 literal slots
Application running ...
Build target 'Target 1'
compiling uart0.c...
linking...
Program Size: Code=7156 RO-data=752 RW-data=4 ZI-data=612  
"BlackBox.axf" - 0 Error(s), 0 Warning(s).
Load "E:\\1ºÚÏ»×Ó\\LPC1752_V1.0\\Project\\BlackBox.AXF" 
* JLink Info: Device "LPC1752" selected (64 KB flash, 16 KB RAM).
Set JLink Project File to "E:\1ºÚÏ»×Ó\LPC1752_V1.0\Project\JLinkSettings.ini"
 
JLink info:
------------
DLL: V4.74a, compiled Jul 23 2013 08:47:58
Firmware: J-Link ARM V8 compiled Jul 17 2013 11:24:15
Hardware: V8.00
S/N : 99999994 
Feature(s) : RDI,FlashDL,FlashBP,JFlash,GDBFULL 
 
* JLink Info: TotalIRLen = 4, IRPrint = 0x01
* JLink Info: Found Cortex-M3 r2p0, Little endian.
* JLink Info: TPIU fitted.
* JLink Info: ETM fitted.
* JLink Info: FPUnit: 6 code (BP) slots and 2 literal slots
ROMTableAddr = 0xE00FF003
* JLink Info: Found Cortex-M3 r2p0, Little endian.
* JLink Info: TPIU fitted.
* JLink Info: ETM fitted.
* JLink Info: FPUnit: 6 code (BP) slots and 2 literal slots
 
Target info:
------------
Device: LPC1752
VTarget = 3.319V
State of Pins: 
TCK: 1, TDI: 0, TDO: 1, TMS: 0, TRES: 1, TRST: 1
Hardware-Breakpoints: 6
Software-Breakpoints: 8192
Watchpoints:          4
JTAG speed: 2000 kHz
 
Erase Done.
Programming Done.
Verify OK.
* JLink Info: Found Cortex-M3 r2p0, Little endian.
* JLink Info: TPIU fitted.
* JLink Info: ETM fitted.
* JLink Info: FPUnit: 6 code (BP) slots and 2 literal slots
Application running ...
Load "E:\\1ºÚÏ»×Ó\\LPC1752_V1.0\\Project\\BlackBox.AXF" 
* JLink Info: Device "LPC1752" selected (64 KB flash, 16 KB RAM).
Set JLink Project File to "E:\1ºÚÏ»×Ó\LPC1752_V1.0\Project\JLinkSettings.ini"
 
JLink info:
------------
DLL: V4.74a, compiled Jul 23 2013 08:47:58
Firmware: J-Link ARM V8 compiled Jul 17 2013 11:24:15
Hardware: V8.00
S/N : 99999994 
Feature(s) : RDI,FlashDL,FlashBP,JFlash,GDBFULL 
 
* JLink Info: TotalIRLen = 4, IRPrint = 0x01
* JLink Info: Found Cortex-M3 r2p0, Little endian.
* JLink Info: TPIU fitted.
* JLink Info: ETM fitted.
* JLink Info: FPUnit: 6 code (BP) slots and 2 literal slots
ROMTableAddr = 0xE00FF003
* JLink Info: Found Cortex-M3 r2p0, Little endian.
* JLink Info: TPIU fitted.
* JLink Info: ETM fitted.
* JLink Info: FPUnit: 6 code (BP) slots and 2 literal slots
 
Target info:
------------
Device: LPC1752
VTarget = 3.319V
State of Pins: 
TCK: 1, TDI: 0, TDO: 1, TMS: 0, TRES: 1, TRST: 1
Hardware-Breakpoints: 6
Software-Breakpoints: 8192
Watchpoints:          4
JTAG speed: 2000 kHz
 
Erase Done.
Programming Done.
Verify OK.
* JLink Info: Found Cortex-M3 r2p0, Little endian.
* JLink Info: TPIU fitted.
* JLink Info: ETM fitted.
* JLink Info: FPUnit: 6 code (BP) slots and 2 literal slots
Application running ...
Build target 'Target 1'
linking...
Program Size: Code=7156 RO-data=752 RW-data=4 ZI-data=612  
"BlackBox.axf" - 0 Error(s), 0 Warning(s).
Load "E:\\1ºÚÏ»×Ó\\LPC1752_V1.0\\Project\\BlackBox.AXF" 
* JLink Info: Device "LPC1752" selected (64 KB flash, 16 KB RAM).
Set JLink Project File to "E:\1ºÚÏ»×Ó\LPC1752_V1.0\Project\JLinkSettings.ini"
 
JLink info:
------------
DLL: V4.74a, compiled Jul 23 2013 08:47:58
Firmware: J-Link ARM V8 compiled Jul 17 2013 11:24:15
Hardware: V8.00
S/N : 99999994 
Feature(s) : RDI,FlashDL,FlashBP,JFlash,GDBFULL 
 
* JLink Info: TotalIRLen = 4, IRPrint = 0x01
* JLink Info: Found Cortex-M3 r2p0, Little endian.
* JLink Info: TPIU fitted.
* JLink Info: ETM fitted.
* JLink Info: FPUnit: 6 code (BP) slots and 2 literal slots
ROMTableAddr = 0xE00FF003
* JLink Info: Found Cortex-M3 r2p0, Little endian.
* JLink Info: TPIU fitted.
* JLink Info: ETM fitted.
* JLink Info: FPUnit: 6 code (BP) slots and 2 literal slots
 
Target info:
------------
Device: LPC1752
VTarget = 3.319V
State of Pins: 
TCK: 1, TDI: 0, TDO: 1, TMS: 0, TRES: 1, TRST: 1
Hardware-Breakpoints: 6
Software-Breakpoints: 8192
Watchpoints:          4
JTAG speed: 2000 kHz
 
Erase Done.
Programming Done.
Verify OK.
* JLink Info: Found Cortex-M3 r2p0, Little endian.
* JLink Info: TPIU fitted.
* JLink Info: ETM fitted.
* JLink Info: FPUnit: 6 code (BP) slots and 2 literal slots
Application running ...
Build target 'Target 1'
linking...
Program Size: Code=7156 RO-data=752 RW-data=4 ZI-data=612  
"BlackBox.axf" - 0 Error(s), 0 Warning(s).
Load "E:\\1ºÚÏ»×Ó\\LPC1752_V1.0\\Project\\BlackBox.AXF" 
* JLink Info: Device "LPC1752" selected (64 KB flash, 16 KB RAM).
Set JLink Project File to "E:\1ºÚÏ»×Ó\LPC1752_V1.0\Project\JLinkSettings.ini"
 
JLink info:
------------
DLL: V4.74a, compiled Jul 23 2013 08:47:58
Firmware: J-Link ARM V8 compiled Jul 17 2013 11:24:15
Hardware: V8.00
S/N : 99999994 
Feature(s) : RDI,FlashDL,FlashBP,JFlash,GDBFULL 
 
* JLink Info: TotalIRLen = 4, IRPrint = 0x01
* JLink Info: Found Cortex-M3 r2p0, Little endian.
* JLink Info: TPIU fitted.
* JLink Info: ETM fitted.
* JLink Info: FPUnit: 6 code (BP) slots and 2 literal slots
ROMTableAddr = 0xE00FF003
* JLink Info: Found Cortex-M3 r2p0, Little endian.
* JLink Info: TPIU fitted.
* JLink Info: ETM fitted.
* JLink Info: FPUnit: 6 code (BP) slots and 2 literal slots
 
Target info:
------------
Device: LPC1752
VTarget = 3.319V
State of Pins: 
TCK: 1, TDI: 0, TDO: 1, TMS: 0, TRES: 1, TRST: 1
Hardware-Breakpoints: 6
Software-Breakpoints: 8192
Watchpoints:          4
JTAG speed: 2000 kHz
 
Erase Done.
Programming Done.
Verify OK.
* JLink Info: Found Cortex-M3 r2p0, Little endian.
* JLink Info: TPIU fitted.
* JLink Info: ETM fitted.
* JLink Info: FPUnit: 6 code (BP) slots and 2 literal slots
Application running ...
Build target 'Target 1'
compiling uart0.c...
linking...
Program Size: Code=7188 RO-data=752 RW-data=4 ZI-data=612  
"BlackBox.axf" - 0 Error(s), 0 Warning(s).
Load "E:\\1ºÚÏ»×Ó\\LPC1752_V1.0\\Project\\BlackBox.AXF" 
* JLink Info: Device "LPC1752" selected (64 KB flash, 16 KB RAM).
Set JLink Project File to "E:\1ºÚÏ»×Ó\LPC1752_V1.0\Project\JLinkSettings.ini"
 
JLink info:
------------
DLL: V4.74a, compiled Jul 23 2013 08:47:58
Firmware: J-Link ARM V8 compiled Jul 17 2013 11:24:15
Hardware: V8.00
S/N : 99999994 
Feature(s) : RDI,FlashDL,FlashBP,JFlash,GDBFULL 
 
* JLink Info: TotalIRLen = 4, IRPrint = 0x01
* JLink Info: Found Cortex-M3 r2p0, Little endian.
* JLink Info: TPIU fitted.
* JLink Info: ETM fitted.
* JLink Info: FPUnit: 6 code (BP) slots and 2 literal slots
ROMTableAddr = 0xE00FF003
* JLink Info: Found Cortex-M3 r2p0, Little endian.
* JLink Info: TPIU fitted.
* JLink Info: ETM fitted.
* JLink Info: FPUnit: 6 code (BP) slots and 2 literal slots
 
Target info:
------------
Device: LPC1752
VTarget = 3.319V
State of Pins: 
TCK: 1, TDI: 0, TDO: 1, TMS: 0, TRES: 1, TRST: 1
Hardware-Breakpoints: 6
Software-Breakpoints: 8192
Watchpoints:          4
JTAG speed: 2000 kHz
 
Erase Done.
Programming Done.
Verify OK.
* JLink Info: Found Cortex-M3 r2p0, Little endian.
* JLink Info: TPIU fitted.
* JLink Info: ETM fitted.
* JLink Info: FPUnit: 6 code (BP) slots and 2 literal slots
Application running ...
Build target 'Target 1'
compiling uart0.c...
linking...
Program Size: Code=7136 RO-data=752 RW-data=4 ZI-data=612  
"BlackBox.axf" - 0 Error(s), 0 Warning(s).
Load "E:\\1ºÚÏ»×Ó\\LPC1752_V1.0\\Project\\BlackBox.AXF" 
* JLink Info: Device "LPC1752" selected (64 KB flash, 16 KB RAM).
Set JLink Project File to "E:\1ºÚÏ»×Ó\LPC1752_V1.0\Project\JLinkSettings.ini"
 
JLink info:
------------
DLL: V4.74a, compiled Jul 23 2013 08:47:58
Firmware: J-Link ARM V8 compiled Jul 17 2013 11:24:15
Hardware: V8.00
S/N : 99999994 
Feature(s) : RDI,FlashDL,FlashBP,JFlash,GDBFULL 
 
* JLink Info: TotalIRLen = 4, IRPrint = 0x01
* JLink Info: Found Cortex-M3 r2p0, Little endian.
* JLink Info: TPIU fitted.
* JLink Info: ETM fitted.
* JLink Info: FPUnit: 6 code (BP) slots and 2 literal slots
ROMTableAddr = 0xE00FF003
* JLink Info: Found Cortex-M3 r2p0, Little endian.
* JLink Info: TPIU fitted.
* JLink Info: ETM fitted.
* JLink Info: FPUnit: 6 code (BP) slots and 2 literal slots
 
Target info:
------------
Device: LPC1752
VTarget = 3.319V
State of Pins: 
TCK: 1, TDI: 0, TDO: 1, TMS: 0, TRES: 1, TRST: 1
Hardware-Breakpoints: 6
Software-Breakpoints: 8192
Watchpoints:          4
JTAG speed: 2000 kHz
 
Erase Done.
Programming Done.
Verify OK.
* JLink Info: Found Cortex-M3 r2p0, Little endian.
* JLink Info: TPIU fitted.
* JLink Info: ETM fitted.
* JLink Info: FPUnit: 6 code (BP) slots and 2 literal slots
Application running ...
Build target 'Target 1'
compiling uart0.c...
linking...
Program Size: Code=7188 RO-data=752 RW-data=4 ZI-data=612  
"BlackBox.axf" - 0 Error(s), 0 Warning(s).
Load "E:\\1ºÚÏ»×Ó\\LPC1752_V1.0\\Project\\BlackBox.AXF" 
* JLink Info: Device "LPC1752" selected (64 KB flash, 16 KB RAM).
Set JLink Project File to "E:\1ºÚÏ»×Ó\LPC1752_V1.0\Project\JLinkSettings.ini"
 
JLink info:
------------
DLL: V4.74a, compiled Jul 23 2013 08:47:58
Firmware: J-Link ARM V8 compiled Jul 17 2013 11:24:15
Hardware: V8.00
S/N : 99999994 
Feature(s) : RDI,FlashDL,FlashBP,JFlash,GDBFULL 
 
* JLink Info: TotalIRLen = 4, IRPrint = 0x01
* JLink Info: Found Cortex-M3 r2p0, Little endian.
* JLink Info: TPIU fitted.
* JLink Info: ETM fitted.
* JLink Info: FPUnit: 6 code (BP) slots and 2 literal slots
ROMTableAddr = 0xE00FF003
* JLink Info: Found Cortex-M3 r2p0, Little endian.
* JLink Info: TPIU fitted.
* JLink Info: ETM fitted.
* JLink Info: FPUnit: 6 code (BP) slots and 2 literal slots
 
Target info:
------------
Device: LPC1752
VTarget = 3.319V
State of Pins: 
TCK: 1, TDI: 0, TDO: 1, TMS: 0, TRES: 1, TRST: 1
Hardware-Breakpoints: 6
Software-Breakpoints: 8192
Watchpoints:          4
JTAG speed: 2000 kHz
 
Erase Done.
Programming Done.
Verify OK.
* JLink Info: Found Cortex-M3 r2p0, Little endian.
* JLink Info: TPIU fitted.
* JLink Info: ETM fitted.
* JLink Info: FPUnit: 6 code (BP) slots and 2 literal slots
Application running ...
Build target 'Target 1'
compiling uart0.c...
linking...
Program Size: Code=7156 RO-data=752 RW-data=4 ZI-data=612  
"BlackBox.axf" - 0 Error(s), 0 Warning(s).
Load "E:\\1ºÚÏ»×Ó\\LPC1752_V1.0\\Project\\BlackBox.AXF" 
* JLink Info: Device "LPC1752" selected (64 KB flash, 16 KB RAM).
Set JLink Project File to "E:\1ºÚÏ»×Ó\LPC1752_V1.0\Project\JLinkSettings.ini"
 
JLink info:
------------
DLL: V4.74a, compiled Jul 23 2013 08:47:58
Firmware: J-Link ARM V8 compiled Jul 17 2013 11:24:15
Hardware: V8.00
S/N : 99999994 
Feature(s) : RDI,FlashDL,FlashBP,JFlash,GDBFULL 
 
* JLink Info: TotalIRLen = 4, IRPrint = 0x01
* JLink Info: Found Cortex-M3 r2p0, Little endian.
* JLink Info: TPIU fitted.
* JLink Info: ETM fitted.
* JLink Info: FPUnit: 6 code (BP) slots and 2 literal slots
ROMTableAddr = 0xE00FF003
* JLink Info: Found Cortex-M3 r2p0, Little endian.
* JLink Info: TPIU fitted.
* JLink Info: ETM fitted.
* JLink Info: FPUnit: 6 code (BP) slots and 2 literal slots
 
Target info:
------------
Device: LPC1752
VTarget = 3.319V
State of Pins: 
TCK: 1, TDI: 0, TDO: 1, TMS: 0, TRES: 1, TRST: 1
Hardware-Breakpoints: 6
Software-Breakpoints: 8192
Watchpoints:          4
JTAG speed: 2000 kHz
 
Erase Done.
Programming Done.
Verify OK.
* JLink Info: Found Cortex-M3 r2p0, Little endian.
* JLink Info: TPIU fitted.
* JLink Info: ETM fitted.
* JLink Info: FPUnit: 6 code (BP) slots and 2 literal slots
Application running ...
Build target 'Target 1'
linking...
Program Size: Code=7156 RO-data=752 RW-data=4 ZI-data=612  
"BlackBox.axf" - 0 Error(s), 0 Warning(s).
Load "E:\\1ºÚÏ»×Ó\\LPC1752_V1.0\\Project\\BlackBox.AXF" 
* JLink Info: Device "LPC1752" selected (64 KB flash, 16 KB RAM).
Set JLink Project File to "E:\1ºÚÏ»×Ó\LPC1752_V1.0\Project\JLinkSettings.ini"
 
JLink info:
------------
DLL: V4.74a, compiled Jul 23 2013 08:47:58
Firmware: J-Link ARM V8 compiled Jul 17 2013 11:24:15
Hardware: V8.00
S/N : 99999994 
Feature(s) : RDI,FlashDL,FlashBP,JFlash,GDBFULL 
 
* JLink Info: TotalIRLen = 4, IRPrint = 0x01
* JLink Info: Found Cortex-M3 r2p0, Little endian.
* JLink Info: TPIU fitted.
* JLink Info: ETM fitted.
* JLink Info: FPUnit: 6 code (BP) slots and 2 literal slots
ROMTableAddr = 0xE00FF003
* JLink Info: Found Cortex-M3 r2p0, Little endian.
* JLink Info: TPIU fitted.
* JLink Info: ETM fitted.
* JLink Info: FPUnit: 6 code (BP) slots and 2 literal slots
 
Target info:
------------
Device: LPC1752
VTarget = 3.319V
State of Pins: 
TCK: 1, TDI: 0, TDO: 1, TMS: 0, TRES: 1, TRST: 1
Hardware-Breakpoints: 6
Software-Breakpoints: 8192
Watchpoints:          4
JTAG speed: 2000 kHz
 
Erase Done.
Programming Done.
Verify OK.
* JLink Info: Found Cortex-M3 r2p0, Little endian.
* JLink Info: TPIU fitted.
* JLink Info: ETM fitted.
* JLink Info: FPUnit: 6 code (BP) slots and 2 literal slots
Application running ...
Load "E:\\1ºÚÏ»×Ó\\LPC1752_V1.0\\Project\\BlackBox.AXF" 
* JLink Info: Device "LPC1752" selected (64 KB flash, 16 KB RAM).
Set JLink Project File to "E:\1ºÚÏ»×Ó\LPC1752_V1.0\Project\JLinkSettings.ini"
 
JLink info:
------------
DLL: V4.74a, compiled Jul 23 2013 08:47:58
Firmware: J-Link ARM V8 compiled Jul 17 2013 11:24:15
Hardware: V8.00
S/N : 99999994 
Feature(s) : RDI,FlashDL,FlashBP,JFlash,GDBFULL 
 
* JLink Info: TotalIRLen = 4, IRPrint = 0x01
* JLink Info: Found Cortex-M3 r2p0, Little endian.
* JLink Info: TPIU fitted.
* JLink Info: ETM fitted.
* JLink Info: FPUnit: 6 code (BP) slots and 2 literal slots
ROMTableAddr = 0xE00FF003
* JLink Info: Found Cortex-M3 r2p0, Little endian.
* JLink Info: TPIU fitted.
* JLink Info: ETM fitted.
* JLink Info: FPUnit: 6 code (BP) slots and 2 literal slots
 
Target info:
------------
Device: LPC1752
VTarget = 3.319V
State of Pins: 
TCK: 1, TDI: 0, TDO: 1, TMS: 0, TRES: 1, TRST: 1
Hardware-Breakpoints: 6
Software-Breakpoints: 8192
Watchpoints:          4
JTAG speed: 2000 kHz
 
Erase Done.
Programming Done.
Verify OK.
* JLink Info: Found Cortex-M3 r2p0, Little endian.
* JLink Info: TPIU fitted.
* JLink Info: ETM fitted.
* JLink Info: FPUnit: 6 code (BP) slots and 2 literal slots
Application running ...
Load "E:\\1ºÚÏ»×Ó\\LPC1752_V1.0\\Project\\BlackBox.AXF" 
* JLink Info: Device "LPC1752" selected (64 KB flash, 16 KB RAM).
Set JLink Project File to "E:\1ºÚÏ»×Ó\LPC1752_V1.0\Project\JLinkSettings.ini"
 
JLink info:
------------
DLL: V4.74a, compiled Jul 23 2013 08:47:58
Firmware: J-Link ARM V8 compiled Jul 17 2013 11:24:15
Hardware: V8.00
S/N : 99999994 
Feature(s) : RDI,FlashDL,FlashBP,JFlash,GDBFULL 
 
* JLink Info: TotalIRLen = 4, IRPrint = 0x01
* JLink Info: Found Cortex-M3 r2p0, Little endian.
* JLink Info: TPIU fitted.
* JLink Info: ETM fitted.
* JLink Info: FPUnit: 6 code (BP) slots and 2 literal slots
ROMTableAddr = 0xE00FF003
* JLink Info: Found Cortex-M3 r2p0, Little endian.
* JLink Info: TPIU fitted.
* JLink Info: ETM fitted.
* JLink Info: FPUnit: 6 code (BP) slots and 2 literal slots
 
Target info:
------------
Device: LPC1752
VTarget = 3.319V
State of Pins: 
TCK: 1, TDI: 0, TDO: 1, TMS: 0, TRES: 1, TRST: 1
Hardware-Breakpoints: 6
Software-Breakpoints: 8192
Watchpoints:          4
JTAG speed: 2000 kHz
 
Erase Done.
Programming Done.
Verify OK.
* JLink Info: Found Cortex-M3 r2p0, Little endian.
* JLink Info: TPIU fitted.
* JLink Info: ETM fitted.
* JLink Info: FPUnit: 6 code (BP) slots and 2 literal slots
Application running ...
Load "E:\\1ºÚÏ»×Ó\\LPC1752_V1.0\\Project\\BlackBox.AXF" 
* JLink Info: Device "LPC1752" selected (64 KB flash, 16 KB RAM).
Set JLink Project File to "E:\1ºÚÏ»×Ó\LPC1752_V1.0\Project\JLinkSettings.ini"
 
JLink info:
------------
DLL: V4.74a, compiled Jul 23 2013 08:47:58
Firmware: J-Link ARM V8 compiled Jul 17 2013 11:24:15
Hardware: V8.00
S/N : 99999994 
Feature(s) : RDI,FlashDL,FlashBP,JFlash,GDBFULL 
 
* JLink Info: TotalIRLen = 4, IRPrint = 0x01
* JLink Info: Found Cortex-M3 r2p0, Little endian.
* JLink Info: TPIU fitted.
* JLink Info: ETM fitted.
* JLink Info: FPUnit: 6 code (BP) slots and 2 literal slots
ROMTableAddr = 0xE00FF003
* JLink Info: Found Cortex-M3 r2p0, Little endian.
* JLink Info: TPIU fitted.
* JLink Info: ETM fitted.
* JLink Info: FPUnit: 6 code (BP) slots and 2 literal slots
 
Target info:
------------
Device: LPC1752
VTarget = 3.319V
State of Pins: 
TCK: 1, TDI: 0, TDO: 1, TMS: 0, TRES: 1, TRST: 1
Hardware-Breakpoints: 6
Software-Breakpoints: 8192
Watchpoints:          4
JTAG speed: 2000 kHz
 
Erase Done.
Programming Done.
Verify OK.
* JLink Info: Found Cortex-M3 r2p0, Little endian.
* JLink Info: TPIU fitted.
* JLink Info: ETM fitted.
* JLink Info: FPUnit: 6 code (BP) slots and 2 literal slots
Application running ...
Load "E:\\1ºÚÏ»×Ó\\LPC1752_V1.0\\Project\\BlackBox.AXF" 
* JLink Info: Device "LPC1752" selected (64 KB flash, 16 KB RAM).
Set JLink Project File to "E:\1ºÚÏ»×Ó\LPC1752_V1.0\Project\JLinkSettings.ini"
 
JLink info:
------------
DLL: V4.74a, compiled Jul 23 2013 08:47:58
Firmware: J-Link ARM V8 compiled Jul 17 2013 11:24:15
Hardware: V8.00
S/N : 99999994 
Feature(s) : RDI,FlashDL,FlashBP,JFlash,GDBFULL 
 
* JLink Info: TotalIRLen = 4, IRPrint = 0x01
* JLink Info: Found Cortex-M3 r2p0, Little endian.
* JLink Info: TPIU fitted.
* JLink Info: ETM fitted.
* JLink Info: FPUnit: 6 code (BP) slots and 2 literal slots
ROMTableAddr = 0xE00FF003
* JLink Info: Found Cortex-M3 r2p0, Little endian.
* JLink Info: TPIU fitted.
* JLink Info: ETM fitted.
* JLink Info: FPUnit: 6 code (BP) slots and 2 literal slots
 
Target info:
------------
Device: LPC1752
VTarget = 3.319V
State of Pins: 
TCK: 1, TDI: 0, TDO: 1, TMS: 0, TRES: 1, TRST: 1
Hardware-Breakpoints: 6
Software-Breakpoints: 8192
Watchpoints:          4
JTAG speed: 2000 kHz
 
Erase Done.
Programming Done.
Verify OK.
* JLink Info: Found Cortex-M3 r2p0, Little endian.
* JLink Info: TPIU fitted.
* JLink Info: ETM fitted.
* JLink Info: FPUnit: 6 code (BP) slots and 2 literal slots
Application running ...
Load "E:\\1ºÚÏ»×Ó\\LPC1752_V1.0\\Project\\BlackBox.AXF" 
* JLink Info: Device "LPC1752" selected (64 KB flash, 16 KB RAM).
Set JLink Project File to "E:\1ºÚÏ»×Ó\LPC1752_V1.0\Project\JLinkSettings.ini"
 
JLink info:
------------
DLL: V4.74a, compiled Jul 23 2013 08:47:58
Firmware: J-Link ARM V8 compiled Jul 17 2013 11:24:15
Hardware: V8.00
S/N : 99999994 
Feature(s) : RDI,FlashDL,FlashBP,JFlash,GDBFULL 
 
* JLink Info: TotalIRLen = 4, IRPrint = 0x01
* JLink Info: Found Cortex-M3 r2p0, Little endian.
* JLink Info: TPIU fitted.
* JLink Info: ETM fitted.
* JLink Info: FPUnit: 6 code (BP) slots and 2 literal slots
ROMTableAddr = 0xE00FF003
* JLink Info: Found Cortex-M3 r2p0, Little endian.
* JLink Info: TPIU fitted.
* JLink Info: ETM fitted.
* JLink Info: FPUnit: 6 code (BP) slots and 2 literal slots
 
Target info:
------------
Device: LPC1752
VTarget = 3.319V
State of Pins: 
TCK: 1, TDI: 0, TDO: 1, TMS: 0, TRES: 1, TRST: 1
Hardware-Breakpoints: 6
Software-Breakpoints: 8192
Watchpoints:          4
JTAG speed: 2000 kHz
 
Erase Done.
Programming Done.
Verify OK.
* JLink Info: Found Cortex-M3 r2p0, Little endian.
* JLink Info: TPIU fitted.
* JLink Info: ETM fitted.
* JLink Info: FPUnit: 6 code (BP) slots and 2 literal slots
Application running ...
Load "E:\\1ºÚÏ»×Ó\\LPC1752_V1.0\\Project\\BlackBox.AXF" 
* JLink Info: Device "LPC1752" selected (64 KB flash, 16 KB RAM).
Set JLink Project File to "E:\1ºÚÏ»×Ó\LPC1752_V1.0\Project\JLinkSettings.ini"
 
JLink info:
------------
DLL: V4.74a, compiled Jul 23 2013 08:47:58
Firmware: J-Link ARM V8 compiled Jul 17 2013 11:24:15
Hardware: V8.00
S/N : 99999994 
Feature(s) : RDI,FlashDL,FlashBP,JFlash,GDBFULL 
 
* JLink Info: TotalIRLen = 4, IRPrint = 0x01
* JLink Info: Found Cortex-M3 r2p0, Little endian.
* JLink Info: TPIU fitted.
* JLink Info: ETM fitted.
* JLink Info: FPUnit: 6 code (BP) slots and 2 literal slots
ROMTableAddr = 0xE00FF003
* JLink Info: Found Cortex-M3 r2p0, Little endian.
* JLink Info: TPIU fitted.
* JLink Info: ETM fitted.
* JLink Info: FPUnit: 6 code (BP) slots and 2 literal slots
 
Target info:
------------
Device: LPC1752
VTarget = 3.319V
State of Pins: 
TCK: 1, TDI: 0, TDO: 1, TMS: 0, TRES: 1, TRST: 1
Hardware-Breakpoints: 6
Software-Breakpoints: 8192
Watchpoints:          4
JTAG speed: 2000 kHz
 
Erase Done.
Programming Done.
Verify OK.
* JLink Info: Found Cortex-M3 r2p0, Little endian.
* JLink Info: TPIU fitted.
* JLink Info: ETM fitted.
* JLink Info: FPUnit: 6 code (BP) slots and 2 literal slots
Application running ...
Load "E:\\1ºÚÏ»×Ó\\LPC1752_V1.0\\Project\\BlackBox.AXF" 
* JLink Info: Device "LPC1752" selected (64 KB flash, 16 KB RAM).
Set JLink Project File to "E:\1ºÚÏ»×Ó\LPC1752_V1.0\Project\JLinkSettings.ini"
 
JLink info:
------------
DLL: V4.74a, compiled Jul 23 2013 08:47:58
Firmware: J-Link ARM V8 compiled Jul 17 2013 11:24:15
Hardware: V8.00
S/N : 99999994 
Feature(s) : RDI,FlashDL,FlashBP,JFlash,GDBFULL 
 
* JLink Info: TotalIRLen = 4, IRPrint = 0x01
* JLink Info: Found Cortex-M3 r2p0, Little endian.
* JLink Info: TPIU fitted.
* JLink Info: ETM fitted.
* JLink Info: FPUnit: 6 code (BP) slots and 2 literal slots
ROMTableAddr = 0xE00FF003
* JLink Info: Found Cortex-M3 r2p0, Little endian.
* JLink Info: TPIU fitted.
* JLink Info: ETM fitted.
* JLink Info: FPUnit: 6 code (BP) slots and 2 literal slots
 
Target info:
------------
Device: LPC1752
VTarget = 3.319V
State of Pins: 
TCK: 1, TDI: 0, TDO: 1, TMS: 0, TRES: 1, TRST: 1
Hardware-Breakpoints: 6
Software-Breakpoints: 8192
Watchpoints:          4
JTAG speed: 2000 kHz
 
Erase Done.
Programming Done.
Verify OK.
* JLink Info: Found Cortex-M3 r2p0, Little endian.
* JLink Info: TPIU fitted.
* JLink Info: ETM fitted.
* JLink Info: FPUnit: 6 code (BP) slots and 2 literal slots
Application running ...
Build target 'Target 1'
compiling main.c...
linking...
Program Size: Code=7184 RO-data=752 RW-data=4 ZI-data=612  
"BlackBox.axf" - 0 Error(s), 0 Warning(s).
Load "E:\\1ºÚÏ»×Ó\\LPC1752_V1.0\\Project\\BlackBox.AXF" 
* JLink Info: Device "LPC1752" selected (64 KB flash, 16 KB RAM).
Set JLink Project File to "E:\1ºÚÏ»×Ó\LPC1752_V1.0\Project\JLinkSettings.ini"
 
JLink info:
------------
DLL: V4.74a, compiled Jul 23 2013 08:47:58
Firmware: J-Link ARM V8 compiled Jul 17 2013 11:24:15
Hardware: V8.00
S/N : 99999994 
Feature(s) : RDI,FlashDL,FlashBP,JFlash,GDBFULL 
 
* JLink Info: TotalIRLen = 4, IRPrint = 0x01
* JLink Info: Found Cortex-M3 r2p0, Little endian.
* JLink Info: TPIU fitted.
* JLink Info: ETM fitted.
* JLink Info: FPUnit: 6 code (BP) slots and 2 literal slots
ROMTableAddr = 0xE00FF003
* JLink Info: Found Cortex-M3 r2p0, Little endian.
* JLink Info: TPIU fitted.
* JLink Info: ETM fitted.
* JLink Info: FPUnit: 6 code (BP) slots and 2 literal slots
 
Target info:
------------
Device: LPC1752
VTarget = 3.319V
State of Pins: 
TCK: 1, TDI: 0, TDO: 1, TMS: 0, TRES: 1, TRST: 1
Hardware-Breakpoints: 6
Software-Breakpoints: 8192
Watchpoints:          4
JTAG speed: 2000 kHz
 
Erase Done.
Programming Done.
Verify OK.
* JLink Info: Found Cortex-M3 r2p0, Little endian.
* JLink Info: TPIU fitted.
* JLink Info: ETM fitted.
* JLink Info: FPUnit: 6 code (BP) slots and 2 literal slots
Application running ...
